 INFO [main] (Cooja.java:1316) - > Starting Cooja
 INFO [main] (Cooja.java:2857) - External tools default settings: /external_tools_linux_64.config
 INFO [main] (Cooja.java:2887) - External tools user settings: /home/drhakanaydin/.cooja.user.properties
FATAL [main] (Cooja.java:1941) - No plugin class: class org.contikios.cooja.plugins.CollectViewFull: org/jfree/data/time/RegularTimePeriod
 WARN [main] (Cooja.java:3626) - Loaded simulation may depend on not found  extension: '/home/drhakanaydin/6tisch-ng-sra-v17/6tisch-ng-sra/tools/cooja/apps/mobility'
 INFO [main] (Simulation.java:422) - Simulation random seed: 733853
 INFO [main] (CompileContiki.java:140) - > make border-router-server.exp5438 TARGET=exp5438 
Message:
Message:> make border-router-server.exp5438 TARGET=exp5438 
Message:../../../../Makefile.gcc:23: Warning: you're using an old version of msp430-gcc.
Message:../../../../Makefile.gcc:24: Upgrade to 4.7.x is recommended for extended memory support and bugfixes.
Message:make: 'border-router-server.exp5438' is up to date.
 INFO [main] (CompileContiki.java:140) - > make border-router-client.exp5438 TARGET=exp5438 
Message:
Message:> make border-router-client.exp5438 TARGET=exp5438 
Message:../../../../Makefile.gcc:23: Warning: you're using an old version of msp430-gcc.
Message:../../../../Makefile.gcc:24: Upgrade to 4.7.x is recommended for extended memory support and bugfixes.
Message:make: 'border-router-client.exp5438' is up to date.
 INFO [main] (MspMote.java:235) - Loading firmware from: /home/drhakanaydin/6tisch-ng-sra-v17/6tisch-ng-sra/examples/tsch/rpl-udp/border-router-client/border-router-client.exp5438
 INFO [main] (MspMote.java:235) - Loading firmware from: /home/drhakanaydin/6tisch-ng-sra-v17/6tisch-ng-sra/examples/tsch/rpl-udp/border-router-client/border-router-client.exp5438
 INFO [main] (MspMote.java:235) - Loading firmware from: /home/drhakanaydin/6tisch-ng-sra-v17/6tisch-ng-sra/examples/tsch/rpl-udp/border-router-client/border-router-client.exp5438
 INFO [main] (MspMote.java:235) - Loading firmware from: /home/drhakanaydin/6tisch-ng-sra-v17/6tisch-ng-sra/examples/tsch/rpl-udp/border-router-client/border-router-client.exp5438
 INFO [main] (MspMote.java:235) - Loading firmware from: /home/drhakanaydin/6tisch-ng-sra-v17/6tisch-ng-sra/examples/tsch/rpl-udp/border-router-client/border-router-client.exp5438
 INFO [main] (MspMote.java:235) - Loading firmware from: /home/drhakanaydin/6tisch-ng-sra-v17/6tisch-ng-sra/examples/tsch/rpl-udp/border-router-server/border-router-server.exp5438
 INFO [main] (MspMote.java:235) - Loading firmware from: /home/drhakanaydin/6tisch-ng-sra-v17/6tisch-ng-sra/examples/tsch/rpl-udp/border-router-client/border-router-client.exp5438
 INFO [main] (MspMote.java:235) - Loading firmware from: /home/drhakanaydin/6tisch-ng-sra-v17/6tisch-ng-sra/examples/tsch/rpl-udp/border-router-client/border-router-client.exp5438
 INFO [main] (MspMote.java:235) - Loading firmware from: /home/drhakanaydin/6tisch-ng-sra-v17/6tisch-ng-sra/examples/tsch/rpl-udp/border-router-client/border-router-client.exp5438
 INFO [main] (MspMote.java:235) - Loading firmware from: /home/drhakanaydin/6tisch-ng-sra-v17/6tisch-ng-sra/examples/tsch/rpl-udp/border-router-client/border-router-client.exp5438
 INFO [main] (MspMote.java:235) - Loading firmware from: /home/drhakanaydin/6tisch-ng-sra-v17/6tisch-ng-sra/examples/tsch/rpl-udp/border-router-client/border-router-client.exp5438
 INFO [main] (MspMote.java:235) - Loading firmware from: /home/drhakanaydin/6tisch-ng-sra-v17/6tisch-ng-sra/examples/tsch/rpl-udp/border-router-client/border-router-client.exp5438
 INFO [main] (MspMote.java:235) - Loading firmware from: /home/drhakanaydin/6tisch-ng-sra-v17/6tisch-ng-sra/examples/tsch/rpl-udp/border-router-client/border-router-client.exp5438
 INFO [main] (MspMote.java:235) - Loading firmware from: /home/drhakanaydin/6tisch-ng-sra-v17/6tisch-ng-sra/examples/tsch/rpl-udp/border-router-client/border-router-client.exp5438
 INFO [main] (MspMote.java:235) - Loading firmware from: /home/drhakanaydin/6tisch-ng-sra-v17/6tisch-ng-sra/examples/tsch/rpl-udp/border-router-client/border-router-client.exp5438
 INFO [main] (MspMote.java:235) - Loading firmware from: /home/drhakanaydin/6tisch-ng-sra-v17/6tisch-ng-sra/examples/tsch/rpl-udp/border-router-client/border-router-client.exp5438
 INFO [main] (MspMote.java:235) - Loading firmware from: /home/drhakanaydin/6tisch-ng-sra-v17/6tisch-ng-sra/examples/tsch/rpl-udp/border-router-client/border-router-client.exp5438
 INFO [main] (MspMote.java:235) - Loading firmware from: /home/drhakanaydin/6tisch-ng-sra-v17/6tisch-ng-sra/examples/tsch/rpl-udp/border-router-client/border-router-client.exp5438
 INFO [main] (MspMote.java:235) - Loading firmware from: /home/drhakanaydin/6tisch-ng-sra-v17/6tisch-ng-sra/examples/tsch/rpl-udp/border-router-client/border-router-client.exp5438
 INFO [main] (MspMote.java:235) - Loading firmware from: /home/drhakanaydin/6tisch-ng-sra-v17/6tisch-ng-sra/examples/tsch/rpl-udp/border-router-client/border-router-client.exp5438
 INFO [main] (MspMote.java:235) - Loading firmware from: /home/drhakanaydin/6tisch-ng-sra-v17/6tisch-ng-sra/examples/tsch/rpl-udp/border-router-client/border-router-client.exp5438
 INFO [main] (MspMote.java:235) - Loading firmware from: /home/drhakanaydin/6tisch-ng-sra-v17/6tisch-ng-sra/examples/tsch/rpl-udp/border-router-client/border-router-client.exp5438
 INFO [main] (MspMote.java:235) - Loading firmware from: /home/drhakanaydin/6tisch-ng-sra-v17/6tisch-ng-sra/examples/tsch/rpl-udp/border-router-client/border-router-client.exp5438
 INFO [main] (MspMote.java:235) - Loading firmware from: /home/drhakanaydin/6tisch-ng-sra-v17/6tisch-ng-sra/examples/tsch/rpl-udp/border-router-client/border-router-client.exp5438
 INFO [main] (MspMote.java:235) - Loading firmware from: /home/drhakanaydin/6tisch-ng-sra-v17/6tisch-ng-sra/examples/tsch/rpl-udp/border-router-client/border-router-client.exp5438
 INFO [main] (MspMote.java:235) - Loading firmware from: /home/drhakanaydin/6tisch-ng-sra-v17/6tisch-ng-sra/examples/tsch/rpl-udp/border-router-client/border-router-client.exp5438
 INFO [main] (MspMote.java:235) - Loading firmware from: /home/drhakanaydin/6tisch-ng-sra-v17/6tisch-ng-sra/examples/tsch/rpl-udp/border-router-client/border-router-client.exp5438
 INFO [main] (MspMote.java:235) - Loading firmware from: /home/drhakanaydin/6tisch-ng-sra-v17/6tisch-ng-sra/examples/tsch/rpl-udp/border-router-client/border-router-client.exp5438
 INFO [main] (MspMote.java:235) - Loading firmware from: /home/drhakanaydin/6tisch-ng-sra-v17/6tisch-ng-sra/examples/tsch/rpl-udp/border-router-client/border-router-client.exp5438
 INFO [main] (MspMote.java:235) - Loading firmware from: /home/drhakanaydin/6tisch-ng-sra-v17/6tisch-ng-sra/examples/tsch/rpl-udp/border-router-client/border-router-client.exp5438
 INFO [main] (MspMote.java:235) - Loading firmware from: /home/drhakanaydin/6tisch-ng-sra-v17/6tisch-ng-sra/examples/tsch/rpl-udp/border-router-client/border-router-client.exp5438
 INFO [main] (MspMote.java:235) - Loading firmware from: /home/drhakanaydin/6tisch-ng-sra-v17/6tisch-ng-sra/examples/tsch/rpl-udp/border-router-client/border-router-client.exp5438
 INFO [main] (MspMote.java:235) - Loading firmware from: /home/drhakanaydin/6tisch-ng-sra-v17/6tisch-ng-sra/examples/tsch/rpl-udp/border-router-client/border-router-client.exp5438
 INFO [main] (MspMote.java:235) - Loading firmware from: /home/drhakanaydin/6tisch-ng-sra-v17/6tisch-ng-sra/examples/tsch/rpl-udp/border-router-client/border-router-client.exp5438
 INFO [main] (MspMote.java:235) - Loading firmware from: /home/drhakanaydin/6tisch-ng-sra-v17/6tisch-ng-sra/examples/tsch/rpl-udp/border-router-client/border-router-client.exp5438
 INFO [main] (MspMote.java:235) - Loading firmware from: /home/drhakanaydin/6tisch-ng-sra-v17/6tisch-ng-sra/examples/tsch/rpl-udp/border-router-client/border-router-client.exp5438
 INFO [main] (MspMote.java:235) - Loading firmware from: /home/drhakanaydin/6tisch-ng-sra-v17/6tisch-ng-sra/examples/tsch/rpl-udp/border-router-client/border-router-client.exp5438
 INFO [main] (MspMote.java:235) - Loading firmware from: /home/drhakanaydin/6tisch-ng-sra-v17/6tisch-ng-sra/examples/tsch/rpl-udp/border-router-client/border-router-client.exp5438
 INFO [main] (MspMote.java:235) - Loading firmware from: /home/drhakanaydin/6tisch-ng-sra-v17/6tisch-ng-sra/examples/tsch/rpl-udp/border-router-client/border-router-client.exp5438
 INFO [main] (MspMote.java:235) - Loading firmware from: /home/drhakanaydin/6tisch-ng-sra-v17/6tisch-ng-sra/examples/tsch/rpl-udp/border-router-client/border-router-client.exp5438
 INFO [main] (MspMote.java:235) - Loading firmware from: /home/drhakanaydin/6tisch-ng-sra-v17/6tisch-ng-sra/examples/tsch/rpl-udp/border-router-client/border-router-client.exp5438
 INFO [main] (MspMote.java:235) - Loading firmware from: /home/drhakanaydin/6tisch-ng-sra-v17/6tisch-ng-sra/examples/tsch/rpl-udp/border-router-client/border-router-client.exp5438
 INFO [main] (MspMote.java:235) - Loading firmware from: /home/drhakanaydin/6tisch-ng-sra-v17/6tisch-ng-sra/examples/tsch/rpl-udp/border-router-client/border-router-client.exp5438
 INFO [main] (MspMote.java:235) - Loading firmware from: /home/drhakanaydin/6tisch-ng-sra-v17/6tisch-ng-sra/examples/tsch/rpl-udp/border-router-client/border-router-client.exp5438
 INFO [main] (MspMote.java:235) - Loading firmware from: /home/drhakanaydin/6tisch-ng-sra-v17/6tisch-ng-sra/examples/tsch/rpl-udp/border-router-client/border-router-client.exp5438
 INFO [main] (MspMote.java:235) - Loading firmware from: /home/drhakanaydin/6tisch-ng-sra-v17/6tisch-ng-sra/examples/tsch/rpl-udp/border-router-client/border-router-client.exp5438
 INFO [main] (MspMote.java:235) - Loading firmware from: /home/drhakanaydin/6tisch-ng-sra-v17/6tisch-ng-sra/examples/tsch/rpl-udp/border-router-client/border-router-client.exp5438
 INFO [main] (MspMote.java:235) - Loading firmware from: /home/drhakanaydin/6tisch-ng-sra-v17/6tisch-ng-sra/examples/tsch/rpl-udp/border-router-client/border-router-client.exp5438
 INFO [main] (MspMote.java:235) - Loading firmware from: /home/drhakanaydin/6tisch-ng-sra-v17/6tisch-ng-sra/examples/tsch/rpl-udp/border-router-client/border-router-client.exp5438
 INFO [main] (MspMote.java:235) - Loading firmware from: /home/drhakanaydin/6tisch-ng-sra-v17/6tisch-ng-sra/examples/tsch/rpl-udp/border-router-client/border-router-client.exp5438
 INFO [main] (MspMote.java:235) - Loading firmware from: /home/drhakanaydin/6tisch-ng-sra-v17/6tisch-ng-sra/examples/tsch/rpl-udp/border-router-client/border-router-client.exp5438
 INFO [main] (Cooja.java:1782) - Visualized plugin was not started: class org.contikios.cooja.plugins.SimControl
 INFO [main] (Cooja.java:1782) - Visualized plugin was not started: class org.contikios.cooja.plugins.Visualizer
 INFO [main] (Cooja.java:1782) - Visualized plugin was not started: class org.contikios.cooja.plugins.LogListener
 INFO [main] (Cooja.java:1782) - Visualized plugin was not started: class org.contikios.cooja.plugins.TimeLine
 INFO [main] (ScriptRunner.java:438) - Test script deactivated
 INFO [main] (LogScriptEngine.java:265) - Script timeout in 3800000 ms
 INFO [main] (ScriptRunner.java:395) - Test script activated
 INFO [Thread-2] (Simulation.java:253) - Simulation main loop started, system time: 1790377228517
FATAL [main] (Cooja.java:3672) - Could not load plugin class: Mobility
 INFO [Thread-2] (LogScriptEngine.java:389) - Test script at 5.00%, done in 6935.8 sec
Watchdog: illegal write to WDTCTL (0) from $103ce - reset!!!!
Stack Trace: number of calls: 5 PC: $103ce
  watchdog_reboot (packetbuf.c) called from PC: $253f2 (elapsed: 5)
  restart_time_synchronisation (packetbuf.c) called from PC: $1616c (elapsed: 30453)
  process_thread_foure_timesynch_process (local in 4emac-timesynch.c) called from PC: $1273c (elapsed: 811180)
  call_process (local in process.c) called from PC: $12920 (elapsed: 811217)
  process_run (packetbuf.c) called from PC: $05edc (elapsed: 814518)
 WARN [Thread-2] (MspMote.java:229) - 36: # Watchdog[EXECUTION]: illegal write to WDTCTL (0) from $103ce - reset!!!!
Watchdog: illegal write to WDTCTL (0) from $103ce - reset!!!!
Stack Trace: number of calls: 5 PC: $103ce
  watchdog_reboot (packetbuf.c) called from PC: $253f2 (elapsed: 5)
  restart_time_synchronisation (packetbuf.c) called from PC: $1616c (elapsed: 30453)
  process_thread_foure_timesynch_process (local in 4emac-timesynch.c) called from PC: $1273c (elapsed: 810288)
  call_process (local in process.c) called from PC: $12920 (elapsed: 810325)
  process_run (packetbuf.c) called from PC: $05edc (elapsed: 813599)
 WARN [Thread-2] (MspMote.java:229) - 34: # Watchdog[EXECUTION]: illegal write to WDTCTL (0) from $103ce - reset!!!!
Watchdog: illegal write to WDTCTL (0) from $103ce - reset!!!!
Stack Trace: number of calls: 5 PC: $103ce
  watchdog_reboot (packetbuf.c) called from PC: $253f2 (elapsed: 5)
  restart_time_synchronisation (packetbuf.c) called from PC: $1616c (elapsed: 30453)
  process_thread_foure_timesynch_process (local in 4emac-timesynch.c) called from PC: $1273c (elapsed: 1250504)
  call_process (local in process.c) called from PC: $12920 (elapsed: 1250541)
  process_run (packetbuf.c) called from PC: $05edc (elapsed: 1253761)
 WARN [Thread-2] (MspMote.java:229) - 35: # Watchdog[EXECUTION]: illegal write to WDTCTL (0) from $103ce - reset!!!!
Watchdog: illegal write to WDTCTL (0) from $103ce - reset!!!!
Stack Trace: number of calls: 5 PC: $103ce
  watchdog_reboot (packetbuf.c) called from PC: $253f2 (elapsed: 5)
  restart_time_synchronisation (packetbuf.c) called from PC: $1616c (elapsed: 30452)
  process_thread_foure_timesynch_process (local in 4emac-timesynch.c) called from PC: $1273c (elapsed: 1116117)
  call_process (local in process.c) called from PC: $12920 (elapsed: 1116154)
  process_run (packetbuf.c) called from PC: $05edc (elapsed: 1119347)
 WARN [Thread-2] (MspMote.java:229) - 1: # Watchdog[EXECUTION]: illegal write to WDTCTL (0) from $103ce - reset!!!!
Watchdog: illegal write to WDTCTL (0) from $103ce - reset!!!!
Stack Trace: number of calls: 5 PC: $103ce
  watchdog_reboot (packetbuf.c) called from PC: $253f2 (elapsed: 5)
  restart_time_synchronisation (packetbuf.c) called from PC: $1616c (elapsed: 30453)
  process_thread_foure_timesynch_process (local in 4emac-timesynch.c) called from PC: $1273c (elapsed: 1122260)
  call_process (local in process.c) called from PC: $12920 (elapsed: 1122297)
  process_run (packetbuf.c) called from PC: $05edc (elapsed: 1125600)
 WARN [Thread-2] (MspMote.java:229) - 45: # Watchdog[EXECUTION]: illegal write to WDTCTL (0) from $103ce - reset!!!!
Watchdog: illegal write to WDTCTL (0) from $103ce - reset!!!!
Stack Trace: number of calls: 5 PC: $103ce
  watchdog_reboot (packetbuf.c) called from PC: $253f2 (elapsed: 5)
  restart_time_synchronisation (packetbuf.c) called from PC: $1616c (elapsed: 30452)
  process_thread_foure_timesynch_process (local in 4emac-timesynch.c) called from PC: $1273c (elapsed: 1279293)
  call_process (local in process.c) called from PC: $12920 (elapsed: 1279330)
  process_run (packetbuf.c) called from PC: $05edc (elapsed: 1282926)
 WARN [Thread-2] (MspMote.java:229) - 41: # Watchdog[EXECUTION]: illegal write to WDTCTL (0) from $103ce - reset!!!!
Watchdog: illegal write to WDTCTL (0) from $103ce - reset!!!!
Stack Trace: number of calls: 5 PC: $103ce
  watchdog_reboot (packetbuf.c) called from PC: $253f2 (elapsed: 5)
  restart_time_synchronisation (packetbuf.c) called from PC: $1616c (elapsed: 30452)
  process_thread_foure_timesynch_process (local in 4emac-timesynch.c) called from PC: $1273c (elapsed: 803850)
  call_process (local in process.c) called from PC: $12920 (elapsed: 803887)
  process_run (packetbuf.c) called from PC: $05edc (elapsed: 807001)
 WARN [Thread-2] (MspMote.java:229) - 38: # Watchdog[EXECUTION]: illegal write to WDTCTL (0) from $103ce - reset!!!!
Watchdog: illegal write to WDTCTL (0) from $103ce - reset!!!!
Stack Trace: number of calls: 5 PC: $103ce
  watchdog_reboot (packetbuf.c) called from PC: $253f2 (elapsed: 5)
  restart_time_synchronisation (packetbuf.c) called from PC: $1616c (elapsed: 30452)
  process_thread_foure_timesynch_process (local in 4emac-timesynch.c) called from PC: $1273c (elapsed: 676786)
  call_process (local in process.c) called from PC: $12920 (elapsed: 676823)
  process_run (packetbuf.c) called from PC: $05edc (elapsed: 679935)
 WARN [Thread-2] (MspMote.java:229) - 46: # Watchdog[EXECUTION]: illegal write to WDTCTL (0) from $103ce - reset!!!!
Watchdog: illegal write to WDTCTL (0) from $103ce - reset!!!!
Stack Trace: number of calls: 5 PC: $103ce
  watchdog_reboot (packetbuf.c) called from PC: $253f2 (elapsed: 5)
  restart_time_synchronisation (packetbuf.c) called from PC: $1616c (elapsed: 30452)
  process_thread_foure_timesynch_process (local in 4emac-timesynch.c) called from PC: $1273c (elapsed: 1416255)
  call_process (local in process.c) called from PC: $12920 (elapsed: 1416292)
  process_run (packetbuf.c) called from PC: $05edc (elapsed: 1419647)
 WARN [Thread-2] (MspMote.java:229) - 40: # Watchdog[EXECUTION]: illegal write to WDTCTL (0) from $103ce - reset!!!!
Watchdog: illegal write to WDTCTL (0) from $103ce - reset!!!!
Stack Trace: number of calls: 5 PC: $103ce
  watchdog_reboot (packetbuf.c) called from PC: $253f2 (elapsed: 5)
  restart_time_synchronisation (packetbuf.c) called from PC: $1616c (elapsed: 30453)
  process_thread_foure_timesynch_process (local in 4emac-timesynch.c) called from PC: $1273c (elapsed: 814985)
  call_process (local in process.c) called from PC: $12920 (elapsed: 815022)
  process_run (packetbuf.c) called from PC: $05edc (elapsed: 818217)
 WARN [Thread-2] (MspMote.java:229) - 36: # Watchdog[EXECUTION]: illegal write to WDTCTL (0) from $103ce - reset!!!!
Watchdog: illegal write to WDTCTL (0) from $103ce - reset!!!!
Stack Trace: number of calls: 5 PC: $103ce
  watchdog_reboot (packetbuf.c) called from PC: $253f2 (elapsed: 5)
  restart_time_synchronisation (packetbuf.c) called from PC: $1616c (elapsed: 35050)
  process_thread_foure_timesynch_process (local in 4emac-timesynch.c) called from PC: $1273c (elapsed: 1224865)
  call_process (local in process.c) called from PC: $12920 (elapsed: 1224902)
  process_run (packetbuf.c) called from PC: $05edc (elapsed: 1228093)
 WARN [Thread-2] (MspMote.java:229) - 39: # Watchdog[EXECUTION]: illegal write to WDTCTL (0) from $103ce - reset!!!!
Watchdog: illegal write to WDTCTL (0) from $103ce - reset!!!!
Stack Trace: number of calls: 5 PC: $103ce
  watchdog_reboot (packetbuf.c) called from PC: $253f2 (elapsed: 5)
  restart_time_synchronisation (packetbuf.c) called from PC: $1616c (elapsed: 31364)
  process_thread_foure_timesynch_process (local in 4emac-timesynch.c) called from PC: $1273c (elapsed: 185434)
  call_process (local in process.c) called from PC: $12920 (elapsed: 185471)
  process_run (packetbuf.c) called from PC: $05edc (elapsed: 187874)
 WARN [Thread-2] (MspMote.java:229) - 51: # Watchdog[EXECUTION]: illegal write to WDTCTL (0) from $103ce - reset!!!!
Watchdog: illegal write to WDTCTL (0) from $103ce - reset!!!!
Stack Trace: number of calls: 5 PC: $103ce
  watchdog_reboot (packetbuf.c) called from PC: $253f2 (elapsed: 5)
  restart_time_synchronisation (packetbuf.c) called from PC: $1616c (elapsed: 30452)
  process_thread_foure_timesynch_process (local in 4emac-timesynch.c) called from PC: $1273c (elapsed: 1101645)
  call_process (local in process.c) called from PC: $12920 (elapsed: 1101682)
  process_run (packetbuf.c) called from PC: $05edc (elapsed: 1104721)
 WARN [Thread-2] (MspMote.java:229) - 43: # Watchdog[EXECUTION]: illegal write to WDTCTL (0) from $103ce - reset!!!!
 INFO [Thread-2] (LogScriptEngine.java:389) - Test script at 10.00%, done in 7037.8 sec
Watchdog: illegal write to WDTCTL (0) from $103ce - reset!!!!
Stack Trace: number of calls: 5 PC: $103ce
  watchdog_reboot (packetbuf.c) called from PC: $253f2 (elapsed: 5)
  restart_time_synchronisation (packetbuf.c) called from PC: $1616c (elapsed: 30447)
  process_thread_foure_timesynch_process (local in 4emac-timesynch.c) called from PC: $1273c (elapsed: 640560)
  call_process (local in process.c) called from PC: $12920 (elapsed: 640597)
  process_run (packetbuf.c) called from PC: $05edc (elapsed: 643790)
 WARN [Thread-2] (MspMote.java:229) - 50: # Watchdog[EXECUTION]: illegal write to WDTCTL (0) from $103ce - reset!!!!
Watchdog: illegal write to WDTCTL (0) from $103ce - reset!!!!
Stack Trace: number of calls: 5 PC: $103ce
  watchdog_reboot (packetbuf.c) called from PC: $253f2 (elapsed: 5)
  restart_time_synchronisation (packetbuf.c) called from PC: $1616c (elapsed: 31364)
  process_thread_foure_timesynch_process (local in 4emac-timesynch.c) called from PC: $1273c (elapsed: 185455)
  call_process (local in process.c) called from PC: $12920 (elapsed: 185492)
  process_run (packetbuf.c) called from PC: $05edc (elapsed: 187895)
 WARN [Thread-2] (MspMote.java:229) - 24: # Watchdog[EXECUTION]: illegal write to WDTCTL (0) from $103ce - reset!!!!
Watchdog: illegal write to WDTCTL (0) from $103ce - reset!!!!
Stack Trace: number of calls: 5 PC: $103ce
  watchdog_reboot (packetbuf.c) called from PC: $253f2 (elapsed: 5)
  restart_time_synchronisation (packetbuf.c) called from PC: $1616c (elapsed: 30453)
  process_thread_foure_timesynch_process (local in 4emac-timesynch.c) called from PC: $1273c (elapsed: 642924)
  call_process (local in process.c) called from PC: $12920 (elapsed: 642961)
  process_run (packetbuf.c) called from PC: $05edc (elapsed: 646235)
 WARN [Thread-2] (MspMote.java:229) - 34: # Watchdog[EXECUTION]: illegal write to WDTCTL (0) from $103ce - reset!!!!
Watchdog: illegal write to WDTCTL (0) from $103ce - reset!!!!
Stack Trace: number of calls: 5 PC: $103ce
  watchdog_reboot (packetbuf.c) called from PC: $253f2 (elapsed: 5)
  restart_time_synchronisation (packetbuf.c) called from PC: $1616c (elapsed: 30452)
  process_thread_foure_timesynch_process (local in 4emac-timesynch.c) called from PC: $1273c (elapsed: 780522)
  call_process (local in process.c) called from PC: $12920 (elapsed: 780559)
  process_run (packetbuf.c) called from PC: $05edc (elapsed: 783836)
 WARN [Thread-2] (MspMote.java:229) - 49: # Watchdog[EXECUTION]: illegal write to WDTCTL (0) from $103ce - reset!!!!
Watchdog: illegal write to WDTCTL (0) from $103ce - reset!!!!
Stack Trace: number of calls: 5 PC: $103ce
  watchdog_reboot (packetbuf.c) called from PC: $253f2 (elapsed: 5)
  restart_time_synchronisation (packetbuf.c) called from PC: $1616c (elapsed: 30452)
  process_thread_foure_timesynch_process (local in 4emac-timesynch.c) called from PC: $1273c (elapsed: 1228423)
  call_process (local in process.c) called from PC: $12920 (elapsed: 1228460)
  process_run (packetbuf.c) called from PC: $05edc (elapsed: 1232813)
 WARN [Thread-2] (MspMote.java:229) - 44: # Watchdog[EXECUTION]: illegal write to WDTCTL (0) from $103ce - reset!!!!
Watchdog: illegal write to WDTCTL (0) from $103ce - reset!!!!
Stack Trace: number of calls: 5 PC: $103ce
  watchdog_reboot (packetbuf.c) called from PC: $253f2 (elapsed: 5)
  restart_time_synchronisation (packetbuf.c) called from PC: $1616c (elapsed: 30452)
  process_thread_foure_timesynch_process (local in 4emac-timesynch.c) called from PC: $1273c (elapsed: 964790)
  call_process (local in process.c) called from PC: $12920 (elapsed: 964827)
  process_run (packetbuf.c) called from PC: $05edc (elapsed: 969873)
 WARN [Thread-2] (MspMote.java:229) - 28: # Watchdog[EXECUTION]: illegal write to WDTCTL (0) from $103ce - reset!!!!
Watchdog: illegal write to WDTCTL (0) from $103ce - reset!!!!
Stack Trace: number of calls: 11 PC: $103ce
  watchdog_reboot (packetbuf.c) called from PC: $253f2 (elapsed: 5)
  restart_time_synchronisation (packetbuf.c) called from PC: $15668 (elapsed: 31371)
  foure_timesynch_parent_switch_callback (packetbuf.c) called from PC: $1f11e (elapsed: 69452)
  rpl_set_preferred_parent (local in rpl-dag.c) called from PC: $1f74e (elapsed: 163978)
  rpl_nullify_parent (packetbuf.c) called from PC: $203e8 (elapsed: 381425)
  rpl_process_parent_event (packetbuf.c) called from PC: $20480 (elapsed: 475723)
  rpl_recalculate_ranks (packetbuf.c) called from PC: $23ee8 (elapsed: 476150)
  handle_periodic_timer (local in rpl-timers.c) called from PC: $121a0 (elapsed: 476417)
  process_thread_ctimer_process (local in ctimer.c) called from PC: $1273c (elapsed: 476642)
  call_process (local in process.c) called from PC: $12920 (elapsed: 476679)
  process_run (packetbuf.c) called from PC: $05edc (elapsed: 677111)
 WARN [Thread-2] (MspMote.java:229) - 48: # Watchdog[EXECUTION]: illegal write to WDTCTL (0) from $103ce - reset!!!!
 INFO [Thread-2] (LogScriptEngine.java:389) - Test script at 15.00%, done in 7094.6 sec
Watchdog: illegal write to WDTCTL (0) from $103ce - reset!!!!
Stack Trace: number of calls: 5 PC: $103ce
  watchdog_reboot (packetbuf.c) called from PC: $253f2 (elapsed: 5)
  restart_time_synchronisation (packetbuf.c) called from PC: $1616c (elapsed: 30452)
  process_thread_foure_timesynch_process (local in 4emac-timesynch.c) called from PC: $1273c (elapsed: 904514)
  call_process (local in process.c) called from PC: $12920 (elapsed: 904551)
  process_run (packetbuf.c) called from PC: $05edc (elapsed: 907863)
 WARN [Thread-2] (MspMote.java:229) - 8: # Watchdog[EXECUTION]: illegal write to WDTCTL (0) from $103ce - reset!!!!
Watchdog: illegal write to WDTCTL (0) from $103ce - reset!!!!
Stack Trace: number of calls: 5 PC: $103ce
  watchdog_reboot (packetbuf.c) called from PC: $253f2 (elapsed: 5)
  restart_time_synchronisation (packetbuf.c) called from PC: $1616c (elapsed: 30453)
  process_thread_foure_timesynch_process (local in 4emac-timesynch.c) called from PC: $1273c (elapsed: 943642)
  call_process (local in process.c) called from PC: $12920 (elapsed: 943679)
  process_run (packetbuf.c) called from PC: $05edc (elapsed: 946881)
 WARN [Thread-2] (MspMote.java:229) - 23: # Watchdog[EXECUTION]: illegal write to WDTCTL (0) from $103ce - reset!!!!
Watchdog: illegal write to WDTCTL (0) from $103ce - reset!!!!
Stack Trace: number of calls: 5 PC: $103ce
  watchdog_reboot (packetbuf.c) called from PC: $253f2 (elapsed: 5)
  restart_time_synchronisation (packetbuf.c) called from PC: $1616c (elapsed: 30452)
  process_thread_foure_timesynch_process (local in 4emac-timesynch.c) called from PC: $1273c (elapsed: 902202)
  call_process (local in process.c) called from PC: $12920 (elapsed: 902239)
  process_run (packetbuf.c) called from PC: $05edc (elapsed: 905443)
 WARN [Thread-2] (MspMote.java:229) - 29: # Watchdog[EXECUTION]: illegal write to WDTCTL (0) from $103ce - reset!!!!
Watchdog: illegal write to WDTCTL (0) from $103ce - reset!!!!
Stack Trace: number of calls: 5 PC: $103ce
  watchdog_reboot (packetbuf.c) called from PC: $253f2 (elapsed: 5)
  restart_time_synchronisation (packetbuf.c) called from PC: $1616c (elapsed: 30452)
  process_thread_foure_timesynch_process (local in 4emac-timesynch.c) called from PC: $1273c (elapsed: 1219089)
  call_process (local in process.c) called from PC: $12920 (elapsed: 1219126)
  process_run (packetbuf.c) called from PC: $05edc (elapsed: 1222355)
 WARN [Thread-2] (MspMote.java:229) - 17: # Watchdog[EXECUTION]: illegal write to WDTCTL (0) from $103ce - reset!!!!
Watchdog: illegal write to WDTCTL (0) from $103ce - reset!!!!
Stack Trace: number of calls: 5 PC: $103ce
  watchdog_reboot (packetbuf.c) called from PC: $253f2 (elapsed: 5)
  restart_time_synchronisation (packetbuf.c) called from PC: $1616c (elapsed: 30453)
  process_thread_foure_timesynch_process (local in 4emac-timesynch.c) called from PC: $1273c (elapsed: 686325)
  call_process (local in process.c) called from PC: $12920 (elapsed: 686362)
  process_run (packetbuf.c) called from PC: $05edc (elapsed: 689634)
 WARN [Thread-2] (MspMote.java:229) - 24: # Watchdog[EXECUTION]: illegal write to WDTCTL (0) from $103ce - reset!!!!
Watchdog: illegal write to WDTCTL (0) from $103ce - reset!!!!
Stack Trace: number of calls: 5 PC: $103ce
  watchdog_reboot (packetbuf.c) called from PC: $253f2 (elapsed: 5)
  restart_time_synchronisation (packetbuf.c) called from PC: $1616c (elapsed: 30453)
  process_thread_foure_timesynch_process (local in 4emac-timesynch.c) called from PC: $1273c (elapsed: 565755)
  call_process (local in process.c) called from PC: $12920 (elapsed: 565792)
  process_run (packetbuf.c) called from PC: $05edc (elapsed: 572599)
 WARN [Thread-2] (MspMote.java:229) - 19: # Watchdog[EXECUTION]: illegal write to WDTCTL (0) from $103ce - reset!!!!
Watchdog: illegal write to WDTCTL (0) from $103ce - reset!!!!
Stack Trace: number of calls: 5 PC: $103ce
  watchdog_reboot (packetbuf.c) called from PC: $253f2 (elapsed: 5)
  restart_time_synchronisation (packetbuf.c) called from PC: $1616c (elapsed: 30453)
  process_thread_foure_timesynch_process (local in 4emac-timesynch.c) called from PC: $1273c (elapsed: 1444671)
  call_process (local in process.c) called from PC: $12920 (elapsed: 1444708)
  process_run (packetbuf.c) called from PC: $05edc (elapsed: 1447743)
 WARN [Thread-2] (MspMote.java:229) - 38: # Watchdog[EXECUTION]: illegal write to WDTCTL (0) from $103ce - reset!!!!
Watchdog: illegal write to WDTCTL (0) from $103ce - reset!!!!
Stack Trace: number of calls: 11 PC: $103ce
  watchdog_reboot (packetbuf.c) called from PC: $253f2 (elapsed: 5)
  restart_time_synchronisation (packetbuf.c) called from PC: $15668 (elapsed: 31370)
  foure_timesynch_parent_switch_callback (packetbuf.c) called from PC: $1f11e (elapsed: 69451)
  rpl_set_preferred_parent (local in rpl-dag.c) called from PC: $1f74e (elapsed: 163813)
  rpl_nullify_parent (packetbuf.c) called from PC: $203e8 (elapsed: 381282)
  rpl_process_parent_event (packetbuf.c) called from PC: $20480 (elapsed: 475605)
  rpl_recalculate_ranks (packetbuf.c) called from PC: $23ee8 (elapsed: 476032)
  handle_periodic_timer (local in rpl-timers.c) called from PC: $121a0 (elapsed: 476299)
  process_thread_ctimer_process (local in ctimer.c) called from PC: $1273c (elapsed: 476524)
  call_process (local in process.c) called from PC: $12920 (elapsed: 476561)
  process_run (packetbuf.c) called from PC: $05edc (elapsed: 479675)
 WARN [Thread-2] (MspMote.java:229) - 49: # Watchdog[EXECUTION]: illegal write to WDTCTL (0) from $103ce - reset!!!!
Watchdog: illegal write to WDTCTL (0) from $103ce - reset!!!!
Stack Trace: number of calls: 5 PC: $103ce
  watchdog_reboot (packetbuf.c) called from PC: $253f2 (elapsed: 5)
  restart_time_synchronisation (packetbuf.c) called from PC: $1616c (elapsed: 30452)
  process_thread_foure_timesynch_process (local in 4emac-timesynch.c) called from PC: $1273c (elapsed: 1363018)
  call_process (local in process.c) called from PC: $12920 (elapsed: 1363055)
  process_run (packetbuf.c) called from PC: $05edc (elapsed: 1366435)
 WARN [Thread-2] (MspMote.java:229) - 44: # Watchdog[EXECUTION]: illegal write to WDTCTL (0) from $103ce - reset!!!!
 INFO [Thread-2] (LogScriptEngine.java:389) - Test script at 20.00%, done in 7306.0 sec
Watchdog: illegal write to WDTCTL (0) from $103ce - reset!!!!
Stack Trace: number of calls: 5 PC: $103ce
  watchdog_reboot (packetbuf.c) called from PC: $253f2 (elapsed: 5)
  restart_time_synchronisation (packetbuf.c) called from PC: $1616c (elapsed: 30452)
  process_thread_foure_timesynch_process (local in 4emac-timesynch.c) called from PC: $1273c (elapsed: 677014)
  call_process (local in process.c) called from PC: $12920 (elapsed: 677051)
  process_run (packetbuf.c) called from PC: $05edc (elapsed: 680086)
 WARN [Thread-2] (MspMote.java:229) - 28: # Watchdog[EXECUTION]: illegal write to WDTCTL (0) from $103ce - reset!!!!
Watchdog: illegal write to WDTCTL (0) from $103ce - reset!!!!
Stack Trace: number of calls: 5 PC: $103ce
  watchdog_reboot (packetbuf.c) called from PC: $253f2 (elapsed: 5)
  restart_time_synchronisation (packetbuf.c) called from PC: $1616c (elapsed: 31365)
  process_thread_foure_timesynch_process (local in 4emac-timesynch.c) called from PC: $1273c (elapsed: 186389)
  call_process (local in process.c) called from PC: $12920 (elapsed: 186426)
  process_run (packetbuf.c) called from PC: $05edc (elapsed: 188911)
 WARN [Thread-2] (MspMote.java:229) - 40: # Watchdog[EXECUTION]: illegal write to WDTCTL (0) from $103ce - reset!!!!
Watchdog: illegal write to WDTCTL (0) from $103ce - reset!!!!
Stack Trace: number of calls: 5 PC: $103ce
  watchdog_reboot (packetbuf.c) called from PC: $253f2 (elapsed: 5)
  restart_time_synchronisation (packetbuf.c) called from PC: $1616c (elapsed: 30447)
  process_thread_foure_timesynch_process (local in 4emac-timesynch.c) called from PC: $1273c (elapsed: 773777)
  call_process (local in process.c) called from PC: $12920 (elapsed: 773814)
  process_run (packetbuf.c) called from PC: $05edc (elapsed: 776847)
 WARN [Thread-2] (MspMote.java:229) - 24: # Watchdog[EXECUTION]: illegal write to WDTCTL (0) from $103ce - reset!!!!
Watchdog: illegal write to WDTCTL (0) from $103ce - reset!!!!
Stack Trace: number of calls: 5 PC: $103ce
  watchdog_reboot (packetbuf.c) called from PC: $253f2 (elapsed: 5)
  restart_time_synchronisation (packetbuf.c) called from PC: $1616c (elapsed: 30447)
  process_thread_foure_timesynch_process (local in 4emac-timesynch.c) called from PC: $1273c (elapsed: 1076353)
  call_process (local in process.c) called from PC: $12920 (elapsed: 1076390)
  process_run (packetbuf.c) called from PC: $05edc (elapsed: 1079585)
 WARN [Thread-2] (MspMote.java:229) - 19: # Watchdog[EXECUTION]: illegal write to WDTCTL (0) from $103ce - reset!!!!
 INFO [Thread-2] (LogScriptEngine.java:389) - Test script at 25.00%, done in 7681.7 sec
Watchdog: illegal write to WDTCTL (0) from $103ce - reset!!!!
Stack Trace: number of calls: 5 PC: $103ce
  watchdog_reboot (packetbuf.c) called from PC: $253f2 (elapsed: 5)
  restart_time_synchronisation (packetbuf.c) called from PC: $1616c (elapsed: 30447)
  process_thread_foure_timesynch_process (local in 4emac-timesynch.c) called from PC: $1273c (elapsed: 773836)
  call_process (local in process.c) called from PC: $12920 (elapsed: 773873)
  process_run (packetbuf.c) called from PC: $05edc (elapsed: 776906)
 WARN [Thread-2] (MspMote.java:229) - 24: # Watchdog[EXECUTION]: illegal write to WDTCTL (0) from $103ce - reset!!!!
Watchdog: illegal write to WDTCTL (0) from $103ce - reset!!!!
Stack Trace: number of calls: 5 PC: $103ce
  watchdog_reboot (packetbuf.c) called from PC: $253f2 (elapsed: 5)
  restart_time_synchronisation (packetbuf.c) called from PC: $1616c (elapsed: 30447)
  process_thread_foure_timesynch_process (local in 4emac-timesynch.c) called from PC: $1273c (elapsed: 1683647)
  call_process (local in process.c) called from PC: $12920 (elapsed: 1683684)
  process_run (packetbuf.c) called from PC: $05edc (elapsed: 1686805)
 WARN [Thread-2] (MspMote.java:229) - 50: # Watchdog[EXECUTION]: illegal write to WDTCTL (0) from $103ce - reset!!!!
 INFO [Thread-2] (LogScriptEngine.java:389) - Test script at 30.00%, done in 7935.6 sec
 INFO [Thread-2] (LogScriptEngine.java:389) - Test script at 35.00%, done in 8327.9 sec
 INFO [Thread-2] (LogScriptEngine.java:389) - Test script at 40.00%, done in 8184.0 sec
 INFO [Thread-2] (LogScriptEngine.java:389) - Test script at 45.00%, done in 7870.4 sec
 INFO [Thread-2] (LogScriptEngine.java:389) - Test script at 50.00%, done in 7319.2 sec
 INFO [Thread-2] (LogScriptEngine.java:389) - Test script at 55.00%, done in 6613.3 sec
 INFO [Thread-2] (LogScriptEngine.java:389) - Test script at 60.00%, done in 5939.5 sec
 INFO [Thread-2] (LogScriptEngine.java:389) - Test script at 65.00%, done in 5375.5 sec
 INFO [Thread-2] (LogScriptEngine.java:389) - Test script at 70.00%, done in 4711.4 sec
 INFO [Thread-2] (LogScriptEngine.java:389) - Test script at 75.00%, done in 3989.5 sec
 INFO [Thread-2] (LogScriptEngine.java:389) - Test script at 80.00%, done in 3250.5 sec
 INFO [Thread-2] (LogScriptEngine.java:389) - Test script at 85.00%, done in 2476.8 sec
 INFO [Thread-2] (LogScriptEngine.java:389) - Test script at 90.00%, done in 1675.5 sec
 INFO [Thread-2] (LogScriptEngine.java:389) - Test script at 95.00%, done in 850.9 sec
 INFO [Thread-2] (LogScriptEngine.java:375) - Timeout event @ 3800000000
 INFO [Thread-1] (LogScriptEngine.java:309) - Test script finished
 INFO [Thread-2] (Simulation.java:312) - Simulation main loop stopped, system time: 1790394369581	Duration: 17141064 ms	Simulated time 3800000 ms	Ratio 0.22168985542554417
 INFO [AWT-EventQueue-1] (ScriptRunner.java:438) - Test script deactivated
