[16:30:34 - main] [Cooja.java:3173] [WARN] - JAVA_HOME environment variable not set, Cooja motes may not compile
[16:30:34 - main] [Cooja.java:1316] [INFO] - > Starting Cooja
[16:30:34 - main] [Cooja.java:2857] [INFO] - External tools default settings: /external_tools_linux_64.config
[16:30:34 - main] [Cooja.java:2887] [INFO] - External tools user settings: /home/dr_hakan_aydin/.cooja.user.properties
[16:30:34 - main] [Cooja.java:1941] [FATAL] - No plugin class: class org.contikios.cooja.plugins.CollectViewFull: org/jfree/data/xy/XYDataset
[16:30:34 - main] [Cooja.java:3626] [WARN] - Loaded simulation may depend on not found  extension: '/home/dr_hakan_aydin/6tisch/6tisch-ng-sra-v17/6tisch-ng-sra/tools/cooja/apps/mobility'
[16:30:35 - main] [Simulation.java:422] [INFO] - Simulation random seed: 361757
[16:30:35 - main] [CompileContiki.java:140] [INFO] - > make border-router-server.exp5438 TARGET=exp5438 
[16:30:35 - main] [CompileContiki.java:140] [INFO] - > make border-router-client.exp5438 TARGET=exp5438 
[16:30:35 - main] [MspMote.java:235] [INFO] - Loading firmware from: /home/dr_hakan_aydin/6tisch/6tisch-ng-sra-v17/6tisch-ng-sra/examples/tsch/rpl-udp/border-router-client/border-router-client.exp5438
[16:30:36 - main] [MspMote.java:235] [INFO] - Loading firmware from: /home/dr_hakan_aydin/6tisch/6tisch-ng-sra-v17/6tisch-ng-sra/examples/tsch/rpl-udp/border-router-client/border-router-client.exp5438
[16:30:36 - main] [MspMote.java:235] [INFO] - Loading firmware from: /home/dr_hakan_aydin/6tisch/6tisch-ng-sra-v17/6tisch-ng-sra/examples/tsch/rpl-udp/border-router-client/border-router-client.exp5438
[16:30:36 - main] [MspMote.java:235] [INFO] - Loading firmware from: /home/dr_hakan_aydin/6tisch/6tisch-ng-sra-v17/6tisch-ng-sra/examples/tsch/rpl-udp/border-router-client/border-router-client.exp5438
[16:30:36 - main] [MspMote.java:235] [INFO] - Loading firmware from: /home/dr_hakan_aydin/6tisch/6tisch-ng-sra-v17/6tisch-ng-sra/examples/tsch/rpl-udp/border-router-client/border-router-client.exp5438
[16:30:36 - main] [MspMote.java:235] [INFO] - Loading firmware from: /home/dr_hakan_aydin/6tisch/6tisch-ng-sra-v17/6tisch-ng-sra/examples/tsch/rpl-udp/border-router-client/border-router-client.exp5438
[16:30:36 - main] [MspMote.java:235] [INFO] - Loading firmware from: /home/dr_hakan_aydin/6tisch/6tisch-ng-sra-v17/6tisch-ng-sra/examples/tsch/rpl-udp/border-router-client/border-router-client.exp5438
[16:30:37 - main] [MspMote.java:235] [INFO] - Loading firmware from: /home/dr_hakan_aydin/6tisch/6tisch-ng-sra-v17/6tisch-ng-sra/examples/tsch/rpl-udp/border-router-client/border-router-client.exp5438
[16:30:37 - main] [MspMote.java:235] [INFO] - Loading firmware from: /home/dr_hakan_aydin/6tisch/6tisch-ng-sra-v17/6tisch-ng-sra/examples/tsch/rpl-udp/border-router-client/border-router-client.exp5438
[16:30:37 - main] [MspMote.java:235] [INFO] - Loading firmware from: /home/dr_hakan_aydin/6tisch/6tisch-ng-sra-v17/6tisch-ng-sra/examples/tsch/rpl-udp/border-router-client/border-router-client.exp5438
[16:30:37 - main] [MspMote.java:235] [INFO] - Loading firmware from: /home/dr_hakan_aydin/6tisch/6tisch-ng-sra-v17/6tisch-ng-sra/examples/tsch/rpl-udp/border-router-client/border-router-client.exp5438
[16:30:37 - main] [MspMote.java:235] [INFO] - Loading firmware from: /home/dr_hakan_aydin/6tisch/6tisch-ng-sra-v17/6tisch-ng-sra/examples/tsch/rpl-udp/border-router-client/border-router-client.exp5438
[16:30:37 - main] [MspMote.java:235] [INFO] - Loading firmware from: /home/dr_hakan_aydin/6tisch/6tisch-ng-sra-v17/6tisch-ng-sra/examples/tsch/rpl-udp/border-router-client/border-router-client.exp5438
[16:30:37 - main] [MspMote.java:235] [INFO] - Loading firmware from: /home/dr_hakan_aydin/6tisch/6tisch-ng-sra-v17/6tisch-ng-sra/examples/tsch/rpl-udp/border-router-client/border-router-client.exp5438
[16:30:37 - main] [MspMote.java:235] [INFO] - Loading firmware from: /home/dr_hakan_aydin/6tisch/6tisch-ng-sra-v17/6tisch-ng-sra/examples/tsch/rpl-udp/border-router-client/border-router-client.exp5438
[16:30:37 - main] [MspMote.java:235] [INFO] - Loading firmware from: /home/dr_hakan_aydin/6tisch/6tisch-ng-sra-v17/6tisch-ng-sra/examples/tsch/rpl-udp/border-router-client/border-router-client.exp5438
[16:30:37 - main] [MspMote.java:235] [INFO] - Loading firmware from: /home/dr_hakan_aydin/6tisch/6tisch-ng-sra-v17/6tisch-ng-sra/examples/tsch/rpl-udp/border-router-client/border-router-client.exp5438
[16:30:38 - main] [MspMote.java:235] [INFO] - Loading firmware from: /home/dr_hakan_aydin/6tisch/6tisch-ng-sra-v17/6tisch-ng-sra/examples/tsch/rpl-udp/border-router-client/border-router-client.exp5438
[16:30:38 - main] [MspMote.java:235] [INFO] - Loading firmware from: /home/dr_hakan_aydin/6tisch/6tisch-ng-sra-v17/6tisch-ng-sra/examples/tsch/rpl-udp/border-router-client/border-router-client.exp5438
[16:30:38 - main] [MspMote.java:235] [INFO] - Loading firmware from: /home/dr_hakan_aydin/6tisch/6tisch-ng-sra-v17/6tisch-ng-sra/examples/tsch/rpl-udp/border-router-client/border-router-client.exp5438
[16:30:38 - main] [MspMote.java:235] [INFO] - Loading firmware from: /home/dr_hakan_aydin/6tisch/6tisch-ng-sra-v17/6tisch-ng-sra/examples/tsch/rpl-udp/border-router-client/border-router-client.exp5438
[16:30:38 - main] [MspMote.java:235] [INFO] - Loading firmware from: /home/dr_hakan_aydin/6tisch/6tisch-ng-sra-v17/6tisch-ng-sra/examples/tsch/rpl-udp/border-router-client/border-router-client.exp5438
[16:30:38 - main] [MspMote.java:235] [INFO] - Loading firmware from: /home/dr_hakan_aydin/6tisch/6tisch-ng-sra-v17/6tisch-ng-sra/examples/tsch/rpl-udp/border-router-client/border-router-client.exp5438
[16:30:38 - main] [MspMote.java:235] [INFO] - Loading firmware from: /home/dr_hakan_aydin/6tisch/6tisch-ng-sra-v17/6tisch-ng-sra/examples/tsch/rpl-udp/border-router-client/border-router-client.exp5438
[16:30:38 - main] [MspMote.java:235] [INFO] - Loading firmware from: /home/dr_hakan_aydin/6tisch/6tisch-ng-sra-v17/6tisch-ng-sra/examples/tsch/rpl-udp/border-router-client/border-router-client.exp5438
[16:30:38 - main] [MspMote.java:235] [INFO] - Loading firmware from: /home/dr_hakan_aydin/6tisch/6tisch-ng-sra-v17/6tisch-ng-sra/examples/tsch/rpl-udp/border-router-client/border-router-client.exp5438
[16:30:38 - main] [MspMote.java:235] [INFO] - Loading firmware from: /home/dr_hakan_aydin/6tisch/6tisch-ng-sra-v17/6tisch-ng-sra/examples/tsch/rpl-udp/border-router-server/border-router-server.exp5438
[16:30:39 - main] [MspMote.java:235] [INFO] - Loading firmware from: /home/dr_hakan_aydin/6tisch/6tisch-ng-sra-v17/6tisch-ng-sra/examples/tsch/rpl-udp/border-router-client/border-router-client.exp5438
[16:30:39 - main] [MspMote.java:235] [INFO] - Loading firmware from: /home/dr_hakan_aydin/6tisch/6tisch-ng-sra-v17/6tisch-ng-sra/examples/tsch/rpl-udp/border-router-client/border-router-client.exp5438
[16:30:39 - main] [MspMote.java:235] [INFO] - Loading firmware from: /home/dr_hakan_aydin/6tisch/6tisch-ng-sra-v17/6tisch-ng-sra/examples/tsch/rpl-udp/border-router-client/border-router-client.exp5438
[16:30:39 - main] [MspMote.java:235] [INFO] - Loading firmware from: /home/dr_hakan_aydin/6tisch/6tisch-ng-sra-v17/6tisch-ng-sra/examples/tsch/rpl-udp/border-router-client/border-router-client.exp5438
[16:30:39 - main] [Cooja.java:1782] [INFO] - Visualized plugin was not started: class org.contikios.cooja.plugins.SimControl
[16:30:39 - main] [Cooja.java:1782] [INFO] - Visualized plugin was not started: class org.contikios.cooja.plugins.Visualizer
[16:30:39 - main] [Cooja.java:1782] [INFO] - Visualized plugin was not started: class org.contikios.cooja.plugins.LogListener
[16:30:39 - main] [Cooja.java:1782] [INFO] - Visualized plugin was not started: class org.contikios.cooja.plugins.TimeLine
[16:30:39 - main] [ScriptRunner.java:438] [INFO] - Test script deactivated
[16:30:40 - main] [LogScriptEngine.java:265] [INFO] - Script timeout in 3800000 ms
[16:30:40 - main] [ScriptRunner.java:395] [INFO] - Test script activated
[16:30:40 - Thread-3] [Simulation.java:253] [INFO] - Simulation main loop started, system time: 1780925440739
[16:30:40 - main] [Cooja.java:3672] [FATAL] - Could not load plugin class: Mobility
[16:34:20 - Thread-3] [LogScriptEngine.java:389] [INFO] - Test script at 5.00%, done in 4175.5 sec
[16:39:14 - Thread-3] [LogScriptEngine.java:389] [INFO] - Test script at 10.00%, done in 4621.7 sec
[16:45:49 - Thread-3] [LogScriptEngine.java:389] [INFO] - Test script at 15.00%, done in 5151.9 sec
[16:54:06 - Thread-3] [LogScriptEngine.java:389] [INFO] - Test script at 20.00%, done in 5622.2 sec
[17:02:19 - Thread-3] [LogScriptEngine.java:389] [INFO] - Test script at 25.00%, done in 5696.1 sec
[17:10:59 - Thread-3] [LogScriptEngine.java:389] [INFO] - Test script at 30.00%, done in 5642.9 sec
[17:19:08 - Thread-3] [LogScriptEngine.java:389] [INFO] - Test script at 35.00%, done in 5400.3 sec
[17:28:05 - Thread-3] [LogScriptEngine.java:389] [INFO] - Test script at 40.00%, done in 5167.1 sec
[17:35:59 - Thread-3] [LogScriptEngine.java:389] [INFO] - Test script at 45.00%, done in 4789.1 sec
[17:44:07 - Thread-3] [LogScriptEngine.java:389] [INFO] - Test script at 50.00%, done in 4406.4 sec
[17:52:20 - Thread-3] [LogScriptEngine.java:389] [INFO] - Test script at 55.00%, done in 4009.1 sec
[18:00:48 - Thread-3] [LogScriptEngine.java:389] [INFO] - Test script at 60.00%, done in 3604.9 sec
[18:08:37 - Thread-3] [LogScriptEngine.java:389] [INFO] - Test script at 65.00%, done in 3164.5 sec
[18:16:58 - Thread-3] [LogScriptEngine.java:389] [INFO] - Test script at 70.00%, done in 2733.5 sec
[18:25:28 - Thread-3] [LogScriptEngine.java:389] [INFO] - Test script at 75.00%, done in 2296.1 sec
[18:34:05 - Thread-3] [LogScriptEngine.java:389] [INFO] - Test script at 80.00%, done in 1851.3 sec
[18:41:54 - Thread-3] [LogScriptEngine.java:389] [INFO] - Test script at 85.00%, done in 1389.6 sec
[18:50:21 - Thread-3] [LogScriptEngine.java:389] [INFO] - Test script at 90.00%, done in 931.2 sec
[18:59:08 - Thread-3] [LogScriptEngine.java:389] [INFO] - Test script at 95.00%, done in 468.8 sec
[19:06:32 - Thread-3] [LogScriptEngine.java:375] [INFO] - Timeout event @ 3800000000
[19:06:32 - Thread-2] [LogScriptEngine.java:309] [INFO] - Test script finished
[19:06:32 - Thread-3] [Simulation.java:312] [INFO] - Simulation main loop stopped, system time: 1780934792819	Duration: 9352080 ms	Simulated time 3800000 ms	Ratio 0.4063267209005911
[19:06:33 - AWT-EventQueue-1] [ScriptRunner.java:438] [INFO] - Test script deactivated
