[16:24:21 - main] [Cooja.java:3173] [WARN] - JAVA_HOME environment variable not set, Cooja motes may not compile
[16:24:21 - main] [Cooja.java:1316] [INFO] - > Starting Cooja
[16:24:21 - main] [Cooja.java:2857] [INFO] - External tools default settings: /external_tools_linux_64.config
[16:24:21 - main] [Cooja.java:2887] [INFO] - External tools user settings: /home/dr_hakan_aydin/.cooja.user.properties
[16:24:21 - main] [Cooja.java:1941] [FATAL] - No plugin class: class org.contikios.cooja.plugins.CollectViewFull: org/jfree/data/xy/XYDataset
[16:24:21 - main] [Cooja.java:3626] [WARN] - Loaded simulation may depend on not found  extension: '/home/dr_hakan_aydin/6tisch/6tisch-ng-sra-v17/6tisch-ng-sra/tools/cooja/apps/mobility'
[16:24:21 - main] [Simulation.java:422] [INFO] - Simulation random seed: 982923
[16:24:21 - main] [CompileContiki.java:140] [INFO] - > make border-router-server.exp5438 TARGET=exp5438 
[16:24:22 - main] [CompileContiki.java:140] [INFO] - > make border-router-client.exp5438 TARGET=exp5438 
[16:24:22 - main] [MspMote.java:235] [INFO] - Loading firmware from: /home/dr_hakan_aydin/6tisch/6tisch-ng-sra-v17/6tisch-ng-sra/examples/tsch/rpl-udp/border-router-client/border-router-client.exp5438
[16:24:22 - main] [MspMote.java:235] [INFO] - Loading firmware from: /home/dr_hakan_aydin/6tisch/6tisch-ng-sra-v17/6tisch-ng-sra/examples/tsch/rpl-udp/border-router-client/border-router-client.exp5438
[16:24:23 - main] [MspMote.java:235] [INFO] - Loading firmware from: /home/dr_hakan_aydin/6tisch/6tisch-ng-sra-v17/6tisch-ng-sra/examples/tsch/rpl-udp/border-router-client/border-router-client.exp5438
[16:24:23 - main] [MspMote.java:235] [INFO] - Loading firmware from: /home/dr_hakan_aydin/6tisch/6tisch-ng-sra-v17/6tisch-ng-sra/examples/tsch/rpl-udp/border-router-client/border-router-client.exp5438
[16:24:23 - main] [MspMote.java:235] [INFO] - Loading firmware from: /home/dr_hakan_aydin/6tisch/6tisch-ng-sra-v17/6tisch-ng-sra/examples/tsch/rpl-udp/border-router-client/border-router-client.exp5438
[16:24:23 - main] [MspMote.java:235] [INFO] - Loading firmware from: /home/dr_hakan_aydin/6tisch/6tisch-ng-sra-v17/6tisch-ng-sra/examples/tsch/rpl-udp/border-router-server/border-router-server.exp5438
[16:24:23 - main] [MspMote.java:235] [INFO] - Loading firmware from: /home/dr_hakan_aydin/6tisch/6tisch-ng-sra-v17/6tisch-ng-sra/examples/tsch/rpl-udp/border-router-client/border-router-client.exp5438
[16:24:23 - main] [MspMote.java:235] [INFO] - Loading firmware from: /home/dr_hakan_aydin/6tisch/6tisch-ng-sra-v17/6tisch-ng-sra/examples/tsch/rpl-udp/border-router-client/border-router-client.exp5438
[16:24:23 - main] [MspMote.java:235] [INFO] - Loading firmware from: /home/dr_hakan_aydin/6tisch/6tisch-ng-sra-v17/6tisch-ng-sra/examples/tsch/rpl-udp/border-router-client/border-router-client.exp5438
[16:24:24 - main] [MspMote.java:235] [INFO] - Loading firmware from: /home/dr_hakan_aydin/6tisch/6tisch-ng-sra-v17/6tisch-ng-sra/examples/tsch/rpl-udp/border-router-client/border-router-client.exp5438
[16:24:24 - main] [MspMote.java:235] [INFO] - Loading firmware from: /home/dr_hakan_aydin/6tisch/6tisch-ng-sra-v17/6tisch-ng-sra/examples/tsch/rpl-udp/border-router-client/border-router-client.exp5438
[16:24:24 - main] [MspMote.java:235] [INFO] - Loading firmware from: /home/dr_hakan_aydin/6tisch/6tisch-ng-sra-v17/6tisch-ng-sra/examples/tsch/rpl-udp/border-router-client/border-router-client.exp5438
[16:24:24 - main] [MspMote.java:235] [INFO] - Loading firmware from: /home/dr_hakan_aydin/6tisch/6tisch-ng-sra-v17/6tisch-ng-sra/examples/tsch/rpl-udp/border-router-client/border-router-client.exp5438
[16:24:24 - main] [MspMote.java:235] [INFO] - Loading firmware from: /home/dr_hakan_aydin/6tisch/6tisch-ng-sra-v17/6tisch-ng-sra/examples/tsch/rpl-udp/border-router-client/border-router-client.exp5438
[16:24:24 - main] [MspMote.java:235] [INFO] - Loading firmware from: /home/dr_hakan_aydin/6tisch/6tisch-ng-sra-v17/6tisch-ng-sra/examples/tsch/rpl-udp/border-router-client/border-router-client.exp5438
[16:24:24 - main] [MspMote.java:235] [INFO] - Loading firmware from: /home/dr_hakan_aydin/6tisch/6tisch-ng-sra-v17/6tisch-ng-sra/examples/tsch/rpl-udp/border-router-client/border-router-client.exp5438
[16:24:24 - main] [MspMote.java:235] [INFO] - Loading firmware from: /home/dr_hakan_aydin/6tisch/6tisch-ng-sra-v17/6tisch-ng-sra/examples/tsch/rpl-udp/border-router-client/border-router-client.exp5438
[16:24:24 - main] [MspMote.java:235] [INFO] - Loading firmware from: /home/dr_hakan_aydin/6tisch/6tisch-ng-sra-v17/6tisch-ng-sra/examples/tsch/rpl-udp/border-router-client/border-router-client.exp5438
[16:24:24 - main] [MspMote.java:235] [INFO] - Loading firmware from: /home/dr_hakan_aydin/6tisch/6tisch-ng-sra-v17/6tisch-ng-sra/examples/tsch/rpl-udp/border-router-client/border-router-client.exp5438
[16:24:24 - main] [MspMote.java:235] [INFO] - Loading firmware from: /home/dr_hakan_aydin/6tisch/6tisch-ng-sra-v17/6tisch-ng-sra/examples/tsch/rpl-udp/border-router-client/border-router-client.exp5438
[16:24:24 - main] [MspMote.java:235] [INFO] - Loading firmware from: /home/dr_hakan_aydin/6tisch/6tisch-ng-sra-v17/6tisch-ng-sra/examples/tsch/rpl-udp/border-router-client/border-router-client.exp5438
[16:24:24 - main] [MspMote.java:235] [INFO] - Loading firmware from: /home/dr_hakan_aydin/6tisch/6tisch-ng-sra-v17/6tisch-ng-sra/examples/tsch/rpl-udp/border-router-client/border-router-client.exp5438
[16:24:24 - main] [MspMote.java:235] [INFO] - Loading firmware from: /home/dr_hakan_aydin/6tisch/6tisch-ng-sra-v17/6tisch-ng-sra/examples/tsch/rpl-udp/border-router-client/border-router-client.exp5438
[16:24:24 - main] [MspMote.java:235] [INFO] - Loading firmware from: /home/dr_hakan_aydin/6tisch/6tisch-ng-sra-v17/6tisch-ng-sra/examples/tsch/rpl-udp/border-router-client/border-router-client.exp5438
[16:24:24 - main] [MspMote.java:235] [INFO] - Loading firmware from: /home/dr_hakan_aydin/6tisch/6tisch-ng-sra-v17/6tisch-ng-sra/examples/tsch/rpl-udp/border-router-client/border-router-client.exp5438
[16:24:25 - main] [MspMote.java:235] [INFO] - Loading firmware from: /home/dr_hakan_aydin/6tisch/6tisch-ng-sra-v17/6tisch-ng-sra/examples/tsch/rpl-udp/border-router-client/border-router-client.exp5438
[16:24:25 - main] [MspMote.java:235] [INFO] - Loading firmware from: /home/dr_hakan_aydin/6tisch/6tisch-ng-sra-v17/6tisch-ng-sra/examples/tsch/rpl-udp/border-router-client/border-router-client.exp5438
[16:24:25 - main] [MspMote.java:235] [INFO] - Loading firmware from: /home/dr_hakan_aydin/6tisch/6tisch-ng-sra-v17/6tisch-ng-sra/examples/tsch/rpl-udp/border-router-client/border-router-client.exp5438
[16:24:25 - main] [MspMote.java:235] [INFO] - Loading firmware from: /home/dr_hakan_aydin/6tisch/6tisch-ng-sra-v17/6tisch-ng-sra/examples/tsch/rpl-udp/border-router-client/border-router-client.exp5438
[16:24:25 - main] [MspMote.java:235] [INFO] - Loading firmware from: /home/dr_hakan_aydin/6tisch/6tisch-ng-sra-v17/6tisch-ng-sra/examples/tsch/rpl-udp/border-router-client/border-router-client.exp5438
[16:24:25 - main] [MspMote.java:235] [INFO] - Loading firmware from: /home/dr_hakan_aydin/6tisch/6tisch-ng-sra-v17/6tisch-ng-sra/examples/tsch/rpl-udp/border-router-client/border-router-client.exp5438
[16:24:25 - main] [Cooja.java:1782] [INFO] - Visualized plugin was not started: class org.contikios.cooja.plugins.SimControl
[16:24:25 - main] [Cooja.java:1782] [INFO] - Visualized plugin was not started: class org.contikios.cooja.plugins.Visualizer
[16:24:25 - main] [Cooja.java:1782] [INFO] - Visualized plugin was not started: class org.contikios.cooja.plugins.LogListener
[16:24:25 - main] [Cooja.java:1782] [INFO] - Visualized plugin was not started: class org.contikios.cooja.plugins.TimeLine
[16:24:25 - main] [ScriptRunner.java:438] [INFO] - Test script deactivated
[16:24:26 - main] [LogScriptEngine.java:265] [INFO] - Script timeout in 3800000 ms
[16:24:26 - main] [ScriptRunner.java:395] [INFO] - Test script activated
[16:24:26 - Thread-2] [Simulation.java:253] [INFO] - Simulation main loop started, system time: 1780925066598
[16:24:26 - main] [Cooja.java:3672] [FATAL] - Could not load plugin class: Mobility
[16:27:37 - Thread-2] [LogScriptEngine.java:389] [INFO] - Test script at 5.00%, done in 3634.7 sec
[16:32:19 - Thread-2] [LogScriptEngine.java:389] [INFO] - Test script at 10.00%, done in 4252.3 sec
[16:32:35 - Thread-2] [MspMote.java:229] [WARN] - 23: # Watchdog[EXECUTION]: illegal write to WDTCTL (0) from $103ce - reset!!!!
[16:37:55 - Thread-2] [LogScriptEngine.java:389] [INFO] - Test script at 15.00%, done in 4584.9 sec
[16:46:39 - Thread-2] [LogScriptEngine.java:389] [INFO] - Test script at 20.00%, done in 5332.6 sec
[16:55:39 - Thread-2] [LogScriptEngine.java:389] [INFO] - Test script at 25.00%, done in 5619.1 sec
[17:04:04 - Thread-2] [LogScriptEngine.java:389] [INFO] - Test script at 30.00%, done in 5548.5 sec
[17:13:15 - Thread-2] [LogScriptEngine.java:389] [INFO] - Test script at 35.00%, done in 5439.9 sec
[17:21:29 - Thread-2] [LogScriptEngine.java:389] [INFO] - Test script at 40.00%, done in 5134.5 sec
[17:31:04 - Thread-2] [LogScriptEngine.java:389] [INFO] - Test script at 45.00%, done in 4886.7 sec
[17:39:26 - Thread-2] [LogScriptEngine.java:389] [INFO] - Test script at 50.00%, done in 4499.7 sec
[17:48:15 - Thread-2] [LogScriptEngine.java:389] [INFO] - Test script at 55.00%, done in 4114.9 sec
[17:56:53 - Thread-2] [LogScriptEngine.java:389] [INFO] - Test script at 60.00%, done in 3697.7 sec
[18:05:32 - Thread-2] [LogScriptEngine.java:389] [INFO] - Test script at 65.00%, done in 3266.5 sec
[18:14:17 - Thread-2] [LogScriptEngine.java:389] [INFO] - Test script at 70.00%, done in 2824.6 sec
[18:22:21 - Thread-2] [LogScriptEngine.java:389] [INFO] - Test script at 75.00%, done in 2358.3 sec
[18:30:34 - Thread-2] [LogScriptEngine.java:389] [INFO] - Test script at 80.00%, done in 1891.9 sec
[18:38:06 - Thread-2] [LogScriptEngine.java:389] [INFO] - Test script at 85.00%, done in 1415.3 sec
[18:46:11 - Thread-2] [LogScriptEngine.java:389] [INFO] - Test script at 90.00%, done in 945.0 sec
[18:54:27 - Thread-2] [LogScriptEngine.java:389] [INFO] - Test script at 95.00%, done in 473.7 sec
[19:02:52 - Thread-2] [LogScriptEngine.java:375] [INFO] - Timeout event @ 3800000000
[19:02:52 - Thread-1] [LogScriptEngine.java:309] [INFO] - Test script finished
[19:02:52 - Thread-2] [Simulation.java:312] [INFO] - Simulation main loop stopped, system time: 1780934572657	Duration: 9506059 ms	Simulated time 3800000 ms	Ratio 0.39974504681698275
[19:02:53 - AWT-EventQueue-1] [ScriptRunner.java:438] [INFO] - Test script deactivated
[19:02:53 - Thread-4] [AbstractRadioMedium.java:196] [FATAL] - Connection source turned off radio: org.contikios.cooja.mspmote.interfaces.Msp802154Radio@424e1977
