[21:42:53 - main] [Cooja.java:3173] [WARN] - JAVA_HOME environment variable not set, Cooja motes may not compile
[21:42:53 - main] [Cooja.java:1316] [INFO] - > Starting Cooja
[21:42:53 - main] [Cooja.java:2857] [INFO] - External tools default settings: /external_tools_linux_64.config
[21:42:53 - main] [Cooja.java:2887] [INFO] - External tools user settings: /home/dr_hakan_aydin/.cooja.user.properties
[21:42:53 - main] [Cooja.java:1941] [FATAL] - No plugin class: class org.contikios.cooja.plugins.CollectViewFull: org/jfree/data/time/RegularTimePeriod
[21:42:53 - main] [Cooja.java:3626] [WARN] - Loaded simulation may depend on not found  extension: '/home/dr_hakan_aydin/6tisch/6tisch-ng-sra-v17/6tisch-ng-sra/tools/cooja/apps/mobility'
[21:42:53 - main] [Simulation.java:422] [INFO] - Simulation random seed: 896779
[21:42:53 - main] [CompileContiki.java:140] [INFO] - > make border-router-server_rpl.exp5438 TARGET=exp5438 
[21:42:54 - main] [CompileContiki.java:140] [INFO] - > make border-router-client_rpl.exp5438 TARGET=exp5438 
[21:42:54 - main] [MspMote.java:235] [INFO] - Loading firmware from: /home/dr_hakan_aydin/6tisch/6tisch-ng-sra-v17/6tisch-ng-sra/examples/tsch/rpl-udp/border-router-client_rpl/border-router-client_rpl.exp5438
[21:42:55 - main] [MspMote.java:235] [INFO] - Loading firmware from: /home/dr_hakan_aydin/6tisch/6tisch-ng-sra-v17/6tisch-ng-sra/examples/tsch/rpl-udp/border-router-client_rpl/border-router-client_rpl.exp5438
[21:42:55 - main] [MspMote.java:235] [INFO] - Loading firmware from: /home/dr_hakan_aydin/6tisch/6tisch-ng-sra-v17/6tisch-ng-sra/examples/tsch/rpl-udp/border-router-client_rpl/border-router-client_rpl.exp5438
[21:42:55 - main] [MspMote.java:235] [INFO] - Loading firmware from: /home/dr_hakan_aydin/6tisch/6tisch-ng-sra-v17/6tisch-ng-sra/examples/tsch/rpl-udp/border-router-client_rpl/border-router-client_rpl.exp5438
[21:42:55 - main] [MspMote.java:235] [INFO] - Loading firmware from: /home/dr_hakan_aydin/6tisch/6tisch-ng-sra-v17/6tisch-ng-sra/examples/tsch/rpl-udp/border-router-server_rpl/border-router-server_rpl.exp5438
[21:42:55 - main] [MspMote.java:235] [INFO] - Loading firmware from: /home/dr_hakan_aydin/6tisch/6tisch-ng-sra-v17/6tisch-ng-sra/examples/tsch/rpl-udp/border-router-client_rpl/border-router-client_rpl.exp5438
[21:42:56 - main] [MspMote.java:235] [INFO] - Loading firmware from: /home/dr_hakan_aydin/6tisch/6tisch-ng-sra-v17/6tisch-ng-sra/examples/tsch/rpl-udp/border-router-client_rpl/border-router-client_rpl.exp5438
[21:42:56 - main] [MspMote.java:235] [INFO] - Loading firmware from: /home/dr_hakan_aydin/6tisch/6tisch-ng-sra-v17/6tisch-ng-sra/examples/tsch/rpl-udp/border-router-client_rpl/border-router-client_rpl.exp5438
[21:42:56 - main] [MspMote.java:235] [INFO] - Loading firmware from: /home/dr_hakan_aydin/6tisch/6tisch-ng-sra-v17/6tisch-ng-sra/examples/tsch/rpl-udp/border-router-client_rpl/border-router-client_rpl.exp5438
[21:42:56 - main] [MspMote.java:235] [INFO] - Loading firmware from: /home/dr_hakan_aydin/6tisch/6tisch-ng-sra-v17/6tisch-ng-sra/examples/tsch/rpl-udp/border-router-client_rpl/border-router-client_rpl.exp5438
[21:42:56 - main] [MspMote.java:235] [INFO] - Loading firmware from: /home/dr_hakan_aydin/6tisch/6tisch-ng-sra-v17/6tisch-ng-sra/examples/tsch/rpl-udp/border-router-client_rpl/border-router-client_rpl.exp5438
[21:42:56 - main] [MspMote.java:235] [INFO] - Loading firmware from: /home/dr_hakan_aydin/6tisch/6tisch-ng-sra-v17/6tisch-ng-sra/examples/tsch/rpl-udp/border-router-client_rpl/border-router-client_rpl.exp5438
[21:42:56 - main] [MspMote.java:235] [INFO] - Loading firmware from: /home/dr_hakan_aydin/6tisch/6tisch-ng-sra-v17/6tisch-ng-sra/examples/tsch/rpl-udp/border-router-client_rpl/border-router-client_rpl.exp5438
[21:42:56 - main] [MspMote.java:235] [INFO] - Loading firmware from: /home/dr_hakan_aydin/6tisch/6tisch-ng-sra-v17/6tisch-ng-sra/examples/tsch/rpl-udp/border-router-client_rpl/border-router-client_rpl.exp5438
[21:42:56 - main] [MspMote.java:235] [INFO] - Loading firmware from: /home/dr_hakan_aydin/6tisch/6tisch-ng-sra-v17/6tisch-ng-sra/examples/tsch/rpl-udp/border-router-client_rpl/border-router-client_rpl.exp5438
[21:42:56 - main] [MspMote.java:235] [INFO] - Loading firmware from: /home/dr_hakan_aydin/6tisch/6tisch-ng-sra-v17/6tisch-ng-sra/examples/tsch/rpl-udp/border-router-client_rpl/border-router-client_rpl.exp5438
[21:42:56 - main] [MspMote.java:235] [INFO] - Loading firmware from: /home/dr_hakan_aydin/6tisch/6tisch-ng-sra-v17/6tisch-ng-sra/examples/tsch/rpl-udp/border-router-client_rpl/border-router-client_rpl.exp5438
[21:42:56 - main] [MspMote.java:235] [INFO] - Loading firmware from: /home/dr_hakan_aydin/6tisch/6tisch-ng-sra-v17/6tisch-ng-sra/examples/tsch/rpl-udp/border-router-client_rpl/border-router-client_rpl.exp5438
[21:42:56 - main] [MspMote.java:235] [INFO] - Loading firmware from: /home/dr_hakan_aydin/6tisch/6tisch-ng-sra-v17/6tisch-ng-sra/examples/tsch/rpl-udp/border-router-client_rpl/border-router-client_rpl.exp5438
[21:42:57 - main] [MspMote.java:235] [INFO] - Loading firmware from: /home/dr_hakan_aydin/6tisch/6tisch-ng-sra-v17/6tisch-ng-sra/examples/tsch/rpl-udp/border-router-client_rpl/border-router-client_rpl.exp5438
[21:42:57 - main] [MspMote.java:235] [INFO] - Loading firmware from: /home/dr_hakan_aydin/6tisch/6tisch-ng-sra-v17/6tisch-ng-sra/examples/tsch/rpl-udp/border-router-client_rpl/border-router-client_rpl.exp5438
[21:42:57 - main] [MspMote.java:235] [INFO] - Loading firmware from: /home/dr_hakan_aydin/6tisch/6tisch-ng-sra-v17/6tisch-ng-sra/examples/tsch/rpl-udp/border-router-client_rpl/border-router-client_rpl.exp5438
[21:42:57 - main] [MspMote.java:235] [INFO] - Loading firmware from: /home/dr_hakan_aydin/6tisch/6tisch-ng-sra-v17/6tisch-ng-sra/examples/tsch/rpl-udp/border-router-client_rpl/border-router-client_rpl.exp5438
[21:42:57 - main] [MspMote.java:235] [INFO] - Loading firmware from: /home/dr_hakan_aydin/6tisch/6tisch-ng-sra-v17/6tisch-ng-sra/examples/tsch/rpl-udp/border-router-client_rpl/border-router-client_rpl.exp5438
[21:42:57 - main] [MspMote.java:235] [INFO] - Loading firmware from: /home/dr_hakan_aydin/6tisch/6tisch-ng-sra-v17/6tisch-ng-sra/examples/tsch/rpl-udp/border-router-client_rpl/border-router-client_rpl.exp5438
[21:42:57 - main] [MspMote.java:235] [INFO] - Loading firmware from: /home/dr_hakan_aydin/6tisch/6tisch-ng-sra-v17/6tisch-ng-sra/examples/tsch/rpl-udp/border-router-client_rpl/border-router-client_rpl.exp5438
[21:42:57 - main] [MspMote.java:235] [INFO] - Loading firmware from: /home/dr_hakan_aydin/6tisch/6tisch-ng-sra-v17/6tisch-ng-sra/examples/tsch/rpl-udp/border-router-client_rpl/border-router-client_rpl.exp5438
[21:42:57 - main] [MspMote.java:235] [INFO] - Loading firmware from: /home/dr_hakan_aydin/6tisch/6tisch-ng-sra-v17/6tisch-ng-sra/examples/tsch/rpl-udp/border-router-client_rpl/border-router-client_rpl.exp5438
[21:42:57 - main] [MspMote.java:235] [INFO] - Loading firmware from: /home/dr_hakan_aydin/6tisch/6tisch-ng-sra-v17/6tisch-ng-sra/examples/tsch/rpl-udp/border-router-client_rpl/border-router-client_rpl.exp5438
[21:42:57 - main] [MspMote.java:235] [INFO] - Loading firmware from: /home/dr_hakan_aydin/6tisch/6tisch-ng-sra-v17/6tisch-ng-sra/examples/tsch/rpl-udp/border-router-client_rpl/border-router-client_rpl.exp5438
[21:42:57 - main] [MspMote.java:235] [INFO] - Loading firmware from: /home/dr_hakan_aydin/6tisch/6tisch-ng-sra-v17/6tisch-ng-sra/examples/tsch/rpl-udp/border-router-client_rpl/border-router-client_rpl.exp5438
[21:42:57 - main] [MspMote.java:235] [INFO] - Loading firmware from: /home/dr_hakan_aydin/6tisch/6tisch-ng-sra-v17/6tisch-ng-sra/examples/tsch/rpl-udp/border-router-client_rpl/border-router-client_rpl.exp5438
[21:42:57 - main] [MspMote.java:235] [INFO] - Loading firmware from: /home/dr_hakan_aydin/6tisch/6tisch-ng-sra-v17/6tisch-ng-sra/examples/tsch/rpl-udp/border-router-client_rpl/border-router-client_rpl.exp5438
[21:42:58 - main] [MspMote.java:235] [INFO] - Loading firmware from: /home/dr_hakan_aydin/6tisch/6tisch-ng-sra-v17/6tisch-ng-sra/examples/tsch/rpl-udp/border-router-client_rpl/border-router-client_rpl.exp5438
[21:42:58 - main] [MspMote.java:235] [INFO] - Loading firmware from: /home/dr_hakan_aydin/6tisch/6tisch-ng-sra-v17/6tisch-ng-sra/examples/tsch/rpl-udp/border-router-client_rpl/border-router-client_rpl.exp5438
[21:42:58 - main] [MspMote.java:235] [INFO] - Loading firmware from: /home/dr_hakan_aydin/6tisch/6tisch-ng-sra-v17/6tisch-ng-sra/examples/tsch/rpl-udp/border-router-client_rpl/border-router-client_rpl.exp5438
[21:42:58 - main] [MspMote.java:235] [INFO] - Loading firmware from: /home/dr_hakan_aydin/6tisch/6tisch-ng-sra-v17/6tisch-ng-sra/examples/tsch/rpl-udp/border-router-client_rpl/border-router-client_rpl.exp5438
[21:42:58 - main] [MspMote.java:235] [INFO] - Loading firmware from: /home/dr_hakan_aydin/6tisch/6tisch-ng-sra-v17/6tisch-ng-sra/examples/tsch/rpl-udp/border-router-client_rpl/border-router-client_rpl.exp5438
[21:42:58 - main] [MspMote.java:235] [INFO] - Loading firmware from: /home/dr_hakan_aydin/6tisch/6tisch-ng-sra-v17/6tisch-ng-sra/examples/tsch/rpl-udp/border-router-client_rpl/border-router-client_rpl.exp5438
[21:42:58 - main] [MspMote.java:235] [INFO] - Loading firmware from: /home/dr_hakan_aydin/6tisch/6tisch-ng-sra-v17/6tisch-ng-sra/examples/tsch/rpl-udp/border-router-client_rpl/border-router-client_rpl.exp5438
[21:42:58 - main] [MspMote.java:235] [INFO] - Loading firmware from: /home/dr_hakan_aydin/6tisch/6tisch-ng-sra-v17/6tisch-ng-sra/examples/tsch/rpl-udp/border-router-client_rpl/border-router-client_rpl.exp5438
[21:42:58 - main] [Cooja.java:1782] [INFO] - Visualized plugin was not started: class org.contikios.cooja.plugins.SimControl
[21:42:58 - main] [Cooja.java:1782] [INFO] - Visualized plugin was not started: class org.contikios.cooja.plugins.Visualizer
[21:42:58 - main] [Cooja.java:1782] [INFO] - Visualized plugin was not started: class org.contikios.cooja.plugins.LogListener
[21:42:58 - main] [Cooja.java:1782] [INFO] - Visualized plugin was not started: class org.contikios.cooja.plugins.TimeLine
[21:42:58 - main] [ScriptRunner.java:438] [INFO] - Test script deactivated
[21:42:59 - main] [LogScriptEngine.java:265] [INFO] - Script timeout in 3800000 ms
[21:42:59 - main] [ScriptRunner.java:395] [INFO] - Test script activated
[21:42:59 - Thread-3] [Simulation.java:253] [INFO] - Simulation main loop started, system time: 1780944179785
[21:42:59 - main] [Cooja.java:3672] [FATAL] - Could not load plugin class: Mobility
[21:47:15 - Thread-3] [LogScriptEngine.java:389] [INFO] - Test script at 5.00%, done in 4854.7 sec
[21:49:54 - Thread-3] [MspMote.java:229] [WARN] - 27: # Watchdog[EXECUTION]: illegal write to WDTCTL (0) from $103ca - reset!!!!
[21:53:40 - Thread-3] [LogScriptEngine.java:389] [INFO] - Test script at 10.00%, done in 5770.5 sec
[22:01:30 - Thread-3] [MspMote.java:229] [WARN] - 41: # Watchdog[EXECUTION]: illegal write to WDTCTL (0) from $103ca - reset!!!!
[22:01:38 - Thread-3] [LogScriptEngine.java:389] [INFO] - Test script at 15.00%, done in 6338.2 sec
[22:13:56 - Thread-3] [LogScriptEngine.java:389] [INFO] - Test script at 20.00%, done in 7428.4 sec
[22:25:43 - Thread-3] [LogScriptEngine.java:389] [INFO] - Test script at 25.00%, done in 7690.5 sec
[22:37:43 - Thread-3] [LogScriptEngine.java:389] [INFO] - Test script at 30.00%, done in 7661.2 sec
[22:49:15 - Thread-3] [LogScriptEngine.java:389] [INFO] - Test script at 35.00%, done in 7383.6 sec
[22:57:49 - Thread-3] [LogScriptEngine.java:389] [INFO] - Test script at 40.00%, done in 6734.7 sec
[23:07:43 - Thread-3] [LogScriptEngine.java:389] [INFO] - Test script at 45.00%, done in 6213.2 sec
[23:19:41 - Thread-3] [LogScriptEngine.java:389] [INFO] - Test script at 50.00%, done in 5801.4 sec
[23:32:03 - Thread-3] [LogScriptEngine.java:389] [INFO] - Test script at 55.00%, done in 5354.1 sec
[23:43:03 - Thread-3] [LogScriptEngine.java:389] [INFO] - Test script at 60.00%, done in 4802.3 sec
[23:53:30 - Thread-3] [LogScriptEngine.java:389] [INFO] - Test script at 65.00%, done in 4216.6 sec
[00:05:35 - Thread-3] [LogScriptEngine.java:389] [INFO] - Test script at 70.00%, done in 3666.6 sec
[00:14:49 - Thread-3] [LogScriptEngine.java:389] [INFO] - Test script at 75.00%, done in 3036.6 sec
[00:26:08 - Thread-3] [LogScriptEngine.java:389] [INFO] - Test script at 80.00%, done in 2447.1 sec
[00:33:46 - Thread-3] [LogScriptEngine.java:389] [INFO] - Test script at 85.00%, done in 1808.2 sec
[00:43:55 - Thread-3] [LogScriptEngine.java:389] [INFO] - Test script at 90.00%, done in 1206.2 sec
[00:56:28 - Thread-3] [LogScriptEngine.java:389] [INFO] - Test script at 95.00%, done in 611.0 sec
[01:09:18 - Thread-3] [LogScriptEngine.java:375] [INFO] - Timeout event @ 3800000000
[01:09:18 - Thread-2] [LogScriptEngine.java:309] [INFO] - Test script finished
[01:09:18 - Thread-3] [Simulation.java:312] [INFO] - Simulation main loop stopped, system time: 1780956558535	Duration: 12378750 ms	Simulated time 3800000 ms	Ratio 0.30697768353024335
[01:09:19 - AWT-EventQueue-1] [ScriptRunner.java:438] [INFO] - Test script deactivated
