[20:05:57 - main] [Cooja.java:1316] [INFO] - > Starting Cooja
[20:05:58 - main] [Cooja.java:2857] [INFO] - External tools default settings: /external_tools_linux_64.config
[20:05:58 - main] [Cooja.java:2887] [INFO] - External tools user settings: /home/drhakanaydin/.cooja.user.properties
[20:05:58 - main] [Cooja.java:1941] [FATAL] - No plugin class: class org.contikios.cooja.plugins.CollectViewFull: org/jfree/data/time/RegularTimePeriod
[20:05:58 - main] [Cooja.java:3626] [WARN] - Loaded simulation may depend on not found  extension: '/home/drhakanaydin/6tisch-ng-sra-v17/6tisch-ng-sra/tools/cooja/apps/mobility'
[20:05:59 - main] [Simulation.java:422] [INFO] - Simulation random seed: 528474
[20:05:59 - main] [CompileContiki.java:140] [INFO] - > make border-router-server.exp5438 TARGET=exp5438 
[20:06:00 - main] [CompileContiki.java:140] [INFO] - > make border-router-client.exp5438 TARGET=exp5438 
[20:06:01 - main] [MspMote.java:235] [INFO] - Loading firmware from: /home/drhakanaydin/6tisch-ng-sra-v17/6tisch-ng-sra/examples/tsch/rpl-udp/border-router-client/border-router-client.exp5438
[20:06:02 - main] [MspMote.java:235] [INFO] - Loading firmware from: /home/drhakanaydin/6tisch-ng-sra-v17/6tisch-ng-sra/examples/tsch/rpl-udp/border-router-client/border-router-client.exp5438
[20:06:02 - main] [MspMote.java:235] [INFO] - Loading firmware from: /home/drhakanaydin/6tisch-ng-sra-v17/6tisch-ng-sra/examples/tsch/rpl-udp/border-router-client/border-router-client.exp5438
[20:06:02 - main] [MspMote.java:235] [INFO] - Loading firmware from: /home/drhakanaydin/6tisch-ng-sra-v17/6tisch-ng-sra/examples/tsch/rpl-udp/border-router-client/border-router-client.exp5438
[20:06:03 - main] [MspMote.java:235] [INFO] - Loading firmware from: /home/drhakanaydin/6tisch-ng-sra-v17/6tisch-ng-sra/examples/tsch/rpl-udp/border-router-client/border-router-client.exp5438
[20:06:03 - main] [MspMote.java:235] [INFO] - Loading firmware from: /home/drhakanaydin/6tisch-ng-sra-v17/6tisch-ng-sra/examples/tsch/rpl-udp/border-router-client/border-router-client.exp5438
[20:06:03 - main] [MspMote.java:235] [INFO] - Loading firmware from: /home/drhakanaydin/6tisch-ng-sra-v17/6tisch-ng-sra/examples/tsch/rpl-udp/border-router-client/border-router-client.exp5438
[20:06:03 - main] [MspMote.java:235] [INFO] - Loading firmware from: /home/drhakanaydin/6tisch-ng-sra-v17/6tisch-ng-sra/examples/tsch/rpl-udp/border-router-client/border-router-client.exp5438
[20:06:03 - main] [MspMote.java:235] [INFO] - Loading firmware from: /home/drhakanaydin/6tisch-ng-sra-v17/6tisch-ng-sra/examples/tsch/rpl-udp/border-router-client/border-router-client.exp5438
[20:06:03 - main] [MspMote.java:235] [INFO] - Loading firmware from: /home/drhakanaydin/6tisch-ng-sra-v17/6tisch-ng-sra/examples/tsch/rpl-udp/border-router-client/border-router-client.exp5438
[20:06:03 - main] [MspMote.java:235] [INFO] - Loading firmware from: /home/drhakanaydin/6tisch-ng-sra-v17/6tisch-ng-sra/examples/tsch/rpl-udp/border-router-client/border-router-client.exp5438
[20:06:04 - main] [MspMote.java:235] [INFO] - Loading firmware from: /home/drhakanaydin/6tisch-ng-sra-v17/6tisch-ng-sra/examples/tsch/rpl-udp/border-router-client/border-router-client.exp5438
[20:06:04 - main] [MspMote.java:235] [INFO] - Loading firmware from: /home/drhakanaydin/6tisch-ng-sra-v17/6tisch-ng-sra/examples/tsch/rpl-udp/border-router-client/border-router-client.exp5438
[20:06:04 - main] [MspMote.java:235] [INFO] - Loading firmware from: /home/drhakanaydin/6tisch-ng-sra-v17/6tisch-ng-sra/examples/tsch/rpl-udp/border-router-client/border-router-client.exp5438
[20:06:04 - main] [MspMote.java:235] [INFO] - Loading firmware from: /home/drhakanaydin/6tisch-ng-sra-v17/6tisch-ng-sra/examples/tsch/rpl-udp/border-router-client/border-router-client.exp5438
[20:06:04 - main] [MspMote.java:235] [INFO] - Loading firmware from: /home/drhakanaydin/6tisch-ng-sra-v17/6tisch-ng-sra/examples/tsch/rpl-udp/border-router-client/border-router-client.exp5438
[20:06:04 - main] [MspMote.java:235] [INFO] - Loading firmware from: /home/drhakanaydin/6tisch-ng-sra-v17/6tisch-ng-sra/examples/tsch/rpl-udp/border-router-client/border-router-client.exp5438
[20:06:05 - main] [MspMote.java:235] [INFO] - Loading firmware from: /home/drhakanaydin/6tisch-ng-sra-v17/6tisch-ng-sra/examples/tsch/rpl-udp/border-router-client/border-router-client.exp5438
[20:06:05 - main] [MspMote.java:235] [INFO] - Loading firmware from: /home/drhakanaydin/6tisch-ng-sra-v17/6tisch-ng-sra/examples/tsch/rpl-udp/border-router-client/border-router-client.exp5438
[20:06:05 - main] [MspMote.java:235] [INFO] - Loading firmware from: /home/drhakanaydin/6tisch-ng-sra-v17/6tisch-ng-sra/examples/tsch/rpl-udp/border-router-client/border-router-client.exp5438
[20:06:05 - main] [MspMote.java:235] [INFO] - Loading firmware from: /home/drhakanaydin/6tisch-ng-sra-v17/6tisch-ng-sra/examples/tsch/rpl-udp/border-router-client/border-router-client.exp5438
[20:06:05 - main] [MspMote.java:235] [INFO] - Loading firmware from: /home/drhakanaydin/6tisch-ng-sra-v17/6tisch-ng-sra/examples/tsch/rpl-udp/border-router-client/border-router-client.exp5438
[20:06:05 - main] [MspMote.java:235] [INFO] - Loading firmware from: /home/drhakanaydin/6tisch-ng-sra-v17/6tisch-ng-sra/examples/tsch/rpl-udp/border-router-client/border-router-client.exp5438
[20:06:06 - main] [MspMote.java:235] [INFO] - Loading firmware from: /home/drhakanaydin/6tisch-ng-sra-v17/6tisch-ng-sra/examples/tsch/rpl-udp/border-router-client/border-router-client.exp5438
[20:06:06 - main] [MspMote.java:235] [INFO] - Loading firmware from: /home/drhakanaydin/6tisch-ng-sra-v17/6tisch-ng-sra/examples/tsch/rpl-udp/border-router-client/border-router-client.exp5438
[20:06:06 - main] [MspMote.java:235] [INFO] - Loading firmware from: /home/drhakanaydin/6tisch-ng-sra-v17/6tisch-ng-sra/examples/tsch/rpl-udp/border-router-client/border-router-client.exp5438
[20:06:06 - main] [MspMote.java:235] [INFO] - Loading firmware from: /home/drhakanaydin/6tisch-ng-sra-v17/6tisch-ng-sra/examples/tsch/rpl-udp/border-router-client/border-router-client.exp5438
[20:06:06 - main] [MspMote.java:235] [INFO] - Loading firmware from: /home/drhakanaydin/6tisch-ng-sra-v17/6tisch-ng-sra/examples/tsch/rpl-udp/border-router-client/border-router-client.exp5438
[20:06:06 - main] [MspMote.java:235] [INFO] - Loading firmware from: /home/drhakanaydin/6tisch-ng-sra-v17/6tisch-ng-sra/examples/tsch/rpl-udp/border-router-client/border-router-client.exp5438
[20:06:06 - main] [MspMote.java:235] [INFO] - Loading firmware from: /home/drhakanaydin/6tisch-ng-sra-v17/6tisch-ng-sra/examples/tsch/rpl-udp/border-router-client/border-router-client.exp5438
[20:06:07 - main] [MspMote.java:235] [INFO] - Loading firmware from: /home/drhakanaydin/6tisch-ng-sra-v17/6tisch-ng-sra/examples/tsch/rpl-udp/border-router-client/border-router-client.exp5438
[20:06:07 - main] [MspMote.java:235] [INFO] - Loading firmware from: /home/drhakanaydin/6tisch-ng-sra-v17/6tisch-ng-sra/examples/tsch/rpl-udp/border-router-server/border-router-server.exp5438
[20:06:08 - main] [MspMote.java:235] [INFO] - Loading firmware from: /home/drhakanaydin/6tisch-ng-sra-v17/6tisch-ng-sra/examples/tsch/rpl-udp/border-router-client/border-router-client.exp5438
[20:06:08 - main] [MspMote.java:235] [INFO] - Loading firmware from: /home/drhakanaydin/6tisch-ng-sra-v17/6tisch-ng-sra/examples/tsch/rpl-udp/border-router-client/border-router-client.exp5438
[20:06:09 - main] [MspMote.java:235] [INFO] - Loading firmware from: /home/drhakanaydin/6tisch-ng-sra-v17/6tisch-ng-sra/examples/tsch/rpl-udp/border-router-client/border-router-client.exp5438
[20:06:09 - main] [MspMote.java:235] [INFO] - Loading firmware from: /home/drhakanaydin/6tisch-ng-sra-v17/6tisch-ng-sra/examples/tsch/rpl-udp/border-router-client/border-router-client.exp5438
[20:06:09 - main] [MspMote.java:235] [INFO] - Loading firmware from: /home/drhakanaydin/6tisch-ng-sra-v17/6tisch-ng-sra/examples/tsch/rpl-udp/border-router-client/border-router-client.exp5438
[20:06:09 - main] [MspMote.java:235] [INFO] - Loading firmware from: /home/drhakanaydin/6tisch-ng-sra-v17/6tisch-ng-sra/examples/tsch/rpl-udp/border-router-client/border-router-client.exp5438
[20:06:09 - main] [MspMote.java:235] [INFO] - Loading firmware from: /home/drhakanaydin/6tisch-ng-sra-v17/6tisch-ng-sra/examples/tsch/rpl-udp/border-router-client/border-router-client.exp5438
[20:06:09 - main] [MspMote.java:235] [INFO] - Loading firmware from: /home/drhakanaydin/6tisch-ng-sra-v17/6tisch-ng-sra/examples/tsch/rpl-udp/border-router-client/border-router-client.exp5438
[20:06:09 - main] [MspMote.java:235] [INFO] - Loading firmware from: /home/drhakanaydin/6tisch-ng-sra-v17/6tisch-ng-sra/examples/tsch/rpl-udp/border-router-client/border-router-client.exp5438
[20:06:09 - main] [MspMote.java:235] [INFO] - Loading firmware from: /home/drhakanaydin/6tisch-ng-sra-v17/6tisch-ng-sra/examples/tsch/rpl-udp/border-router-client/border-router-client.exp5438
[20:06:10 - main] [MspMote.java:235] [INFO] - Loading firmware from: /home/drhakanaydin/6tisch-ng-sra-v17/6tisch-ng-sra/examples/tsch/rpl-udp/border-router-client/border-router-client.exp5438
[20:06:10 - main] [MspMote.java:235] [INFO] - Loading firmware from: /home/drhakanaydin/6tisch-ng-sra-v17/6tisch-ng-sra/examples/tsch/rpl-udp/border-router-client/border-router-client.exp5438
[20:06:10 - main] [MspMote.java:235] [INFO] - Loading firmware from: /home/drhakanaydin/6tisch-ng-sra-v17/6tisch-ng-sra/examples/tsch/rpl-udp/border-router-client/border-router-client.exp5438
[20:06:10 - main] [MspMote.java:235] [INFO] - Loading firmware from: /home/drhakanaydin/6tisch-ng-sra-v17/6tisch-ng-sra/examples/tsch/rpl-udp/border-router-client/border-router-client.exp5438
[20:06:10 - main] [MspMote.java:235] [INFO] - Loading firmware from: /home/drhakanaydin/6tisch-ng-sra-v17/6tisch-ng-sra/examples/tsch/rpl-udp/border-router-client/border-router-client.exp5438
[20:06:10 - main] [MspMote.java:235] [INFO] - Loading firmware from: /home/drhakanaydin/6tisch-ng-sra-v17/6tisch-ng-sra/examples/tsch/rpl-udp/border-router-client/border-router-client.exp5438
[20:06:10 - main] [MspMote.java:235] [INFO] - Loading firmware from: /home/drhakanaydin/6tisch-ng-sra-v17/6tisch-ng-sra/examples/tsch/rpl-udp/border-router-client/border-router-client.exp5438
[20:06:10 - main] [MspMote.java:235] [INFO] - Loading firmware from: /home/drhakanaydin/6tisch-ng-sra-v17/6tisch-ng-sra/examples/tsch/rpl-udp/border-router-client/border-router-client.exp5438
[20:06:11 - main] [MspMote.java:235] [INFO] - Loading firmware from: /home/drhakanaydin/6tisch-ng-sra-v17/6tisch-ng-sra/examples/tsch/rpl-udp/border-router-client/border-router-client.exp5438
[20:06:11 - main] [MspMote.java:235] [INFO] - Loading firmware from: /home/drhakanaydin/6tisch-ng-sra-v17/6tisch-ng-sra/examples/tsch/rpl-udp/border-router-client/border-router-client.exp5438
[20:06:11 - main] [MspMote.java:235] [INFO] - Loading firmware from: /home/drhakanaydin/6tisch-ng-sra-v17/6tisch-ng-sra/examples/tsch/rpl-udp/border-router-client/border-router-client.exp5438
[20:06:11 - main] [MspMote.java:235] [INFO] - Loading firmware from: /home/drhakanaydin/6tisch-ng-sra-v17/6tisch-ng-sra/examples/tsch/rpl-udp/border-router-client/border-router-client.exp5438
[20:06:11 - main] [MspMote.java:235] [INFO] - Loading firmware from: /home/drhakanaydin/6tisch-ng-sra-v17/6tisch-ng-sra/examples/tsch/rpl-udp/border-router-client/border-router-client.exp5438
[20:06:11 - main] [MspMote.java:235] [INFO] - Loading firmware from: /home/drhakanaydin/6tisch-ng-sra-v17/6tisch-ng-sra/examples/tsch/rpl-udp/border-router-client/border-router-client.exp5438
[20:06:11 - main] [MspMote.java:235] [INFO] - Loading firmware from: /home/drhakanaydin/6tisch-ng-sra-v17/6tisch-ng-sra/examples/tsch/rpl-udp/border-router-client/border-router-client.exp5438
[20:06:11 - main] [MspMote.java:235] [INFO] - Loading firmware from: /home/drhakanaydin/6tisch-ng-sra-v17/6tisch-ng-sra/examples/tsch/rpl-udp/border-router-client/border-router-client.exp5438
[20:06:11 - main] [MspMote.java:235] [INFO] - Loading firmware from: /home/drhakanaydin/6tisch-ng-sra-v17/6tisch-ng-sra/examples/tsch/rpl-udp/border-router-client/border-router-client.exp5438
[20:06:11 - main] [MspMote.java:235] [INFO] - Loading firmware from: /home/drhakanaydin/6tisch-ng-sra-v17/6tisch-ng-sra/examples/tsch/rpl-udp/border-router-client/border-router-client.exp5438
[20:06:12 - main] [MspMote.java:235] [INFO] - Loading firmware from: /home/drhakanaydin/6tisch-ng-sra-v17/6tisch-ng-sra/examples/tsch/rpl-udp/border-router-client/border-router-client.exp5438
[20:06:12 - main] [Cooja.java:1782] [INFO] - Visualized plugin was not started: class org.contikios.cooja.plugins.SimControl
[20:06:12 - main] [Cooja.java:1782] [INFO] - Visualized plugin was not started: class org.contikios.cooja.plugins.Visualizer
[20:06:12 - main] [Cooja.java:1782] [INFO] - Visualized plugin was not started: class org.contikios.cooja.plugins.LogListener
[20:06:12 - main] [Cooja.java:1782] [INFO] - Visualized plugin was not started: class org.contikios.cooja.plugins.TimeLine
[20:06:13 - main] [ScriptRunner.java:438] [INFO] - Test script deactivated
[20:06:13 - main] [LogScriptEngine.java:265] [INFO] - Script timeout in 3800000 ms
[20:06:14 - main] [ScriptRunner.java:395] [INFO] - Test script activated
[20:06:14 - Thread-2] [Simulation.java:253] [INFO] - Simulation main loop started, system time: 1790355974928
[20:06:15 - main] [Cooja.java:3672] [FATAL] - Could not load plugin class: Mobility
[20:09:20 - Thread-2] [MspMote.java:229] [WARN] - 7: # Watchdog[EXECUTION]: illegal write to WDTCTL (0) from $103ce - reset!!!!
[20:11:40 - Thread-2] [MspMote.java:229] [WARN] - 53: # Watchdog[EXECUTION]: illegal write to WDTCTL (0) from $103ce - reset!!!!
[20:11:52 - Thread-2] [MspMote.java:229] [WARN] - 36: # Watchdog[EXECUTION]: illegal write to WDTCTL (0) from $103ce - reset!!!!
[20:11:52 - Thread-2] [MspMote.java:229] [WARN] - 55: # Watchdog[EXECUTION]: illegal write to WDTCTL (0) from $103ce - reset!!!!
[20:11:54 - Thread-2] [MspMote.java:229] [WARN] - 57: # Watchdog[EXECUTION]: illegal write to WDTCTL (0) from $103ce - reset!!!!
[20:11:55 - Thread-2] [MspMote.java:229] [WARN] - 1: # Watchdog[EXECUTION]: illegal write to WDTCTL (0) from $103ce - reset!!!!
[20:12:45 - Thread-2] [LogScriptEngine.java:389] [INFO] - Test script at 5.00%, done in 7428.4 sec
[20:16:39 - Thread-2] [MspMote.java:229] [WARN] - 11: # Watchdog[EXECUTION]: illegal write to WDTCTL (0) from $103ce - reset!!!!
[20:16:45 - Thread-2] [MspMote.java:229] [WARN] - 3: # Watchdog[EXECUTION]: illegal write to WDTCTL (0) from $103ce - reset!!!!
[20:16:45 - Thread-2] [MspMote.java:229] [WARN] - 59: # Watchdog[EXECUTION]: illegal write to WDTCTL (0) from $103ce - reset!!!!
[20:16:47 - Thread-2] [MspMote.java:229] [WARN] - 46: # Watchdog[EXECUTION]: illegal write to WDTCTL (0) from $103ce - reset!!!!
[20:16:47 - Thread-2] [MspMote.java:229] [WARN] - 51: # Watchdog[EXECUTION]: illegal write to WDTCTL (0) from $103ce - reset!!!!
[20:18:41 - Thread-2] [MspMote.java:229] [WARN] - 24: # Watchdog[EXECUTION]: illegal write to WDTCTL (0) from $103ce - reset!!!!
[20:18:45 - Thread-2] [MspMote.java:229] [WARN] - 28: # Watchdog[EXECUTION]: illegal write to WDTCTL (0) from $103ce - reset!!!!
[20:19:09 - Thread-2] [MspMote.java:229] [WARN] - 36: # Watchdog[EXECUTION]: illegal write to WDTCTL (0) from $103ce - reset!!!!
[20:19:09 - Thread-2] [MspMote.java:229] [WARN] - 34: # Watchdog[EXECUTION]: illegal write to WDTCTL (0) from $103ce - reset!!!!
[20:20:43 - Thread-2] [LogScriptEngine.java:389] [INFO] - Test script at 10.00%, done in 7818.4 sec
[20:20:43 - Thread-2] [MspMote.java:229] [WARN] - 58: # Watchdog[EXECUTION]: illegal write to WDTCTL (0) from $103ce - reset!!!!
[20:21:00 - Thread-2] [MspMote.java:229] [WARN] - 55: # Watchdog[EXECUTION]: illegal write to WDTCTL (0) from $103ce - reset!!!!
[20:21:02 - Thread-2] [MspMote.java:229] [WARN] - 53: # Watchdog[EXECUTION]: illegal write to WDTCTL (0) from $103ce - reset!!!!
[20:21:07 - Thread-2] [MspMote.java:229] [WARN] - 37: # Watchdog[EXECUTION]: illegal write to WDTCTL (0) from $103ce - reset!!!!
[20:21:09 - Thread-2] [MspMote.java:229] [WARN] - 57: # Watchdog[EXECUTION]: illegal write to WDTCTL (0) from $103ce - reset!!!!
[20:21:23 - Thread-2] [MspMote.java:229] [WARN] - 20: # Watchdog[EXECUTION]: illegal write to WDTCTL (0) from $103ce - reset!!!!
[20:21:40 - Thread-2] [MspMote.java:229] [WARN] - 39: # Watchdog[EXECUTION]: illegal write to WDTCTL (0) from $103ce - reset!!!!
[20:22:07 - Thread-2] [MspMote.java:229] [WARN] - 47: # Watchdog[EXECUTION]: illegal write to WDTCTL (0) from $103ce - reset!!!!
[20:23:13 - Thread-2] [MspMote.java:229] [WARN] - 11: # Watchdog[EXECUTION]: illegal write to WDTCTL (0) from $103ce - reset!!!!
[20:23:54 - Thread-2] [MspMote.java:229] [WARN] - 59: # Watchdog[EXECUTION]: illegal write to WDTCTL (0) from $103ce - reset!!!!
[20:23:55 - Thread-2] [MspMote.java:229] [WARN] - 10: # Watchdog[EXECUTION]: illegal write to WDTCTL (0) from $103ce - reset!!!!
[20:23:57 - Thread-2] [MspMote.java:229] [WARN] - 30: # Watchdog[EXECUTION]: illegal write to WDTCTL (0) from $103ce - reset!!!!
[20:24:02 - Thread-2] [MspMote.java:229] [WARN] - 52: # Watchdog[EXECUTION]: illegal write to WDTCTL (0) from $103ce - reset!!!!
[20:25:25 - Thread-2] [MspMote.java:229] [WARN] - 5: # Watchdog[EXECUTION]: illegal write to WDTCTL (0) from $103ce - reset!!!!
[20:25:38 - Thread-2] [MspMote.java:229] [WARN] - 51: # Watchdog[EXECUTION]: illegal write to WDTCTL (0) from $103ce - reset!!!!
[20:25:48 - Thread-2] [MspMote.java:229] [WARN] - 41: # Watchdog[EXECUTION]: illegal write to WDTCTL (0) from $103ce - reset!!!!
[20:26:03 - Thread-2] [MspMote.java:229] [WARN] - 38: # Watchdog[EXECUTION]: illegal write to WDTCTL (0) from $103ce - reset!!!!
[20:26:08 - Thread-2] [MspMote.java:229] [WARN] - 46: # Watchdog[EXECUTION]: illegal write to WDTCTL (0) from $103ce - reset!!!!
[20:26:30 - Thread-2] [MspMote.java:229] [WARN] - 44: # Watchdog[EXECUTION]: illegal write to WDTCTL (0) from $103ce - reset!!!!
[20:27:09 - Thread-2] [MspMote.java:229] [WARN] - 33: # Watchdog[EXECUTION]: illegal write to WDTCTL (0) from $103ce - reset!!!!
[20:27:13 - Thread-2] [MspMote.java:229] [WARN] - 54: # Watchdog[EXECUTION]: illegal write to WDTCTL (0) from $103ce - reset!!!!
[20:27:42 - Thread-2] [MspMote.java:229] [WARN] - 19: # Watchdog[EXECUTION]: illegal write to WDTCTL (0) from $103ce - reset!!!!
[20:27:43 - Thread-2] [MspMote.java:229] [WARN] - 22: # Watchdog[EXECUTION]: illegal write to WDTCTL (0) from $103ce - reset!!!!
[20:27:44 - Thread-2] [MspMote.java:229] [WARN] - 4: # Watchdog[EXECUTION]: illegal write to WDTCTL (0) from $103ce - reset!!!!
[20:27:45 - Thread-2] [MspMote.java:229] [WARN] - 50: # Watchdog[EXECUTION]: illegal write to WDTCTL (0) from $103ce - reset!!!!
[20:27:54 - Thread-2] [MspMote.java:229] [WARN] - 36: # Watchdog[EXECUTION]: illegal write to WDTCTL (0) from $103ce - reset!!!!
[20:27:55 - Thread-2] [MspMote.java:229] [WARN] - 60: # Watchdog[EXECUTION]: illegal write to WDTCTL (0) from $103ce - reset!!!!
[20:28:49 - Thread-2] [LogScriptEngine.java:389] [INFO] - Test script at 15.00%, done in 7677.8 sec
[20:29:30 - Thread-2] [MspMote.java:229] [WARN] - 47: # Watchdog[EXECUTION]: illegal write to WDTCTL (0) from $103ce - reset!!!!
[20:29:30 - Thread-2] [MspMote.java:229] [WARN] - 18: # Watchdog[EXECUTION]: illegal write to WDTCTL (0) from $103ce - reset!!!!
[20:29:36 - Thread-2] [MspMote.java:229] [WARN] - 28: # Watchdog[EXECUTION]: illegal write to WDTCTL (0) from $103ce - reset!!!!
[20:29:39 - Thread-2] [MspMote.java:229] [WARN] - 9: # Watchdog[EXECUTION]: illegal write to WDTCTL (0) from $103ce - reset!!!!
[20:30:06 - Thread-2] [MspMote.java:229] [WARN] - 20: # Watchdog[EXECUTION]: illegal write to WDTCTL (0) from $103ce - reset!!!!
[20:30:59 - Thread-2] [MspMote.java:229] [WARN] - 57: # Watchdog[EXECUTION]: illegal write to WDTCTL (0) from $103ce - reset!!!!
[20:31:16 - Thread-2] [MspMote.java:229] [WARN] - 56: # Watchdog[EXECUTION]: illegal write to WDTCTL (0) from $103ce - reset!!!!
[20:31:17 - Thread-2] [MspMote.java:229] [WARN] - 38: # Watchdog[EXECUTION]: illegal write to WDTCTL (0) from $103ce - reset!!!!
[20:31:20 - Thread-2] [MspMote.java:229] [WARN] - 29: # Watchdog[EXECUTION]: illegal write to WDTCTL (0) from $103ce - reset!!!!
[20:33:05 - Thread-2] [MspMote.java:229] [WARN] - 36: # Watchdog[EXECUTION]: illegal write to WDTCTL (0) from $103ce - reset!!!!
[20:33:47 - Thread-2] [MspMote.java:229] [WARN] - 50: # Watchdog[EXECUTION]: illegal write to WDTCTL (0) from $103ce - reset!!!!
[20:34:34 - Thread-2] [MspMote.java:229] [WARN] - 57: # Watchdog[EXECUTION]: illegal write to WDTCTL (0) from $103ce - reset!!!!
[20:35:20 - Thread-2] [MspMote.java:229] [WARN] - 11: # Watchdog[EXECUTION]: illegal write to WDTCTL (0) from $103ce - reset!!!!
[20:35:20 - Thread-2] [MspMote.java:229] [WARN] - 55: # Watchdog[EXECUTION]: illegal write to WDTCTL (0) from $103ce - reset!!!!
[20:37:22 - Thread-2] [LogScriptEngine.java:389] [INFO] - Test script at 20.00%, done in 7471.5 sec
[20:37:30 - Thread-2] [MspMote.java:229] [WARN] - 59: # Watchdog[EXECUTION]: illegal write to WDTCTL (0) from $103ce - reset!!!!
[20:38:52 - Thread-2] [MspMote.java:229] [WARN] - 35: # Watchdog[EXECUTION]: illegal write to WDTCTL (0) from $103ce - reset!!!!
[20:41:12 - Thread-2] [MspMote.java:229] [WARN] - 51: # Watchdog[EXECUTION]: illegal write to WDTCTL (0) from $103ce - reset!!!!
[20:41:23 - Thread-2] [MspMote.java:229] [WARN] - 56: # Watchdog[EXECUTION]: illegal write to WDTCTL (0) from $103ce - reset!!!!
[20:41:27 - Thread-2] [MspMote.java:229] [WARN] - 48: # Watchdog[EXECUTION]: illegal write to WDTCTL (0) from $103ce - reset!!!!
[20:42:02 - Thread-2] [MspMote.java:229] [WARN] - 60: # Watchdog[EXECUTION]: illegal write to WDTCTL (0) from $103ce - reset!!!!
[20:42:04 - Thread-2] [MspMote.java:229] [WARN] - 44: # Watchdog[EXECUTION]: illegal write to WDTCTL (0) from $103ce - reset!!!!
[20:42:04 - Thread-2] [MspMote.java:229] [WARN] - 37: # Watchdog[EXECUTION]: illegal write to WDTCTL (0) from $103ce - reset!!!!
[20:42:51 - Thread-2] [MspMote.java:229] [WARN] - 33: # Watchdog[EXECUTION]: illegal write to WDTCTL (0) from $103ce - reset!!!!
[20:42:51 - Thread-2] [MspMote.java:229] [WARN] - 24: # Watchdog[EXECUTION]: illegal write to WDTCTL (0) from $103ce - reset!!!!
[20:42:52 - Thread-2] [MspMote.java:229] [WARN] - 52: # Watchdog[EXECUTION]: illegal write to WDTCTL (0) from $103ce - reset!!!!
[20:42:53 - Thread-2] [MspMote.java:229] [WARN] - 54: # Watchdog[EXECUTION]: illegal write to WDTCTL (0) from $103ce - reset!!!!
[20:42:57 - Thread-2] [MspMote.java:229] [WARN] - 41: # Watchdog[EXECUTION]: illegal write to WDTCTL (0) from $103ce - reset!!!!
[20:44:01 - Thread-2] [MspMote.java:229] [WARN] - 18: # Watchdog[EXECUTION]: illegal write to WDTCTL (0) from $103ce - reset!!!!
[20:45:23 - Thread-2] [MspMote.java:229] [WARN] - 34: # Watchdog[EXECUTION]: illegal write to WDTCTL (0) from $103ce - reset!!!!
[20:45:44 - Thread-2] [MspMote.java:229] [WARN] - 29: # Watchdog[EXECUTION]: illegal write to WDTCTL (0) from $103ce - reset!!!!
[20:46:51 - Thread-2] [MspMote.java:229] [WARN] - 50: # Watchdog[EXECUTION]: illegal write to WDTCTL (0) from $103ce - reset!!!!
[20:47:28 - Thread-2] [LogScriptEngine.java:389] [INFO] - Test script at 25.00%, done in 7421.7 sec
[20:48:33 - Thread-2] [MspMote.java:229] [WARN] - 11: # Watchdog[EXECUTION]: illegal write to WDTCTL (0) from $103ce - reset!!!!
[20:53:23 - Thread-2] [MspMote.java:229] [WARN] - 19: # Watchdog[EXECUTION]: illegal write to WDTCTL (0) from $103ce - reset!!!!
[20:53:41 - Thread-2] [MspMote.java:229] [WARN] - 43: # Watchdog[EXECUTION]: illegal write to WDTCTL (0) from $103ce - reset!!!!
[20:54:45 - Thread-2] [MspMote.java:229] [WARN] - 28: # Watchdog[EXECUTION]: illegal write to WDTCTL (0) from $103ce - reset!!!!
[20:54:49 - Thread-2] [MspMote.java:229] [WARN] - 59: # Watchdog[EXECUTION]: illegal write to WDTCTL (0) from $103ce - reset!!!!
[20:54:57 - Thread-2] [MspMote.java:229] [WARN] - 56: # Watchdog[EXECUTION]: illegal write to WDTCTL (0) from $103ce - reset!!!!
[20:55:00 - Thread-2] [MspMote.java:229] [WARN] - 48: # Watchdog[EXECUTION]: illegal write to WDTCTL (0) from $103ce - reset!!!!
[20:55:31 - Thread-2] [MspMote.java:229] [WARN] - 17: # Watchdog[EXECUTION]: illegal write to WDTCTL (0) from $103ce - reset!!!!
[20:55:54 - Thread-2] [MspMote.java:229] [WARN] - 5: # Watchdog[EXECUTION]: illegal write to WDTCTL (0) from $103ce - reset!!!!
[20:58:42 - Thread-2] [MspMote.java:229] [WARN] - 24: # Watchdog[EXECUTION]: illegal write to WDTCTL (0) from $103ce - reset!!!!
[20:59:59 - Thread-2] [LogScriptEngine.java:389] [INFO] - Test script at 30.00%, done in 7523.4 sec
[21:00:08 - Thread-2] [MspMote.java:229] [WARN] - 50: # Watchdog[EXECUTION]: illegal write to WDTCTL (0) from $103ce - reset!!!!
[21:01:18 - Thread-2] [MspMote.java:229] [WARN] - 43: # Watchdog[EXECUTION]: illegal write to WDTCTL (0) from $103ce - reset!!!!
[21:06:24 - Thread-2] [MspMote.java:229] [WARN] - 14: # Watchdog[EXECUTION]: illegal write to WDTCTL (0) from $103ce - reset!!!!
[21:07:04 - Thread-2] [MspMote.java:229] [WARN] - 41: # Watchdog[EXECUTION]: illegal write to WDTCTL (0) from $103ce - reset!!!!
[21:07:11 - Thread-2] [MspMote.java:229] [WARN] - 60: # Watchdog[EXECUTION]: illegal write to WDTCTL (0) from $103ce - reset!!!!
[21:09:28 - Thread-2] [MspMote.java:229] [WARN] - 27: # Watchdog[EXECUTION]: illegal write to WDTCTL (0) from $103ce - reset!!!!
[21:11:02 - Thread-2] [MspMote.java:229] [WARN] - 6: # Watchdog[EXECUTION]: illegal write to WDTCTL (0) from $103ce - reset!!!!
[21:11:15 - Thread-2] [MspMote.java:229] [WARN] - 11: # Watchdog[EXECUTION]: illegal write to WDTCTL (0) from $103ce - reset!!!!
[21:14:54 - Thread-2] [MspMote.java:229] [WARN] - 59: # Watchdog[EXECUTION]: illegal write to WDTCTL (0) from $103ce - reset!!!!
[21:15:08 - Thread-2] [LogScriptEngine.java:389] [INFO] - Test script at 35.00%, done in 7676.1 sec
[21:15:09 - Thread-2] [MspMote.java:229] [WARN] - 50: # Watchdog[EXECUTION]: illegal write to WDTCTL (0) from $103ce - reset!!!!
[21:15:27 - Thread-2] [MspMote.java:229] [WARN] - 17: # Watchdog[EXECUTION]: illegal write to WDTCTL (0) from $103ce - reset!!!!
[21:15:36 - Thread-2] [MspMote.java:229] [WARN] - 30: # Watchdog[EXECUTION]: illegal write to WDTCTL (0) from $103ce - reset!!!!
[21:24:56 - Thread-2] [MspMote.java:229] [WARN] - 19: # Watchdog[EXECUTION]: illegal write to WDTCTL (0) from $103ce - reset!!!!
[21:32:25 - Thread-2] [LogScriptEngine.java:389] [INFO] - Test script at 40.00%, done in 7756.4 sec
[21:34:17 - Thread-2] [MspMote.java:229] [WARN] - 45: # Watchdog[EXECUTION]: illegal write to WDTCTL (0) from $103ce - reset!!!!
[21:53:54 - Thread-2] [LogScriptEngine.java:389] [INFO] - Test script at 45.00%, done in 7895.0 sec
[21:59:26 - Thread-2] [MspMote.java:229] [WARN] - 60: # Watchdog[EXECUTION]: illegal write to WDTCTL (0) from $103ce - reset!!!!
[22:02:07 - Thread-2] [MspMote.java:229] [WARN] - 28: # Watchdog[EXECUTION]: illegal write to WDTCTL (0) from $103ce - reset!!!!
[22:09:54 - Thread-2] [MspMote.java:229] [WARN] - 59: # Watchdog[EXECUTION]: illegal write to WDTCTL (0) from $103ce - reset!!!!
[22:15:50 - Thread-2] [MspMote.java:229] [WARN] - 19: # Watchdog[EXECUTION]: illegal write to WDTCTL (0) from $103ce - reset!!!!
[22:16:16 - Thread-2] [LogScriptEngine.java:389] [INFO] - Test script at 50.00%, done in 7801.7 sec
[22:19:50 - Thread-2] [MspMote.java:229] [WARN] - 36: # Watchdog[EXECUTION]: illegal write to WDTCTL (0) from $103ce - reset!!!!
[22:40:39 - Thread-2] [LogScriptEngine.java:389] [INFO] - Test script at 55.00%, done in 7579.9 sec
[22:41:19 - Thread-2] [MspMote.java:229] [WARN] - 28: # Watchdog[EXECUTION]: illegal write to WDTCTL (0) from $103ce - reset!!!!
[22:46:00 - Thread-2] [MspMote.java:229] [WARN] - 36: # Watchdog[EXECUTION]: illegal write to WDTCTL (0) from $103ce - reset!!!!
[22:52:03 - Thread-2] [MspMote.java:229] [WARN] - 60: # Watchdog[EXECUTION]: illegal write to WDTCTL (0) from $103ce - reset!!!!
[23:05:14 - Thread-2] [LogScriptEngine.java:389] [INFO] - Test script at 60.00%, done in 7159.5 sec
[23:09:37 - Thread-2] [MspMote.java:229] [WARN] - 48: # Watchdog[EXECUTION]: illegal write to WDTCTL (0) from $103ce - reset!!!!
[23:17:06 - Thread-2] [MspMote.java:229] [WARN] - 5: # Watchdog[EXECUTION]: illegal write to WDTCTL (0) from $103ce - reset!!!!
[23:30:18 - Thread-2] [LogScriptEngine.java:389] [INFO] - Test script at 65.00%, done in 6592.8 sec
[23:55:02 - Thread-2] [LogScriptEngine.java:389] [INFO] - Test script at 70.00%, done in 5883.3 sec
[00:20:17 - Thread-2] [LogScriptEngine.java:389] [INFO] - Test script at 75.00%, done in 5081.0 sec
[00:44:26 - Thread-2] [LogScriptEngine.java:389] [INFO] - Test script at 80.00%, done in 4172.8 sec
[01:08:45 - Thread-2] [LogScriptEngine.java:389] [INFO] - Test script at 85.00%, done in 3203.1 sec
[01:31:38 - Thread-2] [LogScriptEngine.java:389] [INFO] - Test script at 90.00%, done in 2169.3 sec
[01:53:09 - Thread-2] [LogScriptEngine.java:389] [INFO] - Test script at 95.00%, done in 1095.5 sec
[02:15:37 - Thread-2] [LogScriptEngine.java:375] [INFO] - Timeout event @ 3800000000
[02:15:37 - Thread-1] [LogScriptEngine.java:309] [INFO] - Test script finished
[02:15:37 - Thread-2] [Simulation.java:312] [INFO] - Simulation main loop stopped, system time: 1790378137762	Duration: 22162834 ms	Simulated time 3800000 ms	Ratio 0.1714582169410284
[02:15:38 - AWT-EventQueue-1] [ScriptRunner.java:438] [INFO] - Test script deactivated
