[19:40:24 - main] [Cooja.java:1316] [INFO] - > Starting Cooja
[19:40:24 - main] [Cooja.java:2857] [INFO] - External tools default settings: /external_tools_linux_64.config
[19:40:24 - main] [Cooja.java:2887] [INFO] - External tools user settings: /home/drhakanaydin/.cooja.user.properties
[19:40:24 - main] [Cooja.java:1941] [FATAL] - No plugin class: class org.contikios.cooja.plugins.CollectViewFull: org/jfree/data/time/RegularTimePeriod
[19:40:24 - main] [Cooja.java:3626] [WARN] - Loaded simulation may depend on not found  extension: '/home/drhakanaydin/6tisch-ng-sra-v17/6tisch-ng-sra/tools/cooja/apps/mobility'
[19:40:24 - main] [Simulation.java:422] [INFO] - Simulation random seed: 717151
[19:40:24 - main] [CompileContiki.java:140] [INFO] - > make border-router-server_rpl.exp5438 TARGET=exp5438 
[19:40:24 - main] [CompileContiki.java:140] [INFO] - > make border-router-client_rpl.exp5438 TARGET=exp5438 
[19:40:25 - main] [MspMote.java:235] [INFO] - Loading firmware from: /home/drhakanaydin/6tisch-ng-sra-v17/6tisch-ng-sra/examples/tsch/rpl-udp/border-router-client_rpl/border-router-client_rpl.exp5438
[19:40:26 - main] [MspMote.java:235] [INFO] - Loading firmware from: /home/drhakanaydin/6tisch-ng-sra-v17/6tisch-ng-sra/examples/tsch/rpl-udp/border-router-client_rpl/border-router-client_rpl.exp5438
[19:40:26 - main] [MspMote.java:235] [INFO] - Loading firmware from: /home/drhakanaydin/6tisch-ng-sra-v17/6tisch-ng-sra/examples/tsch/rpl-udp/border-router-client_rpl/border-router-client_rpl.exp5438
[19:40:26 - main] [MspMote.java:235] [INFO] - Loading firmware from: /home/drhakanaydin/6tisch-ng-sra-v17/6tisch-ng-sra/examples/tsch/rpl-udp/border-router-client_rpl/border-router-client_rpl.exp5438
[19:40:26 - main] [MspMote.java:235] [INFO] - Loading firmware from: /home/drhakanaydin/6tisch-ng-sra-v17/6tisch-ng-sra/examples/tsch/rpl-udp/border-router-client_rpl/border-router-client_rpl.exp5438
[19:40:26 - main] [MspMote.java:235] [INFO] - Loading firmware from: /home/drhakanaydin/6tisch-ng-sra-v17/6tisch-ng-sra/examples/tsch/rpl-udp/border-router-server_rpl/border-router-server_rpl.exp5438
[19:40:26 - main] [MspMote.java:235] [INFO] - Loading firmware from: /home/drhakanaydin/6tisch-ng-sra-v17/6tisch-ng-sra/examples/tsch/rpl-udp/border-router-client_rpl/border-router-client_rpl.exp5438
[19:40:27 - main] [MspMote.java:235] [INFO] - Loading firmware from: /home/drhakanaydin/6tisch-ng-sra-v17/6tisch-ng-sra/examples/tsch/rpl-udp/border-router-client_rpl/border-router-client_rpl.exp5438
[19:40:27 - main] [MspMote.java:235] [INFO] - Loading firmware from: /home/drhakanaydin/6tisch-ng-sra-v17/6tisch-ng-sra/examples/tsch/rpl-udp/border-router-client_rpl/border-router-client_rpl.exp5438
[19:40:27 - main] [MspMote.java:235] [INFO] - Loading firmware from: /home/drhakanaydin/6tisch-ng-sra-v17/6tisch-ng-sra/examples/tsch/rpl-udp/border-router-client_rpl/border-router-client_rpl.exp5438
[19:40:27 - main] [MspMote.java:235] [INFO] - Loading firmware from: /home/drhakanaydin/6tisch-ng-sra-v17/6tisch-ng-sra/examples/tsch/rpl-udp/border-router-client_rpl/border-router-client_rpl.exp5438
[19:40:27 - main] [MspMote.java:235] [INFO] - Loading firmware from: /home/drhakanaydin/6tisch-ng-sra-v17/6tisch-ng-sra/examples/tsch/rpl-udp/border-router-client_rpl/border-router-client_rpl.exp5438
[19:40:27 - main] [MspMote.java:235] [INFO] - Loading firmware from: /home/drhakanaydin/6tisch-ng-sra-v17/6tisch-ng-sra/examples/tsch/rpl-udp/border-router-client_rpl/border-router-client_rpl.exp5438
[19:40:27 - main] [MspMote.java:235] [INFO] - Loading firmware from: /home/drhakanaydin/6tisch-ng-sra-v17/6tisch-ng-sra/examples/tsch/rpl-udp/border-router-client_rpl/border-router-client_rpl.exp5438
[19:40:27 - main] [MspMote.java:235] [INFO] - Loading firmware from: /home/drhakanaydin/6tisch-ng-sra-v17/6tisch-ng-sra/examples/tsch/rpl-udp/border-router-client_rpl/border-router-client_rpl.exp5438
[19:40:27 - main] [MspMote.java:235] [INFO] - Loading firmware from: /home/drhakanaydin/6tisch-ng-sra-v17/6tisch-ng-sra/examples/tsch/rpl-udp/border-router-client_rpl/border-router-client_rpl.exp5438
[19:40:27 - main] [MspMote.java:235] [INFO] - Loading firmware from: /home/drhakanaydin/6tisch-ng-sra-v17/6tisch-ng-sra/examples/tsch/rpl-udp/border-router-client_rpl/border-router-client_rpl.exp5438
[19:40:27 - main] [MspMote.java:235] [INFO] - Loading firmware from: /home/drhakanaydin/6tisch-ng-sra-v17/6tisch-ng-sra/examples/tsch/rpl-udp/border-router-client_rpl/border-router-client_rpl.exp5438
[19:40:27 - main] [MspMote.java:235] [INFO] - Loading firmware from: /home/drhakanaydin/6tisch-ng-sra-v17/6tisch-ng-sra/examples/tsch/rpl-udp/border-router-client_rpl/border-router-client_rpl.exp5438
[19:40:27 - main] [MspMote.java:235] [INFO] - Loading firmware from: /home/drhakanaydin/6tisch-ng-sra-v17/6tisch-ng-sra/examples/tsch/rpl-udp/border-router-client_rpl/border-router-client_rpl.exp5438
[19:40:28 - main] [MspMote.java:235] [INFO] - Loading firmware from: /home/drhakanaydin/6tisch-ng-sra-v17/6tisch-ng-sra/examples/tsch/rpl-udp/border-router-client_rpl/border-router-client_rpl.exp5438
[19:40:28 - main] [MspMote.java:235] [INFO] - Loading firmware from: /home/drhakanaydin/6tisch-ng-sra-v17/6tisch-ng-sra/examples/tsch/rpl-udp/border-router-client_rpl/border-router-client_rpl.exp5438
[19:40:28 - main] [MspMote.java:235] [INFO] - Loading firmware from: /home/drhakanaydin/6tisch-ng-sra-v17/6tisch-ng-sra/examples/tsch/rpl-udp/border-router-client_rpl/border-router-client_rpl.exp5438
[19:40:28 - main] [MspMote.java:235] [INFO] - Loading firmware from: /home/drhakanaydin/6tisch-ng-sra-v17/6tisch-ng-sra/examples/tsch/rpl-udp/border-router-client_rpl/border-router-client_rpl.exp5438
[19:40:28 - main] [MspMote.java:235] [INFO] - Loading firmware from: /home/drhakanaydin/6tisch-ng-sra-v17/6tisch-ng-sra/examples/tsch/rpl-udp/border-router-client_rpl/border-router-client_rpl.exp5438
[19:40:28 - main] [MspMote.java:235] [INFO] - Loading firmware from: /home/drhakanaydin/6tisch-ng-sra-v17/6tisch-ng-sra/examples/tsch/rpl-udp/border-router-client_rpl/border-router-client_rpl.exp5438
[19:40:28 - main] [MspMote.java:235] [INFO] - Loading firmware from: /home/drhakanaydin/6tisch-ng-sra-v17/6tisch-ng-sra/examples/tsch/rpl-udp/border-router-client_rpl/border-router-client_rpl.exp5438
[19:40:28 - main] [MspMote.java:235] [INFO] - Loading firmware from: /home/drhakanaydin/6tisch-ng-sra-v17/6tisch-ng-sra/examples/tsch/rpl-udp/border-router-client_rpl/border-router-client_rpl.exp5438
[19:40:28 - main] [MspMote.java:235] [INFO] - Loading firmware from: /home/drhakanaydin/6tisch-ng-sra-v17/6tisch-ng-sra/examples/tsch/rpl-udp/border-router-client_rpl/border-router-client_rpl.exp5438
[19:40:28 - main] [MspMote.java:235] [INFO] - Loading firmware from: /home/drhakanaydin/6tisch-ng-sra-v17/6tisch-ng-sra/examples/tsch/rpl-udp/border-router-client_rpl/border-router-client_rpl.exp5438
[19:40:28 - main] [MspMote.java:235] [INFO] - Loading firmware from: /home/drhakanaydin/6tisch-ng-sra-v17/6tisch-ng-sra/examples/tsch/rpl-udp/border-router-client_rpl/border-router-client_rpl.exp5438
[19:40:28 - main] [MspMote.java:235] [INFO] - Loading firmware from: /home/drhakanaydin/6tisch-ng-sra-v17/6tisch-ng-sra/examples/tsch/rpl-udp/border-router-client_rpl/border-router-client_rpl.exp5438
[19:40:28 - main] [MspMote.java:235] [INFO] - Loading firmware from: /home/drhakanaydin/6tisch-ng-sra-v17/6tisch-ng-sra/examples/tsch/rpl-udp/border-router-client_rpl/border-router-client_rpl.exp5438
[19:40:28 - main] [MspMote.java:235] [INFO] - Loading firmware from: /home/drhakanaydin/6tisch-ng-sra-v17/6tisch-ng-sra/examples/tsch/rpl-udp/border-router-client_rpl/border-router-client_rpl.exp5438
[19:40:28 - main] [MspMote.java:235] [INFO] - Loading firmware from: /home/drhakanaydin/6tisch-ng-sra-v17/6tisch-ng-sra/examples/tsch/rpl-udp/border-router-client_rpl/border-router-client_rpl.exp5438
[19:40:28 - main] [MspMote.java:235] [INFO] - Loading firmware from: /home/drhakanaydin/6tisch-ng-sra-v17/6tisch-ng-sra/examples/tsch/rpl-udp/border-router-client_rpl/border-router-client_rpl.exp5438
[19:40:28 - main] [MspMote.java:235] [INFO] - Loading firmware from: /home/drhakanaydin/6tisch-ng-sra-v17/6tisch-ng-sra/examples/tsch/rpl-udp/border-router-client_rpl/border-router-client_rpl.exp5438
[19:40:29 - main] [MspMote.java:235] [INFO] - Loading firmware from: /home/drhakanaydin/6tisch-ng-sra-v17/6tisch-ng-sra/examples/tsch/rpl-udp/border-router-client_rpl/border-router-client_rpl.exp5438
[19:40:29 - main] [MspMote.java:235] [INFO] - Loading firmware from: /home/drhakanaydin/6tisch-ng-sra-v17/6tisch-ng-sra/examples/tsch/rpl-udp/border-router-client_rpl/border-router-client_rpl.exp5438
[19:40:29 - main] [MspMote.java:235] [INFO] - Loading firmware from: /home/drhakanaydin/6tisch-ng-sra-v17/6tisch-ng-sra/examples/tsch/rpl-udp/border-router-client_rpl/border-router-client_rpl.exp5438
[19:40:29 - main] [MspMote.java:235] [INFO] - Loading firmware from: /home/drhakanaydin/6tisch-ng-sra-v17/6tisch-ng-sra/examples/tsch/rpl-udp/border-router-client_rpl/border-router-client_rpl.exp5438
[19:40:29 - main] [MspMote.java:235] [INFO] - Loading firmware from: /home/drhakanaydin/6tisch-ng-sra-v17/6tisch-ng-sra/examples/tsch/rpl-udp/border-router-client_rpl/border-router-client_rpl.exp5438
[19:40:29 - main] [MspMote.java:235] [INFO] - Loading firmware from: /home/drhakanaydin/6tisch-ng-sra-v17/6tisch-ng-sra/examples/tsch/rpl-udp/border-router-client_rpl/border-router-client_rpl.exp5438
[19:40:29 - main] [MspMote.java:235] [INFO] - Loading firmware from: /home/drhakanaydin/6tisch-ng-sra-v17/6tisch-ng-sra/examples/tsch/rpl-udp/border-router-client_rpl/border-router-client_rpl.exp5438
[19:40:29 - main] [MspMote.java:235] [INFO] - Loading firmware from: /home/drhakanaydin/6tisch-ng-sra-v17/6tisch-ng-sra/examples/tsch/rpl-udp/border-router-client_rpl/border-router-client_rpl.exp5438
[19:40:29 - main] [MspMote.java:235] [INFO] - Loading firmware from: /home/drhakanaydin/6tisch-ng-sra-v17/6tisch-ng-sra/examples/tsch/rpl-udp/border-router-client_rpl/border-router-client_rpl.exp5438
[19:40:29 - main] [MspMote.java:235] [INFO] - Loading firmware from: /home/drhakanaydin/6tisch-ng-sra-v17/6tisch-ng-sra/examples/tsch/rpl-udp/border-router-client_rpl/border-router-client_rpl.exp5438
[19:40:29 - main] [MspMote.java:235] [INFO] - Loading firmware from: /home/drhakanaydin/6tisch-ng-sra-v17/6tisch-ng-sra/examples/tsch/rpl-udp/border-router-client_rpl/border-router-client_rpl.exp5438
[19:40:29 - main] [MspMote.java:235] [INFO] - Loading firmware from: /home/drhakanaydin/6tisch-ng-sra-v17/6tisch-ng-sra/examples/tsch/rpl-udp/border-router-client_rpl/border-router-client_rpl.exp5438
[19:40:29 - main] [MspMote.java:235] [INFO] - Loading firmware from: /home/drhakanaydin/6tisch-ng-sra-v17/6tisch-ng-sra/examples/tsch/rpl-udp/border-router-client_rpl/border-router-client_rpl.exp5438
[19:40:29 - main] [MspMote.java:235] [INFO] - Loading firmware from: /home/drhakanaydin/6tisch-ng-sra-v17/6tisch-ng-sra/examples/tsch/rpl-udp/border-router-client_rpl/border-router-client_rpl.exp5438
[19:40:29 - main] [Cooja.java:1782] [INFO] - Visualized plugin was not started: class org.contikios.cooja.plugins.SimControl
[19:40:29 - main] [Cooja.java:1782] [INFO] - Visualized plugin was not started: class org.contikios.cooja.plugins.Visualizer
[19:40:29 - main] [Cooja.java:1782] [INFO] - Visualized plugin was not started: class org.contikios.cooja.plugins.LogListener
[19:40:29 - main] [Cooja.java:1782] [INFO] - Visualized plugin was not started: class org.contikios.cooja.plugins.TimeLine
[19:40:30 - main] [ScriptRunner.java:438] [INFO] - Test script deactivated
[19:40:30 - main] [LogScriptEngine.java:265] [INFO] - Script timeout in 3800000 ms
[19:40:30 - main] [ScriptRunner.java:395] [INFO] - Test script activated
[19:40:30 - Thread-2] [Simulation.java:253] [INFO] - Simulation main loop started, system time: 1790354430854
[19:40:30 - main] [Cooja.java:3672] [FATAL] - Could not load plugin class: Mobility
[19:45:19 - Thread-2] [LogScriptEngine.java:389] [INFO] - Test script at 5.00%, done in 5481.3 sec
[19:48:49 - Thread-2] [MspMote.java:229] [WARN] - 36: # Watchdog[EXECUTION]: illegal write to WDTCTL (0) from $103ca - reset!!!!
[19:49:10 - Thread-2] [MspMote.java:229] [WARN] - 23: # Watchdog[EXECUTION]: illegal write to WDTCTL (0) from $103ca - reset!!!!
[19:50:14 - Thread-2] [MspMote.java:229] [WARN] - 28: # Watchdog[EXECUTION]: illegal write to WDTCTL (0) from $103ca - reset!!!!
[19:50:15 - Thread-2] [MspMote.java:229] [WARN] - 33: # Watchdog[EXECUTION]: illegal write to WDTCTL (0) from $103ca - reset!!!!
[19:50:21 - Thread-2] [MspMote.java:229] [WARN] - 12: # Watchdog[EXECUTION]: illegal write to WDTCTL (0) from $103ca - reset!!!!
[19:50:21 - Thread-2] [MspMote.java:229] [WARN] - 17: # Watchdog[EXECUTION]: illegal write to WDTCTL (0) from $103ca - reset!!!!
[19:50:24 - Thread-2] [MspMote.java:229] [WARN] - 22: # Watchdog[EXECUTION]: illegal write to WDTCTL (0) from $103ca - reset!!!!
[19:51:02 - Thread-2] [LogScriptEngine.java:389] [INFO] - Test script at 10.00%, done in 5689.3 sec
[19:54:14 - Thread-2] [MspMote.java:229] [WARN] - 23: # Watchdog[EXECUTION]: illegal write to WDTCTL (0) from $103ca - reset!!!!
[19:54:19 - Thread-2] [MspMote.java:229] [WARN] - 27: # Watchdog[EXECUTION]: illegal write to WDTCTL (0) from $103ca - reset!!!!
[19:54:23 - Thread-2] [LogScriptEngine.java:389] [INFO] - Test script at 15.00%, done in 4720.4 sec
[20:03:53 - Thread-2] [MspMote.java:229] [WARN] - 48: # Watchdog[EXECUTION]: illegal write to WDTCTL (0) from $103ca - reset!!!!
[20:04:22 - Thread-2] [LogScriptEngine.java:389] [INFO] - Test script at 20.00%, done in 5725.5 sec
[20:07:36 - Thread-2] [MspMote.java:229] [WARN] - 23: # Watchdog[EXECUTION]: illegal write to WDTCTL (0) from $103ca - reset!!!!
[20:07:58 - Thread-2] [MspMote.java:229] [WARN] - 44: # Watchdog[EXECUTION]: illegal write to WDTCTL (0) from $103ca - reset!!!!
[20:08:59 - Thread-2] [MspMote.java:229] [WARN] - 45: # Watchdog[EXECUTION]: illegal write to WDTCTL (0) from $103ca - reset!!!!
[20:09:07 - Thread-2] [MspMote.java:229] [WARN] - 27: # Watchdog[EXECUTION]: illegal write to WDTCTL (0) from $103ca - reset!!!!
[20:17:57 - Thread-2] [LogScriptEngine.java:389] [INFO] - Test script at 25.00%, done in 6740.3 sec
[20:26:41 - Thread-2] [MspMote.java:229] [WARN] - 45: # Watchdog[EXECUTION]: illegal write to WDTCTL (0) from $103ca - reset!!!!
[20:29:17 - Thread-2] [MspMote.java:229] [WARN] - 23: # Watchdog[EXECUTION]: illegal write to WDTCTL (0) from $103ca - reset!!!!
[20:34:12 - Thread-2] [LogScriptEngine.java:389] [INFO] - Test script at 30.00%, done in 7516.0 sec
[20:51:45 - Thread-2] [LogScriptEngine.java:389] [INFO] - Test script at 35.00%, done in 7939.5 sec
[21:08:48 - Thread-2] [LogScriptEngine.java:389] [INFO] - Test script at 40.00%, done in 7945.7 sec
[21:26:51 - Thread-2] [MspMote.java:229] [WARN] - 44: # Watchdog[EXECUTION]: illegal write to WDTCTL (0) from $103ca - reset!!!!
[21:27:36 - Thread-2] [LogScriptEngine.java:389] [INFO] - Test script at 45.00%, done in 7853.4 sec
[21:45:55 - Thread-2] [LogScriptEngine.java:389] [INFO] - Test script at 50.00%, done in 7524.9 sec
[22:05:42 - Thread-2] [LogScriptEngine.java:389] [INFO] - Test script at 55.00%, done in 7128.0 sec
[22:25:14 - Thread-2] [LogScriptEngine.java:389] [INFO] - Test script at 60.00%, done in 6588.8 sec
[22:46:26 - Thread-2] [LogScriptEngine.java:389] [INFO] - Test script at 65.00%, done in 6007.0 sec
[23:07:57 - Thread-2] [LogScriptEngine.java:389] [INFO] - Test script at 70.00%, done in 5334.1 sec
[23:28:21 - Thread-2] [LogScriptEngine.java:389] [INFO] - Test script at 75.00%, done in 4556.9 sec
[23:48:04 - Thread-2] [LogScriptEngine.java:389] [INFO] - Test script at 80.00%, done in 3713.3 sec
[00:06:50 - Thread-2] [LogScriptEngine.java:389] [INFO] - Test script at 85.00%, done in 2820.0 sec
[00:25:15 - Thread-2] [LogScriptEngine.java:389] [INFO] - Test script at 90.00%, done in 1898.3 sec
[00:43:34 - Thread-2] [LogScriptEngine.java:389] [INFO] - Test script at 95.00%, done in 957.0 sec
[01:01:47 - Thread-2] [LogScriptEngine.java:375] [INFO] - Timeout event @ 3800000000
[01:01:48 - Thread-1] [LogScriptEngine.java:309] [INFO] - Test script finished
[01:01:48 - Thread-2] [Simulation.java:312] [INFO] - Simulation main loop stopped, system time: 1790373708135	Duration: 19277281 ms	Simulated time 3800000 ms	Ratio 0.1971232353774373
[01:01:48 - AWT-EventQueue-1] [ScriptRunner.java:438] [INFO] - Test script deactivated
[01:01:48 - Thread-4] [AbstractRadioMedium.java:196] [FATAL] - Connection source turned off radio: org.contikios.cooja.mspmote.interfaces.Msp802154Radio@7b02881e
