[18:35:30 - main] [Cooja.java:1316] [INFO] - > Starting Cooja
[18:35:30 - main] [Cooja.java:2857] [INFO] - External tools default settings: /external_tools_linux_64.config
[18:35:30 - main] [Cooja.java:2887] [INFO] - External tools user settings: /home/drhakanaydin/6tisch-ng-sra-v17-50-60-node-update/6tisch-ng-sra-v17/6tisch-ng-sra/results/rpl_root_gossip/random60node_low_coverange_20260926_183528/cooja_external_tools.properties
[18:35:30 - main] [Cooja.java:1941] [FATAL] - No plugin class: class org.contikios.cooja.plugins.CollectViewFull: org/jfree/data/time/RegularTimePeriod
[18:35:30 - main] [Simulation.java:422] [INFO] - Simulation random seed: 829500
[18:35:30 - main] [CompileContiki.java:140] [INFO] - > make border-router-server.exp5438 TARGET=exp5438 
[18:35:31 - main] [CompileContiki.java:140] [INFO] - > make border-router-client.exp5438 TARGET=exp5438 
[18:35:31 - main] [MspMote.java:235] [INFO] - Loading firmware from: /home/drhakanaydin/6tisch-ng-sra-v17-50-60-node-update/6tisch-ng-sra-v17/6tisch-ng-sra/examples/tsch/rpl-udp/border-router-client/border-router-client.exp5438
[18:35:33 - main] [MspMote.java:235] [INFO] - Loading firmware from: /home/drhakanaydin/6tisch-ng-sra-v17-50-60-node-update/6tisch-ng-sra-v17/6tisch-ng-sra/examples/tsch/rpl-udp/border-router-client/border-router-client.exp5438
[18:35:33 - main] [MspMote.java:235] [INFO] - Loading firmware from: /home/drhakanaydin/6tisch-ng-sra-v17-50-60-node-update/6tisch-ng-sra-v17/6tisch-ng-sra/examples/tsch/rpl-udp/border-router-client/border-router-client.exp5438
[18:35:33 - main] [MspMote.java:235] [INFO] - Loading firmware from: /home/drhakanaydin/6tisch-ng-sra-v17-50-60-node-update/6tisch-ng-sra-v17/6tisch-ng-sra/examples/tsch/rpl-udp/border-router-client/border-router-client.exp5438
[18:35:33 - main] [MspMote.java:235] [INFO] - Loading firmware from: /home/drhakanaydin/6tisch-ng-sra-v17-50-60-node-update/6tisch-ng-sra-v17/6tisch-ng-sra/examples/tsch/rpl-udp/border-router-client/border-router-client.exp5438
[18:35:33 - main] [MspMote.java:235] [INFO] - Loading firmware from: /home/drhakanaydin/6tisch-ng-sra-v17-50-60-node-update/6tisch-ng-sra-v17/6tisch-ng-sra/examples/tsch/rpl-udp/border-router-client/border-router-client.exp5438
[18:35:34 - main] [MspMote.java:235] [INFO] - Loading firmware from: /home/drhakanaydin/6tisch-ng-sra-v17-50-60-node-update/6tisch-ng-sra-v17/6tisch-ng-sra/examples/tsch/rpl-udp/border-router-client/border-router-client.exp5438
[18:35:34 - main] [MspMote.java:235] [INFO] - Loading firmware from: /home/drhakanaydin/6tisch-ng-sra-v17-50-60-node-update/6tisch-ng-sra-v17/6tisch-ng-sra/examples/tsch/rpl-udp/border-router-client/border-router-client.exp5438
[18:35:34 - main] [MspMote.java:235] [INFO] - Loading firmware from: /home/drhakanaydin/6tisch-ng-sra-v17-50-60-node-update/6tisch-ng-sra-v17/6tisch-ng-sra/examples/tsch/rpl-udp/border-router-client/border-router-client.exp5438
[18:35:34 - main] [MspMote.java:235] [INFO] - Loading firmware from: /home/drhakanaydin/6tisch-ng-sra-v17-50-60-node-update/6tisch-ng-sra-v17/6tisch-ng-sra/examples/tsch/rpl-udp/border-router-client/border-router-client.exp5438
[18:35:34 - main] [MspMote.java:235] [INFO] - Loading firmware from: /home/drhakanaydin/6tisch-ng-sra-v17-50-60-node-update/6tisch-ng-sra-v17/6tisch-ng-sra/examples/tsch/rpl-udp/border-router-client/border-router-client.exp5438
[18:35:34 - main] [MspMote.java:235] [INFO] - Loading firmware from: /home/drhakanaydin/6tisch-ng-sra-v17-50-60-node-update/6tisch-ng-sra-v17/6tisch-ng-sra/examples/tsch/rpl-udp/border-router-client/border-router-client.exp5438
[18:35:35 - main] [MspMote.java:235] [INFO] - Loading firmware from: /home/drhakanaydin/6tisch-ng-sra-v17-50-60-node-update/6tisch-ng-sra-v17/6tisch-ng-sra/examples/tsch/rpl-udp/border-router-client/border-router-client.exp5438
[18:35:35 - main] [MspMote.java:235] [INFO] - Loading firmware from: /home/drhakanaydin/6tisch-ng-sra-v17-50-60-node-update/6tisch-ng-sra-v17/6tisch-ng-sra/examples/tsch/rpl-udp/border-router-client/border-router-client.exp5438
[18:35:35 - main] [MspMote.java:235] [INFO] - Loading firmware from: /home/drhakanaydin/6tisch-ng-sra-v17-50-60-node-update/6tisch-ng-sra-v17/6tisch-ng-sra/examples/tsch/rpl-udp/border-router-client/border-router-client.exp5438
[18:35:35 - main] [MspMote.java:235] [INFO] - Loading firmware from: /home/drhakanaydin/6tisch-ng-sra-v17-50-60-node-update/6tisch-ng-sra-v17/6tisch-ng-sra/examples/tsch/rpl-udp/border-router-client/border-router-client.exp5438
[18:35:35 - main] [MspMote.java:235] [INFO] - Loading firmware from: /home/drhakanaydin/6tisch-ng-sra-v17-50-60-node-update/6tisch-ng-sra-v17/6tisch-ng-sra/examples/tsch/rpl-udp/border-router-client/border-router-client.exp5438
[18:35:36 - main] [MspMote.java:235] [INFO] - Loading firmware from: /home/drhakanaydin/6tisch-ng-sra-v17-50-60-node-update/6tisch-ng-sra-v17/6tisch-ng-sra/examples/tsch/rpl-udp/border-router-client/border-router-client.exp5438
[18:35:36 - main] [MspMote.java:235] [INFO] - Loading firmware from: /home/drhakanaydin/6tisch-ng-sra-v17-50-60-node-update/6tisch-ng-sra-v17/6tisch-ng-sra/examples/tsch/rpl-udp/border-router-client/border-router-client.exp5438
[18:35:36 - main] [MspMote.java:235] [INFO] - Loading firmware from: /home/drhakanaydin/6tisch-ng-sra-v17-50-60-node-update/6tisch-ng-sra-v17/6tisch-ng-sra/examples/tsch/rpl-udp/border-router-client/border-router-client.exp5438
[18:35:37 - main] [MspMote.java:235] [INFO] - Loading firmware from: /home/drhakanaydin/6tisch-ng-sra-v17-50-60-node-update/6tisch-ng-sra-v17/6tisch-ng-sra/examples/tsch/rpl-udp/border-router-client/border-router-client.exp5438
[18:35:37 - main] [MspMote.java:235] [INFO] - Loading firmware from: /home/drhakanaydin/6tisch-ng-sra-v17-50-60-node-update/6tisch-ng-sra-v17/6tisch-ng-sra/examples/tsch/rpl-udp/border-router-client/border-router-client.exp5438
[18:35:37 - main] [MspMote.java:235] [INFO] - Loading firmware from: /home/drhakanaydin/6tisch-ng-sra-v17-50-60-node-update/6tisch-ng-sra-v17/6tisch-ng-sra/examples/tsch/rpl-udp/border-router-client/border-router-client.exp5438
[18:35:37 - main] [MspMote.java:235] [INFO] - Loading firmware from: /home/drhakanaydin/6tisch-ng-sra-v17-50-60-node-update/6tisch-ng-sra-v17/6tisch-ng-sra/examples/tsch/rpl-udp/border-router-client/border-router-client.exp5438
[18:35:38 - main] [MspMote.java:235] [INFO] - Loading firmware from: /home/drhakanaydin/6tisch-ng-sra-v17-50-60-node-update/6tisch-ng-sra-v17/6tisch-ng-sra/examples/tsch/rpl-udp/border-router-client/border-router-client.exp5438
[18:35:38 - main] [MspMote.java:235] [INFO] - Loading firmware from: /home/drhakanaydin/6tisch-ng-sra-v17-50-60-node-update/6tisch-ng-sra-v17/6tisch-ng-sra/examples/tsch/rpl-udp/border-router-client/border-router-client.exp5438
[18:35:38 - main] [MspMote.java:235] [INFO] - Loading firmware from: /home/drhakanaydin/6tisch-ng-sra-v17-50-60-node-update/6tisch-ng-sra-v17/6tisch-ng-sra/examples/tsch/rpl-udp/border-router-client/border-router-client.exp5438
[18:35:38 - main] [MspMote.java:235] [INFO] - Loading firmware from: /home/drhakanaydin/6tisch-ng-sra-v17-50-60-node-update/6tisch-ng-sra-v17/6tisch-ng-sra/examples/tsch/rpl-udp/border-router-client/border-router-client.exp5438
[18:35:38 - main] [MspMote.java:235] [INFO] - Loading firmware from: /home/drhakanaydin/6tisch-ng-sra-v17-50-60-node-update/6tisch-ng-sra-v17/6tisch-ng-sra/examples/tsch/rpl-udp/border-router-client/border-router-client.exp5438
[18:35:38 - main] [MspMote.java:235] [INFO] - Loading firmware from: /home/drhakanaydin/6tisch-ng-sra-v17-50-60-node-update/6tisch-ng-sra-v17/6tisch-ng-sra/examples/tsch/rpl-udp/border-router-client/border-router-client.exp5438
[18:35:39 - main] [MspMote.java:235] [INFO] - Loading firmware from: /home/drhakanaydin/6tisch-ng-sra-v17-50-60-node-update/6tisch-ng-sra-v17/6tisch-ng-sra/examples/tsch/rpl-udp/border-router-client/border-router-client.exp5438
[18:35:39 - main] [MspMote.java:235] [INFO] - Loading firmware from: /home/drhakanaydin/6tisch-ng-sra-v17-50-60-node-update/6tisch-ng-sra-v17/6tisch-ng-sra/examples/tsch/rpl-udp/border-router-server/border-router-server.exp5438
[18:35:39 - main] [MspMote.java:235] [INFO] - Loading firmware from: /home/drhakanaydin/6tisch-ng-sra-v17-50-60-node-update/6tisch-ng-sra-v17/6tisch-ng-sra/examples/tsch/rpl-udp/border-router-client/border-router-client.exp5438
[18:35:40 - main] [MspMote.java:235] [INFO] - Loading firmware from: /home/drhakanaydin/6tisch-ng-sra-v17-50-60-node-update/6tisch-ng-sra-v17/6tisch-ng-sra/examples/tsch/rpl-udp/border-router-client/border-router-client.exp5438
[18:35:40 - main] [MspMote.java:235] [INFO] - Loading firmware from: /home/drhakanaydin/6tisch-ng-sra-v17-50-60-node-update/6tisch-ng-sra-v17/6tisch-ng-sra/examples/tsch/rpl-udp/border-router-client/border-router-client.exp5438
[18:35:40 - main] [MspMote.java:235] [INFO] - Loading firmware from: /home/drhakanaydin/6tisch-ng-sra-v17-50-60-node-update/6tisch-ng-sra-v17/6tisch-ng-sra/examples/tsch/rpl-udp/border-router-client/border-router-client.exp5438
[18:35:40 - main] [MspMote.java:235] [INFO] - Loading firmware from: /home/drhakanaydin/6tisch-ng-sra-v17-50-60-node-update/6tisch-ng-sra-v17/6tisch-ng-sra/examples/tsch/rpl-udp/border-router-client/border-router-client.exp5438
[18:35:40 - main] [MspMote.java:235] [INFO] - Loading firmware from: /home/drhakanaydin/6tisch-ng-sra-v17-50-60-node-update/6tisch-ng-sra-v17/6tisch-ng-sra/examples/tsch/rpl-udp/border-router-client/border-router-client.exp5438
[18:35:40 - main] [MspMote.java:235] [INFO] - Loading firmware from: /home/drhakanaydin/6tisch-ng-sra-v17-50-60-node-update/6tisch-ng-sra-v17/6tisch-ng-sra/examples/tsch/rpl-udp/border-router-client/border-router-client.exp5438
[18:35:41 - main] [MspMote.java:235] [INFO] - Loading firmware from: /home/drhakanaydin/6tisch-ng-sra-v17-50-60-node-update/6tisch-ng-sra-v17/6tisch-ng-sra/examples/tsch/rpl-udp/border-router-client/border-router-client.exp5438
[18:35:41 - main] [MspMote.java:235] [INFO] - Loading firmware from: /home/drhakanaydin/6tisch-ng-sra-v17-50-60-node-update/6tisch-ng-sra-v17/6tisch-ng-sra/examples/tsch/rpl-udp/border-router-client/border-router-client.exp5438
[18:35:41 - main] [MspMote.java:235] [INFO] - Loading firmware from: /home/drhakanaydin/6tisch-ng-sra-v17-50-60-node-update/6tisch-ng-sra-v17/6tisch-ng-sra/examples/tsch/rpl-udp/border-router-client/border-router-client.exp5438
[18:35:41 - main] [MspMote.java:235] [INFO] - Loading firmware from: /home/drhakanaydin/6tisch-ng-sra-v17-50-60-node-update/6tisch-ng-sra-v17/6tisch-ng-sra/examples/tsch/rpl-udp/border-router-client/border-router-client.exp5438
[18:35:41 - main] [MspMote.java:235] [INFO] - Loading firmware from: /home/drhakanaydin/6tisch-ng-sra-v17-50-60-node-update/6tisch-ng-sra-v17/6tisch-ng-sra/examples/tsch/rpl-udp/border-router-client/border-router-client.exp5438
[18:35:41 - main] [MspMote.java:235] [INFO] - Loading firmware from: /home/drhakanaydin/6tisch-ng-sra-v17-50-60-node-update/6tisch-ng-sra-v17/6tisch-ng-sra/examples/tsch/rpl-udp/border-router-client/border-router-client.exp5438
[18:35:41 - main] [MspMote.java:235] [INFO] - Loading firmware from: /home/drhakanaydin/6tisch-ng-sra-v17-50-60-node-update/6tisch-ng-sra-v17/6tisch-ng-sra/examples/tsch/rpl-udp/border-router-client/border-router-client.exp5438
[18:35:42 - main] [MspMote.java:235] [INFO] - Loading firmware from: /home/drhakanaydin/6tisch-ng-sra-v17-50-60-node-update/6tisch-ng-sra-v17/6tisch-ng-sra/examples/tsch/rpl-udp/border-router-client/border-router-client.exp5438
[18:35:42 - main] [MspMote.java:235] [INFO] - Loading firmware from: /home/drhakanaydin/6tisch-ng-sra-v17-50-60-node-update/6tisch-ng-sra-v17/6tisch-ng-sra/examples/tsch/rpl-udp/border-router-client/border-router-client.exp5438
[18:35:42 - main] [MspMote.java:235] [INFO] - Loading firmware from: /home/drhakanaydin/6tisch-ng-sra-v17-50-60-node-update/6tisch-ng-sra-v17/6tisch-ng-sra/examples/tsch/rpl-udp/border-router-client/border-router-client.exp5438
[18:35:42 - main] [MspMote.java:235] [INFO] - Loading firmware from: /home/drhakanaydin/6tisch-ng-sra-v17-50-60-node-update/6tisch-ng-sra-v17/6tisch-ng-sra/examples/tsch/rpl-udp/border-router-client/border-router-client.exp5438
[18:35:42 - main] [MspMote.java:235] [INFO] - Loading firmware from: /home/drhakanaydin/6tisch-ng-sra-v17-50-60-node-update/6tisch-ng-sra-v17/6tisch-ng-sra/examples/tsch/rpl-udp/border-router-client/border-router-client.exp5438
[18:35:42 - main] [MspMote.java:235] [INFO] - Loading firmware from: /home/drhakanaydin/6tisch-ng-sra-v17-50-60-node-update/6tisch-ng-sra-v17/6tisch-ng-sra/examples/tsch/rpl-udp/border-router-client/border-router-client.exp5438
[18:35:43 - main] [MspMote.java:235] [INFO] - Loading firmware from: /home/drhakanaydin/6tisch-ng-sra-v17-50-60-node-update/6tisch-ng-sra-v17/6tisch-ng-sra/examples/tsch/rpl-udp/border-router-client/border-router-client.exp5438
[18:35:43 - main] [MspMote.java:235] [INFO] - Loading firmware from: /home/drhakanaydin/6tisch-ng-sra-v17-50-60-node-update/6tisch-ng-sra-v17/6tisch-ng-sra/examples/tsch/rpl-udp/border-router-client/border-router-client.exp5438
[18:35:43 - main] [MspMote.java:235] [INFO] - Loading firmware from: /home/drhakanaydin/6tisch-ng-sra-v17-50-60-node-update/6tisch-ng-sra-v17/6tisch-ng-sra/examples/tsch/rpl-udp/border-router-client/border-router-client.exp5438
[18:35:43 - main] [MspMote.java:235] [INFO] - Loading firmware from: /home/drhakanaydin/6tisch-ng-sra-v17-50-60-node-update/6tisch-ng-sra-v17/6tisch-ng-sra/examples/tsch/rpl-udp/border-router-client/border-router-client.exp5438
[18:35:43 - main] [MspMote.java:235] [INFO] - Loading firmware from: /home/drhakanaydin/6tisch-ng-sra-v17-50-60-node-update/6tisch-ng-sra-v17/6tisch-ng-sra/examples/tsch/rpl-udp/border-router-client/border-router-client.exp5438
[18:35:44 - main] [MspMote.java:235] [INFO] - Loading firmware from: /home/drhakanaydin/6tisch-ng-sra-v17-50-60-node-update/6tisch-ng-sra-v17/6tisch-ng-sra/examples/tsch/rpl-udp/border-router-client/border-router-client.exp5438
[18:35:44 - main] [MspMote.java:235] [INFO] - Loading firmware from: /home/drhakanaydin/6tisch-ng-sra-v17-50-60-node-update/6tisch-ng-sra-v17/6tisch-ng-sra/examples/tsch/rpl-udp/border-router-client/border-router-client.exp5438
[18:35:44 - main] [MspMote.java:235] [INFO] - Loading firmware from: /home/drhakanaydin/6tisch-ng-sra-v17-50-60-node-update/6tisch-ng-sra-v17/6tisch-ng-sra/examples/tsch/rpl-udp/border-router-client/border-router-client.exp5438
[18:35:44 - main] [MspMote.java:235] [INFO] - Loading firmware from: /home/drhakanaydin/6tisch-ng-sra-v17-50-60-node-update/6tisch-ng-sra-v17/6tisch-ng-sra/examples/tsch/rpl-udp/border-router-client/border-router-client.exp5438
[18:35:44 - main] [Cooja.java:1782] [INFO] - Visualized plugin was not started: class org.contikios.cooja.plugins.SimControl
[18:35:45 - main] [Cooja.java:1782] [INFO] - Visualized plugin was not started: class org.contikios.cooja.plugins.Visualizer
[18:35:45 - main] [Cooja.java:1782] [INFO] - Visualized plugin was not started: class org.contikios.cooja.plugins.LogListener
[18:35:45 - main] [Cooja.java:1782] [INFO] - Visualized plugin was not started: class org.contikios.cooja.plugins.TimeLine
[18:35:45 - main] [ScriptRunner.java:438] [INFO] - Test script deactivated
[18:35:45 - main] [LogScriptEngine.java:265] [INFO] - Script timeout in 3800000 ms
[18:35:47 - main] [ScriptRunner.java:395] [INFO] - Test script activated
[18:35:47 - Thread-2] [Simulation.java:253] [INFO] - Simulation main loop started, system time: 1790436947060
[18:35:47 - main] [Mobility.java:84] [INFO] - Mobility plugin started at (ms): 78
[18:35:47 - main] [Mobility.java:116] [INFO] - Parsing position file: /home/drhakanaydin/6tisch-ng-sra-v17-50-60-node-update/6tisch-ng-sra-v17/6tisch-ng-sra/tools/cooja/apps/mobility/random60node_low.dat
[18:35:47 - main] [Mobility.java:141] [INFO] - Loaded 3601 positions
[18:44:03 - Thread-2] [LogScriptEngine.java:389] [INFO] - Test script at 5.00%, done in 9425.3 sec
[18:45:37 - Thread-2] [MspMote.java:229] [WARN] - 38: # Watchdog[EXECUTION]: illegal write to WDTCTL (0) from $103ca - reset!!!!
[18:46:29 - Thread-2] [MspMote.java:229] [WARN] - 35: # Watchdog[EXECUTION]: illegal write to WDTCTL (0) from $103ca - reset!!!!
[18:47:22 - Thread-2] [MspMote.java:229] [WARN] - 49: # Watchdog[EXECUTION]: illegal write to WDTCTL (0) from $103ca - reset!!!!
[18:47:36 - Thread-2] [MspMote.java:229] [WARN] - 28: # Watchdog[EXECUTION]: illegal write to WDTCTL (0) from $103ca - reset!!!!
[18:48:14 - Thread-2] [MspMote.java:229] [WARN] - 6: # Watchdog[EXECUTION]: illegal write to WDTCTL (0) from $103ca - reset!!!!
[18:49:15 - Thread-2] [MspMote.java:229] [WARN] - 10: # Watchdog[EXECUTION]: illegal write to WDTCTL (0) from $103ca - reset!!!!
[18:49:15 - Thread-2] [MspMote.java:229] [WARN] - 30: # Watchdog[EXECUTION]: illegal write to WDTCTL (0) from $103ca - reset!!!!
[18:50:30 - Thread-2] [MspMote.java:229] [WARN] - 47: # Watchdog[EXECUTION]: illegal write to WDTCTL (0) from $103ca - reset!!!!
[18:50:53 - Thread-2] [MspMote.java:229] [WARN] - 39: # Watchdog[EXECUTION]: illegal write to WDTCTL (0) from $103ca - reset!!!!
[18:51:28 - Thread-2] [MspMote.java:229] [WARN] - 37: # Watchdog[EXECUTION]: illegal write to WDTCTL (0) from $103ca - reset!!!!
[18:52:03 - Thread-2] [MspMote.java:229] [WARN] - 36: # Watchdog[EXECUTION]: illegal write to WDTCTL (0) from $103ca - reset!!!!
[18:53:04 - Thread-2] [MspMote.java:229] [WARN] - 58: # Watchdog[EXECUTION]: illegal write to WDTCTL (0) from $103ca - reset!!!!
[18:53:07 - Thread-2] [MspMote.java:229] [WARN] - 46: # Watchdog[EXECUTION]: illegal write to WDTCTL (0) from $103ca - reset!!!!
[18:53:08 - Thread-2] [MspMote.java:229] [WARN] - 9: # Watchdog[EXECUTION]: illegal write to WDTCTL (0) from $103ca - reset!!!!
[18:53:26 - Thread-2] [MspMote.java:229] [WARN] - 5: # Watchdog[EXECUTION]: illegal write to WDTCTL (0) from $103ca - reset!!!!
[18:53:31 - Thread-2] [LogScriptEngine.java:389] [INFO] - Test script at 10.00%, done in 9578.5 sec
[18:55:34 - Thread-2] [MspMote.java:229] [WARN] - 17: # Watchdog[EXECUTION]: illegal write to WDTCTL (0) from $103ca - reset!!!!
[18:55:38 - Thread-2] [MspMote.java:229] [WARN] - 24: # Watchdog[EXECUTION]: illegal write to WDTCTL (0) from $103ca - reset!!!!
[18:55:41 - Thread-2] [MspMote.java:229] [WARN] - 27: # Watchdog[EXECUTION]: illegal write to WDTCTL (0) from $103ca - reset!!!!
[18:56:59 - Thread-2] [MspMote.java:229] [WARN] - 1: # Watchdog[EXECUTION]: illegal write to WDTCTL (0) from $103ca - reset!!!!
[18:57:26 - Thread-2] [MspMote.java:229] [WARN] - 55: # Watchdog[EXECUTION]: illegal write to WDTCTL (0) from $103ca - reset!!!!
[18:57:43 - Thread-2] [MspMote.java:229] [WARN] - 56: # Watchdog[EXECUTION]: illegal write to WDTCTL (0) from $103ca - reset!!!!
[18:57:45 - Thread-2] [MspMote.java:229] [WARN] - 38: # Watchdog[EXECUTION]: illegal write to WDTCTL (0) from $103ca - reset!!!!
[18:57:46 - Thread-2] [MspMote.java:229] [WARN] - 48: # Watchdog[EXECUTION]: illegal write to WDTCTL (0) from $103ca - reset!!!!
[18:57:46 - Thread-2] [MspMote.java:229] [WARN] - 8: # Watchdog[EXECUTION]: illegal write to WDTCTL (0) from $103ca - reset!!!!
[18:58:50 - Thread-2] [MspMote.java:229] [WARN] - 3: # Watchdog[EXECUTION]: illegal write to WDTCTL (0) from $103ca - reset!!!!
[18:59:00 - Thread-2] [MspMote.java:229] [WARN] - 35: # Watchdog[EXECUTION]: illegal write to WDTCTL (0) from $103ca - reset!!!!
[19:02:32 - Thread-2] [LogScriptEngine.java:389] [INFO] - Test script at 15.00%, done in 9095.2 sec
[19:03:22 - Thread-2] [MspMote.java:229] [WARN] - 60: # Watchdog[EXECUTION]: illegal write to WDTCTL (0) from $103ca - reset!!!!
[19:03:44 - Thread-2] [MspMote.java:229] [WARN] - 36: # Watchdog[EXECUTION]: illegal write to WDTCTL (0) from $103ca - reset!!!!
[19:04:19 - Thread-2] [MspMote.java:229] [WARN] - 43: # Watchdog[EXECUTION]: illegal write to WDTCTL (0) from $103ca - reset!!!!
[19:05:36 - Thread-2] [MspMote.java:229] [WARN] - 34: # Watchdog[EXECUTION]: illegal write to WDTCTL (0) from $103ca - reset!!!!
[19:06:55 - Thread-2] [MspMote.java:229] [WARN] - 41: # Watchdog[EXECUTION]: illegal write to WDTCTL (0) from $103ca - reset!!!!
[19:06:57 - Thread-2] [MspMote.java:229] [WARN] - 11: # Watchdog[EXECUTION]: illegal write to WDTCTL (0) from $103ca - reset!!!!
[19:06:59 - Thread-2] [MspMote.java:229] [WARN] - 44: # Watchdog[EXECUTION]: illegal write to WDTCTL (0) from $103ca - reset!!!!
[19:07:00 - Thread-2] [MspMote.java:229] [WARN] - 59: # Watchdog[EXECUTION]: illegal write to WDTCTL (0) from $103ca - reset!!!!
[19:08:04 - Thread-2] [MspMote.java:229] [WARN] - 46: # Watchdog[EXECUTION]: illegal write to WDTCTL (0) from $103ca - reset!!!!
[19:08:31 - Thread-2] [MspMote.java:229] [WARN] - 37: # Watchdog[EXECUTION]: illegal write to WDTCTL (0) from $103ca - reset!!!!
[19:08:37 - Thread-2] [MspMote.java:229] [WARN] - 10: # Watchdog[EXECUTION]: illegal write to WDTCTL (0) from $103ca - reset!!!!
[19:08:37 - Thread-2] [MspMote.java:229] [WARN] - 30: # Watchdog[EXECUTION]: illegal write to WDTCTL (0) from $103ca - reset!!!!
[19:08:44 - Thread-2] [MspMote.java:229] [WARN] - 23: # Watchdog[EXECUTION]: illegal write to WDTCTL (0) from $103ca - reset!!!!
[19:08:57 - Thread-2] [MspMote.java:229] [WARN] - 29: # Watchdog[EXECUTION]: illegal write to WDTCTL (0) from $103ca - reset!!!!
[19:09:25 - Thread-2] [MspMote.java:229] [WARN] - 47: # Watchdog[EXECUTION]: illegal write to WDTCTL (0) from $103ca - reset!!!!
[19:09:34 - Thread-2] [MspMote.java:229] [WARN] - 58: # Watchdog[EXECUTION]: illegal write to WDTCTL (0) from $103ca - reset!!!!
[19:10:00 - Thread-2] [MspMote.java:229] [WARN] - 1: # Watchdog[EXECUTION]: illegal write to WDTCTL (0) from $103ca - reset!!!!
[19:10:13 - Thread-2] [MspMote.java:229] [WARN] - 52: # Watchdog[EXECUTION]: illegal write to WDTCTL (0) from $103ca - reset!!!!
[19:10:45 - Thread-2] [MspMote.java:229] [WARN] - 18: # Watchdog[EXECUTION]: illegal write to WDTCTL (0) from $103ca - reset!!!!
[19:11:57 - Thread-2] [LogScriptEngine.java:389] [INFO] - Test script at 20.00%, done in 8681.2 sec
[19:13:01 - Thread-2] [MspMote.java:229] [WARN] - 9: # Watchdog[EXECUTION]: illegal write to WDTCTL (0) from $103ca - reset!!!!
[19:14:20 - Thread-2] [MspMote.java:229] [WARN] - 35: # Watchdog[EXECUTION]: illegal write to WDTCTL (0) from $103ca - reset!!!!
[19:15:02 - Thread-2] [MspMote.java:229] [WARN] - 28: # Watchdog[EXECUTION]: illegal write to WDTCTL (0) from $103ca - reset!!!!
[19:17:53 - Thread-2] [MspMote.java:229] [WARN] - 33: # Watchdog[EXECUTION]: illegal write to WDTCTL (0) from $103ca - reset!!!!
[19:18:18 - Thread-2] [MspMote.java:229] [WARN] - 3: # Watchdog[EXECUTION]: illegal write to WDTCTL (0) from $103ca - reset!!!!
[19:19:23 - Thread-2] [MspMote.java:229] [WARN] - 55: # Watchdog[EXECUTION]: illegal write to WDTCTL (0) from $103ca - reset!!!!
[19:19:41 - Thread-2] [MspMote.java:229] [WARN] - 58: # Watchdog[EXECUTION]: illegal write to WDTCTL (0) from $103ca - reset!!!!
[19:20:47 - Thread-2] [MspMote.java:229] [WARN] - 47: # Watchdog[EXECUTION]: illegal write to WDTCTL (0) from $103ca - reset!!!!
[19:22:27 - Thread-2] [MspMote.java:229] [WARN] - 25: # Watchdog[EXECUTION]: illegal write to WDTCTL (0) from $103ca - reset!!!!
[19:22:31 - Thread-2] [MspMote.java:229] [WARN] - 20: # Watchdog[EXECUTION]: illegal write to WDTCTL (0) from $103ca - reset!!!!
[19:23:53 - Thread-2] [LogScriptEngine.java:389] [INFO] - Test script at 25.00%, done in 8658.4 sec
[19:27:12 - Thread-2] [MspMote.java:229] [WARN] - 33: # Watchdog[EXECUTION]: illegal write to WDTCTL (0) from $103ca - reset!!!!
[19:27:16 - Thread-2] [MspMote.java:229] [WARN] - 30: # Watchdog[EXECUTION]: illegal write to WDTCTL (0) from $103ca - reset!!!!
[19:27:20 - Thread-2] [MspMote.java:229] [WARN] - 10: # Watchdog[EXECUTION]: illegal write to WDTCTL (0) from $103ca - reset!!!!
[19:28:01 - Thread-2] [MspMote.java:229] [WARN] - 46: # Watchdog[EXECUTION]: illegal write to WDTCTL (0) from $103ca - reset!!!!
[19:30:10 - Thread-2] [MspMote.java:229] [WARN] - 47: # Watchdog[EXECUTION]: illegal write to WDTCTL (0) from $103ca - reset!!!!
[19:30:33 - Thread-2] [MspMote.java:229] [WARN] - 41: # Watchdog[EXECUTION]: illegal write to WDTCTL (0) from $103ca - reset!!!!
[19:30:55 - Thread-2] [MspMote.java:229] [WARN] - 3: # Watchdog[EXECUTION]: illegal write to WDTCTL (0) from $103ca - reset!!!!
[19:32:51 - Thread-2] [MspMote.java:229] [WARN] - 11: # Watchdog[EXECUTION]: illegal write to WDTCTL (0) from $103ca - reset!!!!
[19:36:41 - Thread-2] [MspMote.java:229] [WARN] - 22: # Watchdog[EXECUTION]: illegal write to WDTCTL (0) from $103ca - reset!!!!
[19:36:52 - Thread-2] [MspMote.java:229] [WARN] - 55: # Watchdog[EXECUTION]: illegal write to WDTCTL (0) from $103ca - reset!!!!
[19:37:01 - Thread-2] [MspMote.java:229] [WARN] - 20: # Watchdog[EXECUTION]: illegal write to WDTCTL (0) from $103ca - reset!!!!
[19:37:03 - Thread-2] [LogScriptEngine.java:389] [INFO] - Test script at 30.00%, done in 8578.9 sec
[19:39:28 - Thread-2] [MspMote.java:229] [WARN] - 41: # Watchdog[EXECUTION]: illegal write to WDTCTL (0) from $103ca - reset!!!!
[19:40:09 - Thread-2] [MspMote.java:229] [WARN] - 3: # Watchdog[EXECUTION]: illegal write to WDTCTL (0) from $103ca - reset!!!!
[19:40:23 - Thread-2] [MspMote.java:229] [WARN] - 54: # Watchdog[EXECUTION]: illegal write to WDTCTL (0) from $103ca - reset!!!!
[19:40:28 - Thread-2] [MspMote.java:229] [WARN] - 44: # Watchdog[EXECUTION]: illegal write to WDTCTL (0) from $103ca - reset!!!!
[19:40:32 - Thread-2] [MspMote.java:229] [WARN] - 47: # Watchdog[EXECUTION]: illegal write to WDTCTL (0) from $103ca - reset!!!!
[19:42:41 - Thread-2] [MspMote.java:229] [WARN] - 24: # Watchdog[EXECUTION]: illegal write to WDTCTL (0) from $103ca - reset!!!!
[19:45:30 - Thread-2] [MspMote.java:229] [WARN] - 18: # Watchdog[EXECUTION]: illegal write to WDTCTL (0) from $103ca - reset!!!!
[19:46:02 - Thread-2] [MspMote.java:229] [WARN] - 22: # Watchdog[EXECUTION]: illegal write to WDTCTL (0) from $103ca - reset!!!!
[19:47:05 - Thread-2] [MspMote.java:229] [WARN] - 19: # Watchdog[EXECUTION]: illegal write to WDTCTL (0) from $103ca - reset!!!!
[19:47:08 - Thread-2] [MspMote.java:229] [WARN] - 54: # Watchdog[EXECUTION]: illegal write to WDTCTL (0) from $103ca - reset!!!!
[19:47:09 - Thread-2] [MspMote.java:229] [WARN] - 29: # Watchdog[EXECUTION]: illegal write to WDTCTL (0) from $103ca - reset!!!!
[19:50:29 - Thread-2] [LogScriptEngine.java:389] [INFO] - Test script at 35.00%, done in 8324.5 sec
[19:50:57 - Thread-2] [MspMote.java:229] [WARN] - 41: # Watchdog[EXECUTION]: illegal write to WDTCTL (0) from $103ca - reset!!!!
[19:52:02 - Thread-2] [MspMote.java:229] [WARN] - 58: # Watchdog[EXECUTION]: illegal write to WDTCTL (0) from $103ca - reset!!!!
[19:53:29 - Thread-2] [MspMote.java:229] [WARN] - 9: # Watchdog[EXECUTION]: illegal write to WDTCTL (0) from $103ca - reset!!!!
[19:54:27 - Thread-2] [MspMote.java:229] [WARN] - 52: # Watchdog[EXECUTION]: illegal write to WDTCTL (0) from $103ca - reset!!!!
[19:55:00 - Thread-2] [MspMote.java:229] [WARN] - 60: # Watchdog[EXECUTION]: illegal write to WDTCTL (0) from $103ca - reset!!!!
[19:56:13 - Thread-2] [MspMote.java:229] [WARN] - 46: # Watchdog[EXECUTION]: illegal write to WDTCTL (0) from $103ca - reset!!!!
[19:56:16 - Thread-2] [MspMote.java:229] [WARN] - 45: # Watchdog[EXECUTION]: illegal write to WDTCTL (0) from $103ca - reset!!!!
[19:56:39 - Thread-2] [MspMote.java:229] [WARN] - 51: # Watchdog[EXECUTION]: illegal write to WDTCTL (0) from $103ca - reset!!!!
[19:57:06 - Thread-2] [MspMote.java:229] [WARN] - 20: # Watchdog[EXECUTION]: illegal write to WDTCTL (0) from $103ca - reset!!!!
[19:57:25 - Thread-2] [MspMote.java:229] [WARN] - 17: # Watchdog[EXECUTION]: illegal write to WDTCTL (0) from $103ca - reset!!!!
[19:58:24 - Thread-2] [MspMote.java:229] [WARN] - 59: # Watchdog[EXECUTION]: illegal write to WDTCTL (0) from $103ca - reset!!!!
[19:58:54 - Thread-2] [MspMote.java:229] [WARN] - 11: # Watchdog[EXECUTION]: illegal write to WDTCTL (0) from $103ca - reset!!!!
[20:00:57 - Thread-2] [MspMote.java:229] [WARN] - 54: # Watchdog[EXECUTION]: illegal write to WDTCTL (0) from $103ca - reset!!!!
[20:02:46 - Thread-2] [MspMote.java:229] [WARN] - 20: # Watchdog[EXECUTION]: illegal write to WDTCTL (0) from $103ca - reset!!!!
[20:04:18 - Thread-2] [LogScriptEngine.java:389] [INFO] - Test script at 40.00%, done in 7967.0 sec
[20:04:38 - Thread-2] [MspMote.java:229] [WARN] - 8: # Watchdog[EXECUTION]: illegal write to WDTCTL (0) from $103ca - reset!!!!
[20:05:21 - Thread-2] [MspMote.java:229] [WARN] - 40: # Watchdog[EXECUTION]: illegal write to WDTCTL (0) from $103ca - reset!!!!
[20:05:33 - Thread-2] [MspMote.java:229] [WARN] - 16: # Watchdog[EXECUTION]: illegal write to WDTCTL (0) from $103ca - reset!!!!
[20:06:32 - Thread-2] [MspMote.java:229] [WARN] - 22: # Watchdog[EXECUTION]: illegal write to WDTCTL (0) from $103ca - reset!!!!
[20:06:50 - Thread-2] [MspMote.java:229] [WARN] - 15: # Watchdog[EXECUTION]: illegal write to WDTCTL (0) from $103ca - reset!!!!
[20:07:40 - Thread-2] [MspMote.java:229] [WARN] - 31: # Watchdog[EXECUTION]: illegal write to WDTCTL (0) from $103ca - reset!!!!
[20:08:18 - Thread-2] [MspMote.java:229] [WARN] - 3: # Watchdog[EXECUTION]: illegal write to WDTCTL (0) from $103ca - reset!!!!
[20:09:16 - Thread-2] [MspMote.java:229] [WARN] - 2: # Watchdog[EXECUTION]: illegal write to WDTCTL (0) from $103ca - reset!!!!
[20:09:58 - Thread-2] [MspMote.java:229] [WARN] - 42: # Watchdog[EXECUTION]: illegal write to WDTCTL (0) from $103ca - reset!!!!
[20:10:00 - Thread-2] [MspMote.java:229] [WARN] - 50: # Watchdog[EXECUTION]: illegal write to WDTCTL (0) from $103ca - reset!!!!
[20:11:17 - Thread-2] [MspMote.java:229] [WARN] - 7: # Watchdog[EXECUTION]: illegal write to WDTCTL (0) from $103ca - reset!!!!
[20:11:40 - Thread-2] [MspMote.java:229] [WARN] - 49: # Watchdog[EXECUTION]: illegal write to WDTCTL (0) from $103ca - reset!!!!
[20:12:00 - Thread-2] [MspMote.java:229] [WARN] - 6: # Watchdog[EXECUTION]: illegal write to WDTCTL (0) from $103ca - reset!!!!
[20:12:02 - Thread-2] [MspMote.java:229] [WARN] - 58: # Watchdog[EXECUTION]: illegal write to WDTCTL (0) from $103ca - reset!!!!
[20:12:03 - Thread-2] [MspMote.java:229] [WARN] - 40: # Watchdog[EXECUTION]: illegal write to WDTCTL (0) from $103ca - reset!!!!
[20:12:08 - Thread-2] [MspMote.java:229] [WARN] - 33: # Watchdog[EXECUTION]: illegal write to WDTCTL (0) from $103ca - reset!!!!
[20:12:09 - Thread-2] [MspMote.java:229] [WARN] - 51: # Watchdog[EXECUTION]: illegal write to WDTCTL (0) from $103ca - reset!!!!
[20:12:12 - Thread-2] [MspMote.java:229] [WARN] - 23: # Watchdog[EXECUTION]: illegal write to WDTCTL (0) from $103ca - reset!!!!
[20:12:28 - Thread-2] [MspMote.java:229] [WARN] - 44: # Watchdog[EXECUTION]: illegal write to WDTCTL (0) from $103ca - reset!!!!
[20:12:28 - Thread-2] [MspMote.java:229] [WARN] - 59: # Watchdog[EXECUTION]: illegal write to WDTCTL (0) from $103ca - reset!!!!
[20:12:50 - Thread-2] [MspMote.java:229] [WARN] - 57: # Watchdog[EXECUTION]: illegal write to WDTCTL (0) from $103ca - reset!!!!
[20:12:53 - Thread-2] [MspMote.java:229] [WARN] - 45: # Watchdog[EXECUTION]: illegal write to WDTCTL (0) from $103ca - reset!!!!
[20:12:56 - Thread-2] [MspMote.java:229] [WARN] - 53: # Watchdog[EXECUTION]: illegal write to WDTCTL (0) from $103ca - reset!!!!
[20:13:03 - Thread-2] [MspMote.java:229] [WARN] - 29: # Watchdog[EXECUTION]: illegal write to WDTCTL (0) from $103ca - reset!!!!
[20:13:10 - Thread-2] [MspMote.java:229] [WARN] - 19: # Watchdog[EXECUTION]: illegal write to WDTCTL (0) from $103ca - reset!!!!
[20:13:21 - Thread-2] [MspMote.java:229] [WARN] - 25: # Watchdog[EXECUTION]: illegal write to WDTCTL (0) from $103ca - reset!!!!
[20:14:01 - Thread-2] [MspMote.java:229] [WARN] - 48: # Watchdog[EXECUTION]: illegal write to WDTCTL (0) from $103ca - reset!!!!
[20:14:04 - Thread-2] [MspMote.java:229] [WARN] - 13: # Watchdog[EXECUTION]: illegal write to WDTCTL (0) from $103ca - reset!!!!
[20:14:10 - Thread-2] [MspMote.java:229] [WARN] - 21: # Watchdog[EXECUTION]: illegal write to WDTCTL (0) from $103ca - reset!!!!
[20:14:16 - Thread-2] [MspMote.java:229] [WARN] - 26: # Watchdog[EXECUTION]: illegal write to WDTCTL (0) from $103ca - reset!!!!
[20:14:37 - Thread-2] [MspMote.java:229] [WARN] - 60: # Watchdog[EXECUTION]: illegal write to WDTCTL (0) from $103ca - reset!!!!
[20:14:38 - Thread-2] [MspMote.java:229] [WARN] - 14: # Watchdog[EXECUTION]: illegal write to WDTCTL (0) from $103ca - reset!!!!
[20:15:30 - Thread-2] [MspMote.java:229] [WARN] - 54: # Watchdog[EXECUTION]: illegal write to WDTCTL (0) from $103ca - reset!!!!
[20:15:57 - Thread-2] [MspMote.java:229] [WARN] - 36: # Watchdog[EXECUTION]: illegal write to WDTCTL (0) from $103ca - reset!!!!
[20:16:09 - Thread-2] [MspMote.java:229] [WARN] - 38: # Watchdog[EXECUTION]: illegal write to WDTCTL (0) from $103ca - reset!!!!
[20:16:29 - Thread-2] [LogScriptEngine.java:389] [INFO] - Test script at 45.00%, done in 7384.6 sec
[20:16:47 - Thread-2] [MspMote.java:229] [WARN] - 16: # Watchdog[EXECUTION]: illegal write to WDTCTL (0) from $103ca - reset!!!!
[20:16:49 - Thread-2] [MspMote.java:229] [WARN] - 28: # Watchdog[EXECUTION]: illegal write to WDTCTL (0) from $103ca - reset!!!!
[20:17:06 - Thread-2] [MspMote.java:229] [WARN] - 12: # Watchdog[EXECUTION]: illegal write to WDTCTL (0) from $103ca - reset!!!!
[20:17:14 - Thread-2] [MspMote.java:229] [WARN] - 39: # Watchdog[EXECUTION]: illegal write to WDTCTL (0) from $103ca - reset!!!!
[20:17:18 - Thread-2] [MspMote.java:229] [WARN] - 56: # Watchdog[EXECUTION]: illegal write to WDTCTL (0) from $103ca - reset!!!!
[20:17:30 - Thread-2] [MspMote.java:229] [WARN] - 41: # Watchdog[EXECUTION]: illegal write to WDTCTL (0) from $103ca - reset!!!!
[20:18:25 - Thread-2] [MspMote.java:229] [WARN] - 47: # Watchdog[EXECUTION]: illegal write to WDTCTL (0) from $103ca - reset!!!!
[20:18:39 - Thread-2] [MspMote.java:229] [WARN] - 31: # Watchdog[EXECUTION]: illegal write to WDTCTL (0) from $103ca - reset!!!!
[20:18:51 - Thread-2] [MspMote.java:229] [WARN] - 48: # Watchdog[EXECUTION]: illegal write to WDTCTL (0) from $103ca - reset!!!!
[20:19:02 - Thread-2] [MspMote.java:229] [WARN] - 53: # Watchdog[EXECUTION]: illegal write to WDTCTL (0) from $103ca - reset!!!!
[20:19:12 - Thread-2] [MspMote.java:229] [WARN] - 8: # Watchdog[EXECUTION]: illegal write to WDTCTL (0) from $103ca - reset!!!!
[20:19:19 - Thread-2] [MspMote.java:229] [WARN] - 61: # Watchdog[EXECUTION]: illegal write to WDTCTL (0) from $103ca - reset!!!!
[20:19:26 - Thread-2] [MspMote.java:229] [WARN] - 35: # Watchdog[EXECUTION]: illegal write to WDTCTL (0) from $103ca - reset!!!!
[20:19:29 - Thread-2] [MspMote.java:229] [WARN] - 52: # Watchdog[EXECUTION]: illegal write to WDTCTL (0) from $103ca - reset!!!!
[20:19:40 - Thread-2] [MspMote.java:229] [WARN] - 30: # Watchdog[EXECUTION]: illegal write to WDTCTL (0) from $103ca - reset!!!!
[20:20:00 - Thread-2] [MspMote.java:229] [WARN] - 36: # Watchdog[EXECUTION]: illegal write to WDTCTL (0) from $103ca - reset!!!!
[20:20:02 - Thread-2] [MspMote.java:229] [WARN] - 58: # Watchdog[EXECUTION]: illegal write to WDTCTL (0) from $103ca - reset!!!!
[20:20:02 - Thread-2] [MspMote.java:229] [WARN] - 60: # Watchdog[EXECUTION]: illegal write to WDTCTL (0) from $103ca - reset!!!!
[20:20:13 - Thread-2] [MspMote.java:229] [WARN] - 1: # Watchdog[EXECUTION]: illegal write to WDTCTL (0) from $103ca - reset!!!!
[20:20:17 - Thread-2] [MspMote.java:229] [WARN] - 7: # Watchdog[EXECUTION]: illegal write to WDTCTL (0) from $103ca - reset!!!!
[20:20:18 - Thread-2] [MspMote.java:229] [WARN] - 4: # Watchdog[EXECUTION]: illegal write to WDTCTL (0) from $103ca - reset!!!!
[20:20:51 - Thread-2] [MspMote.java:229] [WARN] - 34: # Watchdog[EXECUTION]: illegal write to WDTCTL (0) from $103ca - reset!!!!
[20:21:03 - Thread-2] [MspMote.java:229] [WARN] - 41: # Watchdog[EXECUTION]: illegal write to WDTCTL (0) from $103ca - reset!!!!
[20:21:59 - Thread-2] [MspMote.java:229] [WARN] - 9: # Watchdog[EXECUTION]: illegal write to WDTCTL (0) from $103ca - reset!!!!
[20:22:08 - Thread-2] [MspMote.java:229] [WARN] - 40: # Watchdog[EXECUTION]: illegal write to WDTCTL (0) from $103ca - reset!!!!
[20:22:25 - Thread-2] [MspMote.java:229] [WARN] - 5: # Watchdog[EXECUTION]: illegal write to WDTCTL (0) from $103ca - reset!!!!
[20:22:43 - Thread-2] [MspMote.java:229] [WARN] - 54: # Watchdog[EXECUTION]: illegal write to WDTCTL (0) from $103ca - reset!!!!
[20:22:48 - Thread-2] [MspMote.java:229] [WARN] - 10: # Watchdog[EXECUTION]: illegal write to WDTCTL (0) from $103ca - reset!!!!
[20:22:50 - Thread-2] [MspMote.java:229] [WARN] - 51: # Watchdog[EXECUTION]: illegal write to WDTCTL (0) from $103ca - reset!!!!
[20:22:54 - Thread-2] [MspMote.java:229] [WARN] - 46: # Watchdog[EXECUTION]: illegal write to WDTCTL (0) from $103ca - reset!!!!
[20:22:54 - Thread-2] [MspMote.java:229] [WARN] - 45: # Watchdog[EXECUTION]: illegal write to WDTCTL (0) from $103ca - reset!!!!
[20:22:55 - Thread-2] [MspMote.java:229] [WARN] - 50: # Watchdog[EXECUTION]: illegal write to WDTCTL (0) from $103ca - reset!!!!
[20:22:57 - Thread-2] [MspMote.java:229] [WARN] - 25: # Watchdog[EXECUTION]: illegal write to WDTCTL (0) from $103ca - reset!!!!
[20:23:19 - Thread-2] [MspMote.java:229] [WARN] - 57: # Watchdog[EXECUTION]: illegal write to WDTCTL (0) from $103ca - reset!!!!
[20:23:20 - Thread-2] [MspMote.java:229] [WARN] - 21: # Watchdog[EXECUTION]: illegal write to WDTCTL (0) from $103ca - reset!!!!
[20:23:28 - Thread-2] [MspMote.java:229] [WARN] - 37: # Watchdog[EXECUTION]: illegal write to WDTCTL (0) from $103ca - reset!!!!
[20:23:53 - Thread-2] [MspMote.java:229] [WARN] - 52: # Watchdog[EXECUTION]: illegal write to WDTCTL (0) from $103ca - reset!!!!
[20:23:53 - Thread-2] [LogScriptEngine.java:389] [INFO] - Test script at 50.00%, done in 6486.9 sec
[20:24:14 - Thread-2] [MspMote.java:229] [WARN] - 18: # Watchdog[EXECUTION]: illegal write to WDTCTL (0) from $103ca - reset!!!!
[20:24:43 - Thread-2] [MspMote.java:229] [WARN] - 16: # Watchdog[EXECUTION]: illegal write to WDTCTL (0) from $103ca - reset!!!!
[20:24:44 - Thread-2] [MspMote.java:229] [WARN] - 59: # Watchdog[EXECUTION]: illegal write to WDTCTL (0) from $103ca - reset!!!!
[20:24:50 - Thread-2] [MspMote.java:229] [WARN] - 33: # Watchdog[EXECUTION]: illegal write to WDTCTL (0) from $103ca - reset!!!!
[20:24:53 - Thread-2] [MspMote.java:229] [WARN] - 4: # Watchdog[EXECUTION]: illegal write to WDTCTL (0) from $103ca - reset!!!!
[20:24:55 - Thread-2] [MspMote.java:229] [WARN] - 47: # Watchdog[EXECUTION]: illegal write to WDTCTL (0) from $103ca - reset!!!!
[20:25:07 - Thread-2] [MspMote.java:229] [WARN] - 24: # Watchdog[EXECUTION]: illegal write to WDTCTL (0) from $103ca - reset!!!!
[20:25:40 - Thread-2] [MspMote.java:229] [WARN] - 23: # Watchdog[EXECUTION]: illegal write to WDTCTL (0) from $103ca - reset!!!!
[20:26:38 - Thread-2] [MspMote.java:229] [WARN] - 27: # Watchdog[EXECUTION]: illegal write to WDTCTL (0) from $103ca - reset!!!!
[20:26:38 - Thread-2] [MspMote.java:229] [WARN] - 46: # Watchdog[EXECUTION]: illegal write to WDTCTL (0) from $103ca - reset!!!!
[20:26:38 - Thread-2] [MspMote.java:229] [WARN] - 39: # Watchdog[EXECUTION]: illegal write to WDTCTL (0) from $103ca - reset!!!!
[20:26:41 - Thread-2] [MspMote.java:229] [WARN] - 51: # Watchdog[EXECUTION]: illegal write to WDTCTL (0) from $103ca - reset!!!!
[20:26:45 - Thread-2] [MspMote.java:229] [WARN] - 60: # Watchdog[EXECUTION]: illegal write to WDTCTL (0) from $103ca - reset!!!!
[20:26:55 - Thread-2] [MspMote.java:229] [WARN] - 19: # Watchdog[EXECUTION]: illegal write to WDTCTL (0) from $103ca - reset!!!!
[20:27:21 - Thread-2] [MspMote.java:229] [WARN] - 28: # Watchdog[EXECUTION]: illegal write to WDTCTL (0) from $103ca - reset!!!!
[20:27:21 - Thread-2] [MspMote.java:229] [WARN] - 36: # Watchdog[EXECUTION]: illegal write to WDTCTL (0) from $103ca - reset!!!!
[20:28:01 - Thread-2] [MspMote.java:229] [WARN] - 18: # Watchdog[EXECUTION]: illegal write to WDTCTL (0) from $103ca - reset!!!!
[20:28:58 - Thread-2] [MspMote.java:229] [WARN] - 1: # Watchdog[EXECUTION]: illegal write to WDTCTL (0) from $103ca - reset!!!!
[20:28:58 - Thread-2] [MspMote.java:229] [WARN] - 44: # Watchdog[EXECUTION]: illegal write to WDTCTL (0) from $103ca - reset!!!!
[20:29:21 - Thread-2] [MspMote.java:229] [WARN] - 50: # Watchdog[EXECUTION]: illegal write to WDTCTL (0) from $103ca - reset!!!!
[20:29:39 - Thread-2] [MspMote.java:229] [WARN] - 54: # Watchdog[EXECUTION]: illegal write to WDTCTL (0) from $103ca - reset!!!!
[20:29:54 - Thread-2] [LogScriptEngine.java:389] [INFO] - Test script at 55.00%, done in 5602.6 sec
[20:30:05 - Thread-2] [MspMote.java:229] [WARN] - 10: # Watchdog[EXECUTION]: illegal write to WDTCTL (0) from $103ca - reset!!!!
[20:30:29 - Thread-2] [MspMote.java:229] [WARN] - 59: # Watchdog[EXECUTION]: illegal write to WDTCTL (0) from $103ca - reset!!!!
[20:30:30 - Thread-2] [MspMote.java:229] [WARN] - 30: # Watchdog[EXECUTION]: illegal write to WDTCTL (0) from $103ca - reset!!!!
[20:30:36 - Thread-2] [MspMote.java:229] [WARN] - 40: # Watchdog[EXECUTION]: illegal write to WDTCTL (0) from $103ca - reset!!!!
[20:30:36 - Thread-2] [MspMote.java:229] [WARN] - 60: # Watchdog[EXECUTION]: illegal write to WDTCTL (0) from $103ca - reset!!!!
[20:30:42 - Thread-2] [MspMote.java:229] [WARN] - 52: # Watchdog[EXECUTION]: illegal write to WDTCTL (0) from $103ca - reset!!!!
[20:31:14 - Thread-2] [MspMote.java:229] [WARN] - 29: # Watchdog[EXECUTION]: illegal write to WDTCTL (0) from $103ca - reset!!!!
[20:31:53 - Thread-2] [MspMote.java:229] [WARN] - 58: # Watchdog[EXECUTION]: illegal write to WDTCTL (0) from $103ca - reset!!!!
[20:31:55 - Thread-2] [MspMote.java:229] [WARN] - 34: # Watchdog[EXECUTION]: illegal write to WDTCTL (0) from $103ca - reset!!!!
[20:32:10 - Thread-2] [MspMote.java:229] [WARN] - 46: # Watchdog[EXECUTION]: illegal write to WDTCTL (0) from $103ca - reset!!!!
[20:32:18 - Thread-2] [MspMote.java:229] [WARN] - 16: # Watchdog[EXECUTION]: illegal write to WDTCTL (0) from $103ca - reset!!!!
[20:32:23 - Thread-2] [MspMote.java:229] [WARN] - 7: # Watchdog[EXECUTION]: illegal write to WDTCTL (0) from $103ca - reset!!!!
[20:32:48 - Thread-2] [MspMote.java:229] [WARN] - 18: # Watchdog[EXECUTION]: illegal write to WDTCTL (0) from $103ca - reset!!!!
[20:33:22 - Thread-2] [MspMote.java:229] [WARN] - 37: # Watchdog[EXECUTION]: illegal write to WDTCTL (0) from $103ca - reset!!!!
[20:33:23 - Thread-2] [MspMote.java:229] [WARN] - 51: # Watchdog[EXECUTION]: illegal write to WDTCTL (0) from $103ca - reset!!!!
[20:33:33 - Thread-2] [MspMote.java:229] [WARN] - 9: # Watchdog[EXECUTION]: illegal write to WDTCTL (0) from $103ca - reset!!!!
[20:33:34 - Thread-2] [MspMote.java:229] [WARN] - 24: # Watchdog[EXECUTION]: illegal write to WDTCTL (0) from $103ca - reset!!!!
[20:33:37 - Thread-2] [MspMote.java:229] [WARN] - 60: # Watchdog[EXECUTION]: illegal write to WDTCTL (0) from $103ca - reset!!!!
[20:33:53 - Thread-2] [MspMote.java:229] [WARN] - 34: # Watchdog[EXECUTION]: illegal write to WDTCTL (0) from $103ca - reset!!!!
[20:35:25 - Thread-2] [MspMote.java:229] [WARN] - 33: # Watchdog[EXECUTION]: illegal write to WDTCTL (0) from $103ca - reset!!!!
[20:35:25 - Thread-2] [MspMote.java:229] [WARN] - 59: # Watchdog[EXECUTION]: illegal write to WDTCTL (0) from $103ca - reset!!!!
[20:35:26 - Thread-2] [MspMote.java:229] [WARN] - 58: # Watchdog[EXECUTION]: illegal write to WDTCTL (0) from $103ca - reset!!!!
[20:35:27 - Thread-2] [MspMote.java:229] [WARN] - 44: # Watchdog[EXECUTION]: illegal write to WDTCTL (0) from $103ca - reset!!!!
[20:35:27 - Thread-2] [MspMote.java:229] [WARN] - 30: # Watchdog[EXECUTION]: illegal write to WDTCTL (0) from $103ca - reset!!!!
[20:35:45 - Thread-2] [MspMote.java:229] [WARN] - 4: # Watchdog[EXECUTION]: illegal write to WDTCTL (0) from $103ca - reset!!!!
[20:35:48 - Thread-2] [MspMote.java:229] [WARN] - 9: # Watchdog[EXECUTION]: illegal write to WDTCTL (0) from $103ca - reset!!!!
[20:35:48 - Thread-2] [MspMote.java:229] [WARN] - 20: # Watchdog[EXECUTION]: illegal write to WDTCTL (0) from $103ca - reset!!!!
[20:35:49 - Thread-2] [MspMote.java:229] [WARN] - 52: # Watchdog[EXECUTION]: illegal write to WDTCTL (0) from $103ca - reset!!!!
[20:35:49 - Thread-2] [MspMote.java:229] [WARN] - 51: # Watchdog[EXECUTION]: illegal write to WDTCTL (0) from $103ca - reset!!!!
[20:35:50 - Thread-2] [MspMote.java:229] [WARN] - 10: # Watchdog[EXECUTION]: illegal write to WDTCTL (0) from $103ca - reset!!!!
[20:35:50 - Thread-2] [MspMote.java:229] [WARN] - 53: # Watchdog[EXECUTION]: illegal write to WDTCTL (0) from $103ca - reset!!!!
[20:35:54 - Thread-2] [MspMote.java:229] [WARN] - 21: # Watchdog[EXECUTION]: illegal write to WDTCTL (0) from $103ca - reset!!!!
[20:35:58 - Thread-2] [LogScriptEngine.java:389] [INFO] - Test script at 60.00%, done in 4807.9 sec
[20:36:02 - Thread-2] [MspMote.java:229] [WARN] - 37: # Watchdog[EXECUTION]: illegal write to WDTCTL (0) from $103ca - reset!!!!
[20:36:03 - Thread-2] [MspMote.java:229] [WARN] - 28: # Watchdog[EXECUTION]: illegal write to WDTCTL (0) from $103ca - reset!!!!
[20:36:12 - Thread-2] [MspMote.java:229] [WARN] - 47: # Watchdog[EXECUTION]: illegal write to WDTCTL (0) from $103ca - reset!!!!
[20:36:12 - Thread-2] [MspMote.java:229] [WARN] - 19: # Watchdog[EXECUTION]: illegal write to WDTCTL (0) from $103ca - reset!!!!
[20:36:13 - Thread-2] [MspMote.java:229] [WARN] - 45: # Watchdog[EXECUTION]: illegal write to WDTCTL (0) from $103ca - reset!!!!
[20:36:40 - Thread-2] [MspMote.java:229] [WARN] - 57: # Watchdog[EXECUTION]: illegal write to WDTCTL (0) from $103ca - reset!!!!
[20:36:57 - Thread-2] [MspMote.java:229] [WARN] - 49: # Watchdog[EXECUTION]: illegal write to WDTCTL (0) from $103ca - reset!!!!
[20:37:00 - Thread-2] [MspMote.java:229] [WARN] - 8: # Watchdog[EXECUTION]: illegal write to WDTCTL (0) from $103ca - reset!!!!
[20:37:03 - Thread-2] [MspMote.java:229] [WARN] - 12: # Watchdog[EXECUTION]: illegal write to WDTCTL (0) from $103ca - reset!!!!
[20:37:04 - Thread-2] [MspMote.java:229] [WARN] - 38: # Watchdog[EXECUTION]: illegal write to WDTCTL (0) from $103ca - reset!!!!
[20:37:13 - Thread-2] [MspMote.java:229] [WARN] - 36: # Watchdog[EXECUTION]: illegal write to WDTCTL (0) from $103ca - reset!!!!
[20:37:24 - Thread-2] [MspMote.java:229] [WARN] - 29: # Watchdog[EXECUTION]: illegal write to WDTCTL (0) from $103ca - reset!!!!
[20:37:49 - Thread-2] [MspMote.java:229] [WARN] - 22: # Watchdog[EXECUTION]: illegal write to WDTCTL (0) from $103ca - reset!!!!
[20:38:28 - Thread-2] [MspMote.java:229] [WARN] - 39: # Watchdog[EXECUTION]: illegal write to WDTCTL (0) from $103ca - reset!!!!
[20:38:38 - Thread-2] [MspMote.java:229] [WARN] - 41: # Watchdog[EXECUTION]: illegal write to WDTCTL (0) from $103ca - reset!!!!
[20:38:43 - Thread-2] [MspMote.java:229] [WARN] - 13: # Watchdog[EXECUTION]: illegal write to WDTCTL (0) from $103ca - reset!!!!
[20:38:44 - Thread-2] [MspMote.java:229] [WARN] - 31: # Watchdog[EXECUTION]: illegal write to WDTCTL (0) from $103ca - reset!!!!
[20:38:46 - Thread-2] [MspMote.java:229] [WARN] - 35: # Watchdog[EXECUTION]: illegal write to WDTCTL (0) from $103ca - reset!!!!
[20:38:47 - Thread-2] [MspMote.java:229] [WARN] - 14: # Watchdog[EXECUTION]: illegal write to WDTCTL (0) from $103ca - reset!!!!
[20:38:47 - Thread-2] [MspMote.java:229] [WARN] - 18: # Watchdog[EXECUTION]: illegal write to WDTCTL (0) from $103ca - reset!!!!
[20:38:50 - Thread-2] [MspMote.java:229] [WARN] - 56: # Watchdog[EXECUTION]: illegal write to WDTCTL (0) from $103ca - reset!!!!
[20:38:58 - Thread-2] [MspMote.java:229] [WARN] - 3: # Watchdog[EXECUTION]: illegal write to WDTCTL (0) from $103ca - reset!!!!
[20:39:03 - Thread-2] [MspMote.java:229] [WARN] - 45: # Watchdog[EXECUTION]: illegal write to WDTCTL (0) from $103ca - reset!!!!
[20:39:12 - Thread-2] [MspMote.java:229] [WARN] - 54: # Watchdog[EXECUTION]: illegal write to WDTCTL (0) from $103ca - reset!!!!
[20:39:12 - Thread-2] [MspMote.java:229] [WARN] - 17: # Watchdog[EXECUTION]: illegal write to WDTCTL (0) from $103ca - reset!!!!
[20:40:01 - Thread-2] [MspMote.java:229] [WARN] - 1: # Watchdog[EXECUTION]: illegal write to WDTCTL (0) from $103ca - reset!!!!
[20:40:29 - Thread-2] [MspMote.java:229] [WARN] - 8: # Watchdog[EXECUTION]: illegal write to WDTCTL (0) from $103ca - reset!!!!
[20:40:57 - Thread-2] [MspMote.java:229] [WARN] - 60: # Watchdog[EXECUTION]: illegal write to WDTCTL (0) from $103ca - reset!!!!
[20:40:58 - Thread-2] [MspMote.java:229] [WARN] - 59: # Watchdog[EXECUTION]: illegal write to WDTCTL (0) from $103ca - reset!!!!
[20:41:11 - Thread-2] [MspMote.java:229] [WARN] - 6: # Watchdog[EXECUTION]: illegal write to WDTCTL (0) from $103ca - reset!!!!
[20:41:11 - Thread-2] [MspMote.java:229] [WARN] - 5: # Watchdog[EXECUTION]: illegal write to WDTCTL (0) from $103ca - reset!!!!
[20:41:30 - Thread-2] [MspMote.java:229] [WARN] - 2: # Watchdog[EXECUTION]: illegal write to WDTCTL (0) from $103ca - reset!!!!
[20:41:30 - Thread-2] [MspMote.java:229] [WARN] - 53: # Watchdog[EXECUTION]: illegal write to WDTCTL (0) from $103ca - reset!!!!
[20:41:30 - Thread-2] [MspMote.java:229] [WARN] - 40: # Watchdog[EXECUTION]: illegal write to WDTCTL (0) from $103ca - reset!!!!
[20:41:31 - Thread-2] [MspMote.java:229] [WARN] - 57: # Watchdog[EXECUTION]: illegal write to WDTCTL (0) from $103ca - reset!!!!
[20:41:31 - Thread-2] [MspMote.java:229] [WARN] - 21: # Watchdog[EXECUTION]: illegal write to WDTCTL (0) from $103ca - reset!!!!
[20:41:49 - Thread-2] [MspMote.java:229] [WARN] - 19: # Watchdog[EXECUTION]: illegal write to WDTCTL (0) from $103ca - reset!!!!
[20:41:55 - Thread-2] [MspMote.java:229] [WARN] - 55: # Watchdog[EXECUTION]: illegal write to WDTCTL (0) from $103ca - reset!!!!
[20:41:59 - Thread-2] [MspMote.java:229] [WARN] - 30: # Watchdog[EXECUTION]: illegal write to WDTCTL (0) from $103ca - reset!!!!
[20:41:59 - Thread-2] [MspMote.java:229] [WARN] - 20: # Watchdog[EXECUTION]: illegal write to WDTCTL (0) from $103ca - reset!!!!
[20:41:59 - Thread-2] [MspMote.java:229] [WARN] - 47: # Watchdog[EXECUTION]: illegal write to WDTCTL (0) from $103ca - reset!!!!
[20:42:00 - Thread-2] [MspMote.java:229] [WARN] - 44: # Watchdog[EXECUTION]: illegal write to WDTCTL (0) from $103ca - reset!!!!
[20:42:24 - Thread-2] [MspMote.java:229] [WARN] - 50: # Watchdog[EXECUTION]: illegal write to WDTCTL (0) from $103ca - reset!!!!
[20:42:34 - Thread-2] [LogScriptEngine.java:389] [INFO] - Test script at 65.00%, done in 4096.6 sec
[20:42:42 - Thread-2] [MspMote.java:229] [WARN] - 15: # Watchdog[EXECUTION]: illegal write to WDTCTL (0) from $103ca - reset!!!!
[20:42:48 - Thread-2] [MspMote.java:229] [WARN] - 27: # Watchdog[EXECUTION]: illegal write to WDTCTL (0) from $103ca - reset!!!!
[20:42:52 - Thread-2] [MspMote.java:229] [WARN] - 54: # Watchdog[EXECUTION]: illegal write to WDTCTL (0) from $103ca - reset!!!!
[20:43:11 - Thread-2] [MspMote.java:229] [WARN] - 25: # Watchdog[EXECUTION]: illegal write to WDTCTL (0) from $103ca - reset!!!!
[20:43:41 - Thread-2] [MspMote.java:229] [WARN] - 45: # Watchdog[EXECUTION]: illegal write to WDTCTL (0) from $103ca - reset!!!!
[20:45:11 - Thread-2] [MspMote.java:229] [WARN] - 12: # Watchdog[EXECUTION]: illegal write to WDTCTL (0) from $103ca - reset!!!!
[20:45:25 - Thread-2] [MspMote.java:229] [WARN] - 23: # Watchdog[EXECUTION]: illegal write to WDTCTL (0) from $103ca - reset!!!!
[20:45:25 - Thread-2] [MspMote.java:229] [WARN] - 58: # Watchdog[EXECUTION]: illegal write to WDTCTL (0) from $103ca - reset!!!!
[20:45:25 - Thread-2] [MspMote.java:229] [WARN] - 53: # Watchdog[EXECUTION]: illegal write to WDTCTL (0) from $103ca - reset!!!!
[20:45:26 - Thread-2] [MspMote.java:229] [WARN] - 49: # Watchdog[EXECUTION]: illegal write to WDTCTL (0) from $103ca - reset!!!!
[20:45:31 - Thread-2] [MspMote.java:229] [WARN] - 18: # Watchdog[EXECUTION]: illegal write to WDTCTL (0) from $103ca - reset!!!!
[20:45:39 - Thread-2] [MspMote.java:229] [WARN] - 38: # Watchdog[EXECUTION]: illegal write to WDTCTL (0) from $103ca - reset!!!!
[20:45:47 - Thread-2] [MspMote.java:229] [WARN] - 48: # Watchdog[EXECUTION]: illegal write to WDTCTL (0) from $103ca - reset!!!!
[20:45:59 - Thread-2] [MspMote.java:229] [WARN] - 28: # Watchdog[EXECUTION]: illegal write to WDTCTL (0) from $103ca - reset!!!!
[20:46:04 - Thread-2] [MspMote.java:229] [WARN] - 43: # Watchdog[EXECUTION]: illegal write to WDTCTL (0) from $103ca - reset!!!!
[20:46:07 - Thread-2] [MspMote.java:229] [WARN] - 14: # Watchdog[EXECUTION]: illegal write to WDTCTL (0) from $103ca - reset!!!!
[20:46:20 - Thread-2] [MspMote.java:229] [WARN] - 31: # Watchdog[EXECUTION]: illegal write to WDTCTL (0) from $103ca - reset!!!!
[20:46:42 - Thread-2] [MspMote.java:229] [WARN] - 50: # Watchdog[EXECUTION]: illegal write to WDTCTL (0) from $103ca - reset!!!!
[20:46:59 - Thread-2] [MspMote.java:229] [WARN] - 9: # Watchdog[EXECUTION]: illegal write to WDTCTL (0) from $103ca - reset!!!!
[20:47:06 - Thread-2] [MspMote.java:229] [WARN] - 16: # Watchdog[EXECUTION]: illegal write to WDTCTL (0) from $103ca - reset!!!!
[20:47:06 - Thread-2] [MspMote.java:229] [WARN] - 22: # Watchdog[EXECUTION]: illegal write to WDTCTL (0) from $103ca - reset!!!!
[20:47:13 - Thread-2] [MspMote.java:229] [WARN] - 56: # Watchdog[EXECUTION]: illegal write to WDTCTL (0) from $103ca - reset!!!!
[20:47:33 - Thread-2] [MspMote.java:229] [WARN] - 20: # Watchdog[EXECUTION]: illegal write to WDTCTL (0) from $103ca - reset!!!!
[20:47:38 - Thread-2] [MspMote.java:229] [WARN] - 7: # Watchdog[EXECUTION]: illegal write to WDTCTL (0) from $103ca - reset!!!!
[20:48:14 - Thread-2] [MspMote.java:229] [WARN] - 18: # Watchdog[EXECUTION]: illegal write to WDTCTL (0) from $103ca - reset!!!!
[20:48:44 - Thread-2] [MspMote.java:229] [WARN] - 41: # Watchdog[EXECUTION]: illegal write to WDTCTL (0) from $103ca - reset!!!!
[20:48:49 - Thread-2] [MspMote.java:229] [WARN] - 13: # Watchdog[EXECUTION]: illegal write to WDTCTL (0) from $103ca - reset!!!!
[20:48:50 - Thread-2] [MspMote.java:229] [WARN] - 48: # Watchdog[EXECUTION]: illegal write to WDTCTL (0) from $103ca - reset!!!!
[20:48:50 - Thread-2] [MspMote.java:229] [WARN] - 8: # Watchdog[EXECUTION]: illegal write to WDTCTL (0) from $103ca - reset!!!!
[20:49:02 - Thread-2] [LogScriptEngine.java:389] [INFO] - Test script at 70.00%, done in 3426.8 sec
[20:49:36 - Thread-2] [MspMote.java:229] [WARN] - 17: # Watchdog[EXECUTION]: illegal write to WDTCTL (0) from $103ca - reset!!!!
[20:49:53 - Thread-2] [MspMote.java:229] [WARN] - 43: # Watchdog[EXECUTION]: illegal write to WDTCTL (0) from $103ca - reset!!!!
[20:50:08 - Thread-2] [MspMote.java:229] [WARN] - 19: # Watchdog[EXECUTION]: illegal write to WDTCTL (0) from $103ca - reset!!!!
[20:50:21 - Thread-2] [MspMote.java:229] [WARN] - 45: # Watchdog[EXECUTION]: illegal write to WDTCTL (0) from $103ca - reset!!!!
[20:50:24 - Thread-2] [MspMote.java:229] [WARN] - 7: # Watchdog[EXECUTION]: illegal write to WDTCTL (0) from $103ca - reset!!!!
[20:50:25 - Thread-2] [MspMote.java:229] [WARN] - 49: # Watchdog[EXECUTION]: illegal write to WDTCTL (0) from $103ca - reset!!!!
[20:50:38 - Thread-2] [MspMote.java:229] [WARN] - 54: # Watchdog[EXECUTION]: illegal write to WDTCTL (0) from $103ca - reset!!!!
[20:51:40 - Thread-2] [MspMote.java:229] [WARN] - 18: # Watchdog[EXECUTION]: illegal write to WDTCTL (0) from $103ca - reset!!!!
[20:51:41 - Thread-2] [MspMote.java:229] [WARN] - 6: # Watchdog[EXECUTION]: illegal write to WDTCTL (0) from $103ca - reset!!!!
[20:52:11 - Thread-2] [MspMote.java:229] [WARN] - 29: # Watchdog[EXECUTION]: illegal write to WDTCTL (0) from $103ca - reset!!!!
[20:52:31 - Thread-2] [MspMote.java:229] [WARN] - 26: # Watchdog[EXECUTION]: illegal write to WDTCTL (0) from $103ca - reset!!!!
[20:54:08 - Thread-2] [MspMote.java:229] [WARN] - 21: # Watchdog[EXECUTION]: illegal write to WDTCTL (0) from $103ca - reset!!!!
[20:54:15 - Thread-2] [MspMote.java:229] [WARN] - 37: # Watchdog[EXECUTION]: illegal write to WDTCTL (0) from $103ca - reset!!!!
[20:54:15 - Thread-2] [MspMote.java:229] [WARN] - 10: # Watchdog[EXECUTION]: illegal write to WDTCTL (0) from $103ca - reset!!!!
[20:54:27 - Thread-2] [MspMote.java:229] [WARN] - 41: # Watchdog[EXECUTION]: illegal write to WDTCTL (0) from $103ca - reset!!!!
[20:54:32 - Thread-2] [MspMote.java:229] [WARN] - 16: # Watchdog[EXECUTION]: illegal write to WDTCTL (0) from $103ca - reset!!!!
[20:54:38 - Thread-2] [MspMote.java:229] [WARN] - 15: # Watchdog[EXECUTION]: illegal write to WDTCTL (0) from $103ca - reset!!!!
[20:55:02 - Thread-2] [MspMote.java:229] [WARN] - 47: # Watchdog[EXECUTION]: illegal write to WDTCTL (0) from $103ca - reset!!!!
[20:55:04 - Thread-2] [MspMote.java:229] [WARN] - 59: # Watchdog[EXECUTION]: illegal write to WDTCTL (0) from $103ca - reset!!!!
[20:55:08 - Thread-2] [MspMote.java:229] [WARN] - 13: # Watchdog[EXECUTION]: illegal write to WDTCTL (0) from $103ca - reset!!!!
[20:55:10 - Thread-2] [MspMote.java:229] [WARN] - 12: # Watchdog[EXECUTION]: illegal write to WDTCTL (0) from $103ca - reset!!!!
[20:55:18 - Thread-2] [MspMote.java:229] [WARN] - 35: # Watchdog[EXECUTION]: illegal write to WDTCTL (0) from $103ca - reset!!!!
[20:55:18 - Thread-2] [MspMote.java:229] [WARN] - 31: # Watchdog[EXECUTION]: illegal write to WDTCTL (0) from $103ca - reset!!!!
[20:55:26 - Thread-2] [MspMote.java:229] [WARN] - 48: # Watchdog[EXECUTION]: illegal write to WDTCTL (0) from $103ca - reset!!!!
[20:55:31 - Thread-2] [MspMote.java:229] [WARN] - 28: # Watchdog[EXECUTION]: illegal write to WDTCTL (0) from $103ca - reset!!!!
[20:55:35 - Thread-2] [MspMote.java:229] [WARN] - 61: # Watchdog[EXECUTION]: illegal write to WDTCTL (0) from $103ca - reset!!!!
[20:55:40 - Thread-2] [MspMote.java:229] [WARN] - 36: # Watchdog[EXECUTION]: illegal write to WDTCTL (0) from $103ca - reset!!!!
[20:55:47 - Thread-2] [MspMote.java:229] [WARN] - 30: # Watchdog[EXECUTION]: illegal write to WDTCTL (0) from $103ca - reset!!!!
[20:55:48 - Thread-2] [MspMote.java:229] [WARN] - 39: # Watchdog[EXECUTION]: illegal write to WDTCTL (0) from $103ca - reset!!!!
[20:56:23 - Thread-2] [LogScriptEngine.java:389] [INFO] - Test script at 75.00%, done in 2812.1 sec
[20:56:29 - Thread-2] [MspMote.java:229] [WARN] - 57: # Watchdog[EXECUTION]: illegal write to WDTCTL (0) from $103ca - reset!!!!
[20:56:33 - Thread-2] [MspMote.java:229] [WARN] - 1: # Watchdog[EXECUTION]: illegal write to WDTCTL (0) from $103ca - reset!!!!
[20:57:20 - Thread-2] [MspMote.java:229] [WARN] - 44: # Watchdog[EXECUTION]: illegal write to WDTCTL (0) from $103ca - reset!!!!
[20:57:25 - Thread-2] [MspMote.java:229] [WARN] - 14: # Watchdog[EXECUTION]: illegal write to WDTCTL (0) from $103ca - reset!!!!
[20:57:40 - Thread-2] [MspMote.java:229] [WARN] - 51: # Watchdog[EXECUTION]: illegal write to WDTCTL (0) from $103ca - reset!!!!
[20:57:57 - Thread-2] [MspMote.java:229] [WARN] - 8: # Watchdog[EXECUTION]: illegal write to WDTCTL (0) from $103ca - reset!!!!
[20:58:08 - Thread-2] [MspMote.java:229] [WARN] - 10: # Watchdog[EXECUTION]: illegal write to WDTCTL (0) from $103ca - reset!!!!
[20:58:10 - Thread-2] [MspMote.java:229] [WARN] - 19: # Watchdog[EXECUTION]: illegal write to WDTCTL (0) from $103ca - reset!!!!
[20:58:11 - Thread-2] [MspMote.java:229] [WARN] - 45: # Watchdog[EXECUTION]: illegal write to WDTCTL (0) from $103ca - reset!!!!
[20:58:11 - Thread-2] [MspMote.java:229] [WARN] - 59: # Watchdog[EXECUTION]: illegal write to WDTCTL (0) from $103ca - reset!!!!
[20:58:11 - Thread-2] [MspMote.java:229] [WARN] - 23: # Watchdog[EXECUTION]: illegal write to WDTCTL (0) from $103ca - reset!!!!
[20:58:16 - Thread-2] [MspMote.java:229] [WARN] - 12: # Watchdog[EXECUTION]: illegal write to WDTCTL (0) from $103ca - reset!!!!
[20:58:18 - Thread-2] [MspMote.java:229] [WARN] - 21: # Watchdog[EXECUTION]: illegal write to WDTCTL (0) from $103ca - reset!!!!
[20:58:19 - Thread-2] [MspMote.java:229] [WARN] - 3: # Watchdog[EXECUTION]: illegal write to WDTCTL (0) from $103ca - reset!!!!
[20:58:19 - Thread-2] [MspMote.java:229] [WARN] - 48: # Watchdog[EXECUTION]: illegal write to WDTCTL (0) from $103ca - reset!!!!
[20:58:27 - Thread-2] [MspMote.java:229] [WARN] - 55: # Watchdog[EXECUTION]: illegal write to WDTCTL (0) from $103ca - reset!!!!
[20:58:43 - Thread-2] [MspMote.java:229] [WARN] - 43: # Watchdog[EXECUTION]: illegal write to WDTCTL (0) from $103ca - reset!!!!
[20:58:56 - Thread-2] [MspMote.java:229] [WARN] - 13: # Watchdog[EXECUTION]: illegal write to WDTCTL (0) from $103ca - reset!!!!
[20:59:19 - Thread-2] [MspMote.java:229] [WARN] - 22: # Watchdog[EXECUTION]: illegal write to WDTCTL (0) from $103ca - reset!!!!
[20:59:30 - Thread-2] [MspMote.java:229] [WARN] - 41: # Watchdog[EXECUTION]: illegal write to WDTCTL (0) from $103ca - reset!!!!
[20:59:33 - Thread-2] [MspMote.java:229] [WARN] - 50: # Watchdog[EXECUTION]: illegal write to WDTCTL (0) from $103ca - reset!!!!
[20:59:42 - Thread-2] [MspMote.java:229] [WARN] - 17: # Watchdog[EXECUTION]: illegal write to WDTCTL (0) from $103ca - reset!!!!
[20:59:47 - Thread-2] [MspMote.java:229] [WARN] - 29: # Watchdog[EXECUTION]: illegal write to WDTCTL (0) from $103ca - reset!!!!
[21:01:42 - Thread-2] [MspMote.java:229] [WARN] - 60: # Watchdog[EXECUTION]: illegal write to WDTCTL (0) from $103ca - reset!!!!
[21:01:44 - Thread-2] [MspMote.java:229] [WARN] - 15: # Watchdog[EXECUTION]: illegal write to WDTCTL (0) from $103ca - reset!!!!
[21:02:05 - Thread-2] [MspMote.java:229] [WARN] - 6: # Watchdog[EXECUTION]: illegal write to WDTCTL (0) from $103ca - reset!!!!
[21:02:07 - Thread-2] [MspMote.java:229] [WARN] - 36: # Watchdog[EXECUTION]: illegal write to WDTCTL (0) from $103ca - reset!!!!
[21:02:29 - Thread-2] [MspMote.java:229] [WARN] - 53: # Watchdog[EXECUTION]: illegal write to WDTCTL (0) from $103ca - reset!!!!
[21:02:31 - Thread-2] [MspMote.java:229] [WARN] - 47: # Watchdog[EXECUTION]: illegal write to WDTCTL (0) from $103ca - reset!!!!
[21:02:43 - Thread-2] [MspMote.java:229] [WARN] - 37: # Watchdog[EXECUTION]: illegal write to WDTCTL (0) from $103ca - reset!!!!
[21:03:30 - Thread-2] [MspMote.java:229] [WARN] - 3: # Watchdog[EXECUTION]: illegal write to WDTCTL (0) from $103ca - reset!!!!
[21:03:39 - Thread-2] [MspMote.java:229] [WARN] - 21: # Watchdog[EXECUTION]: illegal write to WDTCTL (0) from $103ca - reset!!!!
[21:04:13 - Thread-2] [MspMote.java:229] [WARN] - 54: # Watchdog[EXECUTION]: illegal write to WDTCTL (0) from $103ca - reset!!!!
[21:04:29 - Thread-2] [LogScriptEngine.java:389] [INFO] - Test script at 80.00%, done in 2230.5 sec
[21:04:31 - Thread-2] [MspMote.java:229] [WARN] - 41: # Watchdog[EXECUTION]: illegal write to WDTCTL (0) from $103ca - reset!!!!
[21:04:32 - Thread-2] [MspMote.java:229] [WARN] - 52: # Watchdog[EXECUTION]: illegal write to WDTCTL (0) from $103ca - reset!!!!
[21:04:34 - Thread-2] [MspMote.java:229] [WARN] - 33: # Watchdog[EXECUTION]: illegal write to WDTCTL (0) from $103ca - reset!!!!
[21:04:34 - Thread-2] [MspMote.java:229] [WARN] - 34: # Watchdog[EXECUTION]: illegal write to WDTCTL (0) from $103ca - reset!!!!
[21:04:37 - Thread-2] [MspMote.java:229] [WARN] - 5: # Watchdog[EXECUTION]: illegal write to WDTCTL (0) from $103ca - reset!!!!
[21:05:28 - Thread-2] [MspMote.java:229] [WARN] - 48: # Watchdog[EXECUTION]: illegal write to WDTCTL (0) from $103ca - reset!!!!
[21:05:45 - Thread-2] [MspMote.java:229] [WARN] - 39: # Watchdog[EXECUTION]: illegal write to WDTCTL (0) from $103ca - reset!!!!
[21:05:46 - Thread-2] [MspMote.java:229] [WARN] - 25: # Watchdog[EXECUTION]: illegal write to WDTCTL (0) from $103ca - reset!!!!
[21:06:26 - Thread-2] [MspMote.java:229] [WARN] - 18: # Watchdog[EXECUTION]: illegal write to WDTCTL (0) from $103ca - reset!!!!
[21:06:39 - Thread-2] [MspMote.java:229] [WARN] - 19: # Watchdog[EXECUTION]: illegal write to WDTCTL (0) from $103ca - reset!!!!
[21:06:41 - Thread-2] [MspMote.java:229] [WARN] - 24: # Watchdog[EXECUTION]: illegal write to WDTCTL (0) from $103ca - reset!!!!
[21:06:45 - Thread-2] [MspMote.java:229] [WARN] - 4: # Watchdog[EXECUTION]: illegal write to WDTCTL (0) from $103ca - reset!!!!
[21:07:17 - Thread-2] [MspMote.java:229] [WARN] - 20: # Watchdog[EXECUTION]: illegal write to WDTCTL (0) from $103ca - reset!!!!
[21:07:37 - Thread-2] [MspMote.java:229] [WARN] - 56: # Watchdog[EXECUTION]: illegal write to WDTCTL (0) from $103ca - reset!!!!
[21:07:54 - Thread-2] [MspMote.java:229] [WARN] - 45: # Watchdog[EXECUTION]: illegal write to WDTCTL (0) from $103ca - reset!!!!
[21:07:54 - Thread-2] [MspMote.java:229] [WARN] - 22: # Watchdog[EXECUTION]: illegal write to WDTCTL (0) from $103ca - reset!!!!
[21:08:30 - Thread-2] [MspMote.java:229] [WARN] - 50: # Watchdog[EXECUTION]: illegal write to WDTCTL (0) from $103ca - reset!!!!
[21:08:34 - Thread-2] [MspMote.java:229] [WARN] - 27: # Watchdog[EXECUTION]: illegal write to WDTCTL (0) from $103ca - reset!!!!
[21:08:42 - Thread-2] [MspMote.java:229] [WARN] - 51: # Watchdog[EXECUTION]: illegal write to WDTCTL (0) from $103ca - reset!!!!
[21:08:51 - Thread-2] [MspMote.java:229] [WARN] - 6: # Watchdog[EXECUTION]: illegal write to WDTCTL (0) from $103ca - reset!!!!
[21:09:17 - Thread-2] [MspMote.java:229] [WARN] - 35: # Watchdog[EXECUTION]: illegal write to WDTCTL (0) from $103ca - reset!!!!
[21:09:35 - Thread-2] [MspMote.java:229] [WARN] - 31: # Watchdog[EXECUTION]: illegal write to WDTCTL (0) from $103ca - reset!!!!
[21:09:36 - Thread-2] [MspMote.java:229] [WARN] - 53: # Watchdog[EXECUTION]: illegal write to WDTCTL (0) from $103ca - reset!!!!
[21:09:37 - Thread-2] [MspMote.java:229] [WARN] - 38: # Watchdog[EXECUTION]: illegal write to WDTCTL (0) from $103ca - reset!!!!
[21:10:04 - Thread-2] [MspMote.java:229] [WARN] - 61: # Watchdog[EXECUTION]: illegal write to WDTCTL (0) from $103ca - reset!!!!
[21:10:34 - Thread-2] [MspMote.java:229] [WARN] - 52: # Watchdog[EXECUTION]: illegal write to WDTCTL (0) from $103ca - reset!!!!
[21:11:08 - Thread-2] [MspMote.java:229] [WARN] - 12: # Watchdog[EXECUTION]: illegal write to WDTCTL (0) from $103ca - reset!!!!
[21:12:07 - Thread-2] [LogScriptEngine.java:389] [INFO] - Test script at 85.00%, done in 1655.4 sec
[21:12:20 - Thread-2] [MspMote.java:229] [WARN] - 8: # Watchdog[EXECUTION]: illegal write to WDTCTL (0) from $103ca - reset!!!!
[21:12:29 - Thread-2] [MspMote.java:229] [WARN] - 9: # Watchdog[EXECUTION]: illegal write to WDTCTL (0) from $103ca - reset!!!!
[21:12:54 - Thread-2] [MspMote.java:229] [WARN] - 38: # Watchdog[EXECUTION]: illegal write to WDTCTL (0) from $103ca - reset!!!!
[21:12:54 - Thread-2] [MspMote.java:229] [WARN] - 55: # Watchdog[EXECUTION]: illegal write to WDTCTL (0) from $103ca - reset!!!!
[21:13:03 - Thread-2] [MspMote.java:229] [WARN] - 26: # Watchdog[EXECUTION]: illegal write to WDTCTL (0) from $103ca - reset!!!!
[21:13:07 - Thread-2] [MspMote.java:229] [WARN] - 16: # Watchdog[EXECUTION]: illegal write to WDTCTL (0) from $103ca - reset!!!!
[21:13:10 - Thread-2] [MspMote.java:229] [WARN] - 20: # Watchdog[EXECUTION]: illegal write to WDTCTL (0) from $103ca - reset!!!!
[21:13:42 - Thread-2] [MspMote.java:229] [WARN] - 1: # Watchdog[EXECUTION]: illegal write to WDTCTL (0) from $103ca - reset!!!!
[21:13:43 - Thread-2] [MspMote.java:229] [WARN] - 10: # Watchdog[EXECUTION]: illegal write to WDTCTL (0) from $103ca - reset!!!!
[21:13:43 - Thread-2] [MspMote.java:229] [WARN] - 25: # Watchdog[EXECUTION]: illegal write to WDTCTL (0) from $103ca - reset!!!!
[21:13:43 - Thread-2] [MspMote.java:229] [WARN] - 30: # Watchdog[EXECUTION]: illegal write to WDTCTL (0) from $103ca - reset!!!!
[21:13:45 - Thread-2] [MspMote.java:229] [WARN] - 15: # Watchdog[EXECUTION]: illegal write to WDTCTL (0) from $103ca - reset!!!!
[21:13:46 - Thread-2] [MspMote.java:229] [WARN] - 40: # Watchdog[EXECUTION]: illegal write to WDTCTL (0) from $103ca - reset!!!!
[21:13:46 - Thread-2] [MspMote.java:229] [WARN] - 6: # Watchdog[EXECUTION]: illegal write to WDTCTL (0) from $103ca - reset!!!!
[21:13:54 - Thread-2] [MspMote.java:229] [WARN] - 34: # Watchdog[EXECUTION]: illegal write to WDTCTL (0) from $103ca - reset!!!!
[21:14:05 - Thread-2] [MspMote.java:229] [WARN] - 53: # Watchdog[EXECUTION]: illegal write to WDTCTL (0) from $103ca - reset!!!!
[21:14:08 - Thread-2] [MspMote.java:229] [WARN] - 36: # Watchdog[EXECUTION]: illegal write to WDTCTL (0) from $103ca - reset!!!!
[21:14:09 - Thread-2] [MspMote.java:229] [WARN] - 37: # Watchdog[EXECUTION]: illegal write to WDTCTL (0) from $103ca - reset!!!!
[21:14:09 - Thread-2] [MspMote.java:229] [WARN] - 44: # Watchdog[EXECUTION]: illegal write to WDTCTL (0) from $103ca - reset!!!!
[21:14:23 - Thread-2] [MspMote.java:229] [WARN] - 5: # Watchdog[EXECUTION]: illegal write to WDTCTL (0) from $103ca - reset!!!!
[21:14:27 - Thread-2] [MspMote.java:229] [WARN] - 14: # Watchdog[EXECUTION]: illegal write to WDTCTL (0) from $103ca - reset!!!!
[21:15:16 - Thread-2] [MspMote.java:229] [WARN] - 41: # Watchdog[EXECUTION]: illegal write to WDTCTL (0) from $103ca - reset!!!!
[21:15:47 - Thread-2] [MspMote.java:229] [WARN] - 11: # Watchdog[EXECUTION]: illegal write to WDTCTL (0) from $103ca - reset!!!!
[21:16:04 - Thread-2] [MspMote.java:229] [WARN] - 35: # Watchdog[EXECUTION]: illegal write to WDTCTL (0) from $103ca - reset!!!!
[21:16:10 - Thread-2] [MspMote.java:229] [WARN] - 61: # Watchdog[EXECUTION]: illegal write to WDTCTL (0) from $103ca - reset!!!!
[21:16:13 - Thread-2] [MspMote.java:229] [WARN] - 24: # Watchdog[EXECUTION]: illegal write to WDTCTL (0) from $103ca - reset!!!!
[21:16:41 - Thread-2] [MspMote.java:229] [WARN] - 60: # Watchdog[EXECUTION]: illegal write to WDTCTL (0) from $103ca - reset!!!!
[21:16:41 - Thread-2] [MspMote.java:229] [WARN] - 54: # Watchdog[EXECUTION]: illegal write to WDTCTL (0) from $103ca - reset!!!!
[21:17:06 - Thread-2] [MspMote.java:229] [WARN] - 50: # Watchdog[EXECUTION]: illegal write to WDTCTL (0) from $103ca - reset!!!!
[21:17:08 - Thread-2] [MspMote.java:229] [WARN] - 19: # Watchdog[EXECUTION]: illegal write to WDTCTL (0) from $103ca - reset!!!!
[21:17:18 - Thread-2] [MspMote.java:229] [WARN] - 18: # Watchdog[EXECUTION]: illegal write to WDTCTL (0) from $103ca - reset!!!!
[21:18:06 - Thread-2] [MspMote.java:229] [WARN] - 57: # Watchdog[EXECUTION]: illegal write to WDTCTL (0) from $103ca - reset!!!!
[21:18:19 - Thread-2] [MspMote.java:229] [WARN] - 51: # Watchdog[EXECUTION]: illegal write to WDTCTL (0) from $103ca - reset!!!!
[21:18:31 - Thread-2] [MspMote.java:229] [WARN] - 47: # Watchdog[EXECUTION]: illegal write to WDTCTL (0) from $103ca - reset!!!!
[21:18:36 - Thread-2] [MspMote.java:229] [WARN] - 42: # Watchdog[EXECUTION]: illegal write to WDTCTL (0) from $103ca - reset!!!!
[21:19:06 - Thread-2] [MspMote.java:229] [WARN] - 39: # Watchdog[EXECUTION]: illegal write to WDTCTL (0) from $103ca - reset!!!!
[21:19:16 - Thread-2] [MspMote.java:229] [WARN] - 38: # Watchdog[EXECUTION]: illegal write to WDTCTL (0) from $103ca - reset!!!!
[21:19:38 - Thread-2] [MspMote.java:229] [WARN] - 5: # Watchdog[EXECUTION]: illegal write to WDTCTL (0) from $103ca - reset!!!!
[21:20:18 - Thread-2] [LogScriptEngine.java:389] [INFO] - Test script at 90.00%, done in 1096.8 sec
[21:21:14 - Thread-2] [MspMote.java:229] [WARN] - 37: # Watchdog[EXECUTION]: illegal write to WDTCTL (0) from $103ca - reset!!!!
[21:21:35 - Thread-2] [MspMote.java:229] [WARN] - 4: # Watchdog[EXECUTION]: illegal write to WDTCTL (0) from $103ca - reset!!!!
[21:21:54 - Thread-2] [MspMote.java:229] [WARN] - 48: # Watchdog[EXECUTION]: illegal write to WDTCTL (0) from $103ca - reset!!!!
[21:21:56 - Thread-2] [MspMote.java:229] [WARN] - 12: # Watchdog[EXECUTION]: illegal write to WDTCTL (0) from $103ca - reset!!!!
[21:22:40 - Thread-2] [MspMote.java:229] [WARN] - 52: # Watchdog[EXECUTION]: illegal write to WDTCTL (0) from $103ca - reset!!!!
[21:22:49 - Thread-2] [MspMote.java:229] [WARN] - 25: # Watchdog[EXECUTION]: illegal write to WDTCTL (0) from $103ca - reset!!!!
[21:23:01 - Thread-2] [MspMote.java:229] [WARN] - 27: # Watchdog[EXECUTION]: illegal write to WDTCTL (0) from $103ca - reset!!!!
[21:23:36 - Thread-2] [MspMote.java:229] [WARN] - 33: # Watchdog[EXECUTION]: illegal write to WDTCTL (0) from $103ca - reset!!!!
[21:24:50 - Thread-2] [MspMote.java:229] [WARN] - 22: # Watchdog[EXECUTION]: illegal write to WDTCTL (0) from $103ca - reset!!!!
[21:24:52 - Thread-2] [MspMote.java:229] [WARN] - 45: # Watchdog[EXECUTION]: illegal write to WDTCTL (0) from $103ca - reset!!!!
[21:24:53 - Thread-2] [MspMote.java:229] [WARN] - 13: # Watchdog[EXECUTION]: illegal write to WDTCTL (0) from $103ca - reset!!!!
[21:24:54 - Thread-2] [MspMote.java:229] [WARN] - 19: # Watchdog[EXECUTION]: illegal write to WDTCTL (0) from $103ca - reset!!!!
[21:25:40 - Thread-2] [MspMote.java:229] [WARN] - 24: # Watchdog[EXECUTION]: illegal write to WDTCTL (0) from $103ca - reset!!!!
[21:25:51 - Thread-2] [MspMote.java:229] [WARN] - 51: # Watchdog[EXECUTION]: illegal write to WDTCTL (0) from $103ca - reset!!!!
[21:26:03 - Thread-2] [MspMote.java:229] [WARN] - 41: # Watchdog[EXECUTION]: illegal write to WDTCTL (0) from $103ca - reset!!!!
[21:26:03 - Thread-2] [MspMote.java:229] [WARN] - 54: # Watchdog[EXECUTION]: illegal write to WDTCTL (0) from $103ca - reset!!!!
[21:26:23 - Thread-2] [MspMote.java:229] [WARN] - 31: # Watchdog[EXECUTION]: illegal write to WDTCTL (0) from $103ca - reset!!!!
[21:27:04 - Thread-2] [MspMote.java:229] [WARN] - 42: # Watchdog[EXECUTION]: illegal write to WDTCTL (0) from $103ca - reset!!!!
[21:27:05 - Thread-2] [MspMote.java:229] [WARN] - 6: # Watchdog[EXECUTION]: illegal write to WDTCTL (0) from $103ca - reset!!!!
[21:27:49 - Thread-2] [MspMote.java:229] [WARN] - 61: # Watchdog[EXECUTION]: illegal write to WDTCTL (0) from $103ca - reset!!!!
[21:28:02 - Thread-2] [MspMote.java:229] [WARN] - 17: # Watchdog[EXECUTION]: illegal write to WDTCTL (0) from $103ca - reset!!!!
[21:28:15 - Thread-2] [MspMote.java:229] [WARN] - 18: # Watchdog[EXECUTION]: illegal write to WDTCTL (0) from $103ca - reset!!!!
[21:29:26 - Thread-2] [MspMote.java:229] [WARN] - 3: # Watchdog[EXECUTION]: illegal write to WDTCTL (0) from $103ca - reset!!!!
[21:29:30 - Thread-2] [LogScriptEngine.java:389] [INFO] - Test script at 95.00%, done in 548.6 sec
[21:30:30 - Thread-2] [MspMote.java:229] [WARN] - 20: # Watchdog[EXECUTION]: illegal write to WDTCTL (0) from $103ca - reset!!!!
[21:31:12 - Thread-2] [MspMote.java:229] [WARN] - 56: # Watchdog[EXECUTION]: illegal write to WDTCTL (0) from $103ca - reset!!!!
[21:31:17 - Thread-2] [MspMote.java:229] [WARN] - 44: # Watchdog[EXECUTION]: illegal write to WDTCTL (0) from $103ca - reset!!!!
[21:31:25 - Thread-2] [MspMote.java:229] [WARN] - 38: # Watchdog[EXECUTION]: illegal write to WDTCTL (0) from $103ca - reset!!!!
[21:31:31 - Thread-2] [MspMote.java:229] [WARN] - 53: # Watchdog[EXECUTION]: illegal write to WDTCTL (0) from $103ca - reset!!!!
[21:31:40 - Thread-2] [MspMote.java:229] [WARN] - 19: # Watchdog[EXECUTION]: illegal write to WDTCTL (0) from $103ca - reset!!!!
[21:31:42 - Thread-2] [MspMote.java:229] [WARN] - 23: # Watchdog[EXECUTION]: illegal write to WDTCTL (0) from $103ca - reset!!!!
[21:32:22 - Thread-2] [MspMote.java:229] [WARN] - 43: # Watchdog[EXECUTION]: illegal write to WDTCTL (0) from $103ca - reset!!!!
[21:32:32 - Thread-2] [MspMote.java:229] [WARN] - 9: # Watchdog[EXECUTION]: illegal write to WDTCTL (0) from $103ca - reset!!!!
[21:32:39 - Thread-2] [MspMote.java:229] [WARN] - 41: # Watchdog[EXECUTION]: illegal write to WDTCTL (0) from $103ca - reset!!!!
[21:33:20 - Thread-2] [MspMote.java:229] [WARN] - 8: # Watchdog[EXECUTION]: illegal write to WDTCTL (0) from $103ca - reset!!!!
[21:33:35 - Thread-2] [MspMote.java:229] [WARN] - 48: # Watchdog[EXECUTION]: illegal write to WDTCTL (0) from $103ca - reset!!!!
[21:33:44 - Thread-2] [MspMote.java:229] [WARN] - 35: # Watchdog[EXECUTION]: illegal write to WDTCTL (0) from $103ca - reset!!!!
[21:34:04 - Thread-2] [MspMote.java:229] [WARN] - 54: # Watchdog[EXECUTION]: illegal write to WDTCTL (0) from $103ca - reset!!!!
[21:34:37 - Thread-2] [MspMote.java:229] [WARN] - 18: # Watchdog[EXECUTION]: illegal write to WDTCTL (0) from $103ca - reset!!!!
[21:34:42 - Thread-2] [MspMote.java:229] [WARN] - 45: # Watchdog[EXECUTION]: illegal write to WDTCTL (0) from $103ca - reset!!!!
[21:35:04 - Thread-2] [MspMote.java:229] [WARN] - 17: # Watchdog[EXECUTION]: illegal write to WDTCTL (0) from $103ca - reset!!!!
[21:35:43 - Thread-2] [MspMote.java:229] [WARN] - 61: # Watchdog[EXECUTION]: illegal write to WDTCTL (0) from $103ca - reset!!!!
[21:36:17 - Thread-2] [MspMote.java:229] [WARN] - 47: # Watchdog[EXECUTION]: illegal write to WDTCTL (0) from $103ca - reset!!!!
[21:36:31 - Thread-2] [MspMote.java:229] [WARN] - 50: # Watchdog[EXECUTION]: illegal write to WDTCTL (0) from $103ca - reset!!!!
[21:36:47 - Thread-2] [MspMote.java:229] [WARN] - 39: # Watchdog[EXECUTION]: illegal write to WDTCTL (0) from $103ca - reset!!!!
[21:37:08 - Thread-2] [MspMote.java:229] [WARN] - 19: # Watchdog[EXECUTION]: illegal write to WDTCTL (0) from $103ca - reset!!!!
[21:37:41 - Thread-2] [MspMote.java:229] [WARN] - 34: # Watchdog[EXECUTION]: illegal write to WDTCTL (0) from $103ca - reset!!!!
[21:38:27 - Thread-2] [MspMote.java:229] [WARN] - 14: # Watchdog[EXECUTION]: illegal write to WDTCTL (0) from $103ca - reset!!!!
[21:38:38 - Thread-2] [MspMote.java:229] [WARN] - 36: # Watchdog[EXECUTION]: illegal write to WDTCTL (0) from $103ca - reset!!!!
[21:38:54 - Thread-2] [MspMote.java:229] [WARN] - 52: # Watchdog[EXECUTION]: illegal write to WDTCTL (0) from $103ca - reset!!!!
[21:39:06 - Thread-2] [LogScriptEngine.java:375] [INFO] - Timeout event @ 3800000000
[21:39:06 - Thread-1] [LogScriptEngine.java:309] [INFO] - Test script finished
[21:39:06 - Thread-2] [Simulation.java:312] [INFO] - Simulation main loop stopped, system time: 1790447946316	Duration: 10999256 ms	Simulated time 3800000 ms	Ratio 0.34547791232425173
[21:39:06 - AWT-EventQueue-1] [ScriptRunner.java:438] [INFO] - Test script deactivated
