[16:34:14 - main] [Cooja.java:3173] [WARN] - JAVA_HOME environment variable not set, Cooja motes may not compile
[16:34:14 - main] [Cooja.java:1316] [INFO] - > Starting Cooja
[16:34:15 - main] [Cooja.java:2857] [INFO] - External tools default settings: /external_tools_linux_64.config
[16:34:15 - main] [Cooja.java:2887] [INFO] - External tools user settings: /home/dr_hakan_aydin/.cooja.user.properties
[16:34:15 - main] [Cooja.java:1941] [FATAL] - No plugin class: class org.contikios.cooja.plugins.CollectViewFull: org/jfree/data/xy/XYDataset
[16:34:15 - main] [Cooja.java:3626] [WARN] - Loaded simulation may depend on not found  extension: '/home/dr_hakan_aydin/6tisch/6tisch-ng-sra-v17/6tisch-ng-sra/tools/cooja/apps/mobility'
[16:34:15 - main] [Simulation.java:422] [INFO] - Simulation random seed: 705866
[16:34:15 - main] [CompileContiki.java:140] [INFO] - > make border-router-server.exp5438 TARGET=exp5438 
[16:34:15 - main] [CompileContiki.java:140] [INFO] - > make border-router-client.exp5438 TARGET=exp5438 
[16:34:16 - main] [MspMote.java:235] [INFO] - Loading firmware from: /home/dr_hakan_aydin/6tisch/6tisch-ng-sra-v17/6tisch-ng-sra/examples/tsch/rpl-udp/border-router-client/border-router-client.exp5438
[16:34:17 - main] [MspMote.java:235] [INFO] - Loading firmware from: /home/dr_hakan_aydin/6tisch/6tisch-ng-sra-v17/6tisch-ng-sra/examples/tsch/rpl-udp/border-router-client/border-router-client.exp5438
[16:34:17 - main] [MspMote.java:235] [INFO] - Loading firmware from: /home/dr_hakan_aydin/6tisch/6tisch-ng-sra-v17/6tisch-ng-sra/examples/tsch/rpl-udp/border-router-client/border-router-client.exp5438
[16:34:17 - main] [MspMote.java:235] [INFO] - Loading firmware from: /home/dr_hakan_aydin/6tisch/6tisch-ng-sra-v17/6tisch-ng-sra/examples/tsch/rpl-udp/border-router-client/border-router-client.exp5438
[16:34:17 - main] [MspMote.java:235] [INFO] - Loading firmware from: /home/dr_hakan_aydin/6tisch/6tisch-ng-sra-v17/6tisch-ng-sra/examples/tsch/rpl-udp/border-router-client/border-router-client.exp5438
[16:34:17 - main] [MspMote.java:235] [INFO] - Loading firmware from: /home/dr_hakan_aydin/6tisch/6tisch-ng-sra-v17/6tisch-ng-sra/examples/tsch/rpl-udp/border-router-client/border-router-client.exp5438
[16:34:17 - main] [MspMote.java:235] [INFO] - Loading firmware from: /home/dr_hakan_aydin/6tisch/6tisch-ng-sra-v17/6tisch-ng-sra/examples/tsch/rpl-udp/border-router-server/border-router-server.exp5438
[16:34:18 - main] [MspMote.java:235] [INFO] - Loading firmware from: /home/dr_hakan_aydin/6tisch/6tisch-ng-sra-v17/6tisch-ng-sra/examples/tsch/rpl-udp/border-router-client/border-router-client.exp5438
[16:34:18 - main] [MspMote.java:235] [INFO] - Loading firmware from: /home/dr_hakan_aydin/6tisch/6tisch-ng-sra-v17/6tisch-ng-sra/examples/tsch/rpl-udp/border-router-client/border-router-client.exp5438
[16:34:18 - main] [MspMote.java:235] [INFO] - Loading firmware from: /home/dr_hakan_aydin/6tisch/6tisch-ng-sra-v17/6tisch-ng-sra/examples/tsch/rpl-udp/border-router-client/border-router-client.exp5438
[16:34:18 - main] [MspMote.java:235] [INFO] - Loading firmware from: /home/dr_hakan_aydin/6tisch/6tisch-ng-sra-v17/6tisch-ng-sra/examples/tsch/rpl-udp/border-router-client/border-router-client.exp5438
[16:34:18 - main] [MspMote.java:235] [INFO] - Loading firmware from: /home/dr_hakan_aydin/6tisch/6tisch-ng-sra-v17/6tisch-ng-sra/examples/tsch/rpl-udp/border-router-client/border-router-client.exp5438
[16:34:18 - main] [MspMote.java:235] [INFO] - Loading firmware from: /home/dr_hakan_aydin/6tisch/6tisch-ng-sra-v17/6tisch-ng-sra/examples/tsch/rpl-udp/border-router-client/border-router-client.exp5438
[16:34:18 - main] [MspMote.java:235] [INFO] - Loading firmware from: /home/dr_hakan_aydin/6tisch/6tisch-ng-sra-v17/6tisch-ng-sra/examples/tsch/rpl-udp/border-router-client/border-router-client.exp5438
[16:34:19 - main] [MspMote.java:235] [INFO] - Loading firmware from: /home/dr_hakan_aydin/6tisch/6tisch-ng-sra-v17/6tisch-ng-sra/examples/tsch/rpl-udp/border-router-client/border-router-client.exp5438
[16:34:19 - main] [MspMote.java:235] [INFO] - Loading firmware from: /home/dr_hakan_aydin/6tisch/6tisch-ng-sra-v17/6tisch-ng-sra/examples/tsch/rpl-udp/border-router-client/border-router-client.exp5438
[16:34:19 - main] [MspMote.java:235] [INFO] - Loading firmware from: /home/dr_hakan_aydin/6tisch/6tisch-ng-sra-v17/6tisch-ng-sra/examples/tsch/rpl-udp/border-router-client/border-router-client.exp5438
[16:34:19 - main] [MspMote.java:235] [INFO] - Loading firmware from: /home/dr_hakan_aydin/6tisch/6tisch-ng-sra-v17/6tisch-ng-sra/examples/tsch/rpl-udp/border-router-client/border-router-client.exp5438
[16:34:19 - main] [MspMote.java:235] [INFO] - Loading firmware from: /home/dr_hakan_aydin/6tisch/6tisch-ng-sra-v17/6tisch-ng-sra/examples/tsch/rpl-udp/border-router-client/border-router-client.exp5438
[16:34:19 - main] [MspMote.java:235] [INFO] - Loading firmware from: /home/dr_hakan_aydin/6tisch/6tisch-ng-sra-v17/6tisch-ng-sra/examples/tsch/rpl-udp/border-router-client/border-router-client.exp5438
[16:34:19 - main] [MspMote.java:235] [INFO] - Loading firmware from: /home/dr_hakan_aydin/6tisch/6tisch-ng-sra-v17/6tisch-ng-sra/examples/tsch/rpl-udp/border-router-client/border-router-client.exp5438
[16:34:19 - main] [MspMote.java:235] [INFO] - Loading firmware from: /home/dr_hakan_aydin/6tisch/6tisch-ng-sra-v17/6tisch-ng-sra/examples/tsch/rpl-udp/border-router-client/border-router-client.exp5438
[16:34:19 - main] [MspMote.java:235] [INFO] - Loading firmware from: /home/dr_hakan_aydin/6tisch/6tisch-ng-sra-v17/6tisch-ng-sra/examples/tsch/rpl-udp/border-router-client/border-router-client.exp5438
[16:34:19 - main] [MspMote.java:235] [INFO] - Loading firmware from: /home/dr_hakan_aydin/6tisch/6tisch-ng-sra-v17/6tisch-ng-sra/examples/tsch/rpl-udp/border-router-client/border-router-client.exp5438
[16:34:19 - main] [MspMote.java:235] [INFO] - Loading firmware from: /home/dr_hakan_aydin/6tisch/6tisch-ng-sra-v17/6tisch-ng-sra/examples/tsch/rpl-udp/border-router-client/border-router-client.exp5438
[16:34:20 - main] [MspMote.java:235] [INFO] - Loading firmware from: /home/dr_hakan_aydin/6tisch/6tisch-ng-sra-v17/6tisch-ng-sra/examples/tsch/rpl-udp/border-router-client/border-router-client.exp5438
[16:34:20 - main] [MspMote.java:235] [INFO] - Loading firmware from: /home/dr_hakan_aydin/6tisch/6tisch-ng-sra-v17/6tisch-ng-sra/examples/tsch/rpl-udp/border-router-client/border-router-client.exp5438
[16:34:20 - main] [MspMote.java:235] [INFO] - Loading firmware from: /home/dr_hakan_aydin/6tisch/6tisch-ng-sra-v17/6tisch-ng-sra/examples/tsch/rpl-udp/border-router-client/border-router-client.exp5438
[16:34:20 - main] [MspMote.java:235] [INFO] - Loading firmware from: /home/dr_hakan_aydin/6tisch/6tisch-ng-sra-v17/6tisch-ng-sra/examples/tsch/rpl-udp/border-router-client/border-router-client.exp5438
[16:34:20 - main] [MspMote.java:235] [INFO] - Loading firmware from: /home/dr_hakan_aydin/6tisch/6tisch-ng-sra-v17/6tisch-ng-sra/examples/tsch/rpl-udp/border-router-client/border-router-client.exp5438
[16:34:20 - main] [MspMote.java:235] [INFO] - Loading firmware from: /home/dr_hakan_aydin/6tisch/6tisch-ng-sra-v17/6tisch-ng-sra/examples/tsch/rpl-udp/border-router-client/border-router-client.exp5438
[16:34:20 - main] [MspMote.java:235] [INFO] - Loading firmware from: /home/dr_hakan_aydin/6tisch/6tisch-ng-sra-v17/6tisch-ng-sra/examples/tsch/rpl-udp/border-router-client/border-router-client.exp5438
[16:34:20 - main] [MspMote.java:235] [INFO] - Loading firmware from: /home/dr_hakan_aydin/6tisch/6tisch-ng-sra-v17/6tisch-ng-sra/examples/tsch/rpl-udp/border-router-client/border-router-client.exp5438
[16:34:20 - main] [MspMote.java:235] [INFO] - Loading firmware from: /home/dr_hakan_aydin/6tisch/6tisch-ng-sra-v17/6tisch-ng-sra/examples/tsch/rpl-udp/border-router-client/border-router-client.exp5438
[16:34:20 - main] [MspMote.java:235] [INFO] - Loading firmware from: /home/dr_hakan_aydin/6tisch/6tisch-ng-sra-v17/6tisch-ng-sra/examples/tsch/rpl-udp/border-router-client/border-router-client.exp5438
[16:34:20 - main] [MspMote.java:235] [INFO] - Loading firmware from: /home/dr_hakan_aydin/6tisch/6tisch-ng-sra-v17/6tisch-ng-sra/examples/tsch/rpl-udp/border-router-client/border-router-client.exp5438
[16:34:20 - main] [MspMote.java:235] [INFO] - Loading firmware from: /home/dr_hakan_aydin/6tisch/6tisch-ng-sra-v17/6tisch-ng-sra/examples/tsch/rpl-udp/border-router-client/border-router-client.exp5438
[16:34:20 - main] [MspMote.java:235] [INFO] - Loading firmware from: /home/dr_hakan_aydin/6tisch/6tisch-ng-sra-v17/6tisch-ng-sra/examples/tsch/rpl-udp/border-router-client/border-router-client.exp5438
[16:34:20 - main] [MspMote.java:235] [INFO] - Loading firmware from: /home/dr_hakan_aydin/6tisch/6tisch-ng-sra-v17/6tisch-ng-sra/examples/tsch/rpl-udp/border-router-client/border-router-client.exp5438
[16:34:21 - main] [MspMote.java:235] [INFO] - Loading firmware from: /home/dr_hakan_aydin/6tisch/6tisch-ng-sra-v17/6tisch-ng-sra/examples/tsch/rpl-udp/border-router-client/border-router-client.exp5438
[16:34:21 - main] [MspMote.java:235] [INFO] - Loading firmware from: /home/dr_hakan_aydin/6tisch/6tisch-ng-sra-v17/6tisch-ng-sra/examples/tsch/rpl-udp/border-router-client/border-router-client.exp5438
[16:34:21 - main] [Cooja.java:1782] [INFO] - Visualized plugin was not started: class org.contikios.cooja.plugins.SimControl
[16:34:21 - main] [Cooja.java:1782] [INFO] - Visualized plugin was not started: class org.contikios.cooja.plugins.Visualizer
[16:34:21 - main] [Cooja.java:1782] [INFO] - Visualized plugin was not started: class org.contikios.cooja.plugins.LogListener
[16:34:21 - main] [Cooja.java:1782] [INFO] - Visualized plugin was not started: class org.contikios.cooja.plugins.TimeLine
[16:34:21 - main] [ScriptRunner.java:438] [INFO] - Test script deactivated
[16:34:22 - main] [LogScriptEngine.java:265] [INFO] - Script timeout in 3800000 ms
[16:34:22 - main] [ScriptRunner.java:395] [INFO] - Test script activated
[16:34:22 - Thread-2] [Simulation.java:253] [INFO] - Simulation main loop started, system time: 1780925662527
[16:34:22 - main] [Cooja.java:3672] [FATAL] - Could not load plugin class: Mobility
[16:38:30 - Thread-2] [LogScriptEngine.java:389] [INFO] - Test script at 5.00%, done in 4716.3 sec
[16:45:43 - Thread-2] [LogScriptEngine.java:389] [INFO] - Test script at 10.00%, done in 6127.4 sec
[16:54:28 - Thread-2] [LogScriptEngine.java:389] [INFO] - Test script at 15.00%, done in 6831.1 sec
[17:05:15 - Thread-2] [LogScriptEngine.java:389] [INFO] - Test script at 20.00%, done in 7410.1 sec
[17:17:25 - Thread-2] [LogScriptEngine.java:389] [INFO] - Test script at 25.00%, done in 7747.5 sec
[17:30:14 - Thread-2] [LogScriptEngine.java:389] [INFO] - Test script at 30.00%, done in 7821.0 sec
[17:43:21 - Thread-2] [LogScriptEngine.java:389] [INFO] - Test script at 35.00%, done in 7686.1 sec
[17:54:55 - Thread-2] [LogScriptEngine.java:389] [INFO] - Test script at 40.00%, done in 7249.3 sec
[18:06:06 - Thread-2] [LogScriptEngine.java:389] [INFO] - Test script at 45.00%, done in 6727.3 sec
[18:17:04 - Thread-2] [LogScriptEngine.java:389] [INFO] - Test script at 50.00%, done in 6162.0 sec
[18:29:28 - Thread-2] [LogScriptEngine.java:389] [INFO] - Test script at 55.00%, done in 5650.5 sec
[18:39:48 - Thread-2] [LogScriptEngine.java:389] [INFO] - Test script at 60.00%, done in 5017.3 sec
[18:51:06 - Thread-2] [LogScriptEngine.java:389] [INFO] - Test script at 65.00%, done in 4417.4 sec
[19:03:09 - Thread-2] [LogScriptEngine.java:389] [INFO] - Test script at 70.00%, done in 3825.9 sec
[19:15:50 - Thread-2] [LogScriptEngine.java:389] [INFO] - Test script at 75.00%, done in 3229.4 sec
[19:24:55 - Thread-2] [LogScriptEngine.java:389] [INFO] - Test script at 80.00%, done in 2558.2 sec
[19:34:20 - Thread-2] [LogScriptEngine.java:389] [INFO] - Test script at 85.00%, done in 1905.5 sec
[19:42:44 - Thread-2] [LogScriptEngine.java:389] [INFO] - Test script at 90.00%, done in 1255.8 sec
