[16:24:15 - main] [Cooja.java:3173] [WARN] - JAVA_HOME environment variable not set, Cooja motes may not compile
[16:24:15 - main] [Cooja.java:1316] [INFO] - > Starting Cooja
[16:24:15 - main] [Cooja.java:2857] [INFO] - External tools default settings: /external_tools_linux_64.config
[16:24:15 - main] [Cooja.java:2887] [INFO] - External tools user settings: /home/dr_hakan_aydin/.cooja.user.properties
[16:24:15 - main] [Cooja.java:1941] [FATAL] - No plugin class: class org.contikios.cooja.plugins.CollectViewFull: org/jfree/data/xy/XYDataset
[16:24:15 - main] [Cooja.java:3626] [WARN] - Loaded simulation may depend on not found  extension: '/home/dr_hakan_aydin/6tisch/6tisch-ng-sra-v17/6tisch-ng-sra/tools/cooja/apps/mobility'
[16:24:15 - main] [Simulation.java:422] [INFO] - Simulation random seed: 393067
[16:24:15 - main] [CompileContiki.java:140] [INFO] - > make border-router-server.exp5438 TARGET=exp5438 
[16:24:16 - main] [CompileContiki.java:140] [INFO] - > make border-router-client.exp5438 TARGET=exp5438 
[16:24:16 - main] [MspMote.java:235] [INFO] - Loading firmware from: /home/dr_hakan_aydin/6tisch/6tisch-ng-sra-v17/6tisch-ng-sra/examples/tsch/rpl-udp/border-router-client/border-router-client.exp5438
[16:24:17 - main] [MspMote.java:235] [INFO] - Loading firmware from: /home/dr_hakan_aydin/6tisch/6tisch-ng-sra-v17/6tisch-ng-sra/examples/tsch/rpl-udp/border-router-client/border-router-client.exp5438
[16:24:17 - main] [MspMote.java:235] [INFO] - Loading firmware from: /home/dr_hakan_aydin/6tisch/6tisch-ng-sra-v17/6tisch-ng-sra/examples/tsch/rpl-udp/border-router-client/border-router-client.exp5438
[16:24:17 - main] [MspMote.java:235] [INFO] - Loading firmware from: /home/dr_hakan_aydin/6tisch/6tisch-ng-sra-v17/6tisch-ng-sra/examples/tsch/rpl-udp/border-router-client/border-router-client.exp5438
[16:24:17 - main] [MspMote.java:235] [INFO] - Loading firmware from: /home/dr_hakan_aydin/6tisch/6tisch-ng-sra-v17/6tisch-ng-sra/examples/tsch/rpl-udp/border-router-client/border-router-client.exp5438
[16:24:17 - main] [MspMote.java:235] [INFO] - Loading firmware from: /home/dr_hakan_aydin/6tisch/6tisch-ng-sra-v17/6tisch-ng-sra/examples/tsch/rpl-udp/border-router-server/border-router-server.exp5438
[16:24:18 - main] [MspMote.java:235] [INFO] - Loading firmware from: /home/dr_hakan_aydin/6tisch/6tisch-ng-sra-v17/6tisch-ng-sra/examples/tsch/rpl-udp/border-router-client/border-router-client.exp5438
[16:24:18 - main] [MspMote.java:235] [INFO] - Loading firmware from: /home/dr_hakan_aydin/6tisch/6tisch-ng-sra-v17/6tisch-ng-sra/examples/tsch/rpl-udp/border-router-client/border-router-client.exp5438
[16:24:18 - main] [MspMote.java:235] [INFO] - Loading firmware from: /home/dr_hakan_aydin/6tisch/6tisch-ng-sra-v17/6tisch-ng-sra/examples/tsch/rpl-udp/border-router-client/border-router-client.exp5438
[16:24:18 - main] [MspMote.java:235] [INFO] - Loading firmware from: /home/dr_hakan_aydin/6tisch/6tisch-ng-sra-v17/6tisch-ng-sra/examples/tsch/rpl-udp/border-router-client/border-router-client.exp5438
[16:24:18 - main] [MspMote.java:235] [INFO] - Loading firmware from: /home/dr_hakan_aydin/6tisch/6tisch-ng-sra-v17/6tisch-ng-sra/examples/tsch/rpl-udp/border-router-client/border-router-client.exp5438
[16:24:18 - main] [MspMote.java:235] [INFO] - Loading firmware from: /home/dr_hakan_aydin/6tisch/6tisch-ng-sra-v17/6tisch-ng-sra/examples/tsch/rpl-udp/border-router-client/border-router-client.exp5438
[16:24:18 - main] [MspMote.java:235] [INFO] - Loading firmware from: /home/dr_hakan_aydin/6tisch/6tisch-ng-sra-v17/6tisch-ng-sra/examples/tsch/rpl-udp/border-router-client/border-router-client.exp5438
[16:24:18 - main] [MspMote.java:235] [INFO] - Loading firmware from: /home/dr_hakan_aydin/6tisch/6tisch-ng-sra-v17/6tisch-ng-sra/examples/tsch/rpl-udp/border-router-client/border-router-client.exp5438
[16:24:18 - main] [MspMote.java:235] [INFO] - Loading firmware from: /home/dr_hakan_aydin/6tisch/6tisch-ng-sra-v17/6tisch-ng-sra/examples/tsch/rpl-udp/border-router-client/border-router-client.exp5438
[16:24:18 - main] [MspMote.java:235] [INFO] - Loading firmware from: /home/dr_hakan_aydin/6tisch/6tisch-ng-sra-v17/6tisch-ng-sra/examples/tsch/rpl-udp/border-router-client/border-router-client.exp5438
[16:24:18 - main] [MspMote.java:235] [INFO] - Loading firmware from: /home/dr_hakan_aydin/6tisch/6tisch-ng-sra-v17/6tisch-ng-sra/examples/tsch/rpl-udp/border-router-client/border-router-client.exp5438
[16:24:18 - main] [MspMote.java:235] [INFO] - Loading firmware from: /home/dr_hakan_aydin/6tisch/6tisch-ng-sra-v17/6tisch-ng-sra/examples/tsch/rpl-udp/border-router-client/border-router-client.exp5438
[16:24:19 - main] [MspMote.java:235] [INFO] - Loading firmware from: /home/dr_hakan_aydin/6tisch/6tisch-ng-sra-v17/6tisch-ng-sra/examples/tsch/rpl-udp/border-router-client/border-router-client.exp5438
[16:24:19 - main] [MspMote.java:235] [INFO] - Loading firmware from: /home/dr_hakan_aydin/6tisch/6tisch-ng-sra-v17/6tisch-ng-sra/examples/tsch/rpl-udp/border-router-client/border-router-client.exp5438
[16:24:19 - main] [MspMote.java:235] [INFO] - Loading firmware from: /home/dr_hakan_aydin/6tisch/6tisch-ng-sra-v17/6tisch-ng-sra/examples/tsch/rpl-udp/border-router-client/border-router-client.exp5438
[16:24:19 - main] [MspMote.java:235] [INFO] - Loading firmware from: /home/dr_hakan_aydin/6tisch/6tisch-ng-sra-v17/6tisch-ng-sra/examples/tsch/rpl-udp/border-router-client/border-router-client.exp5438
[16:24:19 - main] [MspMote.java:235] [INFO] - Loading firmware from: /home/dr_hakan_aydin/6tisch/6tisch-ng-sra-v17/6tisch-ng-sra/examples/tsch/rpl-udp/border-router-client/border-router-client.exp5438
[16:24:19 - main] [MspMote.java:235] [INFO] - Loading firmware from: /home/dr_hakan_aydin/6tisch/6tisch-ng-sra-v17/6tisch-ng-sra/examples/tsch/rpl-udp/border-router-client/border-router-client.exp5438
[16:24:19 - main] [MspMote.java:235] [INFO] - Loading firmware from: /home/dr_hakan_aydin/6tisch/6tisch-ng-sra-v17/6tisch-ng-sra/examples/tsch/rpl-udp/border-router-client/border-router-client.exp5438
[16:24:19 - main] [MspMote.java:235] [INFO] - Loading firmware from: /home/dr_hakan_aydin/6tisch/6tisch-ng-sra-v17/6tisch-ng-sra/examples/tsch/rpl-udp/border-router-client/border-router-client.exp5438
[16:24:19 - main] [MspMote.java:235] [INFO] - Loading firmware from: /home/dr_hakan_aydin/6tisch/6tisch-ng-sra-v17/6tisch-ng-sra/examples/tsch/rpl-udp/border-router-client/border-router-client.exp5438
[16:24:19 - main] [MspMote.java:235] [INFO] - Loading firmware from: /home/dr_hakan_aydin/6tisch/6tisch-ng-sra-v17/6tisch-ng-sra/examples/tsch/rpl-udp/border-router-client/border-router-client.exp5438
[16:24:19 - main] [MspMote.java:235] [INFO] - Loading firmware from: /home/dr_hakan_aydin/6tisch/6tisch-ng-sra-v17/6tisch-ng-sra/examples/tsch/rpl-udp/border-router-client/border-router-client.exp5438
[16:24:19 - main] [MspMote.java:235] [INFO] - Loading firmware from: /home/dr_hakan_aydin/6tisch/6tisch-ng-sra-v17/6tisch-ng-sra/examples/tsch/rpl-udp/border-router-client/border-router-client.exp5438
[16:24:19 - main] [MspMote.java:235] [INFO] - Loading firmware from: /home/dr_hakan_aydin/6tisch/6tisch-ng-sra-v17/6tisch-ng-sra/examples/tsch/rpl-udp/border-router-client/border-router-client.exp5438
[16:24:19 - main] [Cooja.java:1782] [INFO] - Visualized plugin was not started: class org.contikios.cooja.plugins.SimControl
[16:24:20 - main] [Cooja.java:1782] [INFO] - Visualized plugin was not started: class org.contikios.cooja.plugins.Visualizer
[16:24:20 - main] [Cooja.java:1782] [INFO] - Visualized plugin was not started: class org.contikios.cooja.plugins.LogListener
[16:24:20 - main] [Cooja.java:1782] [INFO] - Visualized plugin was not started: class org.contikios.cooja.plugins.TimeLine
[16:24:20 - main] [ScriptRunner.java:438] [INFO] - Test script deactivated
[16:24:20 - main] [LogScriptEngine.java:265] [INFO] - Script timeout in 3800000 ms
[16:24:21 - main] [ScriptRunner.java:395] [INFO] - Test script activated
[16:24:21 - Thread-2] [Simulation.java:253] [INFO] - Simulation main loop started, system time: 1780925061060
[16:24:21 - main] [Cooja.java:3672] [FATAL] - Could not load plugin class: Mobility
[16:28:15 - Thread-2] [LogScriptEngine.java:389] [INFO] - Test script at 5.00%, done in 4462.5 sec
[16:33:23 - Thread-2] [LogScriptEngine.java:389] [INFO] - Test script at 10.00%, done in 4881.9 sec
[16:39:25 - Thread-2] [LogScriptEngine.java:389] [INFO] - Test script at 15.00%, done in 5127.8 sec
[16:46:46 - Thread-2] [LogScriptEngine.java:389] [INFO] - Test script at 20.00%, done in 5382.9 sec
[16:55:38 - Thread-2] [LogScriptEngine.java:389] [INFO] - Test script at 25.00%, done in 5630.9 sec
[17:04:03 - Thread-2] [LogScriptEngine.java:389] [INFO] - Test script at 30.00%, done in 5558.5 sec
[17:12:55 - Thread-2] [LogScriptEngine.java:389] [INFO] - Test script at 35.00%, done in 5412.1 sec
[17:20:49 - Thread-2] [LogScriptEngine.java:389] [INFO] - Test script at 40.00%, done in 5082.6 sec
[17:29:46 - Thread-2] [LogScriptEngine.java:389] [INFO] - Test script at 45.00%, done in 4797.9 sec
[17:36:46 - Thread-2] [LogScriptEngine.java:389] [INFO] - Test script at 50.00%, done in 4345.5 sec
[17:45:31 - Thread-2] [LogScriptEngine.java:389] [INFO] - Test script at 55.00%, done in 3985.1 sec
[17:53:53 - Thread-2] [LogScriptEngine.java:389] [INFO] - Test script at 60.00%, done in 3581.4 sec
[18:01:53 - Thread-2] [LogScriptEngine.java:389] [INFO] - Test script at 65.00%, done in 3151.3 sec
[18:10:11 - Thread-2] [LogScriptEngine.java:389] [INFO] - Test script at 70.00%, done in 2721.8 sec
[18:19:03 - Thread-2] [LogScriptEngine.java:389] [INFO] - Test script at 75.00%, done in 2294.0 sec
[18:27:23 - Thread-2] [LogScriptEngine.java:389] [INFO] - Test script at 80.00%, done in 1845.5 sec
[18:35:57 - Thread-2] [LogScriptEngine.java:389] [INFO] - Test script at 85.00%, done in 1393.5 sec
[18:43:10 - Thread-2] [LogScriptEngine.java:389] [INFO] - Test script at 90.00%, done in 925.5 sec
[18:50:53 - Thread-2] [LogScriptEngine.java:389] [INFO] - Test script at 95.00%, done in 462.8 sec
[18:58:47 - Thread-2] [LogScriptEngine.java:375] [INFO] - Timeout event @ 3800000000
[18:58:47 - Thread-1] [LogScriptEngine.java:309] [INFO] - Test script finished
[18:58:47 - Thread-2] [Simulation.java:312] [INFO] - Simulation main loop stopped, system time: 1780934327386	Duration: 9266326 ms	Simulated time 3800000 ms	Ratio 0.410087018306932
[18:58:47 - AWT-EventQueue-1] [ScriptRunner.java:438] [INFO] - Test script deactivated
[18:58:47 - Thread-4] [AbstractRadioMedium.java:196] [FATAL] - Connection source turned off radio: org.contikios.cooja.mspmote.interfaces.Msp802154Radio@fa36558
