 WARN [main] (Cooja.java:3173) - JAVA_HOME environment variable not set, Cooja motes may not compile
 INFO [main] (Cooja.java:1316) - > Starting Cooja
 INFO [main] (Cooja.java:2857) - External tools default settings: /external_tools_linux_64.config
 INFO [main] (Cooja.java:2887) - External tools user settings: /home/dr_hakan_aydin/.cooja.user.properties
FATAL [main] (Cooja.java:1941) - No plugin class: class org.contikios.cooja.plugins.CollectViewFull: org/jfree/data/xy/XYDataset
 WARN [main] (Cooja.java:3626) - Loaded simulation may depend on not found  extension: '/home/dr_hakan_aydin/6tisch/6tisch-ng-sra-v17/6tisch-ng-sra/tools/cooja/apps/mobility'
 INFO [main] (Simulation.java:422) - Simulation random seed: 894763
 INFO [main] (CompileContiki.java:140) - > make border-router-server.exp5438 TARGET=exp5438 
Message:
Message:> make border-router-server.exp5438 TARGET=exp5438 
Message:make: 'border-router-server.exp5438' is up to date.
 INFO [main] (CompileContiki.java:140) - > make border-router-client.exp5438 TARGET=exp5438 
Message:
Message:> make border-router-client.exp5438 TARGET=exp5438 
Message:make: 'border-router-client.exp5438' is up to date.
 INFO [main] (MspMote.java:235) - Loading firmware from: /home/dr_hakan_aydin/6tisch/6tisch-ng-sra-v17/6tisch-ng-sra/examples/tsch/rpl-udp/border-router-client/border-router-client.exp5438
 INFO [main] (MspMote.java:235) - Loading firmware from: /home/dr_hakan_aydin/6tisch/6tisch-ng-sra-v17/6tisch-ng-sra/examples/tsch/rpl-udp/border-router-client/border-router-client.exp5438
 INFO [main] (MspMote.java:235) - Loading firmware from: /home/dr_hakan_aydin/6tisch/6tisch-ng-sra-v17/6tisch-ng-sra/examples/tsch/rpl-udp/border-router-client/border-router-client.exp5438
 INFO [main] (MspMote.java:235) - Loading firmware from: /home/dr_hakan_aydin/6tisch/6tisch-ng-sra-v17/6tisch-ng-sra/examples/tsch/rpl-udp/border-router-client/border-router-client.exp5438
 INFO [main] (MspMote.java:235) - Loading firmware from: /home/dr_hakan_aydin/6tisch/6tisch-ng-sra-v17/6tisch-ng-sra/examples/tsch/rpl-udp/border-router-client/border-router-client.exp5438
 INFO [main] (MspMote.java:235) - Loading firmware from: /home/dr_hakan_aydin/6tisch/6tisch-ng-sra-v17/6tisch-ng-sra/examples/tsch/rpl-udp/border-router-client/border-router-client.exp5438
 INFO [main] (MspMote.java:235) - Loading firmware from: /home/dr_hakan_aydin/6tisch/6tisch-ng-sra-v17/6tisch-ng-sra/examples/tsch/rpl-udp/border-router-server/border-router-server.exp5438
 INFO [main] (MspMote.java:235) - Loading firmware from: /home/dr_hakan_aydin/6tisch/6tisch-ng-sra-v17/6tisch-ng-sra/examples/tsch/rpl-udp/border-router-client/border-router-client.exp5438
 INFO [main] (MspMote.java:235) - Loading firmware from: /home/dr_hakan_aydin/6tisch/6tisch-ng-sra-v17/6tisch-ng-sra/examples/tsch/rpl-udp/border-router-client/border-router-client.exp5438
 INFO [main] (MspMote.java:235) - Loading firmware from: /home/dr_hakan_aydin/6tisch/6tisch-ng-sra-v17/6tisch-ng-sra/examples/tsch/rpl-udp/border-router-client/border-router-client.exp5438
 INFO [main] (MspMote.java:235) - Loading firmware from: /home/dr_hakan_aydin/6tisch/6tisch-ng-sra-v17/6tisch-ng-sra/examples/tsch/rpl-udp/border-router-client/border-router-client.exp5438
 INFO [main] (MspMote.java:235) - Loading firmware from: /home/dr_hakan_aydin/6tisch/6tisch-ng-sra-v17/6tisch-ng-sra/examples/tsch/rpl-udp/border-router-client/border-router-client.exp5438
 INFO [main] (MspMote.java:235) - Loading firmware from: /home/dr_hakan_aydin/6tisch/6tisch-ng-sra-v17/6tisch-ng-sra/examples/tsch/rpl-udp/border-router-client/border-router-client.exp5438
 INFO [main] (MspMote.java:235) - Loading firmware from: /home/dr_hakan_aydin/6tisch/6tisch-ng-sra-v17/6tisch-ng-sra/examples/tsch/rpl-udp/border-router-client/border-router-client.exp5438
 INFO [main] (MspMote.java:235) - Loading firmware from: /home/dr_hakan_aydin/6tisch/6tisch-ng-sra-v17/6tisch-ng-sra/examples/tsch/rpl-udp/border-router-client/border-router-client.exp5438
 INFO [main] (MspMote.java:235) - Loading firmware from: /home/dr_hakan_aydin/6tisch/6tisch-ng-sra-v17/6tisch-ng-sra/examples/tsch/rpl-udp/border-router-client/border-router-client.exp5438
 INFO [main] (MspMote.java:235) - Loading firmware from: /home/dr_hakan_aydin/6tisch/6tisch-ng-sra-v17/6tisch-ng-sra/examples/tsch/rpl-udp/border-router-client/border-router-client.exp5438
 INFO [main] (MspMote.java:235) - Loading firmware from: /home/dr_hakan_aydin/6tisch/6tisch-ng-sra-v17/6tisch-ng-sra/examples/tsch/rpl-udp/border-router-client/border-router-client.exp5438
 INFO [main] (MspMote.java:235) - Loading firmware from: /home/dr_hakan_aydin/6tisch/6tisch-ng-sra-v17/6tisch-ng-sra/examples/tsch/rpl-udp/border-router-client/border-router-client.exp5438
 INFO [main] (MspMote.java:235) - Loading firmware from: /home/dr_hakan_aydin/6tisch/6tisch-ng-sra-v17/6tisch-ng-sra/examples/tsch/rpl-udp/border-router-client/border-router-client.exp5438
 INFO [main] (MspMote.java:235) - Loading firmware from: /home/dr_hakan_aydin/6tisch/6tisch-ng-sra-v17/6tisch-ng-sra/examples/tsch/rpl-udp/border-router-client/border-router-client.exp5438
 INFO [main] (MspMote.java:235) - Loading firmware from: /home/dr_hakan_aydin/6tisch/6tisch-ng-sra-v17/6tisch-ng-sra/examples/tsch/rpl-udp/border-router-client/border-router-client.exp5438
 INFO [main] (MspMote.java:235) - Loading firmware from: /home/dr_hakan_aydin/6tisch/6tisch-ng-sra-v17/6tisch-ng-sra/examples/tsch/rpl-udp/border-router-client/border-router-client.exp5438
 INFO [main] (MspMote.java:235) - Loading firmware from: /home/dr_hakan_aydin/6tisch/6tisch-ng-sra-v17/6tisch-ng-sra/examples/tsch/rpl-udp/border-router-client/border-router-client.exp5438
 INFO [main] (MspMote.java:235) - Loading firmware from: /home/dr_hakan_aydin/6tisch/6tisch-ng-sra-v17/6tisch-ng-sra/examples/tsch/rpl-udp/border-router-client/border-router-client.exp5438
 INFO [main] (MspMote.java:235) - Loading firmware from: /home/dr_hakan_aydin/6tisch/6tisch-ng-sra-v17/6tisch-ng-sra/examples/tsch/rpl-udp/border-router-client/border-router-client.exp5438
 INFO [main] (MspMote.java:235) - Loading firmware from: /home/dr_hakan_aydin/6tisch/6tisch-ng-sra-v17/6tisch-ng-sra/examples/tsch/rpl-udp/border-router-client/border-router-client.exp5438
 INFO [main] (MspMote.java:235) - Loading firmware from: /home/dr_hakan_aydin/6tisch/6tisch-ng-sra-v17/6tisch-ng-sra/examples/tsch/rpl-udp/border-router-client/border-router-client.exp5438
 INFO [main] (MspMote.java:235) - Loading firmware from: /home/dr_hakan_aydin/6tisch/6tisch-ng-sra-v17/6tisch-ng-sra/examples/tsch/rpl-udp/border-router-client/border-router-client.exp5438
 INFO [main] (MspMote.java:235) - Loading firmware from: /home/dr_hakan_aydin/6tisch/6tisch-ng-sra-v17/6tisch-ng-sra/examples/tsch/rpl-udp/border-router-client/border-router-client.exp5438
 INFO [main] (MspMote.java:235) - Loading firmware from: /home/dr_hakan_aydin/6tisch/6tisch-ng-sra-v17/6tisch-ng-sra/examples/tsch/rpl-udp/border-router-client/border-router-client.exp5438
 INFO [main] (MspMote.java:235) - Loading firmware from: /home/dr_hakan_aydin/6tisch/6tisch-ng-sra-v17/6tisch-ng-sra/examples/tsch/rpl-udp/border-router-client/border-router-client.exp5438
 INFO [main] (MspMote.java:235) - Loading firmware from: /home/dr_hakan_aydin/6tisch/6tisch-ng-sra-v17/6tisch-ng-sra/examples/tsch/rpl-udp/border-router-client/border-router-client.exp5438
 INFO [main] (MspMote.java:235) - Loading firmware from: /home/dr_hakan_aydin/6tisch/6tisch-ng-sra-v17/6tisch-ng-sra/examples/tsch/rpl-udp/border-router-client/border-router-client.exp5438
 INFO [main] (MspMote.java:235) - Loading firmware from: /home/dr_hakan_aydin/6tisch/6tisch-ng-sra-v17/6tisch-ng-sra/examples/tsch/rpl-udp/border-router-client/border-router-client.exp5438
 INFO [main] (MspMote.java:235) - Loading firmware from: /home/dr_hakan_aydin/6tisch/6tisch-ng-sra-v17/6tisch-ng-sra/examples/tsch/rpl-udp/border-router-client/border-router-client.exp5438
 INFO [main] (MspMote.java:235) - Loading firmware from: /home/dr_hakan_aydin/6tisch/6tisch-ng-sra-v17/6tisch-ng-sra/examples/tsch/rpl-udp/border-router-client/border-router-client.exp5438
 INFO [main] (MspMote.java:235) - Loading firmware from: /home/dr_hakan_aydin/6tisch/6tisch-ng-sra-v17/6tisch-ng-sra/examples/tsch/rpl-udp/border-router-client/border-router-client.exp5438
 INFO [main] (MspMote.java:235) - Loading firmware from: /home/dr_hakan_aydin/6tisch/6tisch-ng-sra-v17/6tisch-ng-sra/examples/tsch/rpl-udp/border-router-client/border-router-client.exp5438
 INFO [main] (MspMote.java:235) - Loading firmware from: /home/dr_hakan_aydin/6tisch/6tisch-ng-sra-v17/6tisch-ng-sra/examples/tsch/rpl-udp/border-router-client/border-router-client.exp5438
 INFO [main] (MspMote.java:235) - Loading firmware from: /home/dr_hakan_aydin/6tisch/6tisch-ng-sra-v17/6tisch-ng-sra/examples/tsch/rpl-udp/border-router-client/border-router-client.exp5438
 INFO [main] (Cooja.java:1782) - Visualized plugin was not started: class org.contikios.cooja.plugins.SimControl
 INFO [main] (Cooja.java:1782) - Visualized plugin was not started: class org.contikios.cooja.plugins.Visualizer
 INFO [main] (Cooja.java:1782) - Visualized plugin was not started: class org.contikios.cooja.plugins.LogListener
 INFO [main] (Cooja.java:1782) - Visualized plugin was not started: class org.contikios.cooja.plugins.TimeLine
 INFO [main] (ScriptRunner.java:438) - Test script deactivated
 INFO [main] (LogScriptEngine.java:265) - Script timeout in 3800000 ms
 INFO [main] (ScriptRunner.java:395) - Test script activated
 INFO [Thread-2] (Simulation.java:253) - Simulation main loop started, system time: 1780925598921
FATAL [main] (Cooja.java:3672) - Could not load plugin class: Mobility
 INFO [Thread-2] (LogScriptEngine.java:389) - Test script at 5.00%, done in 5718.7 sec
Watchdog: illegal write to WDTCTL (0) from $103ce - reset!!!!
Stack Trace: number of calls: 5 PC: $103ce
  watchdog_reboot (packetbuf.c) called from PC: $253f2 (elapsed: 5)
  restart_time_synchronisation (packetbuf.c) called from PC: $1616c (elapsed: 30555)
  process_thread_foure_timesynch_process (local in 4emac-timesynch.c) called from PC: $1273c (elapsed: 1082897)
  call_process (local in process.c) called from PC: $12920 (elapsed: 1082934)
  process_run (packetbuf.c) called from PC: $05edc (elapsed: 1086295)
 WARN [Thread-2] (MspMote.java:229) - 29: # Watchdog[EXECUTION]: illegal write to WDTCTL (0) from $103ce - reset!!!!
 INFO [Thread-2] (LogScriptEngine.java:389) - Test script at 10.00%, done in 6600.8 sec
Watchdog: illegal write to WDTCTL (0) from $103ce - reset!!!!
Stack Trace: number of calls: 5 PC: $103ce
  watchdog_reboot (packetbuf.c) called from PC: $253f2 (elapsed: 5)
  restart_time_synchronisation (packetbuf.c) called from PC: $1616c (elapsed: 30452)
  process_thread_foure_timesynch_process (local in 4emac-timesynch.c) called from PC: $1273c (elapsed: 1115973)
  call_process (local in process.c) called from PC: $12920 (elapsed: 1116010)
  process_run (packetbuf.c) called from PC: $05edc (elapsed: 1119368)
 WARN [Thread-2] (MspMote.java:229) - 23: # Watchdog[EXECUTION]: illegal write to WDTCTL (0) from $103ce - reset!!!!
 INFO [Thread-2] (LogScriptEngine.java:389) - Test script at 15.00%, done in 7198.3 sec
Watchdog: illegal write to WDTCTL (0) from $103ce - reset!!!!
Stack Trace: number of calls: 5 PC: $103ce
  watchdog_reboot (packetbuf.c) called from PC: $253f2 (elapsed: 5)
  restart_time_synchronisation (packetbuf.c) called from PC: $1616c (elapsed: 30452)
  process_thread_foure_timesynch_process (local in 4emac-timesynch.c) called from PC: $1273c (elapsed: 1226752)
  call_process (local in process.c) called from PC: $12920 (elapsed: 1226789)
  process_run (packetbuf.c) called from PC: $05edc (elapsed: 1229935)
 WARN [Thread-2] (MspMote.java:229) - 29: # Watchdog[EXECUTION]: illegal write to WDTCTL (0) from $103ce - reset!!!!
 INFO [Thread-2] (LogScriptEngine.java:389) - Test script at 20.00%, done in 7702.9 sec
 INFO [Thread-2] (LogScriptEngine.java:389) - Test script at 25.00%, done in 8051.4 sec
 INFO [Thread-2] (LogScriptEngine.java:389) - Test script at 30.00%, done in 8113.6 sec
 INFO [Thread-2] (LogScriptEngine.java:389) - Test script at 35.00%, done in 7952.1 sec
 INFO [Thread-2] (LogScriptEngine.java:389) - Test script at 40.00%, done in 7477.5 sec
 INFO [Thread-2] (LogScriptEngine.java:389) - Test script at 45.00%, done in 6942.7 sec
 INFO [Thread-2] (LogScriptEngine.java:389) - Test script at 50.00%, done in 6385.5 sec
 INFO [Thread-2] (LogScriptEngine.java:389) - Test script at 55.00%, done in 5803.4 sec
 INFO [Thread-2] (LogScriptEngine.java:389) - Test script at 60.00%, done in 5183.0 sec
 INFO [Thread-2] (LogScriptEngine.java:389) - Test script at 65.00%, done in 4544.9 sec
 INFO [Thread-2] (LogScriptEngine.java:389) - Test script at 70.00%, done in 3917.3 sec
 INFO [Thread-2] (LogScriptEngine.java:389) - Test script at 75.00%, done in 3226.2 sec
 INFO [Thread-2] (LogScriptEngine.java:389) - Test script at 80.00%, done in 2557.6 sec
 INFO [Thread-2] (LogScriptEngine.java:389) - Test script at 85.00%, done in 1944.5 sec
 INFO [Thread-2] (LogScriptEngine.java:389) - Test script at 90.00%, done in 1287.4 sec
