[16:37:11 - main] [Cooja.java:3173] [WARN] - JAVA_HOME environment variable not set, Cooja motes may not compile
[16:37:11 - main] [Cooja.java:1316] [INFO] - > Starting Cooja
[16:37:12 - main] [Cooja.java:2857] [INFO] - External tools default settings: /external_tools_linux_64.config
[16:37:12 - main] [Cooja.java:2887] [INFO] - External tools user settings: /home/dr_hakan_aydin/.cooja.user.properties
[16:37:12 - main] [Cooja.java:1941] [FATAL] - No plugin class: class org.contikios.cooja.plugins.CollectViewFull: org/jfree/data/xy/XYDataset
[16:37:12 - main] [Cooja.java:3626] [WARN] - Loaded simulation may depend on not found  extension: '/home/dr_hakan_aydin/6tisch/6tisch-ng-sra-v17/6tisch-ng-sra/tools/cooja/apps/mobility'
[16:37:12 - main] [Simulation.java:422] [INFO] - Simulation random seed: 160736
[16:37:12 - main] [CompileContiki.java:140] [INFO] - > make border-router-server.exp5438 TARGET=exp5438 
[16:37:13 - main] [CompileContiki.java:140] [INFO] - > make border-router-client.exp5438 TARGET=exp5438 
[16:37:13 - main] [MspMote.java:235] [INFO] - Loading firmware from: /home/dr_hakan_aydin/6tisch/6tisch-ng-sra-v17/6tisch-ng-sra/examples/tsch/rpl-udp/border-router-client/border-router-client.exp5438
[16:37:14 - main] [MspMote.java:235] [INFO] - Loading firmware from: /home/dr_hakan_aydin/6tisch/6tisch-ng-sra-v17/6tisch-ng-sra/examples/tsch/rpl-udp/border-router-client/border-router-client.exp5438
[16:37:14 - main] [MspMote.java:235] [INFO] - Loading firmware from: /home/dr_hakan_aydin/6tisch/6tisch-ng-sra-v17/6tisch-ng-sra/examples/tsch/rpl-udp/border-router-client/border-router-client.exp5438
[16:37:14 - main] [MspMote.java:235] [INFO] - Loading firmware from: /home/dr_hakan_aydin/6tisch/6tisch-ng-sra-v17/6tisch-ng-sra/examples/tsch/rpl-udp/border-router-client/border-router-client.exp5438
[16:37:14 - main] [MspMote.java:235] [INFO] - Loading firmware from: /home/dr_hakan_aydin/6tisch/6tisch-ng-sra-v17/6tisch-ng-sra/examples/tsch/rpl-udp/border-router-server/border-router-server.exp5438
[16:37:15 - main] [MspMote.java:235] [INFO] - Loading firmware from: /home/dr_hakan_aydin/6tisch/6tisch-ng-sra-v17/6tisch-ng-sra/examples/tsch/rpl-udp/border-router-client/border-router-client.exp5438
[16:37:15 - main] [MspMote.java:235] [INFO] - Loading firmware from: /home/dr_hakan_aydin/6tisch/6tisch-ng-sra-v17/6tisch-ng-sra/examples/tsch/rpl-udp/border-router-client/border-router-client.exp5438
[16:37:15 - main] [MspMote.java:235] [INFO] - Loading firmware from: /home/dr_hakan_aydin/6tisch/6tisch-ng-sra-v17/6tisch-ng-sra/examples/tsch/rpl-udp/border-router-client/border-router-client.exp5438
[16:37:15 - main] [MspMote.java:235] [INFO] - Loading firmware from: /home/dr_hakan_aydin/6tisch/6tisch-ng-sra-v17/6tisch-ng-sra/examples/tsch/rpl-udp/border-router-client/border-router-client.exp5438
[16:37:16 - main] [MspMote.java:235] [INFO] - Loading firmware from: /home/dr_hakan_aydin/6tisch/6tisch-ng-sra-v17/6tisch-ng-sra/examples/tsch/rpl-udp/border-router-client/border-router-client.exp5438
[16:37:16 - main] [MspMote.java:235] [INFO] - Loading firmware from: /home/dr_hakan_aydin/6tisch/6tisch-ng-sra-v17/6tisch-ng-sra/examples/tsch/rpl-udp/border-router-client/border-router-client.exp5438
[16:37:16 - main] [MspMote.java:235] [INFO] - Loading firmware from: /home/dr_hakan_aydin/6tisch/6tisch-ng-sra-v17/6tisch-ng-sra/examples/tsch/rpl-udp/border-router-client/border-router-client.exp5438
[16:37:16 - main] [MspMote.java:235] [INFO] - Loading firmware from: /home/dr_hakan_aydin/6tisch/6tisch-ng-sra-v17/6tisch-ng-sra/examples/tsch/rpl-udp/border-router-client/border-router-client.exp5438
[16:37:16 - main] [MspMote.java:235] [INFO] - Loading firmware from: /home/dr_hakan_aydin/6tisch/6tisch-ng-sra-v17/6tisch-ng-sra/examples/tsch/rpl-udp/border-router-client/border-router-client.exp5438
[16:37:16 - main] [MspMote.java:235] [INFO] - Loading firmware from: /home/dr_hakan_aydin/6tisch/6tisch-ng-sra-v17/6tisch-ng-sra/examples/tsch/rpl-udp/border-router-client/border-router-client.exp5438
[16:37:16 - main] [MspMote.java:235] [INFO] - Loading firmware from: /home/dr_hakan_aydin/6tisch/6tisch-ng-sra-v17/6tisch-ng-sra/examples/tsch/rpl-udp/border-router-client/border-router-client.exp5438
[16:37:16 - main] [MspMote.java:235] [INFO] - Loading firmware from: /home/dr_hakan_aydin/6tisch/6tisch-ng-sra-v17/6tisch-ng-sra/examples/tsch/rpl-udp/border-router-client/border-router-client.exp5438
[16:37:16 - main] [MspMote.java:235] [INFO] - Loading firmware from: /home/dr_hakan_aydin/6tisch/6tisch-ng-sra-v17/6tisch-ng-sra/examples/tsch/rpl-udp/border-router-client/border-router-client.exp5438
[16:37:17 - main] [MspMote.java:235] [INFO] - Loading firmware from: /home/dr_hakan_aydin/6tisch/6tisch-ng-sra-v17/6tisch-ng-sra/examples/tsch/rpl-udp/border-router-client/border-router-client.exp5438
[16:37:17 - main] [MspMote.java:235] [INFO] - Loading firmware from: /home/dr_hakan_aydin/6tisch/6tisch-ng-sra-v17/6tisch-ng-sra/examples/tsch/rpl-udp/border-router-client/border-router-client.exp5438
[16:37:17 - main] [MspMote.java:235] [INFO] - Loading firmware from: /home/dr_hakan_aydin/6tisch/6tisch-ng-sra-v17/6tisch-ng-sra/examples/tsch/rpl-udp/border-router-client/border-router-client.exp5438
[16:37:17 - main] [MspMote.java:235] [INFO] - Loading firmware from: /home/dr_hakan_aydin/6tisch/6tisch-ng-sra-v17/6tisch-ng-sra/examples/tsch/rpl-udp/border-router-client/border-router-client.exp5438
[16:37:17 - main] [MspMote.java:235] [INFO] - Loading firmware from: /home/dr_hakan_aydin/6tisch/6tisch-ng-sra-v17/6tisch-ng-sra/examples/tsch/rpl-udp/border-router-client/border-router-client.exp5438
[16:37:17 - main] [MspMote.java:235] [INFO] - Loading firmware from: /home/dr_hakan_aydin/6tisch/6tisch-ng-sra-v17/6tisch-ng-sra/examples/tsch/rpl-udp/border-router-client/border-router-client.exp5438
[16:37:17 - main] [MspMote.java:235] [INFO] - Loading firmware from: /home/dr_hakan_aydin/6tisch/6tisch-ng-sra-v17/6tisch-ng-sra/examples/tsch/rpl-udp/border-router-client/border-router-client.exp5438
[16:37:17 - main] [MspMote.java:235] [INFO] - Loading firmware from: /home/dr_hakan_aydin/6tisch/6tisch-ng-sra-v17/6tisch-ng-sra/examples/tsch/rpl-udp/border-router-client/border-router-client.exp5438
[16:37:17 - main] [MspMote.java:235] [INFO] - Loading firmware from: /home/dr_hakan_aydin/6tisch/6tisch-ng-sra-v17/6tisch-ng-sra/examples/tsch/rpl-udp/border-router-client/border-router-client.exp5438
[16:37:17 - main] [MspMote.java:235] [INFO] - Loading firmware from: /home/dr_hakan_aydin/6tisch/6tisch-ng-sra-v17/6tisch-ng-sra/examples/tsch/rpl-udp/border-router-client/border-router-client.exp5438
[16:37:17 - main] [MspMote.java:235] [INFO] - Loading firmware from: /home/dr_hakan_aydin/6tisch/6tisch-ng-sra-v17/6tisch-ng-sra/examples/tsch/rpl-udp/border-router-client/border-router-client.exp5438
[16:37:18 - main] [MspMote.java:235] [INFO] - Loading firmware from: /home/dr_hakan_aydin/6tisch/6tisch-ng-sra-v17/6tisch-ng-sra/examples/tsch/rpl-udp/border-router-client/border-router-client.exp5438
[16:37:18 - main] [MspMote.java:235] [INFO] - Loading firmware from: /home/dr_hakan_aydin/6tisch/6tisch-ng-sra-v17/6tisch-ng-sra/examples/tsch/rpl-udp/border-router-client/border-router-client.exp5438
[16:37:18 - main] [MspMote.java:235] [INFO] - Loading firmware from: /home/dr_hakan_aydin/6tisch/6tisch-ng-sra-v17/6tisch-ng-sra/examples/tsch/rpl-udp/border-router-client/border-router-client.exp5438
[16:37:18 - main] [MspMote.java:235] [INFO] - Loading firmware from: /home/dr_hakan_aydin/6tisch/6tisch-ng-sra-v17/6tisch-ng-sra/examples/tsch/rpl-udp/border-router-client/border-router-client.exp5438
[16:37:18 - main] [MspMote.java:235] [INFO] - Loading firmware from: /home/dr_hakan_aydin/6tisch/6tisch-ng-sra-v17/6tisch-ng-sra/examples/tsch/rpl-udp/border-router-client/border-router-client.exp5438
[16:37:18 - main] [MspMote.java:235] [INFO] - Loading firmware from: /home/dr_hakan_aydin/6tisch/6tisch-ng-sra-v17/6tisch-ng-sra/examples/tsch/rpl-udp/border-router-client/border-router-client.exp5438
[16:37:18 - main] [MspMote.java:235] [INFO] - Loading firmware from: /home/dr_hakan_aydin/6tisch/6tisch-ng-sra-v17/6tisch-ng-sra/examples/tsch/rpl-udp/border-router-client/border-router-client.exp5438
[16:37:18 - main] [MspMote.java:235] [INFO] - Loading firmware from: /home/dr_hakan_aydin/6tisch/6tisch-ng-sra-v17/6tisch-ng-sra/examples/tsch/rpl-udp/border-router-client/border-router-client.exp5438
[16:37:18 - main] [MspMote.java:235] [INFO] - Loading firmware from: /home/dr_hakan_aydin/6tisch/6tisch-ng-sra-v17/6tisch-ng-sra/examples/tsch/rpl-udp/border-router-client/border-router-client.exp5438
[16:37:19 - main] [MspMote.java:235] [INFO] - Loading firmware from: /home/dr_hakan_aydin/6tisch/6tisch-ng-sra-v17/6tisch-ng-sra/examples/tsch/rpl-udp/border-router-client/border-router-client.exp5438
[16:37:19 - main] [MspMote.java:235] [INFO] - Loading firmware from: /home/dr_hakan_aydin/6tisch/6tisch-ng-sra-v17/6tisch-ng-sra/examples/tsch/rpl-udp/border-router-client/border-router-client.exp5438
[16:37:19 - main] [MspMote.java:235] [INFO] - Loading firmware from: /home/dr_hakan_aydin/6tisch/6tisch-ng-sra-v17/6tisch-ng-sra/examples/tsch/rpl-udp/border-router-client/border-router-client.exp5438
[16:37:19 - main] [Cooja.java:1782] [INFO] - Visualized plugin was not started: class org.contikios.cooja.plugins.SimControl
[16:37:19 - main] [Cooja.java:1782] [INFO] - Visualized plugin was not started: class org.contikios.cooja.plugins.Visualizer
[16:37:19 - main] [Cooja.java:1782] [INFO] - Visualized plugin was not started: class org.contikios.cooja.plugins.LogListener
[16:37:19 - main] [Cooja.java:1782] [INFO] - Visualized plugin was not started: class org.contikios.cooja.plugins.TimeLine
[16:37:20 - main] [ScriptRunner.java:438] [INFO] - Test script deactivated
[16:37:20 - main] [LogScriptEngine.java:265] [INFO] - Script timeout in 3800000 ms
[16:37:21 - main] [ScriptRunner.java:395] [INFO] - Test script activated
[16:37:21 - Thread-3] [Simulation.java:253] [INFO] - Simulation main loop started, system time: 1780925841141
[16:37:21 - main] [Cooja.java:3672] [FATAL] - Could not load plugin class: Mobility
[16:42:38 - Thread-3] [LogScriptEngine.java:389] [INFO] - Test script at 5.00%, done in 6029.4 sec
[16:43:47 - Thread-3] [MspMote.java:229] [WARN] - 20: # Watchdog[EXECUTION]: illegal write to WDTCTL (0) from $103ce - reset!!!!
[16:43:48 - Thread-3] [MspMote.java:229] [WARN] - 16: # Watchdog[EXECUTION]: illegal write to WDTCTL (0) from $103ce - reset!!!!
[16:43:48 - Thread-3] [MspMote.java:229] [WARN] - 10: # Watchdog[EXECUTION]: illegal write to WDTCTL (0) from $103ce - reset!!!!
[16:43:48 - Thread-3] [MspMote.java:229] [WARN] - 12: # Watchdog[EXECUTION]: illegal write to WDTCTL (0) from $103ce - reset!!!!
[16:44:31 - Thread-3] [MspMote.java:229] [WARN] - 19: # Watchdog[EXECUTION]: illegal write to WDTCTL (0) from $103ce - reset!!!!
[16:44:44 - Thread-3] [MspMote.java:229] [WARN] - 38: # Watchdog[EXECUTION]: illegal write to WDTCTL (0) from $103ce - reset!!!!
[16:45:02 - Thread-3] [MspMote.java:229] [WARN] - 14: # Watchdog[EXECUTION]: illegal write to WDTCTL (0) from $103ce - reset!!!!
[16:45:24 - Thread-3] [MspMote.java:229] [WARN] - 11: # Watchdog[EXECUTION]: illegal write to WDTCTL (0) from $103ce - reset!!!!
[16:48:15 - Thread-3] [LogScriptEngine.java:389] [INFO] - Test script at 10.00%, done in 5889.5 sec
[16:50:26 - Thread-3] [MspMote.java:229] [WARN] - 1: # Watchdog[EXECUTION]: illegal write to WDTCTL (0) from $103ce - reset!!!!
[16:52:52 - Thread-3] [MspMote.java:229] [WARN] - 19: # Watchdog[EXECUTION]: illegal write to WDTCTL (0) from $103ce - reset!!!!
[16:53:37 - Thread-3] [MspMote.java:229] [WARN] - 12: # Watchdog[EXECUTION]: illegal write to WDTCTL (0) from $103ce - reset!!!!
[16:53:38 - Thread-3] [MspMote.java:229] [WARN] - 10: # Watchdog[EXECUTION]: illegal write to WDTCTL (0) from $103ce - reset!!!!
[16:55:13 - Thread-3] [LogScriptEngine.java:389] [INFO] - Test script at 15.00%, done in 6078.3 sec
[16:56:43 - Thread-3] [MspMote.java:229] [WARN] - 32: # Watchdog[EXECUTION]: illegal write to WDTCTL (0) from $103ce - reset!!!!
[16:57:08 - Thread-3] [MspMote.java:229] [WARN] - 38: # Watchdog[EXECUTION]: illegal write to WDTCTL (0) from $103ce - reset!!!!
[17:03:40 - Thread-3] [LogScriptEngine.java:389] [INFO] - Test script at 20.00%, done in 6318.4 sec
[17:06:51 - Thread-3] [MspMote.java:229] [WARN] - 19: # Watchdog[EXECUTION]: illegal write to WDTCTL (0) from $103ce - reset!!!!
[17:09:08 - Thread-3] [MspMote.java:229] [WARN] - 26: # Watchdog[EXECUTION]: illegal write to WDTCTL (0) from $103ce - reset!!!!
[17:14:20 - Thread-3] [LogScriptEngine.java:389] [INFO] - Test script at 25.00%, done in 6657.2 sec
[17:25:56 - Thread-3] [LogScriptEngine.java:389] [INFO] - Test script at 30.00%, done in 6803.5 sec
[17:38:51 - Thread-3] [LogScriptEngine.java:389] [INFO] - Test script at 35.00%, done in 6852.6 sec
[17:51:23 - Thread-3] [LogScriptEngine.java:389] [INFO] - Test script at 40.00%, done in 6663.7 sec
[17:55:02 - Thread-3] [MspMote.java:229] [WARN] - 32: # Watchdog[EXECUTION]: illegal write to WDTCTL (0) from $103ce - reset!!!!
[18:00:01 - Thread-3] [MspMote.java:229] [WARN] - 12: # Watchdog[EXECUTION]: illegal write to WDTCTL (0) from $103ce - reset!!!!
[18:04:32 - Thread-3] [LogScriptEngine.java:389] [INFO] - Test script at 45.00%, done in 6393.6 sec
[18:16:58 - Thread-3] [LogScriptEngine.java:389] [INFO] - Test script at 50.00%, done in 5977.4 sec
[18:22:57 - Thread-3] [MspMote.java:229] [WARN] - 32: # Watchdog[EXECUTION]: illegal write to WDTCTL (0) from $103ce - reset!!!!
[18:29:17 - Thread-3] [LogScriptEngine.java:389] [INFO] - Test script at 55.00%, done in 5495.4 sec
[18:40:58 - Thread-3] [LogScriptEngine.java:389] [INFO] - Test script at 60.00%, done in 4945.2 sec
[18:53:10 - Thread-3] [MspMote.java:229] [WARN] - 32: # Watchdog[EXECUTION]: illegal write to WDTCTL (0) from $103ce - reset!!!!
[18:53:17 - Thread-3] [LogScriptEngine.java:389] [INFO] - Test script at 65.00%, done in 4391.8 sec
[19:05:45 - Thread-3] [LogScriptEngine.java:389] [INFO] - Test script at 70.00%, done in 3816.1 sec
[19:15:18 - Thread-3] [LogScriptEngine.java:389] [INFO] - Test script at 75.00%, done in 3159.3 sec
[19:25:27 - Thread-3] [LogScriptEngine.java:389] [INFO] - Test script at 80.00%, done in 2521.5 sec
[19:34:25 - Thread-3] [LogScriptEngine.java:389] [INFO] - Test script at 85.00%, done in 1874.8 sec
[19:34:38 - Thread-3] [MspMote.java:229] [WARN] - 32: # Watchdog[EXECUTION]: illegal write to WDTCTL (0) from $103ce - reset!!!!
[19:46:24 - Thread-3] [MspMote.java:229] [WARN] - 32: # Watchdog[EXECUTION]: illegal write to WDTCTL (0) from $103ce - reset!!!!
[19:47:40 - Thread-3] [LogScriptEngine.java:389] [INFO] - Test script at 90.00%, done in 1268.8 sec
[19:58:14 - Thread-3] [LogScriptEngine.java:389] [INFO] - Test script at 95.00%, done in 634.4 sec
[20:04:48 - Thread-3] [LogScriptEngine.java:375] [INFO] - Timeout event @ 3800000000
[20:04:48 - Thread-2] [LogScriptEngine.java:309] [INFO] - Test script finished
[20:04:48 - Thread-3] [Simulation.java:312] [INFO] - Simulation main loop stopped, system time: 1780938288760	Duration: 12447619 ms	Simulated time 3800000 ms	Ratio 0.30527926666135907
[20:04:49 - AWT-EventQueue-1] [ScriptRunner.java:438] [INFO] - Test script deactivated
