[15:56:05 - main] [Cooja.java:3173] [WARN] - JAVA_HOME environment variable not set, Cooja motes may not compile
[15:56:05 - main] [Cooja.java:1316] [INFO] - > Starting Cooja
[15:56:05 - main] [Cooja.java:2857] [INFO] - External tools default settings: /external_tools_linux_64.config
[15:56:05 - main] [Cooja.java:2887] [INFO] - External tools user settings: /home/dr_hakan_aydin/.cooja.user.properties
[15:56:05 - main] [Cooja.java:1941] [FATAL] - No plugin class: class org.contikios.cooja.plugins.CollectViewFull: org/jfree/data/xy/XYDataset
[15:56:05 - main] [Cooja.java:3626] [WARN] - Loaded simulation may depend on not found  extension: '/home/dr_hakan_aydin/6tisch/6tisch-ng-sra-v17/6tisch-ng-sra/tools/cooja/apps/mobility'
[15:56:06 - main] [Simulation.java:422] [INFO] - Simulation random seed: 632686
[15:56:06 - main] [CompileContiki.java:140] [INFO] - > make border-router-server.exp5438 TARGET=exp5438 
[15:56:06 - main] [CompileContiki.java:140] [INFO] - > make border-router-client.exp5438 TARGET=exp5438 
[15:56:06 - main] [MspMote.java:235] [INFO] - Loading firmware from: /home/dr_hakan_aydin/6tisch/6tisch-ng-sra-v17/6tisch-ng-sra/examples/tsch/rpl-udp/border-router-client/border-router-client.exp5438
[15:56:07 - main] [MspMote.java:235] [INFO] - Loading firmware from: /home/dr_hakan_aydin/6tisch/6tisch-ng-sra-v17/6tisch-ng-sra/examples/tsch/rpl-udp/border-router-client/border-router-client.exp5438
[15:56:07 - main] [MspMote.java:235] [INFO] - Loading firmware from: /home/dr_hakan_aydin/6tisch/6tisch-ng-sra-v17/6tisch-ng-sra/examples/tsch/rpl-udp/border-router-client/border-router-client.exp5438
[15:56:07 - main] [MspMote.java:235] [INFO] - Loading firmware from: /home/dr_hakan_aydin/6tisch/6tisch-ng-sra-v17/6tisch-ng-sra/examples/tsch/rpl-udp/border-router-client/border-router-client.exp5438
[15:56:07 - main] [MspMote.java:235] [INFO] - Loading firmware from: /home/dr_hakan_aydin/6tisch/6tisch-ng-sra-v17/6tisch-ng-sra/examples/tsch/rpl-udp/border-router-client/border-router-client.exp5438
[15:56:07 - main] [MspMote.java:235] [INFO] - Loading firmware from: /home/dr_hakan_aydin/6tisch/6tisch-ng-sra-v17/6tisch-ng-sra/examples/tsch/rpl-udp/border-router-server/border-router-server.exp5438
[15:56:08 - main] [MspMote.java:235] [INFO] - Loading firmware from: /home/dr_hakan_aydin/6tisch/6tisch-ng-sra-v17/6tisch-ng-sra/examples/tsch/rpl-udp/border-router-client/border-router-client.exp5438
[15:56:08 - main] [MspMote.java:235] [INFO] - Loading firmware from: /home/dr_hakan_aydin/6tisch/6tisch-ng-sra-v17/6tisch-ng-sra/examples/tsch/rpl-udp/border-router-client/border-router-client.exp5438
[15:56:08 - main] [MspMote.java:235] [INFO] - Loading firmware from: /home/dr_hakan_aydin/6tisch/6tisch-ng-sra-v17/6tisch-ng-sra/examples/tsch/rpl-udp/border-router-client/border-router-client.exp5438
[15:56:08 - main] [MspMote.java:235] [INFO] - Loading firmware from: /home/dr_hakan_aydin/6tisch/6tisch-ng-sra-v17/6tisch-ng-sra/examples/tsch/rpl-udp/border-router-client/border-router-client.exp5438
[15:56:08 - main] [MspMote.java:235] [INFO] - Loading firmware from: /home/dr_hakan_aydin/6tisch/6tisch-ng-sra-v17/6tisch-ng-sra/examples/tsch/rpl-udp/border-router-client/border-router-client.exp5438
[15:56:08 - main] [MspMote.java:235] [INFO] - Loading firmware from: /home/dr_hakan_aydin/6tisch/6tisch-ng-sra-v17/6tisch-ng-sra/examples/tsch/rpl-udp/border-router-client/border-router-client.exp5438
[15:56:08 - main] [MspMote.java:235] [INFO] - Loading firmware from: /home/dr_hakan_aydin/6tisch/6tisch-ng-sra-v17/6tisch-ng-sra/examples/tsch/rpl-udp/border-router-client/border-router-client.exp5438
[15:56:08 - main] [MspMote.java:235] [INFO] - Loading firmware from: /home/dr_hakan_aydin/6tisch/6tisch-ng-sra-v17/6tisch-ng-sra/examples/tsch/rpl-udp/border-router-client/border-router-client.exp5438
[15:56:08 - main] [MspMote.java:235] [INFO] - Loading firmware from: /home/dr_hakan_aydin/6tisch/6tisch-ng-sra-v17/6tisch-ng-sra/examples/tsch/rpl-udp/border-router-client/border-router-client.exp5438
[15:56:08 - main] [MspMote.java:235] [INFO] - Loading firmware from: /home/dr_hakan_aydin/6tisch/6tisch-ng-sra-v17/6tisch-ng-sra/examples/tsch/rpl-udp/border-router-client/border-router-client.exp5438
[15:56:08 - main] [MspMote.java:235] [INFO] - Loading firmware from: /home/dr_hakan_aydin/6tisch/6tisch-ng-sra-v17/6tisch-ng-sra/examples/tsch/rpl-udp/border-router-client/border-router-client.exp5438
[15:56:08 - main] [MspMote.java:235] [INFO] - Loading firmware from: /home/dr_hakan_aydin/6tisch/6tisch-ng-sra-v17/6tisch-ng-sra/examples/tsch/rpl-udp/border-router-client/border-router-client.exp5438
[15:56:09 - main] [MspMote.java:235] [INFO] - Loading firmware from: /home/dr_hakan_aydin/6tisch/6tisch-ng-sra-v17/6tisch-ng-sra/examples/tsch/rpl-udp/border-router-client/border-router-client.exp5438
[15:56:09 - main] [MspMote.java:235] [INFO] - Loading firmware from: /home/dr_hakan_aydin/6tisch/6tisch-ng-sra-v17/6tisch-ng-sra/examples/tsch/rpl-udp/border-router-client/border-router-client.exp5438
[15:56:09 - main] [MspMote.java:235] [INFO] - Loading firmware from: /home/dr_hakan_aydin/6tisch/6tisch-ng-sra-v17/6tisch-ng-sra/examples/tsch/rpl-udp/border-router-client/border-router-client.exp5438
[15:56:09 - main] [MspMote.java:235] [INFO] - Loading firmware from: /home/dr_hakan_aydin/6tisch/6tisch-ng-sra-v17/6tisch-ng-sra/examples/tsch/rpl-udp/border-router-client/border-router-client.exp5438
[15:56:09 - main] [MspMote.java:235] [INFO] - Loading firmware from: /home/dr_hakan_aydin/6tisch/6tisch-ng-sra-v17/6tisch-ng-sra/examples/tsch/rpl-udp/border-router-client/border-router-client.exp5438
[15:56:09 - main] [MspMote.java:235] [INFO] - Loading firmware from: /home/dr_hakan_aydin/6tisch/6tisch-ng-sra-v17/6tisch-ng-sra/examples/tsch/rpl-udp/border-router-client/border-router-client.exp5438
[15:56:09 - main] [MspMote.java:235] [INFO] - Loading firmware from: /home/dr_hakan_aydin/6tisch/6tisch-ng-sra-v17/6tisch-ng-sra/examples/tsch/rpl-udp/border-router-client/border-router-client.exp5438
[15:56:09 - main] [MspMote.java:235] [INFO] - Loading firmware from: /home/dr_hakan_aydin/6tisch/6tisch-ng-sra-v17/6tisch-ng-sra/examples/tsch/rpl-udp/border-router-client/border-router-client.exp5438
[15:56:09 - main] [MspMote.java:235] [INFO] - Loading firmware from: /home/dr_hakan_aydin/6tisch/6tisch-ng-sra-v17/6tisch-ng-sra/examples/tsch/rpl-udp/border-router-client/border-router-client.exp5438
[15:56:09 - main] [MspMote.java:235] [INFO] - Loading firmware from: /home/dr_hakan_aydin/6tisch/6tisch-ng-sra-v17/6tisch-ng-sra/examples/tsch/rpl-udp/border-router-client/border-router-client.exp5438
[15:56:09 - main] [MspMote.java:235] [INFO] - Loading firmware from: /home/dr_hakan_aydin/6tisch/6tisch-ng-sra-v17/6tisch-ng-sra/examples/tsch/rpl-udp/border-router-client/border-router-client.exp5438
[15:56:09 - main] [MspMote.java:235] [INFO] - Loading firmware from: /home/dr_hakan_aydin/6tisch/6tisch-ng-sra-v17/6tisch-ng-sra/examples/tsch/rpl-udp/border-router-client/border-router-client.exp5438
[15:56:09 - main] [MspMote.java:235] [INFO] - Loading firmware from: /home/dr_hakan_aydin/6tisch/6tisch-ng-sra-v17/6tisch-ng-sra/examples/tsch/rpl-udp/border-router-client/border-router-client.exp5438
[15:56:09 - main] [Cooja.java:1782] [INFO] - Visualized plugin was not started: class org.contikios.cooja.plugins.SimControl
[15:56:10 - main] [Cooja.java:1782] [INFO] - Visualized plugin was not started: class org.contikios.cooja.plugins.Visualizer
[15:56:10 - main] [Cooja.java:1782] [INFO] - Visualized plugin was not started: class org.contikios.cooja.plugins.LogListener
[15:56:10 - main] [Cooja.java:1782] [INFO] - Visualized plugin was not started: class org.contikios.cooja.plugins.TimeLine
[15:56:10 - main] [ScriptRunner.java:438] [INFO] - Test script deactivated
[15:56:10 - main] [LogScriptEngine.java:265] [INFO] - Script timeout in 3800000 ms
[15:56:11 - main] [ScriptRunner.java:395] [INFO] - Test script activated
[15:56:11 - Thread-2] [Simulation.java:253] [INFO] - Simulation main loop started, system time: 1780923371139
[15:56:11 - main] [Cooja.java:3672] [FATAL] - Could not load plugin class: Mobility
[16:00:02 - Thread-2] [LogScriptEngine.java:389] [INFO] - Test script at 5.00%, done in 4402.4 sec
[16:05:07 - Thread-2] [LogScriptEngine.java:389] [INFO] - Test script at 10.00%, done in 4824.6 sec
[16:11:43 - Thread-2] [LogScriptEngine.java:389] [INFO] - Test script at 15.00%, done in 5283.0 sec
[16:19:44 - Thread-2] [LogScriptEngine.java:389] [INFO] - Test script at 20.00%, done in 5654.7 sec
[16:22:50 - Thread-2] [MspMote.java:229] [WARN] - 9: # Watchdog[EXECUTION]: illegal write to WDTCTL (0) from $103ce - reset!!!!
[16:27:58 - Thread-2] [LogScriptEngine.java:389] [INFO] - Test script at 25.00%, done in 5722.7 sec
[16:35:56 - Thread-2] [LogScriptEngine.java:389] [INFO] - Test script at 30.00%, done in 5566.3 sec
[16:44:45 - Thread-2] [LogScriptEngine.java:389] [INFO] - Test script at 35.00%, done in 5412.1 sec
[16:53:01 - Thread-2] [LogScriptEngine.java:389] [INFO] - Test script at 40.00%, done in 5115.5 sec
[17:01:41 - Thread-2] [LogScriptEngine.java:389] [INFO] - Test script at 45.00%, done in 4803.4 sec
[17:10:10 - Thread-2] [LogScriptEngine.java:389] [INFO] - Test script at 50.00%, done in 4438.9 sec
[17:18:25 - Thread-2] [LogScriptEngine.java:389] [INFO] - Test script at 55.00%, done in 4037.1 sec
[17:27:04 - Thread-2] [LogScriptEngine.java:389] [INFO] - Test script at 60.00%, done in 3635.6 sec
[17:35:38 - Thread-2] [LogScriptEngine.java:389] [INFO] - Test script at 65.00%, done in 3213.2 sec
[17:44:10 - Thread-2] [LogScriptEngine.java:389] [INFO] - Test script at 70.00%, done in 2777.0 sec
[17:51:46 - Thread-2] [LogScriptEngine.java:389] [INFO] - Test script at 75.00%, done in 2311.8 sec
[18:00:36 - Thread-2] [LogScriptEngine.java:389] [INFO] - Test script at 80.00%, done in 1866.4 sec
[18:08:18 - Thread-2] [LogScriptEngine.java:389] [INFO] - Test script at 85.00%, done in 1398.9 sec
[18:17:13 - Thread-2] [LogScriptEngine.java:389] [INFO] - Test script at 90.00%, done in 940.3 sec
[18:25:31 - Thread-2] [LogScriptEngine.java:389] [INFO] - Test script at 95.00%, done in 471.6 sec
[18:33:54 - Thread-2] [LogScriptEngine.java:375] [INFO] - Timeout event @ 3800000000
[18:33:54 - Thread-1] [LogScriptEngine.java:309] [INFO] - Test script finished
[18:33:54 - Thread-2] [Simulation.java:312] [INFO] - Simulation main loop stopped, system time: 1780932834192	Duration: 9463053 ms	Simulated time 3800000 ms	Ratio 0.4015617369996765
[18:33:54 - AWT-EventQueue-1] [ScriptRunner.java:438] [INFO] - Test script deactivated
