[16:31:27 - main] [Cooja.java:3173] [WARN] - JAVA_HOME environment variable not set, Cooja motes may not compile
[16:31:27 - main] [Cooja.java:1316] [INFO] - > Starting Cooja
[16:31:27 - main] [Cooja.java:2857] [INFO] - External tools default settings: /external_tools_linux_64.config
[16:31:27 - main] [Cooja.java:2887] [INFO] - External tools user settings: /home/dr_hakan_aydin/.cooja.user.properties
[16:31:27 - main] [Cooja.java:1941] [FATAL] - No plugin class: class org.contikios.cooja.plugins.CollectViewFull: org/jfree/data/xy/XYDataset
[16:31:27 - main] [Cooja.java:3626] [WARN] - Loaded simulation may depend on not found  extension: '/home/dr_hakan_aydin/6tisch/6tisch-ng-sra-v17/6tisch-ng-sra/tools/cooja/apps/mobility'
[16:31:27 - main] [Simulation.java:422] [INFO] - Simulation random seed: 406841
[16:31:27 - main] [CompileContiki.java:140] [INFO] - > make border-router-server.exp5438 TARGET=exp5438 
[16:31:27 - main] [CompileContiki.java:140] [INFO] - > make border-router-client.exp5438 TARGET=exp5438 
[16:31:28 - main] [MspMote.java:235] [INFO] - Loading firmware from: /home/dr_hakan_aydin/6tisch/6tisch-ng-sra-v17/6tisch-ng-sra/examples/tsch/rpl-udp/border-router-client/border-router-client.exp5438
[16:31:28 - main] [MspMote.java:235] [INFO] - Loading firmware from: /home/dr_hakan_aydin/6tisch/6tisch-ng-sra-v17/6tisch-ng-sra/examples/tsch/rpl-udp/border-router-client/border-router-client.exp5438
[16:31:29 - main] [MspMote.java:235] [INFO] - Loading firmware from: /home/dr_hakan_aydin/6tisch/6tisch-ng-sra-v17/6tisch-ng-sra/examples/tsch/rpl-udp/border-router-client/border-router-client.exp5438
[16:31:29 - main] [MspMote.java:235] [INFO] - Loading firmware from: /home/dr_hakan_aydin/6tisch/6tisch-ng-sra-v17/6tisch-ng-sra/examples/tsch/rpl-udp/border-router-client/border-router-client.exp5438
[16:31:29 - main] [MspMote.java:235] [INFO] - Loading firmware from: /home/dr_hakan_aydin/6tisch/6tisch-ng-sra-v17/6tisch-ng-sra/examples/tsch/rpl-udp/border-router-client/border-router-client.exp5438
[16:31:29 - main] [MspMote.java:235] [INFO] - Loading firmware from: /home/dr_hakan_aydin/6tisch/6tisch-ng-sra-v17/6tisch-ng-sra/examples/tsch/rpl-udp/border-router-client/border-router-client.exp5438
[16:31:29 - main] [MspMote.java:235] [INFO] - Loading firmware from: /home/dr_hakan_aydin/6tisch/6tisch-ng-sra-v17/6tisch-ng-sra/examples/tsch/rpl-udp/border-router-client/border-router-client.exp5438
[16:31:29 - main] [MspMote.java:235] [INFO] - Loading firmware from: /home/dr_hakan_aydin/6tisch/6tisch-ng-sra-v17/6tisch-ng-sra/examples/tsch/rpl-udp/border-router-client/border-router-client.exp5438
[16:31:29 - main] [MspMote.java:235] [INFO] - Loading firmware from: /home/dr_hakan_aydin/6tisch/6tisch-ng-sra-v17/6tisch-ng-sra/examples/tsch/rpl-udp/border-router-client/border-router-client.exp5438
[16:31:29 - main] [MspMote.java:235] [INFO] - Loading firmware from: /home/dr_hakan_aydin/6tisch/6tisch-ng-sra-v17/6tisch-ng-sra/examples/tsch/rpl-udp/border-router-client/border-router-client.exp5438
[16:31:29 - main] [MspMote.java:235] [INFO] - Loading firmware from: /home/dr_hakan_aydin/6tisch/6tisch-ng-sra-v17/6tisch-ng-sra/examples/tsch/rpl-udp/border-router-client/border-router-client.exp5438
[16:31:29 - main] [MspMote.java:235] [INFO] - Loading firmware from: /home/dr_hakan_aydin/6tisch/6tisch-ng-sra-v17/6tisch-ng-sra/examples/tsch/rpl-udp/border-router-client/border-router-client.exp5438
[16:31:29 - main] [MspMote.java:235] [INFO] - Loading firmware from: /home/dr_hakan_aydin/6tisch/6tisch-ng-sra-v17/6tisch-ng-sra/examples/tsch/rpl-udp/border-router-client/border-router-client.exp5438
[16:31:29 - main] [MspMote.java:235] [INFO] - Loading firmware from: /home/dr_hakan_aydin/6tisch/6tisch-ng-sra-v17/6tisch-ng-sra/examples/tsch/rpl-udp/border-router-client/border-router-client.exp5438
[16:31:29 - main] [MspMote.java:235] [INFO] - Loading firmware from: /home/dr_hakan_aydin/6tisch/6tisch-ng-sra-v17/6tisch-ng-sra/examples/tsch/rpl-udp/border-router-client/border-router-client.exp5438
[16:31:30 - main] [MspMote.java:235] [INFO] - Loading firmware from: /home/dr_hakan_aydin/6tisch/6tisch-ng-sra-v17/6tisch-ng-sra/examples/tsch/rpl-udp/border-router-client/border-router-client.exp5438
[16:31:30 - main] [MspMote.java:235] [INFO] - Loading firmware from: /home/dr_hakan_aydin/6tisch/6tisch-ng-sra-v17/6tisch-ng-sra/examples/tsch/rpl-udp/border-router-client/border-router-client.exp5438
[16:31:30 - main] [MspMote.java:235] [INFO] - Loading firmware from: /home/dr_hakan_aydin/6tisch/6tisch-ng-sra-v17/6tisch-ng-sra/examples/tsch/rpl-udp/border-router-client/border-router-client.exp5438
[16:31:30 - main] [MspMote.java:235] [INFO] - Loading firmware from: /home/dr_hakan_aydin/6tisch/6tisch-ng-sra-v17/6tisch-ng-sra/examples/tsch/rpl-udp/border-router-client/border-router-client.exp5438
[16:31:30 - main] [MspMote.java:235] [INFO] - Loading firmware from: /home/dr_hakan_aydin/6tisch/6tisch-ng-sra-v17/6tisch-ng-sra/examples/tsch/rpl-udp/border-router-client/border-router-client.exp5438
[16:31:30 - main] [MspMote.java:235] [INFO] - Loading firmware from: /home/dr_hakan_aydin/6tisch/6tisch-ng-sra-v17/6tisch-ng-sra/examples/tsch/rpl-udp/border-router-client/border-router-client.exp5438
[16:31:30 - main] [MspMote.java:235] [INFO] - Loading firmware from: /home/dr_hakan_aydin/6tisch/6tisch-ng-sra-v17/6tisch-ng-sra/examples/tsch/rpl-udp/border-router-client/border-router-client.exp5438
[16:31:30 - main] [MspMote.java:235] [INFO] - Loading firmware from: /home/dr_hakan_aydin/6tisch/6tisch-ng-sra-v17/6tisch-ng-sra/examples/tsch/rpl-udp/border-router-client/border-router-client.exp5438
[16:31:30 - main] [MspMote.java:235] [INFO] - Loading firmware from: /home/dr_hakan_aydin/6tisch/6tisch-ng-sra-v17/6tisch-ng-sra/examples/tsch/rpl-udp/border-router-client/border-router-client.exp5438
[16:31:30 - main] [MspMote.java:235] [INFO] - Loading firmware from: /home/dr_hakan_aydin/6tisch/6tisch-ng-sra-v17/6tisch-ng-sra/examples/tsch/rpl-udp/border-router-client/border-router-client.exp5438
[16:31:30 - main] [MspMote.java:235] [INFO] - Loading firmware from: /home/dr_hakan_aydin/6tisch/6tisch-ng-sra-v17/6tisch-ng-sra/examples/tsch/rpl-udp/border-router-client/border-router-client.exp5438
[16:31:30 - main] [MspMote.java:235] [INFO] - Loading firmware from: /home/dr_hakan_aydin/6tisch/6tisch-ng-sra-v17/6tisch-ng-sra/examples/tsch/rpl-udp/border-router-server/border-router-server.exp5438
[16:31:31 - main] [MspMote.java:235] [INFO] - Loading firmware from: /home/dr_hakan_aydin/6tisch/6tisch-ng-sra-v17/6tisch-ng-sra/examples/tsch/rpl-udp/border-router-client/border-router-client.exp5438
[16:31:31 - main] [MspMote.java:235] [INFO] - Loading firmware from: /home/dr_hakan_aydin/6tisch/6tisch-ng-sra-v17/6tisch-ng-sra/examples/tsch/rpl-udp/border-router-client/border-router-client.exp5438
[16:31:31 - main] [MspMote.java:235] [INFO] - Loading firmware from: /home/dr_hakan_aydin/6tisch/6tisch-ng-sra-v17/6tisch-ng-sra/examples/tsch/rpl-udp/border-router-client/border-router-client.exp5438
[16:31:31 - main] [MspMote.java:235] [INFO] - Loading firmware from: /home/dr_hakan_aydin/6tisch/6tisch-ng-sra-v17/6tisch-ng-sra/examples/tsch/rpl-udp/border-router-client/border-router-client.exp5438
[16:31:32 - main] [Cooja.java:1782] [INFO] - Visualized plugin was not started: class org.contikios.cooja.plugins.SimControl
[16:31:32 - main] [Cooja.java:1782] [INFO] - Visualized plugin was not started: class org.contikios.cooja.plugins.Visualizer
[16:31:32 - main] [Cooja.java:1782] [INFO] - Visualized plugin was not started: class org.contikios.cooja.plugins.LogListener
[16:31:32 - main] [Cooja.java:1782] [INFO] - Visualized plugin was not started: class org.contikios.cooja.plugins.TimeLine
[16:31:32 - main] [ScriptRunner.java:438] [INFO] - Test script deactivated
[16:31:32 - main] [LogScriptEngine.java:265] [INFO] - Script timeout in 3800000 ms
[16:31:33 - main] [ScriptRunner.java:395] [INFO] - Test script activated
[16:31:33 - Thread-3] [Simulation.java:253] [INFO] - Simulation main loop started, system time: 1780925493172
[16:31:33 - main] [Cooja.java:3672] [FATAL] - Could not load plugin class: Mobility
[16:34:40 - Thread-3] [LogScriptEngine.java:389] [INFO] - Test script at 5.00%, done in 3561.1 sec
[16:38:31 - Thread-3] [LogScriptEngine.java:389] [INFO] - Test script at 10.00%, done in 3763.8 sec
[16:43:48 - Thread-3] [LogScriptEngine.java:389] [INFO] - Test script at 15.00%, done in 4169.3 sec
[16:51:04 - Thread-3] [LogScriptEngine.java:389] [INFO] - Test script at 20.00%, done in 4687.1 sec
[16:58:56 - Thread-3] [LogScriptEngine.java:389] [INFO] - Test script at 25.00%, done in 4930.9 sec
[17:07:38 - Thread-3] [LogScriptEngine.java:389] [INFO] - Test script at 30.00%, done in 5053.2 sec
[17:16:43 - Thread-3] [LogScriptEngine.java:389] [INFO] - Test script at 35.00%, done in 5033.7 sec
[17:25:37 - Thread-3] [LogScriptEngine.java:389] [INFO] - Test script at 40.00%, done in 4867.1 sec
[17:34:00 - Thread-3] [LogScriptEngine.java:389] [INFO] - Test script at 45.00%, done in 4579.7 sec
[17:43:14 - Thread-3] [LogScriptEngine.java:389] [INFO] - Test script at 50.00%, done in 4301.4 sec
[17:52:20 - Thread-3] [LogScriptEngine.java:389] [INFO] - Test script at 55.00%, done in 3966.0 sec
[18:01:23 - Thread-3] [LogScriptEngine.java:389] [INFO] - Test script at 60.00%, done in 3593.8 sec
[18:09:03 - Thread-3] [LogScriptEngine.java:389] [INFO] - Test script at 65.00%, done in 3150.3 sec
[18:17:23 - Thread-3] [LogScriptEngine.java:389] [INFO] - Test script at 70.00%, done in 2721.5 sec
[18:25:47 - Thread-3] [LogScriptEngine.java:389] [INFO] - Test script at 75.00%, done in 2284.9 sec
[18:34:20 - Thread-3] [LogScriptEngine.java:389] [INFO] - Test script at 80.00%, done in 1841.9 sec
[18:42:40 - Thread-3] [LogScriptEngine.java:389] [INFO] - Test script at 85.00%, done in 1388.4 sec
[18:50:41 - Thread-3] [LogScriptEngine.java:389] [INFO] - Test script at 90.00%, done in 927.6 sec
[18:59:18 - Thread-3] [LogScriptEngine.java:389] [INFO] - Test script at 95.00%, done in 466.6 sec
[19:06:47 - Thread-3] [LogScriptEngine.java:375] [INFO] - Timeout event @ 3800000000
[19:06:47 - Thread-2] [LogScriptEngine.java:309] [INFO] - Test script finished
[19:06:47 - Thread-3] [Simulation.java:312] [INFO] - Simulation main loop stopped, system time: 1780934807086	Duration: 9313914 ms	Simulated time 3800000 ms	Ratio 0.4079917422471369
[19:06:47 - AWT-EventQueue-1] [ScriptRunner.java:438] [INFO] - Test script deactivated
