[18:35:53 - main] [Cooja.java:1316] [INFO] - > Starting Cooja
[18:35:53 - main] [Cooja.java:2857] [INFO] - External tools default settings: /external_tools_linux_64.config
[18:35:53 - main] [Cooja.java:2887] [INFO] - External tools user settings: /home/drhakanaydin/6tisch-ng-sra-v17-50-60-node-update/6tisch-ng-sra-v17/6tisch-ng-sra/results/rpl_root_gossip/random60node_high_coverange_20260926_183549/cooja_external_tools.properties
[18:35:53 - main] [Cooja.java:1941] [FATAL] - No plugin class: class org.contikios.cooja.plugins.CollectViewFull: org/jfree/data/time/RegularTimePeriod
[18:35:54 - main] [Simulation.java:422] [INFO] - Simulation random seed: 524071
[18:35:54 - main] [CompileContiki.java:140] [INFO] - > make border-router-server.exp5438 TARGET=exp5438 
[18:35:54 - main] [CompileContiki.java:140] [INFO] - > make border-router-client.exp5438 TARGET=exp5438 
[18:35:54 - main] [MspMote.java:235] [INFO] - Loading firmware from: /home/drhakanaydin/6tisch-ng-sra-v17-50-60-node-update/6tisch-ng-sra-v17/6tisch-ng-sra/examples/tsch/rpl-udp/border-router-client/border-router-client.exp5438
[18:35:55 - main] [MspMote.java:235] [INFO] - Loading firmware from: /home/drhakanaydin/6tisch-ng-sra-v17-50-60-node-update/6tisch-ng-sra-v17/6tisch-ng-sra/examples/tsch/rpl-udp/border-router-client/border-router-client.exp5438
[18:35:55 - main] [MspMote.java:235] [INFO] - Loading firmware from: /home/drhakanaydin/6tisch-ng-sra-v17-50-60-node-update/6tisch-ng-sra-v17/6tisch-ng-sra/examples/tsch/rpl-udp/border-router-client/border-router-client.exp5438
[18:35:55 - main] [MspMote.java:235] [INFO] - Loading firmware from: /home/drhakanaydin/6tisch-ng-sra-v17-50-60-node-update/6tisch-ng-sra-v17/6tisch-ng-sra/examples/tsch/rpl-udp/border-router-client/border-router-client.exp5438
[18:35:55 - main] [MspMote.java:235] [INFO] - Loading firmware from: /home/drhakanaydin/6tisch-ng-sra-v17-50-60-node-update/6tisch-ng-sra-v17/6tisch-ng-sra/examples/tsch/rpl-udp/border-router-client/border-router-client.exp5438
[18:35:55 - main] [MspMote.java:235] [INFO] - Loading firmware from: /home/drhakanaydin/6tisch-ng-sra-v17-50-60-node-update/6tisch-ng-sra-v17/6tisch-ng-sra/examples/tsch/rpl-udp/border-router-client/border-router-client.exp5438
[18:35:55 - main] [MspMote.java:235] [INFO] - Loading firmware from: /home/drhakanaydin/6tisch-ng-sra-v17-50-60-node-update/6tisch-ng-sra-v17/6tisch-ng-sra/examples/tsch/rpl-udp/border-router-client/border-router-client.exp5438
[18:35:55 - main] [MspMote.java:235] [INFO] - Loading firmware from: /home/drhakanaydin/6tisch-ng-sra-v17-50-60-node-update/6tisch-ng-sra-v17/6tisch-ng-sra/examples/tsch/rpl-udp/border-router-client/border-router-client.exp5438
[18:35:56 - main] [MspMote.java:235] [INFO] - Loading firmware from: /home/drhakanaydin/6tisch-ng-sra-v17-50-60-node-update/6tisch-ng-sra-v17/6tisch-ng-sra/examples/tsch/rpl-udp/border-router-client/border-router-client.exp5438
[18:35:56 - main] [MspMote.java:235] [INFO] - Loading firmware from: /home/drhakanaydin/6tisch-ng-sra-v17-50-60-node-update/6tisch-ng-sra-v17/6tisch-ng-sra/examples/tsch/rpl-udp/border-router-client/border-router-client.exp5438
[18:35:56 - main] [MspMote.java:235] [INFO] - Loading firmware from: /home/drhakanaydin/6tisch-ng-sra-v17-50-60-node-update/6tisch-ng-sra-v17/6tisch-ng-sra/examples/tsch/rpl-udp/border-router-client/border-router-client.exp5438
[18:35:56 - main] [MspMote.java:235] [INFO] - Loading firmware from: /home/drhakanaydin/6tisch-ng-sra-v17-50-60-node-update/6tisch-ng-sra-v17/6tisch-ng-sra/examples/tsch/rpl-udp/border-router-client/border-router-client.exp5438
[18:35:56 - main] [MspMote.java:235] [INFO] - Loading firmware from: /home/drhakanaydin/6tisch-ng-sra-v17-50-60-node-update/6tisch-ng-sra-v17/6tisch-ng-sra/examples/tsch/rpl-udp/border-router-client/border-router-client.exp5438
[18:35:56 - main] [MspMote.java:235] [INFO] - Loading firmware from: /home/drhakanaydin/6tisch-ng-sra-v17-50-60-node-update/6tisch-ng-sra-v17/6tisch-ng-sra/examples/tsch/rpl-udp/border-router-client/border-router-client.exp5438
[18:35:56 - main] [MspMote.java:235] [INFO] - Loading firmware from: /home/drhakanaydin/6tisch-ng-sra-v17-50-60-node-update/6tisch-ng-sra-v17/6tisch-ng-sra/examples/tsch/rpl-udp/border-router-client/border-router-client.exp5438
[18:35:56 - main] [MspMote.java:235] [INFO] - Loading firmware from: /home/drhakanaydin/6tisch-ng-sra-v17-50-60-node-update/6tisch-ng-sra-v17/6tisch-ng-sra/examples/tsch/rpl-udp/border-router-client/border-router-client.exp5438
[18:35:56 - main] [MspMote.java:235] [INFO] - Loading firmware from: /home/drhakanaydin/6tisch-ng-sra-v17-50-60-node-update/6tisch-ng-sra-v17/6tisch-ng-sra/examples/tsch/rpl-udp/border-router-client/border-router-client.exp5438
[18:35:56 - main] [MspMote.java:235] [INFO] - Loading firmware from: /home/drhakanaydin/6tisch-ng-sra-v17-50-60-node-update/6tisch-ng-sra-v17/6tisch-ng-sra/examples/tsch/rpl-udp/border-router-client/border-router-client.exp5438
[18:35:56 - main] [MspMote.java:235] [INFO] - Loading firmware from: /home/drhakanaydin/6tisch-ng-sra-v17-50-60-node-update/6tisch-ng-sra-v17/6tisch-ng-sra/examples/tsch/rpl-udp/border-router-client/border-router-client.exp5438
[18:35:57 - main] [MspMote.java:235] [INFO] - Loading firmware from: /home/drhakanaydin/6tisch-ng-sra-v17-50-60-node-update/6tisch-ng-sra-v17/6tisch-ng-sra/examples/tsch/rpl-udp/border-router-client/border-router-client.exp5438
[18:35:57 - main] [MspMote.java:235] [INFO] - Loading firmware from: /home/drhakanaydin/6tisch-ng-sra-v17-50-60-node-update/6tisch-ng-sra-v17/6tisch-ng-sra/examples/tsch/rpl-udp/border-router-client/border-router-client.exp5438
[18:35:57 - main] [MspMote.java:235] [INFO] - Loading firmware from: /home/drhakanaydin/6tisch-ng-sra-v17-50-60-node-update/6tisch-ng-sra-v17/6tisch-ng-sra/examples/tsch/rpl-udp/border-router-client/border-router-client.exp5438
[18:35:57 - main] [MspMote.java:235] [INFO] - Loading firmware from: /home/drhakanaydin/6tisch-ng-sra-v17-50-60-node-update/6tisch-ng-sra-v17/6tisch-ng-sra/examples/tsch/rpl-udp/border-router-client/border-router-client.exp5438
[18:35:57 - main] [MspMote.java:235] [INFO] - Loading firmware from: /home/drhakanaydin/6tisch-ng-sra-v17-50-60-node-update/6tisch-ng-sra-v17/6tisch-ng-sra/examples/tsch/rpl-udp/border-router-client/border-router-client.exp5438
[18:35:57 - main] [MspMote.java:235] [INFO] - Loading firmware from: /home/drhakanaydin/6tisch-ng-sra-v17-50-60-node-update/6tisch-ng-sra-v17/6tisch-ng-sra/examples/tsch/rpl-udp/border-router-client/border-router-client.exp5438
[18:35:57 - main] [MspMote.java:235] [INFO] - Loading firmware from: /home/drhakanaydin/6tisch-ng-sra-v17-50-60-node-update/6tisch-ng-sra-v17/6tisch-ng-sra/examples/tsch/rpl-udp/border-router-client/border-router-client.exp5438
[18:35:57 - main] [MspMote.java:235] [INFO] - Loading firmware from: /home/drhakanaydin/6tisch-ng-sra-v17-50-60-node-update/6tisch-ng-sra-v17/6tisch-ng-sra/examples/tsch/rpl-udp/border-router-client/border-router-client.exp5438
[18:35:57 - main] [MspMote.java:235] [INFO] - Loading firmware from: /home/drhakanaydin/6tisch-ng-sra-v17-50-60-node-update/6tisch-ng-sra-v17/6tisch-ng-sra/examples/tsch/rpl-udp/border-router-client/border-router-client.exp5438
[18:35:57 - main] [MspMote.java:235] [INFO] - Loading firmware from: /home/drhakanaydin/6tisch-ng-sra-v17-50-60-node-update/6tisch-ng-sra-v17/6tisch-ng-sra/examples/tsch/rpl-udp/border-router-client/border-router-client.exp5438
[18:35:57 - main] [MspMote.java:235] [INFO] - Loading firmware from: /home/drhakanaydin/6tisch-ng-sra-v17-50-60-node-update/6tisch-ng-sra-v17/6tisch-ng-sra/examples/tsch/rpl-udp/border-router-client/border-router-client.exp5438
[18:35:57 - main] [MspMote.java:235] [INFO] - Loading firmware from: /home/drhakanaydin/6tisch-ng-sra-v17-50-60-node-update/6tisch-ng-sra-v17/6tisch-ng-sra/examples/tsch/rpl-udp/border-router-client/border-router-client.exp5438
[18:35:57 - main] [MspMote.java:235] [INFO] - Loading firmware from: /home/drhakanaydin/6tisch-ng-sra-v17-50-60-node-update/6tisch-ng-sra-v17/6tisch-ng-sra/examples/tsch/rpl-udp/border-router-server/border-router-server.exp5438
[18:35:58 - main] [MspMote.java:235] [INFO] - Loading firmware from: /home/drhakanaydin/6tisch-ng-sra-v17-50-60-node-update/6tisch-ng-sra-v17/6tisch-ng-sra/examples/tsch/rpl-udp/border-router-client/border-router-client.exp5438
[18:35:58 - main] [MspMote.java:235] [INFO] - Loading firmware from: /home/drhakanaydin/6tisch-ng-sra-v17-50-60-node-update/6tisch-ng-sra-v17/6tisch-ng-sra/examples/tsch/rpl-udp/border-router-client/border-router-client.exp5438
[18:35:58 - main] [MspMote.java:235] [INFO] - Loading firmware from: /home/drhakanaydin/6tisch-ng-sra-v17-50-60-node-update/6tisch-ng-sra-v17/6tisch-ng-sra/examples/tsch/rpl-udp/border-router-client/border-router-client.exp5438
[18:35:58 - main] [MspMote.java:235] [INFO] - Loading firmware from: /home/drhakanaydin/6tisch-ng-sra-v17-50-60-node-update/6tisch-ng-sra-v17/6tisch-ng-sra/examples/tsch/rpl-udp/border-router-client/border-router-client.exp5438
[18:35:58 - main] [MspMote.java:235] [INFO] - Loading firmware from: /home/drhakanaydin/6tisch-ng-sra-v17-50-60-node-update/6tisch-ng-sra-v17/6tisch-ng-sra/examples/tsch/rpl-udp/border-router-client/border-router-client.exp5438
[18:35:58 - main] [MspMote.java:235] [INFO] - Loading firmware from: /home/drhakanaydin/6tisch-ng-sra-v17-50-60-node-update/6tisch-ng-sra-v17/6tisch-ng-sra/examples/tsch/rpl-udp/border-router-client/border-router-client.exp5438
[18:35:58 - main] [MspMote.java:235] [INFO] - Loading firmware from: /home/drhakanaydin/6tisch-ng-sra-v17-50-60-node-update/6tisch-ng-sra-v17/6tisch-ng-sra/examples/tsch/rpl-udp/border-router-client/border-router-client.exp5438
[18:35:58 - main] [MspMote.java:235] [INFO] - Loading firmware from: /home/drhakanaydin/6tisch-ng-sra-v17-50-60-node-update/6tisch-ng-sra-v17/6tisch-ng-sra/examples/tsch/rpl-udp/border-router-client/border-router-client.exp5438
[18:35:58 - main] [MspMote.java:235] [INFO] - Loading firmware from: /home/drhakanaydin/6tisch-ng-sra-v17-50-60-node-update/6tisch-ng-sra-v17/6tisch-ng-sra/examples/tsch/rpl-udp/border-router-client/border-router-client.exp5438
[18:35:58 - main] [MspMote.java:235] [INFO] - Loading firmware from: /home/drhakanaydin/6tisch-ng-sra-v17-50-60-node-update/6tisch-ng-sra-v17/6tisch-ng-sra/examples/tsch/rpl-udp/border-router-client/border-router-client.exp5438
[18:35:58 - main] [MspMote.java:235] [INFO] - Loading firmware from: /home/drhakanaydin/6tisch-ng-sra-v17-50-60-node-update/6tisch-ng-sra-v17/6tisch-ng-sra/examples/tsch/rpl-udp/border-router-client/border-router-client.exp5438
[18:35:59 - main] [MspMote.java:235] [INFO] - Loading firmware from: /home/drhakanaydin/6tisch-ng-sra-v17-50-60-node-update/6tisch-ng-sra-v17/6tisch-ng-sra/examples/tsch/rpl-udp/border-router-client/border-router-client.exp5438
[18:35:59 - main] [MspMote.java:235] [INFO] - Loading firmware from: /home/drhakanaydin/6tisch-ng-sra-v17-50-60-node-update/6tisch-ng-sra-v17/6tisch-ng-sra/examples/tsch/rpl-udp/border-router-client/border-router-client.exp5438
[18:35:59 - main] [MspMote.java:235] [INFO] - Loading firmware from: /home/drhakanaydin/6tisch-ng-sra-v17-50-60-node-update/6tisch-ng-sra-v17/6tisch-ng-sra/examples/tsch/rpl-udp/border-router-client/border-router-client.exp5438
[18:35:59 - main] [MspMote.java:235] [INFO] - Loading firmware from: /home/drhakanaydin/6tisch-ng-sra-v17-50-60-node-update/6tisch-ng-sra-v17/6tisch-ng-sra/examples/tsch/rpl-udp/border-router-client/border-router-client.exp5438
[18:35:59 - main] [MspMote.java:235] [INFO] - Loading firmware from: /home/drhakanaydin/6tisch-ng-sra-v17-50-60-node-update/6tisch-ng-sra-v17/6tisch-ng-sra/examples/tsch/rpl-udp/border-router-client/border-router-client.exp5438
[18:35:59 - main] [MspMote.java:235] [INFO] - Loading firmware from: /home/drhakanaydin/6tisch-ng-sra-v17-50-60-node-update/6tisch-ng-sra-v17/6tisch-ng-sra/examples/tsch/rpl-udp/border-router-client/border-router-client.exp5438
[18:35:59 - main] [MspMote.java:235] [INFO] - Loading firmware from: /home/drhakanaydin/6tisch-ng-sra-v17-50-60-node-update/6tisch-ng-sra-v17/6tisch-ng-sra/examples/tsch/rpl-udp/border-router-client/border-router-client.exp5438
[18:35:59 - main] [MspMote.java:235] [INFO] - Loading firmware from: /home/drhakanaydin/6tisch-ng-sra-v17-50-60-node-update/6tisch-ng-sra-v17/6tisch-ng-sra/examples/tsch/rpl-udp/border-router-client/border-router-client.exp5438
[18:35:59 - main] [MspMote.java:235] [INFO] - Loading firmware from: /home/drhakanaydin/6tisch-ng-sra-v17-50-60-node-update/6tisch-ng-sra-v17/6tisch-ng-sra/examples/tsch/rpl-udp/border-router-client/border-router-client.exp5438
[18:35:59 - main] [MspMote.java:235] [INFO] - Loading firmware from: /home/drhakanaydin/6tisch-ng-sra-v17-50-60-node-update/6tisch-ng-sra-v17/6tisch-ng-sra/examples/tsch/rpl-udp/border-router-client/border-router-client.exp5438
[18:35:59 - main] [MspMote.java:235] [INFO] - Loading firmware from: /home/drhakanaydin/6tisch-ng-sra-v17-50-60-node-update/6tisch-ng-sra-v17/6tisch-ng-sra/examples/tsch/rpl-udp/border-router-client/border-router-client.exp5438
[18:35:59 - main] [MspMote.java:235] [INFO] - Loading firmware from: /home/drhakanaydin/6tisch-ng-sra-v17-50-60-node-update/6tisch-ng-sra-v17/6tisch-ng-sra/examples/tsch/rpl-udp/border-router-client/border-router-client.exp5438
[18:35:59 - main] [MspMote.java:235] [INFO] - Loading firmware from: /home/drhakanaydin/6tisch-ng-sra-v17-50-60-node-update/6tisch-ng-sra-v17/6tisch-ng-sra/examples/tsch/rpl-udp/border-router-client/border-router-client.exp5438
[18:35:59 - main] [MspMote.java:235] [INFO] - Loading firmware from: /home/drhakanaydin/6tisch-ng-sra-v17-50-60-node-update/6tisch-ng-sra-v17/6tisch-ng-sra/examples/tsch/rpl-udp/border-router-client/border-router-client.exp5438
[18:36:00 - main] [MspMote.java:235] [INFO] - Loading firmware from: /home/drhakanaydin/6tisch-ng-sra-v17-50-60-node-update/6tisch-ng-sra-v17/6tisch-ng-sra/examples/tsch/rpl-udp/border-router-client/border-router-client.exp5438
[18:36:00 - main] [MspMote.java:235] [INFO] - Loading firmware from: /home/drhakanaydin/6tisch-ng-sra-v17-50-60-node-update/6tisch-ng-sra-v17/6tisch-ng-sra/examples/tsch/rpl-udp/border-router-client/border-router-client.exp5438
[18:36:00 - main] [MspMote.java:235] [INFO] - Loading firmware from: /home/drhakanaydin/6tisch-ng-sra-v17-50-60-node-update/6tisch-ng-sra-v17/6tisch-ng-sra/examples/tsch/rpl-udp/border-router-client/border-router-client.exp5438
[18:36:00 - main] [MspMote.java:235] [INFO] - Loading firmware from: /home/drhakanaydin/6tisch-ng-sra-v17-50-60-node-update/6tisch-ng-sra-v17/6tisch-ng-sra/examples/tsch/rpl-udp/border-router-client/border-router-client.exp5438
[18:36:00 - main] [Cooja.java:1782] [INFO] - Visualized plugin was not started: class org.contikios.cooja.plugins.SimControl
[18:36:00 - main] [Cooja.java:1782] [INFO] - Visualized plugin was not started: class org.contikios.cooja.plugins.Visualizer
[18:36:00 - main] [Cooja.java:1782] [INFO] - Visualized plugin was not started: class org.contikios.cooja.plugins.LogListener
[18:36:00 - main] [Cooja.java:1782] [INFO] - Visualized plugin was not started: class org.contikios.cooja.plugins.TimeLine
[18:36:00 - main] [ScriptRunner.java:438] [INFO] - Test script deactivated
[18:36:01 - main] [LogScriptEngine.java:265] [INFO] - Script timeout in 3800000 ms
[18:36:02 - main] [ScriptRunner.java:395] [INFO] - Test script activated
[18:36:02 - Thread-2] [Simulation.java:253] [INFO] - Simulation main loop started, system time: 1790436962302
[18:36:02 - main] [Mobility.java:84] [INFO] - Mobility plugin started at (ms): 188
[18:36:02 - main] [Mobility.java:116] [INFO] - Parsing position file: /home/drhakanaydin/6tisch-ng-sra-v17-50-60-node-update/6tisch-ng-sra-v17/6tisch-ng-sra/tools/cooja/apps/mobility/random60node_high.dat
[18:36:02 - main] [Mobility.java:141] [INFO] - Loaded 3601 positions
[18:41:14 - Thread-2] [MspMote.java:229] [WARN] - 13: # Watchdog[EXECUTION]: illegal write to WDTCTL (0) from $103ca - reset!!!!
[18:41:15 - Thread-2] [MspMote.java:229] [WARN] - 49: # Watchdog[EXECUTION]: illegal write to WDTCTL (0) from $103ca - reset!!!!
[18:41:24 - Thread-2] [MspMote.java:229] [WARN] - 15: # Watchdog[EXECUTION]: illegal write to WDTCTL (0) from $103ca - reset!!!!
[18:43:59 - Thread-2] [LogScriptEngine.java:389] [INFO] - Test script at 5.00%, done in 9067.1 sec
[18:44:06 - Thread-2] [MspMote.java:229] [WARN] - 3: # Watchdog[EXECUTION]: illegal write to WDTCTL (0) from $103ca - reset!!!!
[18:44:06 - Thread-2] [MspMote.java:229] [WARN] - 55: # Watchdog[EXECUTION]: illegal write to WDTCTL (0) from $103ca - reset!!!!
[18:44:09 - Thread-2] [MspMote.java:229] [WARN] - 28: # Watchdog[EXECUTION]: illegal write to WDTCTL (0) from $103ca - reset!!!!
[18:48:21 - Thread-2] [MspMote.java:229] [WARN] - 48: # Watchdog[EXECUTION]: illegal write to WDTCTL (0) from $103ca - reset!!!!
[18:50:52 - Thread-2] [MspMote.java:229] [WARN] - 39: # Watchdog[EXECUTION]: illegal write to WDTCTL (0) from $103ca - reset!!!!
[18:51:09 - Thread-2] [MspMote.java:229] [WARN] - 11: # Watchdog[EXECUTION]: illegal write to WDTCTL (0) from $103ca - reset!!!!
[18:51:19 - Thread-2] [MspMote.java:229] [WARN] - 31: # Watchdog[EXECUTION]: illegal write to WDTCTL (0) from $103ca - reset!!!!
[18:51:25 - Thread-2] [MspMote.java:229] [WARN] - 12: # Watchdog[EXECUTION]: illegal write to WDTCTL (0) from $103ca - reset!!!!
[18:51:34 - Thread-2] [LogScriptEngine.java:389] [INFO] - Test script at 10.00%, done in 8389.7 sec
[18:51:39 - Thread-2] [MspMote.java:229] [WARN] - 3: # Watchdog[EXECUTION]: illegal write to WDTCTL (0) from $103ca - reset!!!!
[18:52:29 - Thread-2] [MspMote.java:229] [WARN] - 9: # Watchdog[EXECUTION]: illegal write to WDTCTL (0) from $103ca - reset!!!!
[18:52:42 - Thread-2] [MspMote.java:229] [WARN] - 37: # Watchdog[EXECUTION]: illegal write to WDTCTL (0) from $103ca - reset!!!!
[18:52:42 - Thread-2] [MspMote.java:229] [WARN] - 30: # Watchdog[EXECUTION]: illegal write to WDTCTL (0) from $103ca - reset!!!!
[18:52:44 - Thread-2] [MspMote.java:229] [WARN] - 4: # Watchdog[EXECUTION]: illegal write to WDTCTL (0) from $103ca - reset!!!!
[18:52:45 - Thread-2] [MspMote.java:229] [WARN] - 21: # Watchdog[EXECUTION]: illegal write to WDTCTL (0) from $103ca - reset!!!!
[18:52:45 - Thread-2] [MspMote.java:229] [WARN] - 15: # Watchdog[EXECUTION]: illegal write to WDTCTL (0) from $103ca - reset!!!!
[18:52:55 - Thread-2] [MspMote.java:229] [WARN] - 56: # Watchdog[EXECUTION]: illegal write to WDTCTL (0) from $103ca - reset!!!!
[18:53:30 - Thread-2] [MspMote.java:229] [WARN] - 33: # Watchdog[EXECUTION]: illegal write to WDTCTL (0) from $103ca - reset!!!!
[18:53:41 - Thread-2] [MspMote.java:229] [WARN] - 14: # Watchdog[EXECUTION]: illegal write to WDTCTL (0) from $103ca - reset!!!!
[18:53:45 - Thread-2] [MspMote.java:229] [WARN] - 28: # Watchdog[EXECUTION]: illegal write to WDTCTL (0) from $103ca - reset!!!!
[18:53:45 - Thread-2] [MspMote.java:229] [WARN] - 55: # Watchdog[EXECUTION]: illegal write to WDTCTL (0) from $103ca - reset!!!!
[18:53:45 - Thread-2] [MspMote.java:229] [WARN] - 20: # Watchdog[EXECUTION]: illegal write to WDTCTL (0) from $103ca - reset!!!!
[18:54:13 - Thread-2] [MspMote.java:229] [WARN] - 13: # Watchdog[EXECUTION]: illegal write to WDTCTL (0) from $103ca - reset!!!!
[18:54:14 - Thread-2] [MspMote.java:229] [WARN] - 34: # Watchdog[EXECUTION]: illegal write to WDTCTL (0) from $103ca - reset!!!!
[18:54:14 - Thread-2] [MspMote.java:229] [WARN] - 49: # Watchdog[EXECUTION]: illegal write to WDTCTL (0) from $103ca - reset!!!!
[18:54:15 - Thread-2] [MspMote.java:229] [WARN] - 54: # Watchdog[EXECUTION]: illegal write to WDTCTL (0) from $103ca - reset!!!!
[18:54:15 - Thread-2] [MspMote.java:229] [WARN] - 24: # Watchdog[EXECUTION]: illegal write to WDTCTL (0) from $103ca - reset!!!!
[18:54:15 - Thread-2] [MspMote.java:229] [WARN] - 51: # Watchdog[EXECUTION]: illegal write to WDTCTL (0) from $103ca - reset!!!!
[18:55:08 - Thread-2] [MspMote.java:229] [WARN] - 36: # Watchdog[EXECUTION]: illegal write to WDTCTL (0) from $103ca - reset!!!!
[18:55:37 - Thread-2] [MspMote.java:229] [WARN] - 37: # Watchdog[EXECUTION]: illegal write to WDTCTL (0) from $103ca - reset!!!!
[18:56:08 - Thread-2] [MspMote.java:229] [WARN] - 27: # Watchdog[EXECUTION]: illegal write to WDTCTL (0) from $103ca - reset!!!!
[18:56:14 - Thread-2] [MspMote.java:229] [WARN] - 18: # Watchdog[EXECUTION]: illegal write to WDTCTL (0) from $103ca - reset!!!!
[18:56:14 - Thread-2] [MspMote.java:229] [WARN] - 52: # Watchdog[EXECUTION]: illegal write to WDTCTL (0) from $103ca - reset!!!!
[18:56:15 - Thread-2] [MspMote.java:229] [WARN] - 17: # Watchdog[EXECUTION]: illegal write to WDTCTL (0) from $103ca - reset!!!!
[18:56:35 - Thread-2] [MspMote.java:229] [WARN] - 57: # Watchdog[EXECUTION]: illegal write to WDTCTL (0) from $103ca - reset!!!!
[18:57:30 - Thread-2] [MspMote.java:229] [WARN] - 15: # Watchdog[EXECUTION]: illegal write to WDTCTL (0) from $103ca - reset!!!!
[18:58:37 - Thread-2] [LogScriptEngine.java:389] [INFO] - Test script at 15.00%, done in 7680.8 sec
[18:59:05 - Thread-2] [MspMote.java:229] [WARN] - 38: # Watchdog[EXECUTION]: illegal write to WDTCTL (0) from $103ca - reset!!!!
[18:59:07 - Thread-2] [MspMote.java:229] [WARN] - 13: # Watchdog[EXECUTION]: illegal write to WDTCTL (0) from $103ca - reset!!!!
[18:59:09 - Thread-2] [MspMote.java:229] [WARN] - 21: # Watchdog[EXECUTION]: illegal write to WDTCTL (0) from $103ca - reset!!!!
[18:59:10 - Thread-2] [MspMote.java:229] [WARN] - 30: # Watchdog[EXECUTION]: illegal write to WDTCTL (0) from $103ca - reset!!!!
[18:59:58 - Thread-2] [MspMote.java:229] [WARN] - 31: # Watchdog[EXECUTION]: illegal write to WDTCTL (0) from $103ca - reset!!!!
[18:59:59 - Thread-2] [MspMote.java:229] [WARN] - 57: # Watchdog[EXECUTION]: illegal write to WDTCTL (0) from $103ca - reset!!!!
[18:59:59 - Thread-2] [MspMote.java:229] [WARN] - 36: # Watchdog[EXECUTION]: illegal write to WDTCTL (0) from $103ca - reset!!!!
[18:59:59 - Thread-2] [MspMote.java:229] [WARN] - 55: # Watchdog[EXECUTION]: illegal write to WDTCTL (0) from $103ca - reset!!!!
[18:59:59 - Thread-2] [MspMote.java:229] [WARN] - 20: # Watchdog[EXECUTION]: illegal write to WDTCTL (0) from $103ca - reset!!!!
[19:00:20 - Thread-2] [MspMote.java:229] [WARN] - 48: # Watchdog[EXECUTION]: illegal write to WDTCTL (0) from $103ca - reset!!!!
[19:00:20 - Thread-2] [MspMote.java:229] [WARN] - 14: # Watchdog[EXECUTION]: illegal write to WDTCTL (0) from $103ca - reset!!!!
[19:01:36 - Thread-2] [MspMote.java:229] [WARN] - 39: # Watchdog[EXECUTION]: illegal write to WDTCTL (0) from $103ca - reset!!!!
[19:01:38 - Thread-2] [MspMote.java:229] [WARN] - 47: # Watchdog[EXECUTION]: illegal write to WDTCTL (0) from $103ca - reset!!!!
[19:02:03 - Thread-2] [MspMote.java:229] [WARN] - 60: # Watchdog[EXECUTION]: illegal write to WDTCTL (0) from $103ca - reset!!!!
[19:02:21 - Thread-2] [MspMote.java:229] [WARN] - 56: # Watchdog[EXECUTION]: illegal write to WDTCTL (0) from $103ca - reset!!!!
[19:02:59 - Thread-2] [MspMote.java:229] [WARN] - 49: # Watchdog[EXECUTION]: illegal write to WDTCTL (0) from $103ca - reset!!!!
[19:02:59 - Thread-2] [MspMote.java:229] [WARN] - 3: # Watchdog[EXECUTION]: illegal write to WDTCTL (0) from $103ca - reset!!!!
[19:03:32 - Thread-2] [MspMote.java:229] [WARN] - 22: # Watchdog[EXECUTION]: illegal write to WDTCTL (0) from $103ca - reset!!!!
[19:03:45 - Thread-2] [MspMote.java:229] [WARN] - 11: # Watchdog[EXECUTION]: illegal write to WDTCTL (0) from $103ca - reset!!!!
[19:04:20 - Thread-2] [MspMote.java:229] [WARN] - 9: # Watchdog[EXECUTION]: illegal write to WDTCTL (0) from $103ca - reset!!!!
[19:04:20 - Thread-2] [MspMote.java:229] [WARN] - 12: # Watchdog[EXECUTION]: illegal write to WDTCTL (0) from $103ca - reset!!!!
[19:04:37 - Thread-2] [MspMote.java:229] [WARN] - 46: # Watchdog[EXECUTION]: illegal write to WDTCTL (0) from $103ca - reset!!!!
[19:04:41 - Thread-2] [MspMote.java:229] [WARN] - 35: # Watchdog[EXECUTION]: illegal write to WDTCTL (0) from $103ca - reset!!!!
[19:04:59 - Thread-2] [MspMote.java:229] [WARN] - 39: # Watchdog[EXECUTION]: illegal write to WDTCTL (0) from $103ca - reset!!!!
[19:05:27 - Thread-2] [MspMote.java:229] [WARN] - 20: # Watchdog[EXECUTION]: illegal write to WDTCTL (0) from $103ca - reset!!!!
[19:05:54 - Thread-2] [MspMote.java:229] [WARN] - 61: # Watchdog[EXECUTION]: illegal write to WDTCTL (0) from $103ca - reset!!!!
[19:06:18 - Thread-2] [MspMote.java:229] [WARN] - 33: # Watchdog[EXECUTION]: illegal write to WDTCTL (0) from $103ca - reset!!!!
[19:07:03 - Thread-2] [MspMote.java:229] [WARN] - 36: # Watchdog[EXECUTION]: illegal write to WDTCTL (0) from $103ca - reset!!!!
[19:07:04 - Thread-2] [MspMote.java:229] [WARN] - 44: # Watchdog[EXECUTION]: illegal write to WDTCTL (0) from $103ca - reset!!!!
[19:07:19 - Thread-2] [LogScriptEngine.java:389] [INFO] - Test script at 20.00%, done in 7509.2 sec
[19:07:24 - Thread-2] [MspMote.java:229] [WARN] - 55: # Watchdog[EXECUTION]: illegal write to WDTCTL (0) from $103ca - reset!!!!
[19:09:39 - Thread-2] [MspMote.java:229] [WARN] - 34: # Watchdog[EXECUTION]: illegal write to WDTCTL (0) from $103ca - reset!!!!
[19:10:29 - Thread-2] [MspMote.java:229] [WARN] - 47: # Watchdog[EXECUTION]: illegal write to WDTCTL (0) from $103ca - reset!!!!
[19:10:29 - Thread-2] [MspMote.java:229] [WARN] - 60: # Watchdog[EXECUTION]: illegal write to WDTCTL (0) from $103ca - reset!!!!
[19:10:29 - Thread-2] [MspMote.java:229] [WARN] - 58: # Watchdog[EXECUTION]: illegal write to WDTCTL (0) from $103ca - reset!!!!
[19:10:31 - Thread-2] [MspMote.java:229] [WARN] - 37: # Watchdog[EXECUTION]: illegal write to WDTCTL (0) from $103ca - reset!!!!
[19:11:00 - Thread-2] [MspMote.java:229] [WARN] - 25: # Watchdog[EXECUTION]: illegal write to WDTCTL (0) from $103ca - reset!!!!
[19:11:18 - Thread-2] [MspMote.java:229] [WARN] - 41: # Watchdog[EXECUTION]: illegal write to WDTCTL (0) from $103ca - reset!!!!
[19:11:19 - Thread-2] [MspMote.java:229] [WARN] - 54: # Watchdog[EXECUTION]: illegal write to WDTCTL (0) from $103ca - reset!!!!
[19:11:37 - Thread-2] [MspMote.java:229] [WARN] - 15: # Watchdog[EXECUTION]: illegal write to WDTCTL (0) from $103ca - reset!!!!
[19:11:38 - Thread-2] [MspMote.java:229] [WARN] - 21: # Watchdog[EXECUTION]: illegal write to WDTCTL (0) from $103ca - reset!!!!
[19:11:52 - Thread-2] [MspMote.java:229] [WARN] - 4: # Watchdog[EXECUTION]: illegal write to WDTCTL (0) from $103ca - reset!!!!
[19:12:10 - Thread-2] [MspMote.java:229] [WARN] - 24: # Watchdog[EXECUTION]: illegal write to WDTCTL (0) from $103ca - reset!!!!
[19:12:24 - Thread-2] [MspMote.java:229] [WARN] - 10: # Watchdog[EXECUTION]: illegal write to WDTCTL (0) from $103ca - reset!!!!
[19:12:30 - Thread-2] [MspMote.java:229] [WARN] - 46: # Watchdog[EXECUTION]: illegal write to WDTCTL (0) from $103ca - reset!!!!
[19:12:41 - Thread-2] [MspMote.java:229] [WARN] - 30: # Watchdog[EXECUTION]: illegal write to WDTCTL (0) from $103ca - reset!!!!
[19:12:50 - Thread-2] [MspMote.java:229] [WARN] - 29: # Watchdog[EXECUTION]: illegal write to WDTCTL (0) from $103ca - reset!!!!
[19:13:01 - Thread-2] [MspMote.java:229] [WARN] - 31: # Watchdog[EXECUTION]: illegal write to WDTCTL (0) from $103ca - reset!!!!
[19:13:02 - Thread-2] [MspMote.java:229] [WARN] - 49: # Watchdog[EXECUTION]: illegal write to WDTCTL (0) from $103ca - reset!!!!
[19:13:04 - Thread-2] [MspMote.java:229] [WARN] - 13: # Watchdog[EXECUTION]: illegal write to WDTCTL (0) from $103ca - reset!!!!
[19:13:12 - Thread-2] [MspMote.java:229] [WARN] - 50: # Watchdog[EXECUTION]: illegal write to WDTCTL (0) from $103ca - reset!!!!
[19:13:12 - Thread-2] [MspMote.java:229] [WARN] - 45: # Watchdog[EXECUTION]: illegal write to WDTCTL (0) from $103ca - reset!!!!
[19:13:58 - Thread-2] [MspMote.java:229] [WARN] - 18: # Watchdog[EXECUTION]: illegal write to WDTCTL (0) from $103ca - reset!!!!
[19:14:21 - Thread-2] [MspMote.java:229] [WARN] - 20: # Watchdog[EXECUTION]: illegal write to WDTCTL (0) from $103ca - reset!!!!
[19:16:17 - Thread-2] [LogScriptEngine.java:389] [INFO] - Test script at 25.00%, done in 7244.3 sec
[19:16:29 - Thread-2] [MspMote.java:229] [WARN] - 23: # Watchdog[EXECUTION]: illegal write to WDTCTL (0) from $103ca - reset!!!!
[19:16:34 - Thread-2] [MspMote.java:229] [WARN] - 19: # Watchdog[EXECUTION]: illegal write to WDTCTL (0) from $103ca - reset!!!!
[19:17:31 - Thread-2] [MspMote.java:229] [WARN] - 39: # Watchdog[EXECUTION]: illegal write to WDTCTL (0) from $103ca - reset!!!!
[19:17:53 - Thread-2] [MspMote.java:229] [WARN] - 10: # Watchdog[EXECUTION]: illegal write to WDTCTL (0) from $103ca - reset!!!!
[19:18:38 - Thread-2] [MspMote.java:229] [WARN] - 34: # Watchdog[EXECUTION]: illegal write to WDTCTL (0) from $103ca - reset!!!!
[19:19:37 - Thread-2] [MspMote.java:229] [WARN] - 37: # Watchdog[EXECUTION]: illegal write to WDTCTL (0) from $103ca - reset!!!!
[19:19:42 - Thread-2] [MspMote.java:229] [WARN] - 51: # Watchdog[EXECUTION]: illegal write to WDTCTL (0) from $103ca - reset!!!!
[19:20:02 - Thread-2] [MspMote.java:229] [WARN] - 11: # Watchdog[EXECUTION]: illegal write to WDTCTL (0) from $103ca - reset!!!!
[19:20:07 - Thread-2] [MspMote.java:229] [WARN] - 31: # Watchdog[EXECUTION]: illegal write to WDTCTL (0) from $103ca - reset!!!!
[19:21:12 - Thread-2] [MspMote.java:229] [WARN] - 48: # Watchdog[EXECUTION]: illegal write to WDTCTL (0) from $103ca - reset!!!!
[19:21:36 - Thread-2] [MspMote.java:229] [WARN] - 46: # Watchdog[EXECUTION]: illegal write to WDTCTL (0) from $103ca - reset!!!!
[19:21:38 - Thread-2] [MspMote.java:229] [WARN] - 12: # Watchdog[EXECUTION]: illegal write to WDTCTL (0) from $103ca - reset!!!!
[19:21:41 - Thread-2] [MspMote.java:229] [WARN] - 38: # Watchdog[EXECUTION]: illegal write to WDTCTL (0) from $103ca - reset!!!!
[19:21:45 - Thread-2] [MspMote.java:229] [WARN] - 41: # Watchdog[EXECUTION]: illegal write to WDTCTL (0) from $103ca - reset!!!!
[19:21:50 - Thread-2] [MspMote.java:229] [WARN] - 47: # Watchdog[EXECUTION]: illegal write to WDTCTL (0) from $103ca - reset!!!!
[19:24:45 - Thread-2] [MspMote.java:229] [WARN] - 60: # Watchdog[EXECUTION]: illegal write to WDTCTL (0) from $103ca - reset!!!!
[19:25:46 - Thread-2] [MspMote.java:229] [WARN] - 41: # Watchdog[EXECUTION]: illegal write to WDTCTL (0) from $103ca - reset!!!!
[19:25:55 - Thread-2] [LogScriptEngine.java:389] [INFO] - Test script at 30.00%, done in 6984.9 sec
[19:28:14 - Thread-2] [MspMote.java:229] [WARN] - 22: # Watchdog[EXECUTION]: illegal write to WDTCTL (0) from $103ca - reset!!!!
[19:28:20 - Thread-2] [MspMote.java:229] [WARN] - 30: # Watchdog[EXECUTION]: illegal write to WDTCTL (0) from $103ca - reset!!!!
[19:28:33 - Thread-2] [MspMote.java:229] [WARN] - 50: # Watchdog[EXECUTION]: illegal write to WDTCTL (0) from $103ca - reset!!!!
[19:28:39 - Thread-2] [MspMote.java:229] [WARN] - 45: # Watchdog[EXECUTION]: illegal write to WDTCTL (0) from $103ca - reset!!!!
[19:30:17 - Thread-2] [MspMote.java:229] [WARN] - 37: # Watchdog[EXECUTION]: illegal write to WDTCTL (0) from $103ca - reset!!!!
[19:31:14 - Thread-2] [MspMote.java:229] [WARN] - 46: # Watchdog[EXECUTION]: illegal write to WDTCTL (0) from $103ca - reset!!!!
[19:31:49 - Thread-2] [MspMote.java:229] [WARN] - 36: # Watchdog[EXECUTION]: illegal write to WDTCTL (0) from $103ca - reset!!!!
[19:33:38 - Thread-2] [MspMote.java:229] [WARN] - 24: # Watchdog[EXECUTION]: illegal write to WDTCTL (0) from $103ca - reset!!!!
[19:34:07 - Thread-2] [MspMote.java:229] [WARN] - 51: # Watchdog[EXECUTION]: illegal write to WDTCTL (0) from $103ca - reset!!!!
[19:34:08 - Thread-2] [MspMote.java:229] [WARN] - 54: # Watchdog[EXECUTION]: illegal write to WDTCTL (0) from $103ca - reset!!!!
[19:34:24 - Thread-2] [MspMote.java:229] [WARN] - 34: # Watchdog[EXECUTION]: illegal write to WDTCTL (0) from $103ca - reset!!!!
[19:36:45 - Thread-2] [MspMote.java:229] [WARN] - 29: # Watchdog[EXECUTION]: illegal write to WDTCTL (0) from $103ca - reset!!!!
[19:36:49 - Thread-2] [MspMote.java:229] [WARN] - 10: # Watchdog[EXECUTION]: illegal write to WDTCTL (0) from $103ca - reset!!!!
[19:36:51 - Thread-2] [MspMote.java:229] [WARN] - 17: # Watchdog[EXECUTION]: illegal write to WDTCTL (0) from $103ca - reset!!!!
[19:36:56 - Thread-2] [LogScriptEngine.java:389] [INFO] - Test script at 35.00%, done in 6785.9 sec
[19:37:04 - Thread-2] [MspMote.java:229] [WARN] - 5: # Watchdog[EXECUTION]: illegal write to WDTCTL (0) from $103ca - reset!!!!
[19:37:06 - Thread-2] [MspMote.java:229] [WARN] - 27: # Watchdog[EXECUTION]: illegal write to WDTCTL (0) from $103ca - reset!!!!
[19:37:08 - Thread-2] [MspMote.java:229] [WARN] - 24: # Watchdog[EXECUTION]: illegal write to WDTCTL (0) from $103ca - reset!!!!
[19:38:41 - Thread-2] [MspMote.java:229] [WARN] - 11: # Watchdog[EXECUTION]: illegal write to WDTCTL (0) from $103ca - reset!!!!
[19:39:32 - Thread-2] [MspMote.java:229] [WARN] - 50: # Watchdog[EXECUTION]: illegal write to WDTCTL (0) from $103ca - reset!!!!
[19:39:40 - Thread-2] [MspMote.java:229] [WARN] - 19: # Watchdog[EXECUTION]: illegal write to WDTCTL (0) from $103ca - reset!!!!
[19:40:03 - Thread-2] [MspMote.java:229] [WARN] - 30: # Watchdog[EXECUTION]: illegal write to WDTCTL (0) from $103ca - reset!!!!
[19:40:03 - Thread-2] [MspMote.java:229] [WARN] - 58: # Watchdog[EXECUTION]: illegal write to WDTCTL (0) from $103ca - reset!!!!
[19:41:56 - Thread-2] [MspMote.java:229] [WARN] - 18: # Watchdog[EXECUTION]: illegal write to WDTCTL (0) from $103ca - reset!!!!
[19:42:15 - Thread-2] [MspMote.java:229] [WARN] - 43: # Watchdog[EXECUTION]: illegal write to WDTCTL (0) from $103ca - reset!!!!
[19:42:36 - Thread-2] [MspMote.java:229] [WARN] - 7: # Watchdog[EXECUTION]: illegal write to WDTCTL (0) from $103ca - reset!!!!
[19:43:51 - Thread-2] [MspMote.java:229] [WARN] - 23: # Watchdog[EXECUTION]: illegal write to WDTCTL (0) from $103ca - reset!!!!
[19:44:01 - Thread-2] [MspMote.java:229] [WARN] - 29: # Watchdog[EXECUTION]: illegal write to WDTCTL (0) from $103ca - reset!!!!
[19:44:27 - Thread-2] [MspMote.java:229] [WARN] - 47: # Watchdog[EXECUTION]: illegal write to WDTCTL (0) from $103ca - reset!!!!
[19:45:02 - Thread-2] [MspMote.java:229] [WARN] - 31: # Watchdog[EXECUTION]: illegal write to WDTCTL (0) from $103ca - reset!!!!
[19:45:42 - Thread-2] [MspMote.java:229] [WARN] - 13: # Watchdog[EXECUTION]: illegal write to WDTCTL (0) from $103ca - reset!!!!
[19:45:54 - Thread-2] [MspMote.java:229] [WARN] - 22: # Watchdog[EXECUTION]: illegal write to WDTCTL (0) from $103ca - reset!!!!
[19:46:05 - Thread-2] [MspMote.java:229] [WARN] - 12: # Watchdog[EXECUTION]: illegal write to WDTCTL (0) from $103ca - reset!!!!
[19:46:28 - Thread-2] [MspMote.java:229] [WARN] - 39: # Watchdog[EXECUTION]: illegal write to WDTCTL (0) from $103ca - reset!!!!
[19:46:29 - Thread-2] [MspMote.java:229] [WARN] - 44: # Watchdog[EXECUTION]: illegal write to WDTCTL (0) from $103ca - reset!!!!
[19:46:36 - Thread-2] [MspMote.java:229] [WARN] - 3: # Watchdog[EXECUTION]: illegal write to WDTCTL (0) from $103ca - reset!!!!
[19:46:38 - Thread-2] [MspMote.java:229] [WARN] - 57: # Watchdog[EXECUTION]: illegal write to WDTCTL (0) from $103ca - reset!!!!
[19:46:43 - Thread-2] [MspMote.java:229] [WARN] - 42: # Watchdog[EXECUTION]: illegal write to WDTCTL (0) from $103ca - reset!!!!
[19:46:49 - Thread-2] [MspMote.java:229] [WARN] - 55: # Watchdog[EXECUTION]: illegal write to WDTCTL (0) from $103ca - reset!!!!
[19:47:21 - Thread-2] [LogScriptEngine.java:389] [INFO] - Test script at 40.00%, done in 6418.9 sec
[19:47:44 - Thread-2] [MspMote.java:229] [WARN] - 11: # Watchdog[EXECUTION]: illegal write to WDTCTL (0) from $103ca - reset!!!!
[19:48:24 - Thread-2] [MspMote.java:229] [WARN] - 49: # Watchdog[EXECUTION]: illegal write to WDTCTL (0) from $103ca - reset!!!!
[19:48:41 - Thread-2] [MspMote.java:229] [WARN] - 45: # Watchdog[EXECUTION]: illegal write to WDTCTL (0) from $103ca - reset!!!!
[19:48:43 - Thread-2] [MspMote.java:229] [WARN] - 10: # Watchdog[EXECUTION]: illegal write to WDTCTL (0) from $103ca - reset!!!!
[19:49:04 - Thread-2] [MspMote.java:229] [WARN] - 19: # Watchdog[EXECUTION]: illegal write to WDTCTL (0) from $103ca - reset!!!!
[19:49:26 - Thread-2] [MspMote.java:229] [WARN] - 59: # Watchdog[EXECUTION]: illegal write to WDTCTL (0) from $103ca - reset!!!!
[19:49:43 - Thread-2] [MspMote.java:229] [WARN] - 16: # Watchdog[EXECUTION]: illegal write to WDTCTL (0) from $103ca - reset!!!!
[19:50:41 - Thread-2] [MspMote.java:229] [WARN] - 37: # Watchdog[EXECUTION]: illegal write to WDTCTL (0) from $103ca - reset!!!!
[19:51:25 - Thread-2] [MspMote.java:229] [WARN] - 18: # Watchdog[EXECUTION]: illegal write to WDTCTL (0) from $103ca - reset!!!!
[19:51:27 - Thread-2] [MspMote.java:229] [WARN] - 41: # Watchdog[EXECUTION]: illegal write to WDTCTL (0) from $103ca - reset!!!!
[19:51:33 - Thread-2] [MspMote.java:229] [WARN] - 58: # Watchdog[EXECUTION]: illegal write to WDTCTL (0) from $103ca - reset!!!!
[19:51:54 - Thread-2] [MspMote.java:229] [WARN] - 19: # Watchdog[EXECUTION]: illegal write to WDTCTL (0) from $103ca - reset!!!!
[19:52:00 - Thread-2] [MspMote.java:229] [WARN] - 15: # Watchdog[EXECUTION]: illegal write to WDTCTL (0) from $103ca - reset!!!!
[19:52:05 - Thread-2] [MspMote.java:229] [WARN] - 2: # Watchdog[EXECUTION]: illegal write to WDTCTL (0) from $103ca - reset!!!!
[19:52:15 - Thread-2] [MspMote.java:229] [WARN] - 26: # Watchdog[EXECUTION]: illegal write to WDTCTL (0) from $103ca - reset!!!!
[19:52:43 - Thread-2] [MspMote.java:229] [WARN] - 40: # Watchdog[EXECUTION]: illegal write to WDTCTL (0) from $103ca - reset!!!!
[19:53:42 - Thread-2] [MspMote.java:229] [WARN] - 36: # Watchdog[EXECUTION]: illegal write to WDTCTL (0) from $103ca - reset!!!!
[19:54:01 - Thread-2] [MspMote.java:229] [WARN] - 17: # Watchdog[EXECUTION]: illegal write to WDTCTL (0) from $103ca - reset!!!!
[19:54:31 - Thread-2] [MspMote.java:229] [WARN] - 52: # Watchdog[EXECUTION]: illegal write to WDTCTL (0) from $103ca - reset!!!!
[19:54:34 - Thread-2] [MspMote.java:229] [WARN] - 53: # Watchdog[EXECUTION]: illegal write to WDTCTL (0) from $103ca - reset!!!!
[19:54:42 - Thread-2] [MspMote.java:229] [WARN] - 25: # Watchdog[EXECUTION]: illegal write to WDTCTL (0) from $103ca - reset!!!!
[19:54:43 - Thread-2] [MspMote.java:229] [WARN] - 31: # Watchdog[EXECUTION]: illegal write to WDTCTL (0) from $103ca - reset!!!!
[19:55:02 - Thread-2] [MspMote.java:229] [WARN] - 20: # Watchdog[EXECUTION]: illegal write to WDTCTL (0) from $103ca - reset!!!!
[19:55:08 - Thread-2] [MspMote.java:229] [WARN] - 1: # Watchdog[EXECUTION]: illegal write to WDTCTL (0) from $103ca - reset!!!!
[19:55:56 - Thread-2] [MspMote.java:229] [WARN] - 21: # Watchdog[EXECUTION]: illegal write to WDTCTL (0) from $103ca - reset!!!!
[19:56:29 - Thread-2] [MspMote.java:229] [WARN] - 12: # Watchdog[EXECUTION]: illegal write to WDTCTL (0) from $103ca - reset!!!!
[19:56:41 - Thread-2] [MspMote.java:229] [WARN] - 14: # Watchdog[EXECUTION]: illegal write to WDTCTL (0) from $103ca - reset!!!!
[19:56:42 - Thread-2] [MspMote.java:229] [WARN] - 29: # Watchdog[EXECUTION]: illegal write to WDTCTL (0) from $103ca - reset!!!!
[19:56:47 - Thread-2] [MspMote.java:229] [WARN] - 34: # Watchdog[EXECUTION]: illegal write to WDTCTL (0) from $103ca - reset!!!!
[19:56:47 - Thread-2] [MspMote.java:229] [WARN] - 46: # Watchdog[EXECUTION]: illegal write to WDTCTL (0) from $103ca - reset!!!!
[19:56:58 - Thread-2] [MspMote.java:229] [WARN] - 28: # Watchdog[EXECUTION]: illegal write to WDTCTL (0) from $103ca - reset!!!!
[19:57:01 - Thread-2] [MspMote.java:229] [WARN] - 8: # Watchdog[EXECUTION]: illegal write to WDTCTL (0) from $103ca - reset!!!!
[19:57:02 - Thread-2] [MspMote.java:229] [WARN] - 6: # Watchdog[EXECUTION]: illegal write to WDTCTL (0) from $103ca - reset!!!!
[19:57:03 - Thread-2] [LogScriptEngine.java:389] [INFO] - Test script at 45.00%, done in 5941.3 sec
[19:57:35 - Thread-2] [MspMote.java:229] [WARN] - 10: # Watchdog[EXECUTION]: illegal write to WDTCTL (0) from $103ca - reset!!!!
[19:57:36 - Thread-2] [MspMote.java:229] [WARN] - 59: # Watchdog[EXECUTION]: illegal write to WDTCTL (0) from $103ca - reset!!!!
[19:57:36 - Thread-2] [MspMote.java:229] [WARN] - 33: # Watchdog[EXECUTION]: illegal write to WDTCTL (0) from $103ca - reset!!!!
[19:57:37 - Thread-2] [MspMote.java:229] [WARN] - 24: # Watchdog[EXECUTION]: illegal write to WDTCTL (0) from $103ca - reset!!!!
[19:57:37 - Thread-2] [MspMote.java:229] [WARN] - 4: # Watchdog[EXECUTION]: illegal write to WDTCTL (0) from $103ca - reset!!!!
[19:57:37 - Thread-2] [MspMote.java:229] [WARN] - 58: # Watchdog[EXECUTION]: illegal write to WDTCTL (0) from $103ca - reset!!!!
[19:58:22 - Thread-2] [MspMote.java:229] [WARN] - 9: # Watchdog[EXECUTION]: illegal write to WDTCTL (0) from $103ca - reset!!!!
[19:58:28 - Thread-2] [MspMote.java:229] [WARN] - 37: # Watchdog[EXECUTION]: illegal write to WDTCTL (0) from $103ca - reset!!!!
[19:58:31 - Thread-2] [MspMote.java:229] [WARN] - 11: # Watchdog[EXECUTION]: illegal write to WDTCTL (0) from $103ca - reset!!!!
[19:58:58 - Thread-2] [MspMote.java:229] [WARN] - 56: # Watchdog[EXECUTION]: illegal write to WDTCTL (0) from $103ca - reset!!!!
[19:58:59 - Thread-2] [MspMote.java:229] [WARN] - 61: # Watchdog[EXECUTION]: illegal write to WDTCTL (0) from $103ca - reset!!!!
[19:59:04 - Thread-2] [MspMote.java:229] [WARN] - 48: # Watchdog[EXECUTION]: illegal write to WDTCTL (0) from $103ca - reset!!!!
[20:00:07 - Thread-2] [MspMote.java:229] [WARN] - 44: # Watchdog[EXECUTION]: illegal write to WDTCTL (0) from $103ca - reset!!!!
[20:00:18 - Thread-2] [MspMote.java:229] [WARN] - 34: # Watchdog[EXECUTION]: illegal write to WDTCTL (0) from $103ca - reset!!!!
[20:00:49 - Thread-2] [MspMote.java:229] [WARN] - 31: # Watchdog[EXECUTION]: illegal write to WDTCTL (0) from $103ca - reset!!!!
[20:01:01 - Thread-2] [MspMote.java:229] [WARN] - 35: # Watchdog[EXECUTION]: illegal write to WDTCTL (0) from $103ca - reset!!!!
[20:01:33 - Thread-2] [MspMote.java:229] [WARN] - 28: # Watchdog[EXECUTION]: illegal write to WDTCTL (0) from $103ca - reset!!!!
[20:02:44 - Thread-2] [MspMote.java:229] [WARN] - 8: # Watchdog[EXECUTION]: illegal write to WDTCTL (0) from $103ca - reset!!!!
[20:02:49 - Thread-2] [MspMote.java:229] [WARN] - 6: # Watchdog[EXECUTION]: illegal write to WDTCTL (0) from $103ca - reset!!!!
[20:02:52 - Thread-2] [MspMote.java:229] [WARN] - 12: # Watchdog[EXECUTION]: illegal write to WDTCTL (0) from $103ca - reset!!!!
[20:04:28 - Thread-2] [LogScriptEngine.java:389] [INFO] - Test script at 50.00%, done in 5306.3 sec
[20:04:53 - Thread-2] [MspMote.java:229] [WARN] - 26: # Watchdog[EXECUTION]: illegal write to WDTCTL (0) from $103ca - reset!!!!
[20:04:55 - Thread-2] [MspMote.java:229] [WARN] - 13: # Watchdog[EXECUTION]: illegal write to WDTCTL (0) from $103ca - reset!!!!
[20:05:00 - Thread-2] [MspMote.java:229] [WARN] - 61: # Watchdog[EXECUTION]: illegal write to WDTCTL (0) from $103ca - reset!!!!
[20:05:01 - Thread-2] [MspMote.java:229] [WARN] - 49: # Watchdog[EXECUTION]: illegal write to WDTCTL (0) from $103ca - reset!!!!
[20:06:41 - Thread-2] [MspMote.java:229] [WARN] - 31: # Watchdog[EXECUTION]: illegal write to WDTCTL (0) from $103ca - reset!!!!
[20:06:49 - Thread-2] [MspMote.java:229] [WARN] - 26: # Watchdog[EXECUTION]: illegal write to WDTCTL (0) from $103ca - reset!!!!
[20:07:01 - Thread-2] [MspMote.java:229] [WARN] - 39: # Watchdog[EXECUTION]: illegal write to WDTCTL (0) from $103ca - reset!!!!
[20:07:27 - Thread-2] [MspMote.java:229] [WARN] - 50: # Watchdog[EXECUTION]: illegal write to WDTCTL (0) from $103ca - reset!!!!
[20:07:33 - Thread-2] [MspMote.java:229] [WARN] - 60: # Watchdog[EXECUTION]: illegal write to WDTCTL (0) from $103ca - reset!!!!
[20:08:25 - Thread-2] [MspMote.java:229] [WARN] - 22: # Watchdog[EXECUTION]: illegal write to WDTCTL (0) from $103ca - reset!!!!
[20:08:35 - Thread-2] [MspMote.java:229] [WARN] - 56: # Watchdog[EXECUTION]: illegal write to WDTCTL (0) from $103ca - reset!!!!
[20:08:42 - Thread-2] [MspMote.java:229] [WARN] - 27: # Watchdog[EXECUTION]: illegal write to WDTCTL (0) from $103ca - reset!!!!
[20:08:44 - Thread-2] [MspMote.java:229] [WARN] - 17: # Watchdog[EXECUTION]: illegal write to WDTCTL (0) from $103ca - reset!!!!
[20:08:44 - Thread-2] [MspMote.java:229] [WARN] - 29: # Watchdog[EXECUTION]: illegal write to WDTCTL (0) from $103ca - reset!!!!
[20:08:47 - Thread-2] [MspMote.java:229] [WARN] - 20: # Watchdog[EXECUTION]: illegal write to WDTCTL (0) from $103ca - reset!!!!
[20:08:47 - Thread-2] [MspMote.java:229] [WARN] - 21: # Watchdog[EXECUTION]: illegal write to WDTCTL (0) from $103ca - reset!!!!
[20:08:51 - Thread-2] [MspMote.java:229] [WARN] - 12: # Watchdog[EXECUTION]: illegal write to WDTCTL (0) from $103ca - reset!!!!
[20:08:52 - Thread-2] [MspMote.java:229] [WARN] - 59: # Watchdog[EXECUTION]: illegal write to WDTCTL (0) from $103ca - reset!!!!
[20:08:52 - Thread-2] [MspMote.java:229] [WARN] - 23: # Watchdog[EXECUTION]: illegal write to WDTCTL (0) from $103ca - reset!!!!
[20:08:53 - Thread-2] [MspMote.java:229] [WARN] - 49: # Watchdog[EXECUTION]: illegal write to WDTCTL (0) from $103ca - reset!!!!
[20:09:57 - Thread-2] [MspMote.java:229] [WARN] - 33: # Watchdog[EXECUTION]: illegal write to WDTCTL (0) from $103ca - reset!!!!
[20:09:58 - Thread-2] [MspMote.java:229] [WARN] - 4: # Watchdog[EXECUTION]: illegal write to WDTCTL (0) from $103ca - reset!!!!
[20:10:00 - Thread-2] [MspMote.java:229] [WARN] - 24: # Watchdog[EXECUTION]: illegal write to WDTCTL (0) from $103ca - reset!!!!
[20:10:00 - Thread-2] [MspMote.java:229] [WARN] - 5: # Watchdog[EXECUTION]: illegal write to WDTCTL (0) from $103ca - reset!!!!
[20:10:41 - Thread-2] [MspMote.java:229] [WARN] - 61: # Watchdog[EXECUTION]: illegal write to WDTCTL (0) from $103ca - reset!!!!
[20:10:43 - Thread-2] [MspMote.java:229] [WARN] - 48: # Watchdog[EXECUTION]: illegal write to WDTCTL (0) from $103ca - reset!!!!
[20:11:35 - Thread-2] [MspMote.java:229] [WARN] - 37: # Watchdog[EXECUTION]: illegal write to WDTCTL (0) from $103ca - reset!!!!
[20:11:36 - Thread-2] [LogScriptEngine.java:389] [INFO] - Test script at 55.00%, done in 4691.9 sec
[20:12:12 - Thread-2] [MspMote.java:229] [WARN] - 8: # Watchdog[EXECUTION]: illegal write to WDTCTL (0) from $103ca - reset!!!!
[20:12:20 - Thread-2] [MspMote.java:229] [WARN] - 56: # Watchdog[EXECUTION]: illegal write to WDTCTL (0) from $103ca - reset!!!!
[20:12:26 - Thread-2] [MspMote.java:229] [WARN] - 12: # Watchdog[EXECUTION]: illegal write to WDTCTL (0) from $103ca - reset!!!!
[20:12:27 - Thread-2] [MspMote.java:229] [WARN] - 35: # Watchdog[EXECUTION]: illegal write to WDTCTL (0) from $103ca - reset!!!!
[20:12:40 - Thread-2] [MspMote.java:229] [WARN] - 36: # Watchdog[EXECUTION]: illegal write to WDTCTL (0) from $103ca - reset!!!!
[20:13:40 - Thread-2] [MspMote.java:229] [WARN] - 61: # Watchdog[EXECUTION]: illegal write to WDTCTL (0) from $103ca - reset!!!!
[20:13:42 - Thread-2] [MspMote.java:229] [WARN] - 49: # Watchdog[EXECUTION]: illegal write to WDTCTL (0) from $103ca - reset!!!!
[20:14:04 - Thread-2] [MspMote.java:229] [WARN] - 48: # Watchdog[EXECUTION]: illegal write to WDTCTL (0) from $103ca - reset!!!!
[20:14:05 - Thread-2] [MspMote.java:229] [WARN] - 20: # Watchdog[EXECUTION]: illegal write to WDTCTL (0) from $103ca - reset!!!!
[20:15:08 - Thread-2] [MspMote.java:229] [WARN] - 34: # Watchdog[EXECUTION]: illegal write to WDTCTL (0) from $103ca - reset!!!!
[20:15:09 - Thread-2] [MspMote.java:229] [WARN] - 59: # Watchdog[EXECUTION]: illegal write to WDTCTL (0) from $103ca - reset!!!!
[20:15:10 - Thread-2] [MspMote.java:229] [WARN] - 60: # Watchdog[EXECUTION]: illegal write to WDTCTL (0) from $103ca - reset!!!!
[20:15:34 - Thread-2] [MspMote.java:229] [WARN] - 41: # Watchdog[EXECUTION]: illegal write to WDTCTL (0) from $103ca - reset!!!!
[20:16:11 - Thread-2] [MspMote.java:229] [WARN] - 46: # Watchdog[EXECUTION]: illegal write to WDTCTL (0) from $103ca - reset!!!!
[20:16:14 - Thread-2] [MspMote.java:229] [WARN] - 58: # Watchdog[EXECUTION]: illegal write to WDTCTL (0) from $103ca - reset!!!!
[20:16:18 - Thread-2] [MspMote.java:229] [WARN] - 54: # Watchdog[EXECUTION]: illegal write to WDTCTL (0) from $103ca - reset!!!!
[20:16:19 - Thread-2] [MspMote.java:229] [WARN] - 39: # Watchdog[EXECUTION]: illegal write to WDTCTL (0) from $103ca - reset!!!!
[20:16:25 - Thread-2] [MspMote.java:229] [WARN] - 10: # Watchdog[EXECUTION]: illegal write to WDTCTL (0) from $103ca - reset!!!!
[20:16:35 - Thread-2] [MspMote.java:229] [WARN] - 28: # Watchdog[EXECUTION]: illegal write to WDTCTL (0) from $103ca - reset!!!!
[20:16:37 - Thread-2] [MspMote.java:229] [WARN] - 44: # Watchdog[EXECUTION]: illegal write to WDTCTL (0) from $103ca - reset!!!!
[20:16:37 - Thread-2] [MspMote.java:229] [WARN] - 1: # Watchdog[EXECUTION]: illegal write to WDTCTL (0) from $103ca - reset!!!!
[20:16:42 - Thread-2] [MspMote.java:229] [WARN] - 55: # Watchdog[EXECUTION]: illegal write to WDTCTL (0) from $103ca - reset!!!!
[20:16:44 - Thread-2] [MspMote.java:229] [WARN] - 45: # Watchdog[EXECUTION]: illegal write to WDTCTL (0) from $103ca - reset!!!!
[20:16:49 - Thread-2] [MspMote.java:229] [WARN] - 27: # Watchdog[EXECUTION]: illegal write to WDTCTL (0) from $103ca - reset!!!!
[20:17:12 - Thread-2] [MspMote.java:229] [WARN] - 51: # Watchdog[EXECUTION]: illegal write to WDTCTL (0) from $103ca - reset!!!!
[20:17:30 - Thread-2] [MspMote.java:229] [WARN] - 47: # Watchdog[EXECUTION]: illegal write to WDTCTL (0) from $103ca - reset!!!!
[20:17:36 - Thread-2] [MspMote.java:229] [WARN] - 18: # Watchdog[EXECUTION]: illegal write to WDTCTL (0) from $103ca - reset!!!!
[20:17:53 - Thread-2] [MspMote.java:229] [WARN] - 17: # Watchdog[EXECUTION]: illegal write to WDTCTL (0) from $103ca - reset!!!!
[20:17:54 - Thread-2] [MspMote.java:229] [WARN] - 37: # Watchdog[EXECUTION]: illegal write to WDTCTL (0) from $103ca - reset!!!!
[20:17:56 - Thread-2] [MspMote.java:229] [WARN] - 5: # Watchdog[EXECUTION]: illegal write to WDTCTL (0) from $103ca - reset!!!!
[20:17:59 - Thread-2] [MspMote.java:229] [WARN] - 20: # Watchdog[EXECUTION]: illegal write to WDTCTL (0) from $103ca - reset!!!!
[20:18:00 - Thread-2] [MspMote.java:229] [WARN] - 26: # Watchdog[EXECUTION]: illegal write to WDTCTL (0) from $103ca - reset!!!!
[20:18:00 - Thread-2] [MspMote.java:229] [WARN] - 2: # Watchdog[EXECUTION]: illegal write to WDTCTL (0) from $103ca - reset!!!!
[20:18:08 - Thread-2] [MspMote.java:229] [WARN] - 9: # Watchdog[EXECUTION]: illegal write to WDTCTL (0) from $103ca - reset!!!!
[20:18:35 - Thread-2] [MspMote.java:229] [WARN] - 24: # Watchdog[EXECUTION]: illegal write to WDTCTL (0) from $103ca - reset!!!!
[20:18:39 - Thread-2] [LogScriptEngine.java:389] [INFO] - Test script at 60.00%, done in 4104.7 sec
[20:18:46 - Thread-2] [MspMote.java:229] [WARN] - 52: # Watchdog[EXECUTION]: illegal write to WDTCTL (0) from $103ca - reset!!!!
[20:19:06 - Thread-2] [MspMote.java:229] [WARN] - 46: # Watchdog[EXECUTION]: illegal write to WDTCTL (0) from $103ca - reset!!!!
[20:19:16 - Thread-2] [MspMote.java:229] [WARN] - 59: # Watchdog[EXECUTION]: illegal write to WDTCTL (0) from $103ca - reset!!!!
[20:19:16 - Thread-2] [MspMote.java:229] [WARN] - 13: # Watchdog[EXECUTION]: illegal write to WDTCTL (0) from $103ca - reset!!!!
[20:19:17 - Thread-2] [MspMote.java:229] [WARN] - 6: # Watchdog[EXECUTION]: illegal write to WDTCTL (0) from $103ca - reset!!!!
[20:19:38 - Thread-2] [MspMote.java:229] [WARN] - 16: # Watchdog[EXECUTION]: illegal write to WDTCTL (0) from $103ca - reset!!!!
[20:19:39 - Thread-2] [MspMote.java:229] [WARN] - 21: # Watchdog[EXECUTION]: illegal write to WDTCTL (0) from $103ca - reset!!!!
[20:19:39 - Thread-2] [MspMote.java:229] [WARN] - 15: # Watchdog[EXECUTION]: illegal write to WDTCTL (0) from $103ca - reset!!!!
[20:19:52 - Thread-2] [MspMote.java:229] [WARN] - 57: # Watchdog[EXECUTION]: illegal write to WDTCTL (0) from $103ca - reset!!!!
[20:20:22 - Thread-2] [MspMote.java:229] [WARN] - 50: # Watchdog[EXECUTION]: illegal write to WDTCTL (0) from $103ca - reset!!!!
[20:20:22 - Thread-2] [MspMote.java:229] [WARN] - 19: # Watchdog[EXECUTION]: illegal write to WDTCTL (0) from $103ca - reset!!!!
[20:20:24 - Thread-2] [MspMote.java:229] [WARN] - 29: # Watchdog[EXECUTION]: illegal write to WDTCTL (0) from $103ca - reset!!!!
[20:20:29 - Thread-2] [MspMote.java:229] [WARN] - 43: # Watchdog[EXECUTION]: illegal write to WDTCTL (0) from $103ca - reset!!!!
[20:20:33 - Thread-2] [MspMote.java:229] [WARN] - 51: # Watchdog[EXECUTION]: illegal write to WDTCTL (0) from $103ca - reset!!!!
[20:20:37 - Thread-2] [MspMote.java:229] [WARN] - 38: # Watchdog[EXECUTION]: illegal write to WDTCTL (0) from $103ca - reset!!!!
[20:20:37 - Thread-2] [MspMote.java:229] [WARN] - 61: # Watchdog[EXECUTION]: illegal write to WDTCTL (0) from $103ca - reset!!!!
[20:20:45 - Thread-2] [MspMote.java:229] [WARN] - 56: # Watchdog[EXECUTION]: illegal write to WDTCTL (0) from $103ca - reset!!!!
[20:20:48 - Thread-2] [MspMote.java:229] [WARN] - 31: # Watchdog[EXECUTION]: illegal write to WDTCTL (0) from $103ca - reset!!!!
[20:20:48 - Thread-2] [MspMote.java:229] [WARN] - 49: # Watchdog[EXECUTION]: illegal write to WDTCTL (0) from $103ca - reset!!!!
[20:20:51 - Thread-2] [MspMote.java:229] [WARN] - 60: # Watchdog[EXECUTION]: illegal write to WDTCTL (0) from $103ca - reset!!!!
[20:22:05 - Thread-2] [MspMote.java:229] [WARN] - 53: # Watchdog[EXECUTION]: illegal write to WDTCTL (0) from $103ca - reset!!!!
[20:22:14 - Thread-2] [MspMote.java:229] [WARN] - 48: # Watchdog[EXECUTION]: illegal write to WDTCTL (0) from $103ca - reset!!!!
[20:22:17 - Thread-2] [MspMote.java:229] [WARN] - 35: # Watchdog[EXECUTION]: illegal write to WDTCTL (0) from $103ca - reset!!!!
[20:22:23 - Thread-2] [MspMote.java:229] [WARN] - 37: # Watchdog[EXECUTION]: illegal write to WDTCTL (0) from $103ca - reset!!!!
[20:22:28 - Thread-2] [MspMote.java:229] [WARN] - 7: # Watchdog[EXECUTION]: illegal write to WDTCTL (0) from $103ca - reset!!!!
[20:22:30 - Thread-2] [MspMote.java:229] [WARN] - 13: # Watchdog[EXECUTION]: illegal write to WDTCTL (0) from $103ca - reset!!!!
[20:22:38 - Thread-2] [MspMote.java:229] [WARN] - 53: # Watchdog[EXECUTION]: illegal write to WDTCTL (0) from $103ca - reset!!!!
[20:22:44 - Thread-2] [MspMote.java:229] [WARN] - 41: # Watchdog[EXECUTION]: illegal write to WDTCTL (0) from $103ca - reset!!!!
[20:22:44 - Thread-2] [MspMote.java:229] [WARN] - 17: # Watchdog[EXECUTION]: illegal write to WDTCTL (0) from $103ca - reset!!!!
[20:23:43 - Thread-2] [MspMote.java:229] [WARN] - 45: # Watchdog[EXECUTION]: illegal write to WDTCTL (0) from $103ca - reset!!!!
[20:23:43 - Thread-2] [MspMote.java:229] [WARN] - 33: # Watchdog[EXECUTION]: illegal write to WDTCTL (0) from $103ca - reset!!!!
[20:23:48 - Thread-2] [MspMote.java:229] [WARN] - 5: # Watchdog[EXECUTION]: illegal write to WDTCTL (0) from $103ca - reset!!!!
[20:23:49 - Thread-2] [MspMote.java:229] [WARN] - 54: # Watchdog[EXECUTION]: illegal write to WDTCTL (0) from $103ca - reset!!!!
[20:23:59 - Thread-2] [MspMote.java:229] [WARN] - 29: # Watchdog[EXECUTION]: illegal write to WDTCTL (0) from $103ca - reset!!!!
[20:24:14 - Thread-2] [MspMote.java:229] [WARN] - 9: # Watchdog[EXECUTION]: illegal write to WDTCTL (0) from $103ca - reset!!!!
[20:24:42 - Thread-2] [MspMote.java:229] [WARN] - 4: # Watchdog[EXECUTION]: illegal write to WDTCTL (0) from $103ca - reset!!!!
[20:24:43 - Thread-2] [MspMote.java:229] [WARN] - 51: # Watchdog[EXECUTION]: illegal write to WDTCTL (0) from $103ca - reset!!!!
[20:25:07 - Thread-2] [LogScriptEngine.java:389] [INFO] - Test script at 65.00%, done in 3524.4 sec
[20:25:40 - Thread-2] [MspMote.java:229] [WARN] - 59: # Watchdog[EXECUTION]: illegal write to WDTCTL (0) from $103ca - reset!!!!
[20:25:41 - Thread-2] [MspMote.java:229] [WARN] - 55: # Watchdog[EXECUTION]: illegal write to WDTCTL (0) from $103ca - reset!!!!
[20:25:44 - Thread-2] [MspMote.java:229] [WARN] - 18: # Watchdog[EXECUTION]: illegal write to WDTCTL (0) from $103ca - reset!!!!
[20:25:50 - Thread-2] [MspMote.java:229] [WARN] - 60: # Watchdog[EXECUTION]: illegal write to WDTCTL (0) from $103ca - reset!!!!
[20:25:51 - Thread-2] [MspMote.java:229] [WARN] - 39: # Watchdog[EXECUTION]: illegal write to WDTCTL (0) from $103ca - reset!!!!
[20:25:51 - Thread-2] [MspMote.java:229] [WARN] - 47: # Watchdog[EXECUTION]: illegal write to WDTCTL (0) from $103ca - reset!!!!
[20:26:33 - Thread-2] [MspMote.java:229] [WARN] - 2: # Watchdog[EXECUTION]: illegal write to WDTCTL (0) from $103ca - reset!!!!
[20:26:51 - Thread-2] [MspMote.java:229] [WARN] - 10: # Watchdog[EXECUTION]: illegal write to WDTCTL (0) from $103ca - reset!!!!
[20:27:07 - Thread-2] [MspMote.java:229] [WARN] - 23: # Watchdog[EXECUTION]: illegal write to WDTCTL (0) from $103ca - reset!!!!
[20:27:15 - Thread-2] [MspMote.java:229] [WARN] - 37: # Watchdog[EXECUTION]: illegal write to WDTCTL (0) from $103ca - reset!!!!
[20:27:20 - Thread-2] [MspMote.java:229] [WARN] - 52: # Watchdog[EXECUTION]: illegal write to WDTCTL (0) from $103ca - reset!!!!
[20:27:30 - Thread-2] [MspMote.java:229] [WARN] - 36: # Watchdog[EXECUTION]: illegal write to WDTCTL (0) from $103ca - reset!!!!
[20:28:11 - Thread-2] [MspMote.java:229] [WARN] - 58: # Watchdog[EXECUTION]: illegal write to WDTCTL (0) from $103ca - reset!!!!
[20:28:11 - Thread-2] [MspMote.java:229] [WARN] - 14: # Watchdog[EXECUTION]: illegal write to WDTCTL (0) from $103ca - reset!!!!
[20:28:14 - Thread-2] [MspMote.java:229] [WARN] - 61: # Watchdog[EXECUTION]: illegal write to WDTCTL (0) from $103ca - reset!!!!
[20:28:21 - Thread-2] [MspMote.java:229] [WARN] - 16: # Watchdog[EXECUTION]: illegal write to WDTCTL (0) from $103ca - reset!!!!
[20:28:24 - Thread-2] [MspMote.java:229] [WARN] - 9: # Watchdog[EXECUTION]: illegal write to WDTCTL (0) from $103ca - reset!!!!
[20:28:25 - Thread-2] [MspMote.java:229] [WARN] - 20: # Watchdog[EXECUTION]: illegal write to WDTCTL (0) from $103ca - reset!!!!
[20:28:27 - Thread-2] [MspMote.java:229] [WARN] - 51: # Watchdog[EXECUTION]: illegal write to WDTCTL (0) from $103ca - reset!!!!
[20:28:54 - Thread-2] [MspMote.java:229] [WARN] - 13: # Watchdog[EXECUTION]: illegal write to WDTCTL (0) from $103ca - reset!!!!
[20:29:02 - Thread-2] [MspMote.java:229] [WARN] - 12: # Watchdog[EXECUTION]: illegal write to WDTCTL (0) from $103ca - reset!!!!
[20:29:07 - Thread-2] [MspMote.java:229] [WARN] - 6: # Watchdog[EXECUTION]: illegal write to WDTCTL (0) from $103ca - reset!!!!
[20:29:07 - Thread-2] [MspMote.java:229] [WARN] - 53: # Watchdog[EXECUTION]: illegal write to WDTCTL (0) from $103ca - reset!!!!
[20:29:10 - Thread-2] [MspMote.java:229] [WARN] - 39: # Watchdog[EXECUTION]: illegal write to WDTCTL (0) from $103ca - reset!!!!
[20:29:44 - Thread-2] [MspMote.java:229] [WARN] - 56: # Watchdog[EXECUTION]: illegal write to WDTCTL (0) from $103ca - reset!!!!
[20:30:18 - Thread-2] [MspMote.java:229] [WARN] - 38: # Watchdog[EXECUTION]: illegal write to WDTCTL (0) from $103ca - reset!!!!
[20:30:24 - Thread-2] [MspMote.java:229] [WARN] - 49: # Watchdog[EXECUTION]: illegal write to WDTCTL (0) from $103ca - reset!!!!
[20:30:28 - Thread-2] [MspMote.java:229] [WARN] - 31: # Watchdog[EXECUTION]: illegal write to WDTCTL (0) from $103ca - reset!!!!
[20:30:41 - Thread-2] [MspMote.java:229] [WARN] - 5: # Watchdog[EXECUTION]: illegal write to WDTCTL (0) from $103ca - reset!!!!
[20:30:44 - Thread-2] [MspMote.java:229] [WARN] - 2: # Watchdog[EXECUTION]: illegal write to WDTCTL (0) from $103ca - reset!!!!
[20:30:51 - Thread-2] [MspMote.java:229] [WARN] - 34: # Watchdog[EXECUTION]: illegal write to WDTCTL (0) from $103ca - reset!!!!
[20:30:53 - Thread-2] [MspMote.java:229] [WARN] - 58: # Watchdog[EXECUTION]: illegal write to WDTCTL (0) from $103ca - reset!!!!
[20:31:04 - Thread-2] [MspMote.java:229] [WARN] - 48: # Watchdog[EXECUTION]: illegal write to WDTCTL (0) from $103ca - reset!!!!
[20:31:11 - Thread-2] [MspMote.java:229] [WARN] - 40: # Watchdog[EXECUTION]: illegal write to WDTCTL (0) from $103ca - reset!!!!
[20:31:12 - Thread-2] [MspMote.java:229] [WARN] - 21: # Watchdog[EXECUTION]: illegal write to WDTCTL (0) from $103ca - reset!!!!
[20:31:12 - Thread-2] [MspMote.java:229] [WARN] - 13: # Watchdog[EXECUTION]: illegal write to WDTCTL (0) from $103ca - reset!!!!
[20:31:15 - Thread-2] [MspMote.java:229] [WARN] - 25: # Watchdog[EXECUTION]: illegal write to WDTCTL (0) from $103ca - reset!!!!
[20:31:16 - Thread-2] [MspMote.java:229] [WARN] - 15: # Watchdog[EXECUTION]: illegal write to WDTCTL (0) from $103ca - reset!!!!
[20:31:18 - Thread-2] [MspMote.java:229] [WARN] - 1: # Watchdog[EXECUTION]: illegal write to WDTCTL (0) from $103ca - reset!!!!
[20:31:20 - Thread-2] [MspMote.java:229] [WARN] - 60: # Watchdog[EXECUTION]: illegal write to WDTCTL (0) from $103ca - reset!!!!
[20:31:40 - Thread-2] [MspMote.java:229] [WARN] - 44: # Watchdog[EXECUTION]: illegal write to WDTCTL (0) from $103ca - reset!!!!
[20:31:43 - Thread-2] [MspMote.java:229] [WARN] - 33: # Watchdog[EXECUTION]: illegal write to WDTCTL (0) from $103ca - reset!!!!
[20:31:56 - Thread-2] [MspMote.java:229] [WARN] - 4: # Watchdog[EXECUTION]: illegal write to WDTCTL (0) from $103ca - reset!!!!
[20:31:57 - Thread-2] [LogScriptEngine.java:389] [INFO] - Test script at 70.00%, done in 2981.0 sec
[20:32:07 - Thread-2] [MspMote.java:229] [WARN] - 26: # Watchdog[EXECUTION]: illegal write to WDTCTL (0) from $103ca - reset!!!!
[20:32:11 - Thread-2] [MspMote.java:229] [WARN] - 8: # Watchdog[EXECUTION]: illegal write to WDTCTL (0) from $103ca - reset!!!!
[20:32:14 - Thread-2] [MspMote.java:229] [WARN] - 36: # Watchdog[EXECUTION]: illegal write to WDTCTL (0) from $103ca - reset!!!!
[20:32:14 - Thread-2] [MspMote.java:229] [WARN] - 3: # Watchdog[EXECUTION]: illegal write to WDTCTL (0) from $103ca - reset!!!!
[20:32:26 - Thread-2] [MspMote.java:229] [WARN] - 28: # Watchdog[EXECUTION]: illegal write to WDTCTL (0) from $103ca - reset!!!!
[20:32:30 - Thread-2] [MspMote.java:229] [WARN] - 43: # Watchdog[EXECUTION]: illegal write to WDTCTL (0) from $103ca - reset!!!!
[20:32:32 - Thread-2] [MspMote.java:229] [WARN] - 47: # Watchdog[EXECUTION]: illegal write to WDTCTL (0) from $103ca - reset!!!!
[20:32:33 - Thread-2] [MspMote.java:229] [WARN] - 16: # Watchdog[EXECUTION]: illegal write to WDTCTL (0) from $103ca - reset!!!!
[20:33:06 - Thread-2] [MspMote.java:229] [WARN] - 54: # Watchdog[EXECUTION]: illegal write to WDTCTL (0) from $103ca - reset!!!!
[20:34:00 - Thread-2] [MspMote.java:229] [WARN] - 17: # Watchdog[EXECUTION]: illegal write to WDTCTL (0) from $103ca - reset!!!!
[20:34:09 - Thread-2] [MspMote.java:229] [WARN] - 7: # Watchdog[EXECUTION]: illegal write to WDTCTL (0) from $103ca - reset!!!!
[20:34:37 - Thread-2] [MspMote.java:229] [WARN] - 18: # Watchdog[EXECUTION]: illegal write to WDTCTL (0) from $103ca - reset!!!!
[20:34:40 - Thread-2] [MspMote.java:229] [WARN] - 4: # Watchdog[EXECUTION]: illegal write to WDTCTL (0) from $103ca - reset!!!!
[20:35:34 - Thread-2] [MspMote.java:229] [WARN] - 53: # Watchdog[EXECUTION]: illegal write to WDTCTL (0) from $103ca - reset!!!!
[20:35:58 - Thread-2] [MspMote.java:229] [WARN] - 49: # Watchdog[EXECUTION]: illegal write to WDTCTL (0) from $103ca - reset!!!!
[20:37:23 - Thread-2] [MspMote.java:229] [WARN] - 1: # Watchdog[EXECUTION]: illegal write to WDTCTL (0) from $103ca - reset!!!!
[20:37:49 - Thread-2] [MspMote.java:229] [WARN] - 31: # Watchdog[EXECUTION]: illegal write to WDTCTL (0) from $103ca - reset!!!!
[20:37:49 - Thread-2] [MspMote.java:229] [WARN] - 26: # Watchdog[EXECUTION]: illegal write to WDTCTL (0) from $103ca - reset!!!!
[20:38:00 - Thread-2] [MspMote.java:229] [WARN] - 8: # Watchdog[EXECUTION]: illegal write to WDTCTL (0) from $103ca - reset!!!!
[20:38:00 - Thread-2] [MspMote.java:229] [WARN] - 38: # Watchdog[EXECUTION]: illegal write to WDTCTL (0) from $103ca - reset!!!!
[20:38:01 - Thread-2] [MspMote.java:229] [WARN] - 48: # Watchdog[EXECUTION]: illegal write to WDTCTL (0) from $103ca - reset!!!!
[20:38:15 - Thread-2] [MspMote.java:229] [WARN] - 14: # Watchdog[EXECUTION]: illegal write to WDTCTL (0) from $103ca - reset!!!!
[20:38:17 - Thread-2] [MspMote.java:229] [WARN] - 20: # Watchdog[EXECUTION]: illegal write to WDTCTL (0) from $103ca - reset!!!!
[20:38:20 - Thread-2] [LogScriptEngine.java:389] [INFO] - Test script at 75.00%, done in 2446.1 sec
[20:38:21 - Thread-2] [MspMote.java:229] [WARN] - 30: # Watchdog[EXECUTION]: illegal write to WDTCTL (0) from $103ca - reset!!!!
[20:38:35 - Thread-2] [MspMote.java:229] [WARN] - 6: # Watchdog[EXECUTION]: illegal write to WDTCTL (0) from $103ca - reset!!!!
[20:38:55 - Thread-2] [MspMote.java:229] [WARN] - 13: # Watchdog[EXECUTION]: illegal write to WDTCTL (0) from $103ca - reset!!!!
[20:39:12 - Thread-2] [MspMote.java:229] [WARN] - 15: # Watchdog[EXECUTION]: illegal write to WDTCTL (0) from $103ca - reset!!!!
[20:39:18 - Thread-2] [MspMote.java:229] [WARN] - 21: # Watchdog[EXECUTION]: illegal write to WDTCTL (0) from $103ca - reset!!!!
[20:39:18 - Thread-2] [MspMote.java:229] [WARN] - 58: # Watchdog[EXECUTION]: illegal write to WDTCTL (0) from $103ca - reset!!!!
[20:39:45 - Thread-2] [MspMote.java:229] [WARN] - 28: # Watchdog[EXECUTION]: illegal write to WDTCTL (0) from $103ca - reset!!!!
[20:40:02 - Thread-2] [MspMote.java:229] [WARN] - 39: # Watchdog[EXECUTION]: illegal write to WDTCTL (0) from $103ca - reset!!!!
[20:40:17 - Thread-2] [MspMote.java:229] [WARN] - 10: # Watchdog[EXECUTION]: illegal write to WDTCTL (0) from $103ca - reset!!!!
[20:40:41 - Thread-2] [MspMote.java:229] [WARN] - 1: # Watchdog[EXECUTION]: illegal write to WDTCTL (0) from $103ca - reset!!!!
[20:40:42 - Thread-2] [MspMote.java:229] [WARN] - 42: # Watchdog[EXECUTION]: illegal write to WDTCTL (0) from $103ca - reset!!!!
[20:40:45 - Thread-2] [MspMote.java:229] [WARN] - 49: # Watchdog[EXECUTION]: illegal write to WDTCTL (0) from $103ca - reset!!!!
[20:41:10 - Thread-2] [MspMote.java:229] [WARN] - 34: # Watchdog[EXECUTION]: illegal write to WDTCTL (0) from $103ca - reset!!!!
[20:41:40 - Thread-2] [MspMote.java:229] [WARN] - 11: # Watchdog[EXECUTION]: illegal write to WDTCTL (0) from $103ca - reset!!!!
[20:41:48 - Thread-2] [MspMote.java:229] [WARN] - 5: # Watchdog[EXECUTION]: illegal write to WDTCTL (0) from $103ca - reset!!!!
[20:43:16 - Thread-2] [MspMote.java:229] [WARN] - 60: # Watchdog[EXECUTION]: illegal write to WDTCTL (0) from $103ca - reset!!!!
[20:43:23 - Thread-2] [MspMote.java:229] [WARN] - 20: # Watchdog[EXECUTION]: illegal write to WDTCTL (0) from $103ca - reset!!!!
[20:43:23 - Thread-2] [MspMote.java:229] [WARN] - 3: # Watchdog[EXECUTION]: illegal write to WDTCTL (0) from $103ca - reset!!!!
[20:43:30 - Thread-2] [MspMote.java:229] [WARN] - 34: # Watchdog[EXECUTION]: illegal write to WDTCTL (0) from $103ca - reset!!!!
[20:44:13 - Thread-2] [MspMote.java:229] [WARN] - 9: # Watchdog[EXECUTION]: illegal write to WDTCTL (0) from $103ca - reset!!!!
[20:44:57 - Thread-2] [MspMote.java:229] [WARN] - 53: # Watchdog[EXECUTION]: illegal write to WDTCTL (0) from $103ca - reset!!!!
[20:45:03 - Thread-2] [MspMote.java:229] [WARN] - 12: # Watchdog[EXECUTION]: illegal write to WDTCTL (0) from $103ca - reset!!!!
[20:45:04 - Thread-2] [MspMote.java:229] [WARN] - 56: # Watchdog[EXECUTION]: illegal write to WDTCTL (0) from $103ca - reset!!!!
[20:45:20 - Thread-2] [MspMote.java:229] [WARN] - 47: # Watchdog[EXECUTION]: illegal write to WDTCTL (0) from $103ca - reset!!!!
[20:45:27 - Thread-2] [MspMote.java:229] [WARN] - 10: # Watchdog[EXECUTION]: illegal write to WDTCTL (0) from $103ca - reset!!!!
[20:45:28 - Thread-2] [MspMote.java:229] [WARN] - 25: # Watchdog[EXECUTION]: illegal write to WDTCTL (0) from $103ca - reset!!!!
[20:45:28 - Thread-2] [LogScriptEngine.java:389] [INFO] - Test script at 80.00%, done in 1941.6 sec
[20:45:42 - Thread-2] [MspMote.java:229] [WARN] - 13: # Watchdog[EXECUTION]: illegal write to WDTCTL (0) from $103ca - reset!!!!
[20:45:52 - Thread-2] [MspMote.java:229] [WARN] - 5: # Watchdog[EXECUTION]: illegal write to WDTCTL (0) from $103ca - reset!!!!
[20:46:09 - Thread-2] [MspMote.java:229] [WARN] - 17: # Watchdog[EXECUTION]: illegal write to WDTCTL (0) from $103ca - reset!!!!
[20:46:31 - Thread-2] [MspMote.java:229] [WARN] - 26: # Watchdog[EXECUTION]: illegal write to WDTCTL (0) from $103ca - reset!!!!
[20:46:40 - Thread-2] [MspMote.java:229] [WARN] - 16: # Watchdog[EXECUTION]: illegal write to WDTCTL (0) from $103ca - reset!!!!
[20:46:52 - Thread-2] [MspMote.java:229] [WARN] - 7: # Watchdog[EXECUTION]: illegal write to WDTCTL (0) from $103ca - reset!!!!
[20:47:14 - Thread-2] [MspMote.java:229] [WARN] - 40: # Watchdog[EXECUTION]: illegal write to WDTCTL (0) from $103ca - reset!!!!
[20:47:19 - Thread-2] [MspMote.java:229] [WARN] - 58: # Watchdog[EXECUTION]: illegal write to WDTCTL (0) from $103ca - reset!!!!
[20:47:24 - Thread-2] [MspMote.java:229] [WARN] - 33: # Watchdog[EXECUTION]: illegal write to WDTCTL (0) from $103ca - reset!!!!
[20:47:28 - Thread-2] [MspMote.java:229] [WARN] - 54: # Watchdog[EXECUTION]: illegal write to WDTCTL (0) from $103ca - reset!!!!
[20:47:32 - Thread-2] [MspMote.java:229] [WARN] - 37: # Watchdog[EXECUTION]: illegal write to WDTCTL (0) from $103ca - reset!!!!
[20:48:05 - Thread-2] [MspMote.java:229] [WARN] - 12: # Watchdog[EXECUTION]: illegal write to WDTCTL (0) from $103ca - reset!!!!
[20:48:05 - Thread-2] [MspMote.java:229] [WARN] - 48: # Watchdog[EXECUTION]: illegal write to WDTCTL (0) from $103ca - reset!!!!
[20:48:24 - Thread-2] [MspMote.java:229] [WARN] - 44: # Watchdog[EXECUTION]: illegal write to WDTCTL (0) from $103ca - reset!!!!
[20:48:25 - Thread-2] [MspMote.java:229] [WARN] - 61: # Watchdog[EXECUTION]: illegal write to WDTCTL (0) from $103ca - reset!!!!
[20:48:54 - Thread-2] [MspMote.java:229] [WARN] - 4: # Watchdog[EXECUTION]: illegal write to WDTCTL (0) from $103ca - reset!!!!
[20:49:00 - Thread-2] [MspMote.java:229] [WARN] - 34: # Watchdog[EXECUTION]: illegal write to WDTCTL (0) from $103ca - reset!!!!
[20:49:09 - Thread-2] [MspMote.java:229] [WARN] - 47: # Watchdog[EXECUTION]: illegal write to WDTCTL (0) from $103ca - reset!!!!
[20:49:38 - Thread-2] [MspMote.java:229] [WARN] - 10: # Watchdog[EXECUTION]: illegal write to WDTCTL (0) from $103ca - reset!!!!
[20:49:55 - Thread-2] [MspMote.java:229] [WARN] - 31: # Watchdog[EXECUTION]: illegal write to WDTCTL (0) from $103ca - reset!!!!
[20:49:58 - Thread-2] [MspMote.java:229] [WARN] - 8: # Watchdog[EXECUTION]: illegal write to WDTCTL (0) from $103ca - reset!!!!
[20:50:04 - Thread-2] [MspMote.java:229] [WARN] - 28: # Watchdog[EXECUTION]: illegal write to WDTCTL (0) from $103ca - reset!!!!
[20:50:14 - Thread-2] [MspMote.java:229] [WARN] - 13: # Watchdog[EXECUTION]: illegal write to WDTCTL (0) from $103ca - reset!!!!
[20:50:19 - Thread-2] [MspMote.java:229] [WARN] - 38: # Watchdog[EXECUTION]: illegal write to WDTCTL (0) from $103ca - reset!!!!
[20:50:30 - Thread-2] [MspMote.java:229] [WARN] - 14: # Watchdog[EXECUTION]: illegal write to WDTCTL (0) from $103ca - reset!!!!
[20:50:38 - Thread-2] [MspMote.java:229] [WARN] - 35: # Watchdog[EXECUTION]: illegal write to WDTCTL (0) from $103ca - reset!!!!
[20:50:48 - Thread-2] [MspMote.java:229] [WARN] - 60: # Watchdog[EXECUTION]: illegal write to WDTCTL (0) from $103ca - reset!!!!
[20:50:55 - Thread-2] [MspMote.java:229] [WARN] - 27: # Watchdog[EXECUTION]: illegal write to WDTCTL (0) from $103ca - reset!!!!
[20:51:07 - Thread-2] [MspMote.java:229] [WARN] - 53: # Watchdog[EXECUTION]: illegal write to WDTCTL (0) from $103ca - reset!!!!
[20:51:17 - Thread-2] [MspMote.java:229] [WARN] - 5: # Watchdog[EXECUTION]: illegal write to WDTCTL (0) from $103ca - reset!!!!
[20:51:20 - Thread-2] [MspMote.java:229] [WARN] - 30: # Watchdog[EXECUTION]: illegal write to WDTCTL (0) from $103ca - reset!!!!
[20:51:20 - Thread-2] [MspMote.java:229] [WARN] - 49: # Watchdog[EXECUTION]: illegal write to WDTCTL (0) from $103ca - reset!!!!
[20:51:33 - Thread-2] [MspMote.java:229] [WARN] - 42: # Watchdog[EXECUTION]: illegal write to WDTCTL (0) from $103ca - reset!!!!
[20:51:42 - Thread-2] [MspMote.java:229] [WARN] - 33: # Watchdog[EXECUTION]: illegal write to WDTCTL (0) from $103ca - reset!!!!
[20:51:42 - Thread-2] [MspMote.java:229] [WARN] - 6: # Watchdog[EXECUTION]: illegal write to WDTCTL (0) from $103ca - reset!!!!
[20:51:48 - Thread-2] [MspMote.java:229] [WARN] - 12: # Watchdog[EXECUTION]: illegal write to WDTCTL (0) from $103ca - reset!!!!
[20:51:59 - Thread-2] [LogScriptEngine.java:389] [INFO] - Test script at 85.00%, done in 1439.6 sec
[20:52:46 - Thread-2] [MspMote.java:229] [WARN] - 40: # Watchdog[EXECUTION]: illegal write to WDTCTL (0) from $103ca - reset!!!!
[20:52:52 - Thread-2] [MspMote.java:229] [WARN] - 1: # Watchdog[EXECUTION]: illegal write to WDTCTL (0) from $103ca - reset!!!!
[20:53:34 - Thread-2] [MspMote.java:229] [WARN] - 21: # Watchdog[EXECUTION]: illegal write to WDTCTL (0) from $103ca - reset!!!!
[20:53:36 - Thread-2] [MspMote.java:229] [WARN] - 26: # Watchdog[EXECUTION]: illegal write to WDTCTL (0) from $103ca - reset!!!!
[20:53:40 - Thread-2] [MspMote.java:229] [WARN] - 43: # Watchdog[EXECUTION]: illegal write to WDTCTL (0) from $103ca - reset!!!!
[20:53:45 - Thread-2] [MspMote.java:229] [WARN] - 45: # Watchdog[EXECUTION]: illegal write to WDTCTL (0) from $103ca - reset!!!!
[20:54:40 - Thread-2] [MspMote.java:229] [WARN] - 11: # Watchdog[EXECUTION]: illegal write to WDTCTL (0) from $103ca - reset!!!!
[20:54:58 - Thread-2] [MspMote.java:229] [WARN] - 29: # Watchdog[EXECUTION]: illegal write to WDTCTL (0) from $103ca - reset!!!!
[20:55:01 - Thread-2] [MspMote.java:229] [WARN] - 20: # Watchdog[EXECUTION]: illegal write to WDTCTL (0) from $103ca - reset!!!!
[20:55:06 - Thread-2] [MspMote.java:229] [WARN] - 9: # Watchdog[EXECUTION]: illegal write to WDTCTL (0) from $103ca - reset!!!!
[20:55:09 - Thread-2] [MspMote.java:229] [WARN] - 25: # Watchdog[EXECUTION]: illegal write to WDTCTL (0) from $103ca - reset!!!!
[20:55:09 - Thread-2] [MspMote.java:229] [WARN] - 15: # Watchdog[EXECUTION]: illegal write to WDTCTL (0) from $103ca - reset!!!!
[20:55:11 - Thread-2] [MspMote.java:229] [WARN] - 18: # Watchdog[EXECUTION]: illegal write to WDTCTL (0) from $103ca - reset!!!!
[20:55:17 - Thread-2] [MspMote.java:229] [WARN] - 58: # Watchdog[EXECUTION]: illegal write to WDTCTL (0) from $103ca - reset!!!!
[20:55:19 - Thread-2] [MspMote.java:229] [WARN] - 39: # Watchdog[EXECUTION]: illegal write to WDTCTL (0) from $103ca - reset!!!!
[20:56:29 - Thread-2] [MspMote.java:229] [WARN] - 51: # Watchdog[EXECUTION]: illegal write to WDTCTL (0) from $103ca - reset!!!!
[20:57:05 - Thread-2] [MspMote.java:229] [WARN] - 10: # Watchdog[EXECUTION]: illegal write to WDTCTL (0) from $103ca - reset!!!!
[20:57:14 - Thread-2] [MspMote.java:229] [WARN] - 41: # Watchdog[EXECUTION]: illegal write to WDTCTL (0) from $103ca - reset!!!!
[20:57:21 - Thread-2] [MspMote.java:229] [WARN] - 37: # Watchdog[EXECUTION]: illegal write to WDTCTL (0) from $103ca - reset!!!!
[20:58:02 - Thread-2] [MspMote.java:229] [WARN] - 28: # Watchdog[EXECUTION]: illegal write to WDTCTL (0) from $103ca - reset!!!!
[20:58:09 - Thread-2] [MspMote.java:229] [WARN] - 29: # Watchdog[EXECUTION]: illegal write to WDTCTL (0) from $103ca - reset!!!!
[20:58:16 - Thread-2] [MspMote.java:229] [WARN] - 9: # Watchdog[EXECUTION]: illegal write to WDTCTL (0) from $103ca - reset!!!!
[20:58:35 - Thread-2] [MspMote.java:229] [WARN] - 3: # Watchdog[EXECUTION]: illegal write to WDTCTL (0) from $103ca - reset!!!!
[20:58:36 - Thread-2] [MspMote.java:229] [WARN] - 11: # Watchdog[EXECUTION]: illegal write to WDTCTL (0) from $103ca - reset!!!!
[20:58:36 - Thread-2] [MspMote.java:229] [WARN] - 44: # Watchdog[EXECUTION]: illegal write to WDTCTL (0) from $103ca - reset!!!!
[20:58:37 - Thread-2] [MspMote.java:229] [WARN] - 43: # Watchdog[EXECUTION]: illegal write to WDTCTL (0) from $103ca - reset!!!!
[20:58:41 - Thread-2] [MspMote.java:229] [WARN] - 34: # Watchdog[EXECUTION]: illegal write to WDTCTL (0) from $103ca - reset!!!!
[20:59:04 - Thread-2] [LogScriptEngine.java:389] [INFO] - Test script at 90.00%, done in 953.6 sec
[20:59:47 - Thread-2] [MspMote.java:229] [WARN] - 25: # Watchdog[EXECUTION]: illegal write to WDTCTL (0) from $103ca - reset!!!!
[21:01:36 - Thread-2] [MspMote.java:229] [WARN] - 15: # Watchdog[EXECUTION]: illegal write to WDTCTL (0) from $103ca - reset!!!!
[21:02:09 - Thread-2] [MspMote.java:229] [WARN] - 22: # Watchdog[EXECUTION]: illegal write to WDTCTL (0) from $103ca - reset!!!!
[21:02:16 - Thread-2] [MspMote.java:229] [WARN] - 5: # Watchdog[EXECUTION]: illegal write to WDTCTL (0) from $103ca - reset!!!!
[21:02:16 - Thread-2] [MspMote.java:229] [WARN] - 46: # Watchdog[EXECUTION]: illegal write to WDTCTL (0) from $103ca - reset!!!!
[21:03:17 - Thread-2] [MspMote.java:229] [WARN] - 23: # Watchdog[EXECUTION]: illegal write to WDTCTL (0) from $103ca - reset!!!!
[21:03:51 - Thread-2] [MspMote.java:229] [WARN] - 30: # Watchdog[EXECUTION]: illegal write to WDTCTL (0) from $103ca - reset!!!!
[21:04:40 - Thread-2] [MspMote.java:229] [WARN] - 36: # Watchdog[EXECUTION]: illegal write to WDTCTL (0) from $103ca - reset!!!!
[21:05:19 - Thread-2] [MspMote.java:229] [WARN] - 22: # Watchdog[EXECUTION]: illegal write to WDTCTL (0) from $103ca - reset!!!!
[21:06:06 - Thread-2] [MspMote.java:229] [WARN] - 21: # Watchdog[EXECUTION]: illegal write to WDTCTL (0) from $103ca - reset!!!!
[21:06:08 - Thread-2] [MspMote.java:229] [WARN] - 58: # Watchdog[EXECUTION]: illegal write to WDTCTL (0) from $103ca - reset!!!!
[21:06:09 - Thread-2] [MspMote.java:229] [WARN] - 26: # Watchdog[EXECUTION]: illegal write to WDTCTL (0) from $103ca - reset!!!!
[21:06:39 - Thread-2] [LogScriptEngine.java:389] [INFO] - Test script at 95.00%, done in 475.7 sec
[21:06:55 - Thread-2] [MspMote.java:229] [WARN] - 19: # Watchdog[EXECUTION]: illegal write to WDTCTL (0) from $103ca - reset!!!!
[21:06:55 - Thread-2] [MspMote.java:229] [WARN] - 50: # Watchdog[EXECUTION]: illegal write to WDTCTL (0) from $103ca - reset!!!!
[21:06:55 - Thread-2] [MspMote.java:229] [WARN] - 18: # Watchdog[EXECUTION]: illegal write to WDTCTL (0) from $103ca - reset!!!!
[21:06:56 - Thread-2] [MspMote.java:229] [WARN] - 52: # Watchdog[EXECUTION]: illegal write to WDTCTL (0) from $103ca - reset!!!!
[21:07:01 - Thread-2] [MspMote.java:229] [WARN] - 17: # Watchdog[EXECUTION]: illegal write to WDTCTL (0) from $103ca - reset!!!!
[21:07:11 - Thread-2] [MspMote.java:229] [WARN] - 13: # Watchdog[EXECUTION]: illegal write to WDTCTL (0) from $103ca - reset!!!!
[21:07:23 - Thread-2] [MspMote.java:229] [WARN] - 41: # Watchdog[EXECUTION]: illegal write to WDTCTL (0) from $103ca - reset!!!!
[21:07:24 - Thread-2] [MspMote.java:229] [WARN] - 51: # Watchdog[EXECUTION]: illegal write to WDTCTL (0) from $103ca - reset!!!!
[21:07:24 - Thread-2] [MspMote.java:229] [WARN] - 54: # Watchdog[EXECUTION]: illegal write to WDTCTL (0) from $103ca - reset!!!!
[21:07:25 - Thread-2] [MspMote.java:229] [WARN] - 40: # Watchdog[EXECUTION]: illegal write to WDTCTL (0) from $103ca - reset!!!!
[21:07:37 - Thread-2] [MspMote.java:229] [WARN] - 25: # Watchdog[EXECUTION]: illegal write to WDTCTL (0) from $103ca - reset!!!!
[21:07:46 - Thread-2] [MspMote.java:229] [WARN] - 29: # Watchdog[EXECUTION]: illegal write to WDTCTL (0) from $103ca - reset!!!!
[21:07:48 - Thread-2] [MspMote.java:229] [WARN] - 53: # Watchdog[EXECUTION]: illegal write to WDTCTL (0) from $103ca - reset!!!!
[21:08:29 - Thread-2] [MspMote.java:229] [WARN] - 60: # Watchdog[EXECUTION]: illegal write to WDTCTL (0) from $103ca - reset!!!!
[21:08:37 - Thread-2] [MspMote.java:229] [WARN] - 33: # Watchdog[EXECUTION]: illegal write to WDTCTL (0) from $103ca - reset!!!!
[21:08:51 - Thread-2] [MspMote.java:229] [WARN] - 45: # Watchdog[EXECUTION]: illegal write to WDTCTL (0) from $103ca - reset!!!!
[21:09:27 - Thread-2] [MspMote.java:229] [WARN] - 20: # Watchdog[EXECUTION]: illegal write to WDTCTL (0) from $103ca - reset!!!!
[21:09:44 - Thread-2] [MspMote.java:229] [WARN] - 5: # Watchdog[EXECUTION]: illegal write to WDTCTL (0) from $103ca - reset!!!!
[21:09:46 - Thread-2] [MspMote.java:229] [WARN] - 9: # Watchdog[EXECUTION]: illegal write to WDTCTL (0) from $103ca - reset!!!!
[21:09:58 - Thread-2] [MspMote.java:229] [WARN] - 42: # Watchdog[EXECUTION]: illegal write to WDTCTL (0) from $103ca - reset!!!!
[21:10:01 - Thread-2] [MspMote.java:229] [WARN] - 44: # Watchdog[EXECUTION]: illegal write to WDTCTL (0) from $103ca - reset!!!!
[21:10:03 - Thread-2] [MspMote.java:229] [WARN] - 34: # Watchdog[EXECUTION]: illegal write to WDTCTL (0) from $103ca - reset!!!!
[21:10:13 - Thread-2] [MspMote.java:229] [WARN] - 24: # Watchdog[EXECUTION]: illegal write to WDTCTL (0) from $103ca - reset!!!!
[21:10:14 - Thread-2] [MspMote.java:229] [WARN] - 4: # Watchdog[EXECUTION]: illegal write to WDTCTL (0) from $103ca - reset!!!!
[21:10:19 - Thread-2] [MspMote.java:229] [WARN] - 57: # Watchdog[EXECUTION]: illegal write to WDTCTL (0) from $103ca - reset!!!!
[21:10:22 - Thread-2] [MspMote.java:229] [WARN] - 28: # Watchdog[EXECUTION]: illegal write to WDTCTL (0) from $103ca - reset!!!!
[21:10:38 - Thread-2] [MspMote.java:229] [WARN] - 38: # Watchdog[EXECUTION]: illegal write to WDTCTL (0) from $103ca - reset!!!!
[21:10:49 - Thread-2] [MspMote.java:229] [WARN] - 23: # Watchdog[EXECUTION]: illegal write to WDTCTL (0) from $103ca - reset!!!!
[21:11:04 - Thread-2] [MspMote.java:229] [WARN] - 30: # Watchdog[EXECUTION]: illegal write to WDTCTL (0) from $103ca - reset!!!!
[21:11:50 - Thread-2] [MspMote.java:229] [WARN] - 27: # Watchdog[EXECUTION]: illegal write to WDTCTL (0) from $103ca - reset!!!!
[21:12:02 - Thread-2] [MspMote.java:229] [WARN] - 31: # Watchdog[EXECUTION]: illegal write to WDTCTL (0) from $103ca - reset!!!!
[21:12:42 - Thread-2] [MspMote.java:229] [WARN] - 46: # Watchdog[EXECUTION]: illegal write to WDTCTL (0) from $103ca - reset!!!!
[21:13:55 - Thread-2] [MspMote.java:229] [WARN] - 49: # Watchdog[EXECUTION]: illegal write to WDTCTL (0) from $103ca - reset!!!!
[21:14:00 - Thread-2] [LogScriptEngine.java:375] [INFO] - Timeout event @ 3800000000
[21:14:00 - Thread-1] [LogScriptEngine.java:309] [INFO] - Test script finished
[21:14:00 - Thread-2] [Simulation.java:312] [INFO] - Simulation main loop stopped, system time: 1790446440385	Duration: 9478083 ms	Simulated time 3800000 ms	Ratio 0.4009249549724348
[21:14:00 - AWT-EventQueue-1] [ScriptRunner.java:438] [INFO] - Test script deactivated
