[16:24:09 - main] [Cooja.java:3173] [WARN] - JAVA_HOME environment variable not set, Cooja motes may not compile
[16:24:09 - main] [Cooja.java:1316] [INFO] - > Starting Cooja
[16:24:09 - main] [Cooja.java:2857] [INFO] - External tools default settings: /external_tools_linux_64.config
[16:24:09 - main] [Cooja.java:2887] [INFO] - External tools user settings: /home/dr_hakan_aydin/.cooja.user.properties
[16:24:09 - main] [Cooja.java:1941] [FATAL] - No plugin class: class org.contikios.cooja.plugins.CollectViewFull: org/jfree/data/time/RegularTimePeriod
[16:24:09 - main] [Cooja.java:3626] [WARN] - Loaded simulation may depend on not found  extension: '/home/dr_hakan_aydin/6tisch/6tisch-ng-sra-v17/6tisch-ng-sra/tools/cooja/apps/mobility'
[16:24:09 - main] [Simulation.java:422] [INFO] - Simulation random seed: 426968
[16:24:09 - main] [CompileContiki.java:140] [INFO] - > make border-router-server.exp5438 TARGET=exp5438 
[16:24:10 - main] [CompileContiki.java:140] [INFO] - > make border-router-client.exp5438 TARGET=exp5438 
[16:24:10 - main] [MspMote.java:235] [INFO] - Loading firmware from: /home/dr_hakan_aydin/6tisch/6tisch-ng-sra-v17/6tisch-ng-sra/examples/tsch/rpl-udp/border-router-client/border-router-client.exp5438
[16:24:10 - main] [MspMote.java:235] [INFO] - Loading firmware from: /home/dr_hakan_aydin/6tisch/6tisch-ng-sra-v17/6tisch-ng-sra/examples/tsch/rpl-udp/border-router-client/border-router-client.exp5438
[16:24:11 - main] [MspMote.java:235] [INFO] - Loading firmware from: /home/dr_hakan_aydin/6tisch/6tisch-ng-sra-v17/6tisch-ng-sra/examples/tsch/rpl-udp/border-router-client/border-router-client.exp5438
[16:24:11 - main] [MspMote.java:235] [INFO] - Loading firmware from: /home/dr_hakan_aydin/6tisch/6tisch-ng-sra-v17/6tisch-ng-sra/examples/tsch/rpl-udp/border-router-client/border-router-client.exp5438
[16:24:11 - main] [MspMote.java:235] [INFO] - Loading firmware from: /home/dr_hakan_aydin/6tisch/6tisch-ng-sra-v17/6tisch-ng-sra/examples/tsch/rpl-udp/border-router-client/border-router-client.exp5438
[16:24:11 - main] [MspMote.java:235] [INFO] - Loading firmware from: /home/dr_hakan_aydin/6tisch/6tisch-ng-sra-v17/6tisch-ng-sra/examples/tsch/rpl-udp/border-router-server/border-router-server.exp5438
[16:24:11 - main] [MspMote.java:235] [INFO] - Loading firmware from: /home/dr_hakan_aydin/6tisch/6tisch-ng-sra-v17/6tisch-ng-sra/examples/tsch/rpl-udp/border-router-client/border-router-client.exp5438
[16:24:12 - main] [MspMote.java:235] [INFO] - Loading firmware from: /home/dr_hakan_aydin/6tisch/6tisch-ng-sra-v17/6tisch-ng-sra/examples/tsch/rpl-udp/border-router-client/border-router-client.exp5438
[16:24:12 - main] [MspMote.java:235] [INFO] - Loading firmware from: /home/dr_hakan_aydin/6tisch/6tisch-ng-sra-v17/6tisch-ng-sra/examples/tsch/rpl-udp/border-router-client/border-router-client.exp5438
[16:24:12 - main] [MspMote.java:235] [INFO] - Loading firmware from: /home/dr_hakan_aydin/6tisch/6tisch-ng-sra-v17/6tisch-ng-sra/examples/tsch/rpl-udp/border-router-client/border-router-client.exp5438
[16:24:12 - main] [MspMote.java:235] [INFO] - Loading firmware from: /home/dr_hakan_aydin/6tisch/6tisch-ng-sra-v17/6tisch-ng-sra/examples/tsch/rpl-udp/border-router-client/border-router-client.exp5438
[16:24:12 - main] [MspMote.java:235] [INFO] - Loading firmware from: /home/dr_hakan_aydin/6tisch/6tisch-ng-sra-v17/6tisch-ng-sra/examples/tsch/rpl-udp/border-router-client/border-router-client.exp5438
[16:24:12 - main] [MspMote.java:235] [INFO] - Loading firmware from: /home/dr_hakan_aydin/6tisch/6tisch-ng-sra-v17/6tisch-ng-sra/examples/tsch/rpl-udp/border-router-client/border-router-client.exp5438
[16:24:12 - main] [MspMote.java:235] [INFO] - Loading firmware from: /home/dr_hakan_aydin/6tisch/6tisch-ng-sra-v17/6tisch-ng-sra/examples/tsch/rpl-udp/border-router-client/border-router-client.exp5438
[16:24:12 - main] [MspMote.java:235] [INFO] - Loading firmware from: /home/dr_hakan_aydin/6tisch/6tisch-ng-sra-v17/6tisch-ng-sra/examples/tsch/rpl-udp/border-router-client/border-router-client.exp5438
[16:24:12 - main] [MspMote.java:235] [INFO] - Loading firmware from: /home/dr_hakan_aydin/6tisch/6tisch-ng-sra-v17/6tisch-ng-sra/examples/tsch/rpl-udp/border-router-client/border-router-client.exp5438
[16:24:12 - main] [MspMote.java:235] [INFO] - Loading firmware from: /home/dr_hakan_aydin/6tisch/6tisch-ng-sra-v17/6tisch-ng-sra/examples/tsch/rpl-udp/border-router-client/border-router-client.exp5438
[16:24:12 - main] [MspMote.java:235] [INFO] - Loading firmware from: /home/dr_hakan_aydin/6tisch/6tisch-ng-sra-v17/6tisch-ng-sra/examples/tsch/rpl-udp/border-router-client/border-router-client.exp5438
[16:24:12 - main] [MspMote.java:235] [INFO] - Loading firmware from: /home/dr_hakan_aydin/6tisch/6tisch-ng-sra-v17/6tisch-ng-sra/examples/tsch/rpl-udp/border-router-client/border-router-client.exp5438
[16:24:12 - main] [MspMote.java:235] [INFO] - Loading firmware from: /home/dr_hakan_aydin/6tisch/6tisch-ng-sra-v17/6tisch-ng-sra/examples/tsch/rpl-udp/border-router-client/border-router-client.exp5438
[16:24:12 - main] [MspMote.java:235] [INFO] - Loading firmware from: /home/dr_hakan_aydin/6tisch/6tisch-ng-sra-v17/6tisch-ng-sra/examples/tsch/rpl-udp/border-router-client/border-router-client.exp5438
[16:24:13 - main] [MspMote.java:235] [INFO] - Loading firmware from: /home/dr_hakan_aydin/6tisch/6tisch-ng-sra-v17/6tisch-ng-sra/examples/tsch/rpl-udp/border-router-client/border-router-client.exp5438
[16:24:13 - main] [MspMote.java:235] [INFO] - Loading firmware from: /home/dr_hakan_aydin/6tisch/6tisch-ng-sra-v17/6tisch-ng-sra/examples/tsch/rpl-udp/border-router-client/border-router-client.exp5438
[16:24:13 - main] [MspMote.java:235] [INFO] - Loading firmware from: /home/dr_hakan_aydin/6tisch/6tisch-ng-sra-v17/6tisch-ng-sra/examples/tsch/rpl-udp/border-router-client/border-router-client.exp5438
[16:24:13 - main] [MspMote.java:235] [INFO] - Loading firmware from: /home/dr_hakan_aydin/6tisch/6tisch-ng-sra-v17/6tisch-ng-sra/examples/tsch/rpl-udp/border-router-client/border-router-client.exp5438
[16:24:13 - main] [MspMote.java:235] [INFO] - Loading firmware from: /home/dr_hakan_aydin/6tisch/6tisch-ng-sra-v17/6tisch-ng-sra/examples/tsch/rpl-udp/border-router-client/border-router-client.exp5438
[16:24:13 - main] [MspMote.java:235] [INFO] - Loading firmware from: /home/dr_hakan_aydin/6tisch/6tisch-ng-sra-v17/6tisch-ng-sra/examples/tsch/rpl-udp/border-router-client/border-router-client.exp5438
[16:24:13 - main] [MspMote.java:235] [INFO] - Loading firmware from: /home/dr_hakan_aydin/6tisch/6tisch-ng-sra-v17/6tisch-ng-sra/examples/tsch/rpl-udp/border-router-client/border-router-client.exp5438
[16:24:13 - main] [MspMote.java:235] [INFO] - Loading firmware from: /home/dr_hakan_aydin/6tisch/6tisch-ng-sra-v17/6tisch-ng-sra/examples/tsch/rpl-udp/border-router-client/border-router-client.exp5438
[16:24:13 - main] [MspMote.java:235] [INFO] - Loading firmware from: /home/dr_hakan_aydin/6tisch/6tisch-ng-sra-v17/6tisch-ng-sra/examples/tsch/rpl-udp/border-router-client/border-router-client.exp5438
[16:24:13 - main] [MspMote.java:235] [INFO] - Loading firmware from: /home/dr_hakan_aydin/6tisch/6tisch-ng-sra-v17/6tisch-ng-sra/examples/tsch/rpl-udp/border-router-client/border-router-client.exp5438
[16:24:13 - main] [Cooja.java:1782] [INFO] - Visualized plugin was not started: class org.contikios.cooja.plugins.SimControl
[16:24:13 - main] [Cooja.java:1782] [INFO] - Visualized plugin was not started: class org.contikios.cooja.plugins.Visualizer
[16:24:13 - main] [Cooja.java:1782] [INFO] - Visualized plugin was not started: class org.contikios.cooja.plugins.LogListener
[16:24:13 - main] [Cooja.java:1782] [INFO] - Visualized plugin was not started: class org.contikios.cooja.plugins.TimeLine
[16:24:14 - main] [ScriptRunner.java:438] [INFO] - Test script deactivated
[16:24:14 - main] [LogScriptEngine.java:265] [INFO] - Script timeout in 3800000 ms
[16:24:14 - main] [ScriptRunner.java:395] [INFO] - Test script activated
[16:24:14 - Thread-2] [Simulation.java:253] [INFO] - Simulation main loop started, system time: 1780925054657
[16:24:14 - main] [Cooja.java:3672] [FATAL] - Could not load plugin class: Mobility
[16:27:21 - Thread-2] [LogScriptEngine.java:389] [INFO] - Test script at 5.00%, done in 3558.8 sec
[16:31:44 - Thread-2] [LogScriptEngine.java:389] [INFO] - Test script at 10.00%, done in 4050.9 sec
[16:37:39 - Thread-2] [LogScriptEngine.java:389] [INFO] - Test script at 15.00%, done in 4558.3 sec
[16:46:29 - Thread-2] [LogScriptEngine.java:389] [INFO] - Test script at 20.00%, done in 5340.6 sec
[16:56:06 - Thread-2] [LogScriptEngine.java:389] [INFO] - Test script at 25.00%, done in 5734.2 sec
[17:04:26 - Thread-2] [LogScriptEngine.java:389] [INFO] - Test script at 30.00%, done in 5627.1 sec
[17:13:39 - Thread-2] [LogScriptEngine.java:389] [INFO] - Test script at 35.00%, done in 5506.1 sec
[17:22:00 - Thread-2] [LogScriptEngine.java:389] [INFO] - Test script at 40.00%, done in 5198.4 sec
[17:31:16 - Thread-2] [LogScriptEngine.java:389] [INFO] - Test script at 45.00%, done in 4915.4 sec
[17:39:24 - Thread-2] [LogScriptEngine.java:389] [INFO] - Test script at 50.00%, done in 4510.2 sec
[17:48:08 - Thread-2] [LogScriptEngine.java:389] [INFO] - Test script at 55.00%, done in 4118.7 sec
[17:56:36 - Thread-2] [LogScriptEngine.java:389] [INFO] - Test script at 60.00%, done in 3694.3 sec
[18:04:53 - Thread-2] [LogScriptEngine.java:389] [INFO] - Test script at 65.00%, done in 3251.5 sec
[18:14:17 - Thread-2] [LogScriptEngine.java:389] [INFO] - Test script at 70.00%, done in 2829.6 sec
[18:22:57 - Thread-2] [LogScriptEngine.java:389] [INFO] - Test script at 75.00%, done in 2374.2 sec
[18:31:51 - Thread-2] [LogScriptEngine.java:389] [INFO] - Test script at 80.00%, done in 1914.3 sec
[18:38:35 - Thread-2] [LogScriptEngine.java:389] [INFO] - Test script at 85.00%, done in 1422.6 sec
[18:45:33 - Thread-2] [LogScriptEngine.java:389] [INFO] - Test script at 90.00%, done in 942.1 sec
[18:53:25 - Thread-2] [LogScriptEngine.java:389] [INFO] - Test script at 95.00%, done in 471.1 sec
[19:00:39 - Thread-2] [LogScriptEngine.java:375] [INFO] - Timeout event @ 3800000000
[19:00:39 - Thread-1] [LogScriptEngine.java:309] [INFO] - Test script finished
[19:00:39 - Thread-2] [Simulation.java:312] [INFO] - Simulation main loop stopped, system time: 1780934439192	Duration: 9384535 ms	Simulated time 3800000 ms	Ratio 0.4049215011718748
[19:00:39 - AWT-EventQueue-1] [ScriptRunner.java:438] [INFO] - Test script deactivated
