[16:36:59 - main] [Cooja.java:3173] [WARN] - JAVA_HOME environment variable not set, Cooja motes may not compile
[16:36:59 - main] [Cooja.java:1316] [INFO] - > Starting Cooja
[16:37:00 - main] [Cooja.java:2857] [INFO] - External tools default settings: /external_tools_linux_64.config
[16:37:00 - main] [Cooja.java:2887] [INFO] - External tools user settings: /home/dr_hakan_aydin/.cooja.user.properties
[16:37:00 - main] [Cooja.java:1941] [FATAL] - No plugin class: class org.contikios.cooja.plugins.CollectViewFull: org/jfree/data/time/RegularTimePeriod
[16:37:00 - main] [Cooja.java:3626] [WARN] - Loaded simulation may depend on not found  extension: '/home/dr_hakan_aydin/6tisch/6tisch-ng-sra-v17/6tisch-ng-sra/tools/cooja/apps/mobility'
[16:37:00 - main] [Simulation.java:422] [INFO] - Simulation random seed: 838013
[16:37:00 - main] [CompileContiki.java:140] [INFO] - > make border-router-server.exp5438 TARGET=exp5438 
[16:37:00 - main] [CompileContiki.java:140] [INFO] - > make border-router-client.exp5438 TARGET=exp5438 
[16:37:01 - main] [MspMote.java:235] [INFO] - Loading firmware from: /home/dr_hakan_aydin/6tisch/6tisch-ng-sra-v17/6tisch-ng-sra/examples/tsch/rpl-udp/border-router-client/border-router-client.exp5438
[16:37:02 - main] [MspMote.java:235] [INFO] - Loading firmware from: /home/dr_hakan_aydin/6tisch/6tisch-ng-sra-v17/6tisch-ng-sra/examples/tsch/rpl-udp/border-router-client/border-router-client.exp5438
[16:37:02 - main] [MspMote.java:235] [INFO] - Loading firmware from: /home/dr_hakan_aydin/6tisch/6tisch-ng-sra-v17/6tisch-ng-sra/examples/tsch/rpl-udp/border-router-client/border-router-client.exp5438
[16:37:02 - main] [MspMote.java:235] [INFO] - Loading firmware from: /home/dr_hakan_aydin/6tisch/6tisch-ng-sra-v17/6tisch-ng-sra/examples/tsch/rpl-udp/border-router-client/border-router-client.exp5438
[16:37:02 - main] [MspMote.java:235] [INFO] - Loading firmware from: /home/dr_hakan_aydin/6tisch/6tisch-ng-sra-v17/6tisch-ng-sra/examples/tsch/rpl-udp/border-router-server/border-router-server.exp5438
[16:37:03 - main] [MspMote.java:235] [INFO] - Loading firmware from: /home/dr_hakan_aydin/6tisch/6tisch-ng-sra-v17/6tisch-ng-sra/examples/tsch/rpl-udp/border-router-client/border-router-client.exp5438
[16:37:03 - main] [MspMote.java:235] [INFO] - Loading firmware from: /home/dr_hakan_aydin/6tisch/6tisch-ng-sra-v17/6tisch-ng-sra/examples/tsch/rpl-udp/border-router-client/border-router-client.exp5438
[16:37:03 - main] [MspMote.java:235] [INFO] - Loading firmware from: /home/dr_hakan_aydin/6tisch/6tisch-ng-sra-v17/6tisch-ng-sra/examples/tsch/rpl-udp/border-router-client/border-router-client.exp5438
[16:37:03 - main] [MspMote.java:235] [INFO] - Loading firmware from: /home/dr_hakan_aydin/6tisch/6tisch-ng-sra-v17/6tisch-ng-sra/examples/tsch/rpl-udp/border-router-client/border-router-client.exp5438
[16:37:03 - main] [MspMote.java:235] [INFO] - Loading firmware from: /home/dr_hakan_aydin/6tisch/6tisch-ng-sra-v17/6tisch-ng-sra/examples/tsch/rpl-udp/border-router-client/border-router-client.exp5438
[16:37:03 - main] [MspMote.java:235] [INFO] - Loading firmware from: /home/dr_hakan_aydin/6tisch/6tisch-ng-sra-v17/6tisch-ng-sra/examples/tsch/rpl-udp/border-router-client/border-router-client.exp5438
[16:37:03 - main] [MspMote.java:235] [INFO] - Loading firmware from: /home/dr_hakan_aydin/6tisch/6tisch-ng-sra-v17/6tisch-ng-sra/examples/tsch/rpl-udp/border-router-client/border-router-client.exp5438
[16:37:03 - main] [MspMote.java:235] [INFO] - Loading firmware from: /home/dr_hakan_aydin/6tisch/6tisch-ng-sra-v17/6tisch-ng-sra/examples/tsch/rpl-udp/border-router-client/border-router-client.exp5438
[16:37:04 - main] [MspMote.java:235] [INFO] - Loading firmware from: /home/dr_hakan_aydin/6tisch/6tisch-ng-sra-v17/6tisch-ng-sra/examples/tsch/rpl-udp/border-router-client/border-router-client.exp5438
[16:37:04 - main] [MspMote.java:235] [INFO] - Loading firmware from: /home/dr_hakan_aydin/6tisch/6tisch-ng-sra-v17/6tisch-ng-sra/examples/tsch/rpl-udp/border-router-client/border-router-client.exp5438
[16:37:04 - main] [MspMote.java:235] [INFO] - Loading firmware from: /home/dr_hakan_aydin/6tisch/6tisch-ng-sra-v17/6tisch-ng-sra/examples/tsch/rpl-udp/border-router-client/border-router-client.exp5438
[16:37:04 - main] [MspMote.java:235] [INFO] - Loading firmware from: /home/dr_hakan_aydin/6tisch/6tisch-ng-sra-v17/6tisch-ng-sra/examples/tsch/rpl-udp/border-router-client/border-router-client.exp5438
[16:37:04 - main] [MspMote.java:235] [INFO] - Loading firmware from: /home/dr_hakan_aydin/6tisch/6tisch-ng-sra-v17/6tisch-ng-sra/examples/tsch/rpl-udp/border-router-client/border-router-client.exp5438
[16:37:04 - main] [MspMote.java:235] [INFO] - Loading firmware from: /home/dr_hakan_aydin/6tisch/6tisch-ng-sra-v17/6tisch-ng-sra/examples/tsch/rpl-udp/border-router-client/border-router-client.exp5438
[16:37:04 - main] [MspMote.java:235] [INFO] - Loading firmware from: /home/dr_hakan_aydin/6tisch/6tisch-ng-sra-v17/6tisch-ng-sra/examples/tsch/rpl-udp/border-router-client/border-router-client.exp5438
[16:37:04 - main] [MspMote.java:235] [INFO] - Loading firmware from: /home/dr_hakan_aydin/6tisch/6tisch-ng-sra-v17/6tisch-ng-sra/examples/tsch/rpl-udp/border-router-client/border-router-client.exp5438
[16:37:04 - main] [MspMote.java:235] [INFO] - Loading firmware from: /home/dr_hakan_aydin/6tisch/6tisch-ng-sra-v17/6tisch-ng-sra/examples/tsch/rpl-udp/border-router-client/border-router-client.exp5438
[16:37:04 - main] [MspMote.java:235] [INFO] - Loading firmware from: /home/dr_hakan_aydin/6tisch/6tisch-ng-sra-v17/6tisch-ng-sra/examples/tsch/rpl-udp/border-router-client/border-router-client.exp5438
[16:37:04 - main] [MspMote.java:235] [INFO] - Loading firmware from: /home/dr_hakan_aydin/6tisch/6tisch-ng-sra-v17/6tisch-ng-sra/examples/tsch/rpl-udp/border-router-client/border-router-client.exp5438
[16:37:04 - main] [MspMote.java:235] [INFO] - Loading firmware from: /home/dr_hakan_aydin/6tisch/6tisch-ng-sra-v17/6tisch-ng-sra/examples/tsch/rpl-udp/border-router-client/border-router-client.exp5438
[16:37:05 - main] [MspMote.java:235] [INFO] - Loading firmware from: /home/dr_hakan_aydin/6tisch/6tisch-ng-sra-v17/6tisch-ng-sra/examples/tsch/rpl-udp/border-router-client/border-router-client.exp5438
[16:37:05 - main] [MspMote.java:235] [INFO] - Loading firmware from: /home/dr_hakan_aydin/6tisch/6tisch-ng-sra-v17/6tisch-ng-sra/examples/tsch/rpl-udp/border-router-client/border-router-client.exp5438
[16:37:05 - main] [MspMote.java:235] [INFO] - Loading firmware from: /home/dr_hakan_aydin/6tisch/6tisch-ng-sra-v17/6tisch-ng-sra/examples/tsch/rpl-udp/border-router-client/border-router-client.exp5438
[16:37:05 - main] [MspMote.java:235] [INFO] - Loading firmware from: /home/dr_hakan_aydin/6tisch/6tisch-ng-sra-v17/6tisch-ng-sra/examples/tsch/rpl-udp/border-router-client/border-router-client.exp5438
[16:37:05 - main] [MspMote.java:235] [INFO] - Loading firmware from: /home/dr_hakan_aydin/6tisch/6tisch-ng-sra-v17/6tisch-ng-sra/examples/tsch/rpl-udp/border-router-client/border-router-client.exp5438
[16:37:05 - main] [MspMote.java:235] [INFO] - Loading firmware from: /home/dr_hakan_aydin/6tisch/6tisch-ng-sra-v17/6tisch-ng-sra/examples/tsch/rpl-udp/border-router-client/border-router-client.exp5438
[16:37:05 - main] [MspMote.java:235] [INFO] - Loading firmware from: /home/dr_hakan_aydin/6tisch/6tisch-ng-sra-v17/6tisch-ng-sra/examples/tsch/rpl-udp/border-router-client/border-router-client.exp5438
[16:37:05 - main] [MspMote.java:235] [INFO] - Loading firmware from: /home/dr_hakan_aydin/6tisch/6tisch-ng-sra-v17/6tisch-ng-sra/examples/tsch/rpl-udp/border-router-client/border-router-client.exp5438
[16:37:05 - main] [MspMote.java:235] [INFO] - Loading firmware from: /home/dr_hakan_aydin/6tisch/6tisch-ng-sra-v17/6tisch-ng-sra/examples/tsch/rpl-udp/border-router-client/border-router-client.exp5438
[16:37:05 - main] [MspMote.java:235] [INFO] - Loading firmware from: /home/dr_hakan_aydin/6tisch/6tisch-ng-sra-v17/6tisch-ng-sra/examples/tsch/rpl-udp/border-router-client/border-router-client.exp5438
[16:37:05 - main] [MspMote.java:235] [INFO] - Loading firmware from: /home/dr_hakan_aydin/6tisch/6tisch-ng-sra-v17/6tisch-ng-sra/examples/tsch/rpl-udp/border-router-client/border-router-client.exp5438
[16:37:05 - main] [MspMote.java:235] [INFO] - Loading firmware from: /home/dr_hakan_aydin/6tisch/6tisch-ng-sra-v17/6tisch-ng-sra/examples/tsch/rpl-udp/border-router-client/border-router-client.exp5438
[16:37:05 - main] [MspMote.java:235] [INFO] - Loading firmware from: /home/dr_hakan_aydin/6tisch/6tisch-ng-sra-v17/6tisch-ng-sra/examples/tsch/rpl-udp/border-router-client/border-router-client.exp5438
[16:37:06 - main] [MspMote.java:235] [INFO] - Loading firmware from: /home/dr_hakan_aydin/6tisch/6tisch-ng-sra-v17/6tisch-ng-sra/examples/tsch/rpl-udp/border-router-client/border-router-client.exp5438
[16:37:06 - main] [MspMote.java:235] [INFO] - Loading firmware from: /home/dr_hakan_aydin/6tisch/6tisch-ng-sra-v17/6tisch-ng-sra/examples/tsch/rpl-udp/border-router-client/border-router-client.exp5438
[16:37:06 - main] [MspMote.java:235] [INFO] - Loading firmware from: /home/dr_hakan_aydin/6tisch/6tisch-ng-sra-v17/6tisch-ng-sra/examples/tsch/rpl-udp/border-router-client/border-router-client.exp5438
[16:37:06 - main] [Cooja.java:1782] [INFO] - Visualized plugin was not started: class org.contikios.cooja.plugins.SimControl
[16:37:06 - main] [Cooja.java:1782] [INFO] - Visualized plugin was not started: class org.contikios.cooja.plugins.Visualizer
[16:37:06 - main] [Cooja.java:1782] [INFO] - Visualized plugin was not started: class org.contikios.cooja.plugins.LogListener
[16:37:06 - main] [Cooja.java:1782] [INFO] - Visualized plugin was not started: class org.contikios.cooja.plugins.TimeLine
[16:37:06 - main] [ScriptRunner.java:438] [INFO] - Test script deactivated
[16:37:07 - main] [LogScriptEngine.java:265] [INFO] - Script timeout in 3800000 ms
[16:37:07 - main] [ScriptRunner.java:395] [INFO] - Test script activated
[16:37:07 - Thread-3] [Simulation.java:253] [INFO] - Simulation main loop started, system time: 1780925827913
[16:37:07 - main] [Cooja.java:3672] [FATAL] - Could not load plugin class: Mobility
[16:42:30 - Thread-3] [LogScriptEngine.java:389] [INFO] - Test script at 5.00%, done in 6137.5 sec
[16:49:35 - Thread-3] [LogScriptEngine.java:389] [INFO] - Test script at 10.00%, done in 6727.4 sec
[16:54:19 - Thread-3] [MspMote.java:229] [WARN] - 32: # Watchdog[EXECUTION]: illegal write to WDTCTL (0) from $103ce - reset!!!!
[16:54:24 - Thread-3] [MspMote.java:229] [WARN] - 2: # Watchdog[EXECUTION]: illegal write to WDTCTL (0) from $103ce - reset!!!!
[16:56:05 - Thread-3] [MspMote.java:229] [WARN] - 34: # Watchdog[EXECUTION]: illegal write to WDTCTL (0) from $103ce - reset!!!!
[16:56:13 - Thread-3] [MspMote.java:229] [WARN] - 25: # Watchdog[EXECUTION]: illegal write to WDTCTL (0) from $103ce - reset!!!!
[16:56:13 - Thread-3] [MspMote.java:229] [WARN] - 40: # Watchdog[EXECUTION]: illegal write to WDTCTL (0) from $103ce - reset!!!!
[16:56:50 - Thread-3] [LogScriptEngine.java:389] [INFO] - Test script at 15.00%, done in 6699.3 sec
[16:56:53 - Thread-3] [MspMote.java:229] [WARN] - 3: # Watchdog[EXECUTION]: illegal write to WDTCTL (0) from $103ce - reset!!!!
[16:57:23 - Thread-3] [MspMote.java:229] [WARN] - 29: # Watchdog[EXECUTION]: illegal write to WDTCTL (0) from $103ce - reset!!!!
[16:57:40 - Thread-3] [MspMote.java:229] [WARN] - 31: # Watchdog[EXECUTION]: illegal write to WDTCTL (0) from $103ce - reset!!!!
[16:57:46 - Thread-3] [MspMote.java:229] [WARN] - 22: # Watchdog[EXECUTION]: illegal write to WDTCTL (0) from $103ce - reset!!!!
[16:57:56 - Thread-3] [MspMote.java:229] [WARN] - 37: # Watchdog[EXECUTION]: illegal write to WDTCTL (0) from $103ce - reset!!!!
[16:59:36 - Thread-3] [MspMote.java:229] [WARN] - 31: # Watchdog[EXECUTION]: illegal write to WDTCTL (0) from $103ce - reset!!!!
[16:59:48 - Thread-3] [MspMote.java:229] [WARN] - 18: # Watchdog[EXECUTION]: illegal write to WDTCTL (0) from $103ce - reset!!!!
[17:04:16 - Thread-3] [MspMote.java:229] [WARN] - 3: # Watchdog[EXECUTION]: illegal write to WDTCTL (0) from $103ce - reset!!!!
[17:05:15 - Thread-3] [LogScriptEngine.java:389] [INFO] - Test script at 20.00%, done in 6751.5 sec
[17:05:40 - Thread-3] [MspMote.java:229] [WARN] - 37: # Watchdog[EXECUTION]: illegal write to WDTCTL (0) from $103ce - reset!!!!
[17:06:13 - Thread-3] [MspMote.java:229] [WARN] - 35: # Watchdog[EXECUTION]: illegal write to WDTCTL (0) from $103ce - reset!!!!
[17:06:31 - Thread-3] [MspMote.java:229] [WARN] - 18: # Watchdog[EXECUTION]: illegal write to WDTCTL (0) from $103ce - reset!!!!
[17:06:33 - Thread-3] [MspMote.java:229] [WARN] - 40: # Watchdog[EXECUTION]: illegal write to WDTCTL (0) from $103ce - reset!!!!
[17:08:33 - Thread-3] [MspMote.java:229] [WARN] - 6: # Watchdog[EXECUTION]: illegal write to WDTCTL (0) from $103ce - reset!!!!
[17:11:20 - Thread-3] [MspMote.java:229] [WARN] - 2: # Watchdog[EXECUTION]: illegal write to WDTCTL (0) from $103ce - reset!!!!
[17:11:33 - Thread-3] [MspMote.java:229] [WARN] - 33: # Watchdog[EXECUTION]: illegal write to WDTCTL (0) from $103ce - reset!!!!
[17:13:47 - Thread-3] [MspMote.java:229] [WARN] - 32: # Watchdog[EXECUTION]: illegal write to WDTCTL (0) from $103ce - reset!!!!
[17:15:00 - Thread-3] [LogScriptEngine.java:389] [INFO] - Test script at 25.00%, done in 6816.7 sec
[17:22:04 - Thread-3] [MspMote.java:229] [WARN] - 2: # Watchdog[EXECUTION]: illegal write to WDTCTL (0) from $103ce - reset!!!!
[17:26:13 - Thread-3] [LogScriptEngine.java:389] [INFO] - Test script at 30.00%, done in 6872.2 sec
[17:37:35 - Thread-3] [LogScriptEngine.java:389] [INFO] - Test script at 35.00%, done in 6736.2 sec
[17:40:53 - Thread-3] [MspMote.java:229] [WARN] - 2: # Watchdog[EXECUTION]: illegal write to WDTCTL (0) from $103ce - reset!!!!
[17:48:57 - Thread-3] [LogScriptEngine.java:389] [INFO] - Test script at 40.00%, done in 6465.1 sec
[17:52:22 - Thread-3] [MspMote.java:229] [WARN] - 2: # Watchdog[EXECUTION]: illegal write to WDTCTL (0) from $103ce - reset!!!!
[18:01:03 - Thread-3] [LogScriptEngine.java:389] [INFO] - Test script at 45.00%, done in 6154.5 sec
[18:13:57 - Thread-3] [LogScriptEngine.java:389] [INFO] - Test script at 50.00%, done in 5809.5 sec
[18:25:38 - Thread-3] [MspMote.java:229] [WARN] - 2: # Watchdog[EXECUTION]: illegal write to WDTCTL (0) from $103ce - reset!!!!
[18:26:33 - Thread-3] [LogScriptEngine.java:389] [INFO] - Test script at 55.00%, done in 5371.6 sec
[18:38:28 - Thread-3] [LogScriptEngine.java:389] [INFO] - Test script at 60.00%, done in 4853.4 sec
[18:51:38 - Thread-3] [LogScriptEngine.java:389] [INFO] - Test script at 65.00%, done in 4345.6 sec
[19:03:52 - Thread-3] [LogScriptEngine.java:389] [INFO] - Test script at 70.00%, done in 3773.4 sec
[19:16:24 - Thread-3] [LogScriptEngine.java:389] [INFO] - Test script at 75.00%, done in 3185.5 sec
[19:25:34 - Thread-3] [LogScriptEngine.java:389] [INFO] - Test script at 80.00%, done in 2526.6 sec
[19:35:22 - Thread-3] [LogScriptEngine.java:389] [INFO] - Test script at 85.00%, done in 1887.2 sec
[19:46:10 - Thread-3] [LogScriptEngine.java:389] [INFO] - Test script at 90.00%, done in 1260.3 sec
[19:57:37 - Thread-3] [LogScriptEngine.java:389] [INFO] - Test script at 95.00%, done in 633.2 sec
[20:11:33 - Thread-3] [LogScriptEngine.java:375] [INFO] - Timeout event @ 3800000000
[20:11:33 - Thread-2] [LogScriptEngine.java:309] [INFO] - Test script finished
[20:11:33 - Thread-3] [Simulation.java:312] [INFO] - Simulation main loop stopped, system time: 1780938693855	Duration: 12865942 ms	Simulated time 3800000 ms	Ratio 0.29535342223678607
[20:11:34 - AWT-EventQueue-1] [ScriptRunner.java:438] [INFO] - Test script deactivated
