[15:55:53 - main] [Cooja.java:3173] [WARN] - JAVA_HOME environment variable not set, Cooja motes may not compile
[15:55:53 - main] [Cooja.java:1316] [INFO] - > Starting Cooja
[15:55:53 - main] [Cooja.java:2857] [INFO] - External tools default settings: /external_tools_linux_64.config
[15:55:53 - main] [Cooja.java:2887] [INFO] - External tools user settings: /home/dr_hakan_aydin/.cooja.user.properties
[15:55:53 - main] [Cooja.java:1941] [FATAL] - No plugin class: class org.contikios.cooja.plugins.CollectViewFull: org/jfree/data/xy/XYDataset
[15:55:53 - main] [Cooja.java:3626] [WARN] - Loaded simulation may depend on not found  extension: '/home/dr_hakan_aydin/6tisch/6tisch-ng-sra-v17/6tisch-ng-sra/tools/cooja/apps/mobility'
[15:55:54 - main] [Simulation.java:422] [INFO] - Simulation random seed: 254490
[15:55:54 - main] [CompileContiki.java:140] [INFO] - > make border-router-server.exp5438 TARGET=exp5438 
[15:55:54 - main] [CompileContiki.java:140] [INFO] - > make border-router-client.exp5438 TARGET=exp5438 
[15:55:54 - main] [MspMote.java:235] [INFO] - Loading firmware from: /home/dr_hakan_aydin/6tisch/6tisch-ng-sra-v17/6tisch-ng-sra/examples/tsch/rpl-udp/border-router-client/border-router-client.exp5438
[15:55:55 - main] [MspMote.java:235] [INFO] - Loading firmware from: /home/dr_hakan_aydin/6tisch/6tisch-ng-sra-v17/6tisch-ng-sra/examples/tsch/rpl-udp/border-router-client/border-router-client.exp5438
[15:55:55 - main] [MspMote.java:235] [INFO] - Loading firmware from: /home/dr_hakan_aydin/6tisch/6tisch-ng-sra-v17/6tisch-ng-sra/examples/tsch/rpl-udp/border-router-client/border-router-client.exp5438
[15:55:55 - main] [MspMote.java:235] [INFO] - Loading firmware from: /home/dr_hakan_aydin/6tisch/6tisch-ng-sra-v17/6tisch-ng-sra/examples/tsch/rpl-udp/border-router-client/border-router-client.exp5438
[15:55:55 - main] [MspMote.java:235] [INFO] - Loading firmware from: /home/dr_hakan_aydin/6tisch/6tisch-ng-sra-v17/6tisch-ng-sra/examples/tsch/rpl-udp/border-router-client/border-router-client.exp5438
[15:55:55 - main] [MspMote.java:235] [INFO] - Loading firmware from: /home/dr_hakan_aydin/6tisch/6tisch-ng-sra-v17/6tisch-ng-sra/examples/tsch/rpl-udp/border-router-server/border-router-server.exp5438
[15:55:56 - main] [MspMote.java:235] [INFO] - Loading firmware from: /home/dr_hakan_aydin/6tisch/6tisch-ng-sra-v17/6tisch-ng-sra/examples/tsch/rpl-udp/border-router-client/border-router-client.exp5438
[15:55:56 - main] [MspMote.java:235] [INFO] - Loading firmware from: /home/dr_hakan_aydin/6tisch/6tisch-ng-sra-v17/6tisch-ng-sra/examples/tsch/rpl-udp/border-router-client/border-router-client.exp5438
[15:55:56 - main] [MspMote.java:235] [INFO] - Loading firmware from: /home/dr_hakan_aydin/6tisch/6tisch-ng-sra-v17/6tisch-ng-sra/examples/tsch/rpl-udp/border-router-client/border-router-client.exp5438
[15:55:56 - main] [MspMote.java:235] [INFO] - Loading firmware from: /home/dr_hakan_aydin/6tisch/6tisch-ng-sra-v17/6tisch-ng-sra/examples/tsch/rpl-udp/border-router-client/border-router-client.exp5438
[15:55:56 - main] [MspMote.java:235] [INFO] - Loading firmware from: /home/dr_hakan_aydin/6tisch/6tisch-ng-sra-v17/6tisch-ng-sra/examples/tsch/rpl-udp/border-router-client/border-router-client.exp5438
[15:55:56 - main] [MspMote.java:235] [INFO] - Loading firmware from: /home/dr_hakan_aydin/6tisch/6tisch-ng-sra-v17/6tisch-ng-sra/examples/tsch/rpl-udp/border-router-client/border-router-client.exp5438
[15:55:56 - main] [MspMote.java:235] [INFO] - Loading firmware from: /home/dr_hakan_aydin/6tisch/6tisch-ng-sra-v17/6tisch-ng-sra/examples/tsch/rpl-udp/border-router-client/border-router-client.exp5438
[15:55:56 - main] [MspMote.java:235] [INFO] - Loading firmware from: /home/dr_hakan_aydin/6tisch/6tisch-ng-sra-v17/6tisch-ng-sra/examples/tsch/rpl-udp/border-router-client/border-router-client.exp5438
[15:55:56 - main] [MspMote.java:235] [INFO] - Loading firmware from: /home/dr_hakan_aydin/6tisch/6tisch-ng-sra-v17/6tisch-ng-sra/examples/tsch/rpl-udp/border-router-client/border-router-client.exp5438
[15:55:56 - main] [MspMote.java:235] [INFO] - Loading firmware from: /home/dr_hakan_aydin/6tisch/6tisch-ng-sra-v17/6tisch-ng-sra/examples/tsch/rpl-udp/border-router-client/border-router-client.exp5438
[15:55:56 - main] [MspMote.java:235] [INFO] - Loading firmware from: /home/dr_hakan_aydin/6tisch/6tisch-ng-sra-v17/6tisch-ng-sra/examples/tsch/rpl-udp/border-router-client/border-router-client.exp5438
[15:55:56 - main] [MspMote.java:235] [INFO] - Loading firmware from: /home/dr_hakan_aydin/6tisch/6tisch-ng-sra-v17/6tisch-ng-sra/examples/tsch/rpl-udp/border-router-client/border-router-client.exp5438
[15:55:57 - main] [MspMote.java:235] [INFO] - Loading firmware from: /home/dr_hakan_aydin/6tisch/6tisch-ng-sra-v17/6tisch-ng-sra/examples/tsch/rpl-udp/border-router-client/border-router-client.exp5438
[15:55:57 - main] [MspMote.java:235] [INFO] - Loading firmware from: /home/dr_hakan_aydin/6tisch/6tisch-ng-sra-v17/6tisch-ng-sra/examples/tsch/rpl-udp/border-router-client/border-router-client.exp5438
[15:55:57 - main] [MspMote.java:235] [INFO] - Loading firmware from: /home/dr_hakan_aydin/6tisch/6tisch-ng-sra-v17/6tisch-ng-sra/examples/tsch/rpl-udp/border-router-client/border-router-client.exp5438
[15:55:57 - main] [MspMote.java:235] [INFO] - Loading firmware from: /home/dr_hakan_aydin/6tisch/6tisch-ng-sra-v17/6tisch-ng-sra/examples/tsch/rpl-udp/border-router-client/border-router-client.exp5438
[15:55:57 - main] [MspMote.java:235] [INFO] - Loading firmware from: /home/dr_hakan_aydin/6tisch/6tisch-ng-sra-v17/6tisch-ng-sra/examples/tsch/rpl-udp/border-router-client/border-router-client.exp5438
[15:55:57 - main] [MspMote.java:235] [INFO] - Loading firmware from: /home/dr_hakan_aydin/6tisch/6tisch-ng-sra-v17/6tisch-ng-sra/examples/tsch/rpl-udp/border-router-client/border-router-client.exp5438
[15:55:57 - main] [MspMote.java:235] [INFO] - Loading firmware from: /home/dr_hakan_aydin/6tisch/6tisch-ng-sra-v17/6tisch-ng-sra/examples/tsch/rpl-udp/border-router-client/border-router-client.exp5438
[15:55:57 - main] [MspMote.java:235] [INFO] - Loading firmware from: /home/dr_hakan_aydin/6tisch/6tisch-ng-sra-v17/6tisch-ng-sra/examples/tsch/rpl-udp/border-router-client/border-router-client.exp5438
[15:55:57 - main] [MspMote.java:235] [INFO] - Loading firmware from: /home/dr_hakan_aydin/6tisch/6tisch-ng-sra-v17/6tisch-ng-sra/examples/tsch/rpl-udp/border-router-client/border-router-client.exp5438
[15:55:57 - main] [MspMote.java:235] [INFO] - Loading firmware from: /home/dr_hakan_aydin/6tisch/6tisch-ng-sra-v17/6tisch-ng-sra/examples/tsch/rpl-udp/border-router-client/border-router-client.exp5438
[15:55:57 - main] [MspMote.java:235] [INFO] - Loading firmware from: /home/dr_hakan_aydin/6tisch/6tisch-ng-sra-v17/6tisch-ng-sra/examples/tsch/rpl-udp/border-router-client/border-router-client.exp5438
[15:55:57 - main] [MspMote.java:235] [INFO] - Loading firmware from: /home/dr_hakan_aydin/6tisch/6tisch-ng-sra-v17/6tisch-ng-sra/examples/tsch/rpl-udp/border-router-client/border-router-client.exp5438
[15:55:57 - main] [MspMote.java:235] [INFO] - Loading firmware from: /home/dr_hakan_aydin/6tisch/6tisch-ng-sra-v17/6tisch-ng-sra/examples/tsch/rpl-udp/border-router-client/border-router-client.exp5438
[15:55:57 - main] [Cooja.java:1782] [INFO] - Visualized plugin was not started: class org.contikios.cooja.plugins.SimControl
[15:55:57 - main] [Cooja.java:1782] [INFO] - Visualized plugin was not started: class org.contikios.cooja.plugins.Visualizer
[15:55:58 - main] [Cooja.java:1782] [INFO] - Visualized plugin was not started: class org.contikios.cooja.plugins.LogListener
[15:55:58 - main] [Cooja.java:1782] [INFO] - Visualized plugin was not started: class org.contikios.cooja.plugins.TimeLine
[15:55:58 - main] [ScriptRunner.java:438] [INFO] - Test script deactivated
[15:55:58 - main] [LogScriptEngine.java:265] [INFO] - Script timeout in 3800000 ms
[15:55:59 - main] [ScriptRunner.java:395] [INFO] - Test script activated
[15:55:59 - Thread-2] [Simulation.java:253] [INFO] - Simulation main loop started, system time: 1780923359028
[15:55:59 - main] [Cooja.java:3672] [FATAL] - Could not load plugin class: Mobility
[15:59:13 - Thread-2] [LogScriptEngine.java:389] [INFO] - Test script at 5.00%, done in 3696.0 sec
[16:02:25 - Thread-2] [LogScriptEngine.java:389] [INFO] - Test script at 10.00%, done in 3480.5 sec
[16:06:41 - Thread-2] [LogScriptEngine.java:389] [INFO] - Test script at 15.00%, done in 3641.8 sec
[16:13:39 - Thread-2] [LogScriptEngine.java:389] [INFO] - Test script at 20.00%, done in 4243.0 sec
[16:22:42 - Thread-2] [LogScriptEngine.java:389] [INFO] - Test script at 25.00%, done in 4811.0 sec
[16:31:53 - Thread-2] [LogScriptEngine.java:389] [INFO] - Test script at 30.00%, done in 5027.7 sec
[16:41:26 - Thread-2] [LogScriptEngine.java:389] [INFO] - Test script at 35.00%, done in 5064.7 sec
[16:50:41 - Thread-2] [LogScriptEngine.java:389] [INFO] - Test script at 40.00%, done in 4923.1 sec
[16:59:48 - Thread-2] [LogScriptEngine.java:389] [INFO] - Test script at 45.00%, done in 4680.2 sec
[17:08:37 - Thread-2] [LogScriptEngine.java:389] [INFO] - Test script at 50.00%, done in 4358.3 sec
[17:16:55 - Thread-2] [LogScriptEngine.java:389] [INFO] - Test script at 55.00%, done in 3973.2 sec
[17:26:05 - Thread-2] [LogScriptEngine.java:389] [INFO] - Test script at 60.00%, done in 3604.1 sec
[17:35:12 - Thread-2] [LogScriptEngine.java:389] [INFO] - Test script at 65.00%, done in 3205.6 sec
[17:44:15 - Thread-2] [LogScriptEngine.java:389] [INFO] - Test script at 70.00%, done in 2784.0 sec
[17:53:32 - Thread-2] [LogScriptEngine.java:389] [INFO] - Test script at 75.00%, done in 2351.2 sec
[18:01:49 - Thread-2] [LogScriptEngine.java:389] [INFO] - Test script at 80.00%, done in 1887.7 sec
[18:09:36 - Thread-2] [LogScriptEngine.java:389] [INFO] - Test script at 85.00%, done in 1414.8 sec
[18:18:54 - Thread-2] [LogScriptEngine.java:389] [INFO] - Test script at 90.00%, done in 952.8 sec
[18:27:14 - Thread-2] [LogScriptEngine.java:389] [INFO] - Test script at 95.00%, done in 477.6 sec
[18:34:38 - Thread-2] [LogScriptEngine.java:375] [INFO] - Timeout event @ 3800000000
[18:34:38 - Thread-1] [LogScriptEngine.java:309] [INFO] - Test script finished
[18:34:38 - Thread-2] [Simulation.java:312] [INFO] - Simulation main loop stopped, system time: 1780932878588	Duration: 9519560 ms	Simulated time 3800000 ms	Ratio 0.39917811327414293
[18:34:39 - AWT-EventQueue-1] [ScriptRunner.java:438] [INFO] - Test script deactivated
