[16:30:37 - main] [Cooja.java:3173] [WARN] - JAVA_HOME environment variable not set, Cooja motes may not compile
[16:30:37 - main] [Cooja.java:1316] [INFO] - > Starting Cooja
[16:30:38 - main] [Cooja.java:2857] [INFO] - External tools default settings: /external_tools_linux_64.config
[16:30:38 - main] [Cooja.java:2887] [INFO] - External tools user settings: /home/dr_hakan_aydin/.cooja.user.properties
[16:30:38 - main] [Cooja.java:1941] [FATAL] - No plugin class: class org.contikios.cooja.plugins.CollectViewFull: org/jfree/data/xy/XYDataset
[16:30:38 - main] [Cooja.java:3626] [WARN] - Loaded simulation may depend on not found  extension: '/home/dr_hakan_aydin/6tisch/6tisch-ng-sra-v17/6tisch-ng-sra/tools/cooja/apps/mobility'
[16:30:38 - main] [Simulation.java:422] [INFO] - Simulation random seed: 703972
[16:30:38 - main] [CompileContiki.java:140] [INFO] - > make border-router-server.exp5438 TARGET=exp5438 
[16:30:38 - main] [CompileContiki.java:140] [INFO] - > make border-router-client.exp5438 TARGET=exp5438 
[16:30:38 - main] [MspMote.java:235] [INFO] - Loading firmware from: /home/dr_hakan_aydin/6tisch/6tisch-ng-sra-v17/6tisch-ng-sra/examples/tsch/rpl-udp/border-router-client/border-router-client.exp5438
[16:30:39 - main] [MspMote.java:235] [INFO] - Loading firmware from: /home/dr_hakan_aydin/6tisch/6tisch-ng-sra-v17/6tisch-ng-sra/examples/tsch/rpl-udp/border-router-client/border-router-client.exp5438
[16:30:39 - main] [MspMote.java:235] [INFO] - Loading firmware from: /home/dr_hakan_aydin/6tisch/6tisch-ng-sra-v17/6tisch-ng-sra/examples/tsch/rpl-udp/border-router-client/border-router-client.exp5438
[16:30:39 - main] [MspMote.java:235] [INFO] - Loading firmware from: /home/dr_hakan_aydin/6tisch/6tisch-ng-sra-v17/6tisch-ng-sra/examples/tsch/rpl-udp/border-router-client/border-router-client.exp5438
[16:30:39 - main] [MspMote.java:235] [INFO] - Loading firmware from: /home/dr_hakan_aydin/6tisch/6tisch-ng-sra-v17/6tisch-ng-sra/examples/tsch/rpl-udp/border-router-client/border-router-client.exp5438
[16:30:39 - main] [MspMote.java:235] [INFO] - Loading firmware from: /home/dr_hakan_aydin/6tisch/6tisch-ng-sra-v17/6tisch-ng-sra/examples/tsch/rpl-udp/border-router-client/border-router-client.exp5438
[16:30:39 - main] [MspMote.java:235] [INFO] - Loading firmware from: /home/dr_hakan_aydin/6tisch/6tisch-ng-sra-v17/6tisch-ng-sra/examples/tsch/rpl-udp/border-router-client/border-router-client.exp5438
[16:30:39 - main] [MspMote.java:235] [INFO] - Loading firmware from: /home/dr_hakan_aydin/6tisch/6tisch-ng-sra-v17/6tisch-ng-sra/examples/tsch/rpl-udp/border-router-client/border-router-client.exp5438
[16:30:39 - main] [MspMote.java:235] [INFO] - Loading firmware from: /home/dr_hakan_aydin/6tisch/6tisch-ng-sra-v17/6tisch-ng-sra/examples/tsch/rpl-udp/border-router-client/border-router-client.exp5438
[16:30:40 - main] [MspMote.java:235] [INFO] - Loading firmware from: /home/dr_hakan_aydin/6tisch/6tisch-ng-sra-v17/6tisch-ng-sra/examples/tsch/rpl-udp/border-router-client/border-router-client.exp5438
[16:30:40 - main] [MspMote.java:235] [INFO] - Loading firmware from: /home/dr_hakan_aydin/6tisch/6tisch-ng-sra-v17/6tisch-ng-sra/examples/tsch/rpl-udp/border-router-client/border-router-client.exp5438
[16:30:40 - main] [MspMote.java:235] [INFO] - Loading firmware from: /home/dr_hakan_aydin/6tisch/6tisch-ng-sra-v17/6tisch-ng-sra/examples/tsch/rpl-udp/border-router-client/border-router-client.exp5438
[16:30:40 - main] [MspMote.java:235] [INFO] - Loading firmware from: /home/dr_hakan_aydin/6tisch/6tisch-ng-sra-v17/6tisch-ng-sra/examples/tsch/rpl-udp/border-router-client/border-router-client.exp5438
[16:30:40 - main] [MspMote.java:235] [INFO] - Loading firmware from: /home/dr_hakan_aydin/6tisch/6tisch-ng-sra-v17/6tisch-ng-sra/examples/tsch/rpl-udp/border-router-client/border-router-client.exp5438
[16:30:40 - main] [MspMote.java:235] [INFO] - Loading firmware from: /home/dr_hakan_aydin/6tisch/6tisch-ng-sra-v17/6tisch-ng-sra/examples/tsch/rpl-udp/border-router-client/border-router-client.exp5438
[16:30:40 - main] [MspMote.java:235] [INFO] - Loading firmware from: /home/dr_hakan_aydin/6tisch/6tisch-ng-sra-v17/6tisch-ng-sra/examples/tsch/rpl-udp/border-router-client/border-router-client.exp5438
[16:30:40 - main] [MspMote.java:235] [INFO] - Loading firmware from: /home/dr_hakan_aydin/6tisch/6tisch-ng-sra-v17/6tisch-ng-sra/examples/tsch/rpl-udp/border-router-client/border-router-client.exp5438
[16:30:40 - main] [MspMote.java:235] [INFO] - Loading firmware from: /home/dr_hakan_aydin/6tisch/6tisch-ng-sra-v17/6tisch-ng-sra/examples/tsch/rpl-udp/border-router-client/border-router-client.exp5438
[16:30:40 - main] [MspMote.java:235] [INFO] - Loading firmware from: /home/dr_hakan_aydin/6tisch/6tisch-ng-sra-v17/6tisch-ng-sra/examples/tsch/rpl-udp/border-router-client/border-router-client.exp5438
[16:30:40 - main] [MspMote.java:235] [INFO] - Loading firmware from: /home/dr_hakan_aydin/6tisch/6tisch-ng-sra-v17/6tisch-ng-sra/examples/tsch/rpl-udp/border-router-client/border-router-client.exp5438
[16:30:40 - main] [MspMote.java:235] [INFO] - Loading firmware from: /home/dr_hakan_aydin/6tisch/6tisch-ng-sra-v17/6tisch-ng-sra/examples/tsch/rpl-udp/border-router-client/border-router-client.exp5438
[16:30:40 - main] [MspMote.java:235] [INFO] - Loading firmware from: /home/dr_hakan_aydin/6tisch/6tisch-ng-sra-v17/6tisch-ng-sra/examples/tsch/rpl-udp/border-router-client/border-router-client.exp5438
[16:30:40 - main] [MspMote.java:235] [INFO] - Loading firmware from: /home/dr_hakan_aydin/6tisch/6tisch-ng-sra-v17/6tisch-ng-sra/examples/tsch/rpl-udp/border-router-client/border-router-client.exp5438
[16:30:40 - main] [MspMote.java:235] [INFO] - Loading firmware from: /home/dr_hakan_aydin/6tisch/6tisch-ng-sra-v17/6tisch-ng-sra/examples/tsch/rpl-udp/border-router-client/border-router-client.exp5438
[16:30:41 - main] [MspMote.java:235] [INFO] - Loading firmware from: /home/dr_hakan_aydin/6tisch/6tisch-ng-sra-v17/6tisch-ng-sra/examples/tsch/rpl-udp/border-router-client/border-router-client.exp5438
[16:30:41 - main] [MspMote.java:235] [INFO] - Loading firmware from: /home/dr_hakan_aydin/6tisch/6tisch-ng-sra-v17/6tisch-ng-sra/examples/tsch/rpl-udp/border-router-client/border-router-client.exp5438
[16:30:41 - main] [MspMote.java:235] [INFO] - Loading firmware from: /home/dr_hakan_aydin/6tisch/6tisch-ng-sra-v17/6tisch-ng-sra/examples/tsch/rpl-udp/border-router-server/border-router-server.exp5438
[16:30:41 - main] [MspMote.java:235] [INFO] - Loading firmware from: /home/dr_hakan_aydin/6tisch/6tisch-ng-sra-v17/6tisch-ng-sra/examples/tsch/rpl-udp/border-router-client/border-router-client.exp5438
[16:30:41 - main] [MspMote.java:235] [INFO] - Loading firmware from: /home/dr_hakan_aydin/6tisch/6tisch-ng-sra-v17/6tisch-ng-sra/examples/tsch/rpl-udp/border-router-client/border-router-client.exp5438
[16:30:41 - main] [MspMote.java:235] [INFO] - Loading firmware from: /home/dr_hakan_aydin/6tisch/6tisch-ng-sra-v17/6tisch-ng-sra/examples/tsch/rpl-udp/border-router-client/border-router-client.exp5438
[16:30:42 - main] [MspMote.java:235] [INFO] - Loading firmware from: /home/dr_hakan_aydin/6tisch/6tisch-ng-sra-v17/6tisch-ng-sra/examples/tsch/rpl-udp/border-router-client/border-router-client.exp5438
[16:30:42 - main] [Cooja.java:1782] [INFO] - Visualized plugin was not started: class org.contikios.cooja.plugins.SimControl
[16:30:42 - main] [Cooja.java:1782] [INFO] - Visualized plugin was not started: class org.contikios.cooja.plugins.Visualizer
[16:30:42 - main] [Cooja.java:1782] [INFO] - Visualized plugin was not started: class org.contikios.cooja.plugins.LogListener
[16:30:42 - main] [Cooja.java:1782] [INFO] - Visualized plugin was not started: class org.contikios.cooja.plugins.TimeLine
[16:30:42 - main] [ScriptRunner.java:438] [INFO] - Test script deactivated
[16:30:42 - main] [LogScriptEngine.java:265] [INFO] - Script timeout in 3800000 ms
[16:30:43 - main] [ScriptRunner.java:395] [INFO] - Test script activated
[16:30:43 - Thread-3] [Simulation.java:253] [INFO] - Simulation main loop started, system time: 1780925443207
[16:30:43 - main] [Cooja.java:3672] [FATAL] - Could not load plugin class: Mobility
[16:34:28 - Thread-3] [LogScriptEngine.java:389] [INFO] - Test script at 5.00%, done in 4286.8 sec
[16:38:58 - Thread-3] [LogScriptEngine.java:389] [INFO] - Test script at 10.00%, done in 4457.4 sec
[16:45:09 - Thread-3] [LogScriptEngine.java:389] [INFO] - Test script at 15.00%, done in 4908.8 sec
[16:52:52 - Thread-3] [LogScriptEngine.java:389] [INFO] - Test script at 20.00%, done in 5318.2 sec
[17:00:41 - Thread-3] [LogScriptEngine.java:389] [INFO] - Test script at 25.00%, done in 5393.9 sec
[17:09:09 - Thread-3] [LogScriptEngine.java:389] [INFO] - Test script at 30.00%, done in 5381.9 sec
[17:17:41 - Thread-3] [LogScriptEngine.java:389] [INFO] - Test script at 35.00%, done in 5233.3 sec
[17:26:25 - Thread-3] [LogScriptEngine.java:389] [INFO] - Test script at 40.00%, done in 5013.4 sec
[17:34:59 - Thread-3] [LogScriptEngine.java:389] [INFO] - Test script at 45.00%, done in 4713.0 sec
[17:43:40 - Thread-3] [LogScriptEngine.java:389] [INFO] - Test script at 50.00%, done in 4377.6 sec
[17:51:48 - Thread-3] [LogScriptEngine.java:389] [INFO] - Test script at 55.00%, done in 3980.4 sec
[17:59:53 - Thread-3] [LogScriptEngine.java:389] [INFO] - Test script at 60.00%, done in 3566.6 sec
[18:08:01 - Thread-3] [LogScriptEngine.java:389] [INFO] - Test script at 65.00%, done in 3143.6 sec
[18:16:40 - Thread-3] [LogScriptEngine.java:389] [INFO] - Test script at 70.00%, done in 2724.6 sec
[18:25:29 - Thread-3] [LogScriptEngine.java:389] [INFO] - Test script at 75.00%, done in 2295.6 sec
[18:33:48 - Thread-3] [LogScriptEngine.java:389] [INFO] - Test script at 80.00%, done in 1846.2 sec
[18:41:22 - Thread-3] [LogScriptEngine.java:389] [INFO] - Test script at 85.00%, done in 1383.3 sec
[18:49:19 - Thread-3] [LogScriptEngine.java:389] [INFO] - Test script at 90.00%, done in 924.0 sec
[18:58:00 - Thread-3] [LogScriptEngine.java:389] [INFO] - Test script at 95.00%, done in 465.1 sec
[19:07:04 - Thread-3] [LogScriptEngine.java:375] [INFO] - Timeout event @ 3800000000
[19:07:04 - Thread-2] [LogScriptEngine.java:309] [INFO] - Test script finished
[19:07:04 - Thread-3] [Simulation.java:312] [INFO] - Simulation main loop stopped, system time: 1780934824333	Duration: 9381126 ms	Simulated time 3800000 ms	Ratio 0.40506864527776304
[19:07:04 - AWT-EventQueue-1] [ScriptRunner.java:438] [INFO] - Test script deactivated
