[16:30:31 - main] [Cooja.java:3173] [WARN] - JAVA_HOME environment variable not set, Cooja motes may not compile
[16:30:31 - main] [Cooja.java:1316] [INFO] - > Starting Cooja
[16:30:31 - main] [Cooja.java:2857] [INFO] - External tools default settings: /external_tools_linux_64.config
[16:30:31 - main] [Cooja.java:2887] [INFO] - External tools user settings: /home/dr_hakan_aydin/.cooja.user.properties
[16:30:31 - main] [Cooja.java:1941] [FATAL] - No plugin class: class org.contikios.cooja.plugins.CollectViewFull: org/jfree/data/xy/XYDataset
[16:30:32 - main] [Cooja.java:3626] [WARN] - Loaded simulation may depend on not found  extension: '/home/dr_hakan_aydin/6tisch/6tisch-ng-sra-v17/6tisch-ng-sra/tools/cooja/apps/mobility'
[16:30:32 - main] [Simulation.java:422] [INFO] - Simulation random seed: 490485
[16:30:32 - main] [CompileContiki.java:140] [INFO] - > make border-router-server.exp5438 TARGET=exp5438 
[16:30:32 - main] [CompileContiki.java:140] [INFO] - > make border-router-client.exp5438 TARGET=exp5438 
[16:30:32 - main] [MspMote.java:235] [INFO] - Loading firmware from: /home/dr_hakan_aydin/6tisch/6tisch-ng-sra-v17/6tisch-ng-sra/examples/tsch/rpl-udp/border-router-client/border-router-client.exp5438
[16:30:33 - main] [MspMote.java:235] [INFO] - Loading firmware from: /home/dr_hakan_aydin/6tisch/6tisch-ng-sra-v17/6tisch-ng-sra/examples/tsch/rpl-udp/border-router-client/border-router-client.exp5438
[16:30:33 - main] [MspMote.java:235] [INFO] - Loading firmware from: /home/dr_hakan_aydin/6tisch/6tisch-ng-sra-v17/6tisch-ng-sra/examples/tsch/rpl-udp/border-router-client/border-router-client.exp5438
[16:30:33 - main] [MspMote.java:235] [INFO] - Loading firmware from: /home/dr_hakan_aydin/6tisch/6tisch-ng-sra-v17/6tisch-ng-sra/examples/tsch/rpl-udp/border-router-client/border-router-client.exp5438
[16:30:33 - main] [MspMote.java:235] [INFO] - Loading firmware from: /home/dr_hakan_aydin/6tisch/6tisch-ng-sra-v17/6tisch-ng-sra/examples/tsch/rpl-udp/border-router-client/border-router-client.exp5438
[16:30:33 - main] [MspMote.java:235] [INFO] - Loading firmware from: /home/dr_hakan_aydin/6tisch/6tisch-ng-sra-v17/6tisch-ng-sra/examples/tsch/rpl-udp/border-router-client/border-router-client.exp5438
[16:30:33 - main] [MspMote.java:235] [INFO] - Loading firmware from: /home/dr_hakan_aydin/6tisch/6tisch-ng-sra-v17/6tisch-ng-sra/examples/tsch/rpl-udp/border-router-client/border-router-client.exp5438
[16:30:33 - main] [MspMote.java:235] [INFO] - Loading firmware from: /home/dr_hakan_aydin/6tisch/6tisch-ng-sra-v17/6tisch-ng-sra/examples/tsch/rpl-udp/border-router-client/border-router-client.exp5438
[16:30:33 - main] [MspMote.java:235] [INFO] - Loading firmware from: /home/dr_hakan_aydin/6tisch/6tisch-ng-sra-v17/6tisch-ng-sra/examples/tsch/rpl-udp/border-router-client/border-router-client.exp5438
[16:30:34 - main] [MspMote.java:235] [INFO] - Loading firmware from: /home/dr_hakan_aydin/6tisch/6tisch-ng-sra-v17/6tisch-ng-sra/examples/tsch/rpl-udp/border-router-client/border-router-client.exp5438
[16:30:34 - main] [MspMote.java:235] [INFO] - Loading firmware from: /home/dr_hakan_aydin/6tisch/6tisch-ng-sra-v17/6tisch-ng-sra/examples/tsch/rpl-udp/border-router-client/border-router-client.exp5438
[16:30:34 - main] [MspMote.java:235] [INFO] - Loading firmware from: /home/dr_hakan_aydin/6tisch/6tisch-ng-sra-v17/6tisch-ng-sra/examples/tsch/rpl-udp/border-router-client/border-router-client.exp5438
[16:30:34 - main] [MspMote.java:235] [INFO] - Loading firmware from: /home/dr_hakan_aydin/6tisch/6tisch-ng-sra-v17/6tisch-ng-sra/examples/tsch/rpl-udp/border-router-client/border-router-client.exp5438
[16:30:34 - main] [MspMote.java:235] [INFO] - Loading firmware from: /home/dr_hakan_aydin/6tisch/6tisch-ng-sra-v17/6tisch-ng-sra/examples/tsch/rpl-udp/border-router-client/border-router-client.exp5438
[16:30:34 - main] [MspMote.java:235] [INFO] - Loading firmware from: /home/dr_hakan_aydin/6tisch/6tisch-ng-sra-v17/6tisch-ng-sra/examples/tsch/rpl-udp/border-router-client/border-router-client.exp5438
[16:30:34 - main] [MspMote.java:235] [INFO] - Loading firmware from: /home/dr_hakan_aydin/6tisch/6tisch-ng-sra-v17/6tisch-ng-sra/examples/tsch/rpl-udp/border-router-client/border-router-client.exp5438
[16:30:34 - main] [MspMote.java:235] [INFO] - Loading firmware from: /home/dr_hakan_aydin/6tisch/6tisch-ng-sra-v17/6tisch-ng-sra/examples/tsch/rpl-udp/border-router-client/border-router-client.exp5438
[16:30:34 - main] [MspMote.java:235] [INFO] - Loading firmware from: /home/dr_hakan_aydin/6tisch/6tisch-ng-sra-v17/6tisch-ng-sra/examples/tsch/rpl-udp/border-router-client/border-router-client.exp5438
[16:30:34 - main] [MspMote.java:235] [INFO] - Loading firmware from: /home/dr_hakan_aydin/6tisch/6tisch-ng-sra-v17/6tisch-ng-sra/examples/tsch/rpl-udp/border-router-client/border-router-client.exp5438
[16:30:34 - main] [MspMote.java:235] [INFO] - Loading firmware from: /home/dr_hakan_aydin/6tisch/6tisch-ng-sra-v17/6tisch-ng-sra/examples/tsch/rpl-udp/border-router-client/border-router-client.exp5438
[16:30:34 - main] [MspMote.java:235] [INFO] - Loading firmware from: /home/dr_hakan_aydin/6tisch/6tisch-ng-sra-v17/6tisch-ng-sra/examples/tsch/rpl-udp/border-router-client/border-router-client.exp5438
[16:30:35 - main] [MspMote.java:235] [INFO] - Loading firmware from: /home/dr_hakan_aydin/6tisch/6tisch-ng-sra-v17/6tisch-ng-sra/examples/tsch/rpl-udp/border-router-client/border-router-client.exp5438
[16:30:35 - main] [MspMote.java:235] [INFO] - Loading firmware from: /home/dr_hakan_aydin/6tisch/6tisch-ng-sra-v17/6tisch-ng-sra/examples/tsch/rpl-udp/border-router-client/border-router-client.exp5438
[16:30:35 - main] [MspMote.java:235] [INFO] - Loading firmware from: /home/dr_hakan_aydin/6tisch/6tisch-ng-sra-v17/6tisch-ng-sra/examples/tsch/rpl-udp/border-router-client/border-router-client.exp5438
[16:30:35 - main] [MspMote.java:235] [INFO] - Loading firmware from: /home/dr_hakan_aydin/6tisch/6tisch-ng-sra-v17/6tisch-ng-sra/examples/tsch/rpl-udp/border-router-client/border-router-client.exp5438
[16:30:35 - main] [MspMote.java:235] [INFO] - Loading firmware from: /home/dr_hakan_aydin/6tisch/6tisch-ng-sra-v17/6tisch-ng-sra/examples/tsch/rpl-udp/border-router-client/border-router-client.exp5438
[16:30:35 - main] [MspMote.java:235] [INFO] - Loading firmware from: /home/dr_hakan_aydin/6tisch/6tisch-ng-sra-v17/6tisch-ng-sra/examples/tsch/rpl-udp/border-router-server/border-router-server.exp5438
[16:30:35 - main] [MspMote.java:235] [INFO] - Loading firmware from: /home/dr_hakan_aydin/6tisch/6tisch-ng-sra-v17/6tisch-ng-sra/examples/tsch/rpl-udp/border-router-client/border-router-client.exp5438
[16:30:35 - main] [MspMote.java:235] [INFO] - Loading firmware from: /home/dr_hakan_aydin/6tisch/6tisch-ng-sra-v17/6tisch-ng-sra/examples/tsch/rpl-udp/border-router-client/border-router-client.exp5438
[16:30:36 - main] [MspMote.java:235] [INFO] - Loading firmware from: /home/dr_hakan_aydin/6tisch/6tisch-ng-sra-v17/6tisch-ng-sra/examples/tsch/rpl-udp/border-router-client/border-router-client.exp5438
[16:30:36 - main] [MspMote.java:235] [INFO] - Loading firmware from: /home/dr_hakan_aydin/6tisch/6tisch-ng-sra-v17/6tisch-ng-sra/examples/tsch/rpl-udp/border-router-client/border-router-client.exp5438
[16:30:36 - main] [Cooja.java:1782] [INFO] - Visualized plugin was not started: class org.contikios.cooja.plugins.SimControl
[16:30:36 - main] [Cooja.java:1782] [INFO] - Visualized plugin was not started: class org.contikios.cooja.plugins.Visualizer
[16:30:36 - main] [Cooja.java:1782] [INFO] - Visualized plugin was not started: class org.contikios.cooja.plugins.LogListener
[16:30:36 - main] [Cooja.java:1782] [INFO] - Visualized plugin was not started: class org.contikios.cooja.plugins.TimeLine
[16:30:36 - main] [ScriptRunner.java:438] [INFO] - Test script deactivated
[16:30:36 - main] [LogScriptEngine.java:265] [INFO] - Script timeout in 3800000 ms
[16:30:37 - main] [ScriptRunner.java:395] [INFO] - Test script activated
[16:30:37 - Thread-3] [Simulation.java:253] [INFO] - Simulation main loop started, system time: 1780925437340
[16:30:37 - main] [Cooja.java:3672] [FATAL] - Could not load plugin class: Mobility
[16:33:30 - Thread-3] [LogScriptEngine.java:389] [INFO] - Test script at 5.00%, done in 3284.5 sec
[16:37:56 - Thread-3] [LogScriptEngine.java:389] [INFO] - Test script at 10.00%, done in 3955.9 sec
[16:43:18 - Thread-3] [LogScriptEngine.java:389] [INFO] - Test script at 15.00%, done in 4316.0 sec
[16:50:49 - Thread-3] [LogScriptEngine.java:389] [INFO] - Test script at 20.00%, done in 4848.4 sec
[16:59:01 - Thread-3] [LogScriptEngine.java:389] [INFO] - Test script at 25.00%, done in 5112.8 sec
[17:08:07 - Thread-3] [LogScriptEngine.java:389] [INFO] - Test script at 30.00%, done in 5250.0 sec
[17:16:37 - Thread-3] [LogScriptEngine.java:389] [INFO] - Test script at 35.00%, done in 5125.3 sec
[17:25:34 - Thread-3] [LogScriptEngine.java:389] [INFO] - Test script at 40.00%, done in 4945.4 sec
[17:34:04 - Thread-3] [LogScriptEngine.java:389] [INFO] - Test script at 45.00%, done in 4653.1 sec
[17:35:01 - Thread-3] [MspMote.java:229] [WARN] - 1: # Watchdog[EXECUTION]: illegal write to WDTCTL (0) from $103ce - reset!!!!
[17:42:17 - Thread-3] [LogScriptEngine.java:389] [INFO] - Test script at 50.00%, done in 4300.2 sec
[17:50:58 - Thread-3] [LogScriptEngine.java:389] [INFO] - Test script at 55.00%, done in 3945.0 sec
[17:59:31 - Thread-3] [LogScriptEngine.java:389] [INFO] - Test script at 60.00%, done in 3556.0 sec
[18:07:16 - Thread-3] [LogScriptEngine.java:389] [INFO] - Test script at 65.00%, done in 3122.5 sec
[18:16:18 - Thread-3] [LogScriptEngine.java:389] [INFO] - Test script at 70.00%, done in 2717.5 sec
[18:25:03 - Thread-3] [LogScriptEngine.java:389] [INFO] - Test script at 75.00%, done in 2288.8 sec
[18:32:28 - Thread-3] [LogScriptEngine.java:389] [INFO] - Test script at 80.00%, done in 1827.9 sec
[18:39:04 - Thread-3] [LogScriptEngine.java:389] [INFO] - Test script at 85.00%, done in 1360.0 sec
[18:46:54 - Thread-3] [LogScriptEngine.java:389] [INFO] - Test script at 90.00%, done in 908.6 sec
[18:55:28 - Thread-3] [LogScriptEngine.java:389] [INFO] - Test script at 95.00%, done in 457.4 sec
[19:03:43 - Thread-3] [LogScriptEngine.java:375] [INFO] - Timeout event @ 3800000000
[19:03:43 - Thread-2] [LogScriptEngine.java:309] [INFO] - Test script finished
[19:03:43 - Thread-3] [Simulation.java:312] [INFO] - Simulation main loop stopped, system time: 1780934623247	Duration: 9185907 ms	Simulated time 3800000 ms	Ratio 0.4136771687324942
[19:03:43 - AWT-EventQueue-1] [ScriptRunner.java:438] [INFO] - Test script deactivated
