[19:55:52 - main] [Cooja.java:1316] [INFO] - > Starting Cooja
[19:55:52 - main] [Cooja.java:2857] [INFO] - External tools default settings: /external_tools_linux_64.config
[19:55:52 - main] [Cooja.java:2887] [INFO] - External tools user settings: /home/drhakanaydin/.cooja.user.properties
[19:55:52 - main] [Cooja.java:1941] [FATAL] - No plugin class: class org.contikios.cooja.plugins.CollectViewFull: org/jfree/data/time/RegularTimePeriod
[19:55:52 - main] [Cooja.java:3626] [WARN] - Loaded simulation may depend on not found  extension: '/home/drhakanaydin/6tisch-ng-sra-v17/6tisch-ng-sra/tools/cooja/apps/mobility'
[19:55:53 - main] [Simulation.java:422] [INFO] - Simulation random seed: 727614
[19:55:53 - main] [CompileContiki.java:140] [INFO] - > make border-router-server_rpl.exp5438 TARGET=exp5438 
[19:55:53 - main] [CompileContiki.java:140] [INFO] - > make border-router-client_rpl.exp5438 TARGET=exp5438 
[19:55:53 - main] [MspMote.java:235] [INFO] - Loading firmware from: /home/drhakanaydin/6tisch-ng-sra-v17/6tisch-ng-sra/examples/tsch/rpl-udp/border-router-client_rpl/border-router-client_rpl.exp5438
[19:55:54 - main] [MspMote.java:235] [INFO] - Loading firmware from: /home/drhakanaydin/6tisch-ng-sra-v17/6tisch-ng-sra/examples/tsch/rpl-udp/border-router-client_rpl/border-router-client_rpl.exp5438
[19:55:54 - main] [MspMote.java:235] [INFO] - Loading firmware from: /home/drhakanaydin/6tisch-ng-sra-v17/6tisch-ng-sra/examples/tsch/rpl-udp/border-router-client_rpl/border-router-client_rpl.exp5438
[19:55:55 - main] [MspMote.java:235] [INFO] - Loading firmware from: /home/drhakanaydin/6tisch-ng-sra-v17/6tisch-ng-sra/examples/tsch/rpl-udp/border-router-client_rpl/border-router-client_rpl.exp5438
[19:55:55 - main] [MspMote.java:235] [INFO] - Loading firmware from: /home/drhakanaydin/6tisch-ng-sra-v17/6tisch-ng-sra/examples/tsch/rpl-udp/border-router-client_rpl/border-router-client_rpl.exp5438
[19:55:55 - main] [MspMote.java:235] [INFO] - Loading firmware from: /home/drhakanaydin/6tisch-ng-sra-v17/6tisch-ng-sra/examples/tsch/rpl-udp/border-router-client_rpl/border-router-client_rpl.exp5438
[19:55:55 - main] [MspMote.java:235] [INFO] - Loading firmware from: /home/drhakanaydin/6tisch-ng-sra-v17/6tisch-ng-sra/examples/tsch/rpl-udp/border-router-client_rpl/border-router-client_rpl.exp5438
[19:55:55 - main] [MspMote.java:235] [INFO] - Loading firmware from: /home/drhakanaydin/6tisch-ng-sra-v17/6tisch-ng-sra/examples/tsch/rpl-udp/border-router-server_rpl/border-router-server_rpl.exp5438
[19:55:56 - main] [MspMote.java:235] [INFO] - Loading firmware from: /home/drhakanaydin/6tisch-ng-sra-v17/6tisch-ng-sra/examples/tsch/rpl-udp/border-router-client_rpl/border-router-client_rpl.exp5438
[19:55:56 - main] [MspMote.java:235] [INFO] - Loading firmware from: /home/drhakanaydin/6tisch-ng-sra-v17/6tisch-ng-sra/examples/tsch/rpl-udp/border-router-client_rpl/border-router-client_rpl.exp5438
[19:55:56 - main] [MspMote.java:235] [INFO] - Loading firmware from: /home/drhakanaydin/6tisch-ng-sra-v17/6tisch-ng-sra/examples/tsch/rpl-udp/border-router-client_rpl/border-router-client_rpl.exp5438
[19:55:56 - main] [MspMote.java:235] [INFO] - Loading firmware from: /home/drhakanaydin/6tisch-ng-sra-v17/6tisch-ng-sra/examples/tsch/rpl-udp/border-router-client_rpl/border-router-client_rpl.exp5438
[19:55:56 - main] [MspMote.java:235] [INFO] - Loading firmware from: /home/drhakanaydin/6tisch-ng-sra-v17/6tisch-ng-sra/examples/tsch/rpl-udp/border-router-client_rpl/border-router-client_rpl.exp5438
[19:55:57 - main] [MspMote.java:235] [INFO] - Loading firmware from: /home/drhakanaydin/6tisch-ng-sra-v17/6tisch-ng-sra/examples/tsch/rpl-udp/border-router-client_rpl/border-router-client_rpl.exp5438
[19:55:57 - main] [MspMote.java:235] [INFO] - Loading firmware from: /home/drhakanaydin/6tisch-ng-sra-v17/6tisch-ng-sra/examples/tsch/rpl-udp/border-router-client_rpl/border-router-client_rpl.exp5438
[19:55:57 - main] [MspMote.java:235] [INFO] - Loading firmware from: /home/drhakanaydin/6tisch-ng-sra-v17/6tisch-ng-sra/examples/tsch/rpl-udp/border-router-client_rpl/border-router-client_rpl.exp5438
[19:55:57 - main] [MspMote.java:235] [INFO] - Loading firmware from: /home/drhakanaydin/6tisch-ng-sra-v17/6tisch-ng-sra/examples/tsch/rpl-udp/border-router-client_rpl/border-router-client_rpl.exp5438
[19:55:57 - main] [MspMote.java:235] [INFO] - Loading firmware from: /home/drhakanaydin/6tisch-ng-sra-v17/6tisch-ng-sra/examples/tsch/rpl-udp/border-router-client_rpl/border-router-client_rpl.exp5438
[19:55:57 - main] [MspMote.java:235] [INFO] - Loading firmware from: /home/drhakanaydin/6tisch-ng-sra-v17/6tisch-ng-sra/examples/tsch/rpl-udp/border-router-client_rpl/border-router-client_rpl.exp5438
[19:55:57 - main] [MspMote.java:235] [INFO] - Loading firmware from: /home/drhakanaydin/6tisch-ng-sra-v17/6tisch-ng-sra/examples/tsch/rpl-udp/border-router-client_rpl/border-router-client_rpl.exp5438
[19:55:57 - main] [MspMote.java:235] [INFO] - Loading firmware from: /home/drhakanaydin/6tisch-ng-sra-v17/6tisch-ng-sra/examples/tsch/rpl-udp/border-router-client_rpl/border-router-client_rpl.exp5438
[19:55:57 - main] [MspMote.java:235] [INFO] - Loading firmware from: /home/drhakanaydin/6tisch-ng-sra-v17/6tisch-ng-sra/examples/tsch/rpl-udp/border-router-client_rpl/border-router-client_rpl.exp5438
[19:55:58 - main] [MspMote.java:235] [INFO] - Loading firmware from: /home/drhakanaydin/6tisch-ng-sra-v17/6tisch-ng-sra/examples/tsch/rpl-udp/border-router-client_rpl/border-router-client_rpl.exp5438
[19:55:58 - main] [MspMote.java:235] [INFO] - Loading firmware from: /home/drhakanaydin/6tisch-ng-sra-v17/6tisch-ng-sra/examples/tsch/rpl-udp/border-router-client_rpl/border-router-client_rpl.exp5438
[19:55:58 - main] [MspMote.java:235] [INFO] - Loading firmware from: /home/drhakanaydin/6tisch-ng-sra-v17/6tisch-ng-sra/examples/tsch/rpl-udp/border-router-client_rpl/border-router-client_rpl.exp5438
[19:55:58 - main] [MspMote.java:235] [INFO] - Loading firmware from: /home/drhakanaydin/6tisch-ng-sra-v17/6tisch-ng-sra/examples/tsch/rpl-udp/border-router-client_rpl/border-router-client_rpl.exp5438
[19:55:58 - main] [MspMote.java:235] [INFO] - Loading firmware from: /home/drhakanaydin/6tisch-ng-sra-v17/6tisch-ng-sra/examples/tsch/rpl-udp/border-router-client_rpl/border-router-client_rpl.exp5438
[19:55:58 - main] [MspMote.java:235] [INFO] - Loading firmware from: /home/drhakanaydin/6tisch-ng-sra-v17/6tisch-ng-sra/examples/tsch/rpl-udp/border-router-client_rpl/border-router-client_rpl.exp5438
[19:55:58 - main] [MspMote.java:235] [INFO] - Loading firmware from: /home/drhakanaydin/6tisch-ng-sra-v17/6tisch-ng-sra/examples/tsch/rpl-udp/border-router-client_rpl/border-router-client_rpl.exp5438
[19:55:58 - main] [MspMote.java:235] [INFO] - Loading firmware from: /home/drhakanaydin/6tisch-ng-sra-v17/6tisch-ng-sra/examples/tsch/rpl-udp/border-router-client_rpl/border-router-client_rpl.exp5438
[19:55:58 - main] [MspMote.java:235] [INFO] - Loading firmware from: /home/drhakanaydin/6tisch-ng-sra-v17/6tisch-ng-sra/examples/tsch/rpl-udp/border-router-client_rpl/border-router-client_rpl.exp5438
[19:55:59 - main] [MspMote.java:235] [INFO] - Loading firmware from: /home/drhakanaydin/6tisch-ng-sra-v17/6tisch-ng-sra/examples/tsch/rpl-udp/border-router-client_rpl/border-router-client_rpl.exp5438
[19:55:59 - main] [MspMote.java:235] [INFO] - Loading firmware from: /home/drhakanaydin/6tisch-ng-sra-v17/6tisch-ng-sra/examples/tsch/rpl-udp/border-router-client_rpl/border-router-client_rpl.exp5438
[19:55:59 - main] [MspMote.java:235] [INFO] - Loading firmware from: /home/drhakanaydin/6tisch-ng-sra-v17/6tisch-ng-sra/examples/tsch/rpl-udp/border-router-client_rpl/border-router-client_rpl.exp5438
[19:55:59 - main] [MspMote.java:235] [INFO] - Loading firmware from: /home/drhakanaydin/6tisch-ng-sra-v17/6tisch-ng-sra/examples/tsch/rpl-udp/border-router-client_rpl/border-router-client_rpl.exp5438
[19:55:59 - main] [MspMote.java:235] [INFO] - Loading firmware from: /home/drhakanaydin/6tisch-ng-sra-v17/6tisch-ng-sra/examples/tsch/rpl-udp/border-router-client_rpl/border-router-client_rpl.exp5438
[19:55:59 - main] [MspMote.java:235] [INFO] - Loading firmware from: /home/drhakanaydin/6tisch-ng-sra-v17/6tisch-ng-sra/examples/tsch/rpl-udp/border-router-client_rpl/border-router-client_rpl.exp5438
[19:55:59 - main] [MspMote.java:235] [INFO] - Loading firmware from: /home/drhakanaydin/6tisch-ng-sra-v17/6tisch-ng-sra/examples/tsch/rpl-udp/border-router-client_rpl/border-router-client_rpl.exp5438
[19:55:59 - main] [MspMote.java:235] [INFO] - Loading firmware from: /home/drhakanaydin/6tisch-ng-sra-v17/6tisch-ng-sra/examples/tsch/rpl-udp/border-router-client_rpl/border-router-client_rpl.exp5438
[19:55:59 - main] [MspMote.java:235] [INFO] - Loading firmware from: /home/drhakanaydin/6tisch-ng-sra-v17/6tisch-ng-sra/examples/tsch/rpl-udp/border-router-client_rpl/border-router-client_rpl.exp5438
[19:55:59 - main] [MspMote.java:235] [INFO] - Loading firmware from: /home/drhakanaydin/6tisch-ng-sra-v17/6tisch-ng-sra/examples/tsch/rpl-udp/border-router-client_rpl/border-router-client_rpl.exp5438
[19:56:00 - main] [MspMote.java:235] [INFO] - Loading firmware from: /home/drhakanaydin/6tisch-ng-sra-v17/6tisch-ng-sra/examples/tsch/rpl-udp/border-router-client_rpl/border-router-client_rpl.exp5438
[19:56:00 - main] [MspMote.java:235] [INFO] - Loading firmware from: /home/drhakanaydin/6tisch-ng-sra-v17/6tisch-ng-sra/examples/tsch/rpl-udp/border-router-client_rpl/border-router-client_rpl.exp5438
[19:56:00 - main] [MspMote.java:235] [INFO] - Loading firmware from: /home/drhakanaydin/6tisch-ng-sra-v17/6tisch-ng-sra/examples/tsch/rpl-udp/border-router-client_rpl/border-router-client_rpl.exp5438
[19:56:00 - main] [MspMote.java:235] [INFO] - Loading firmware from: /home/drhakanaydin/6tisch-ng-sra-v17/6tisch-ng-sra/examples/tsch/rpl-udp/border-router-client_rpl/border-router-client_rpl.exp5438
[19:56:00 - main] [MspMote.java:235] [INFO] - Loading firmware from: /home/drhakanaydin/6tisch-ng-sra-v17/6tisch-ng-sra/examples/tsch/rpl-udp/border-router-client_rpl/border-router-client_rpl.exp5438
[19:56:00 - main] [MspMote.java:235] [INFO] - Loading firmware from: /home/drhakanaydin/6tisch-ng-sra-v17/6tisch-ng-sra/examples/tsch/rpl-udp/border-router-client_rpl/border-router-client_rpl.exp5438
[19:56:00 - main] [MspMote.java:235] [INFO] - Loading firmware from: /home/drhakanaydin/6tisch-ng-sra-v17/6tisch-ng-sra/examples/tsch/rpl-udp/border-router-client_rpl/border-router-client_rpl.exp5438
[19:56:00 - main] [MspMote.java:235] [INFO] - Loading firmware from: /home/drhakanaydin/6tisch-ng-sra-v17/6tisch-ng-sra/examples/tsch/rpl-udp/border-router-client_rpl/border-router-client_rpl.exp5438
[19:56:00 - main] [MspMote.java:235] [INFO] - Loading firmware from: /home/drhakanaydin/6tisch-ng-sra-v17/6tisch-ng-sra/examples/tsch/rpl-udp/border-router-client_rpl/border-router-client_rpl.exp5438
[19:56:00 - main] [MspMote.java:235] [INFO] - Loading firmware from: /home/drhakanaydin/6tisch-ng-sra-v17/6tisch-ng-sra/examples/tsch/rpl-udp/border-router-client_rpl/border-router-client_rpl.exp5438
[19:56:01 - main] [Cooja.java:1782] [INFO] - Visualized plugin was not started: class org.contikios.cooja.plugins.SimControl
[19:56:01 - main] [Cooja.java:1782] [INFO] - Visualized plugin was not started: class org.contikios.cooja.plugins.Visualizer
[19:56:01 - main] [Cooja.java:1782] [INFO] - Visualized plugin was not started: class org.contikios.cooja.plugins.LogListener
[19:56:01 - main] [Cooja.java:1782] [INFO] - Visualized plugin was not started: class org.contikios.cooja.plugins.TimeLine
[19:56:01 - main] [ScriptRunner.java:438] [INFO] - Test script deactivated
[19:56:02 - main] [LogScriptEngine.java:265] [INFO] - Script timeout in 3800000 ms
[19:56:02 - main] [ScriptRunner.java:395] [INFO] - Test script activated
[19:56:02 - Thread-2] [Simulation.java:253] [INFO] - Simulation main loop started, system time: 1790355362506
[19:56:02 - main] [Cooja.java:3672] [FATAL] - Could not load plugin class: Mobility
[20:00:39 - Thread-2] [LogScriptEngine.java:389] [INFO] - Test script at 5.00%, done in 5266.4 sec
[20:01:22 - Thread-2] [MspMote.java:229] [WARN] - 10: # Watchdog[EXECUTION]: illegal write to WDTCTL (0) from $103ca - reset!!!!
[20:01:23 - Thread-2] [MspMote.java:229] [WARN] - 20: # Watchdog[EXECUTION]: illegal write to WDTCTL (0) from $103ca - reset!!!!
[20:07:16 - Thread-2] [LogScriptEngine.java:389] [INFO] - Test script at 10.00%, done in 6066.0 sec
[20:08:10 - Thread-2] [MspMote.java:229] [WARN] - 19: # Watchdog[EXECUTION]: illegal write to WDTCTL (0) from $103ca - reset!!!!
[20:08:23 - Thread-2] [MspMote.java:229] [WARN] - 20: # Watchdog[EXECUTION]: illegal write to WDTCTL (0) from $103ca - reset!!!!
[20:09:48 - Thread-2] [MspMote.java:229] [WARN] - 33: # Watchdog[EXECUTION]: illegal write to WDTCTL (0) from $103ca - reset!!!!
[20:11:26 - Thread-2] [MspMote.java:229] [WARN] - 28: # Watchdog[EXECUTION]: illegal write to WDTCTL (0) from $103ca - reset!!!!
[20:11:53 - Thread-2] [MspMote.java:229] [WARN] - 3: # Watchdog[EXECUTION]: illegal write to WDTCTL (0) from $103ca - reset!!!!
[20:12:51 - Thread-2] [MspMote.java:229] [WARN] - 30: # Watchdog[EXECUTION]: illegal write to WDTCTL (0) from $103ca - reset!!!!
[20:13:47 - Thread-2] [MspMote.java:229] [WARN] - 1: # Watchdog[EXECUTION]: illegal write to WDTCTL (0) from $103ca - reset!!!!
[20:14:18 - Thread-2] [LogScriptEngine.java:389] [INFO] - Test script at 15.00%, done in 6208.8 sec
[20:14:45 - Thread-2] [MspMote.java:229] [WARN] - 49: # Watchdog[EXECUTION]: illegal write to WDTCTL (0) from $103ca - reset!!!!
[20:15:12 - Thread-2] [MspMote.java:229] [WARN] - 41: # Watchdog[EXECUTION]: illegal write to WDTCTL (0) from $103ca - reset!!!!
[20:15:23 - Thread-2] [MspMote.java:229] [WARN] - 13: # Watchdog[EXECUTION]: illegal write to WDTCTL (0) from $103ca - reset!!!!
[20:15:26 - Thread-2] [MspMote.java:229] [WARN] - 25: # Watchdog[EXECUTION]: illegal write to WDTCTL (0) from $103ca - reset!!!!
[20:15:34 - Thread-2] [MspMote.java:229] [WARN] - 14: # Watchdog[EXECUTION]: illegal write to WDTCTL (0) from $103ca - reset!!!!
[20:15:34 - Thread-2] [MspMote.java:229] [WARN] - 32: # Watchdog[EXECUTION]: illegal write to WDTCTL (0) from $103ca - reset!!!!
[20:15:43 - Thread-2] [MspMote.java:229] [WARN] - 35: # Watchdog[EXECUTION]: illegal write to WDTCTL (0) from $103ca - reset!!!!
[20:15:55 - Thread-2] [MspMote.java:229] [WARN] - 9: # Watchdog[EXECUTION]: illegal write to WDTCTL (0) from $103ca - reset!!!!
[20:15:59 - Thread-2] [MspMote.java:229] [WARN] - 19: # Watchdog[EXECUTION]: illegal write to WDTCTL (0) from $103ca - reset!!!!
[20:16:43 - Thread-2] [MspMote.java:229] [WARN] - 3: # Watchdog[EXECUTION]: illegal write to WDTCTL (0) from $103ca - reset!!!!
[20:17:12 - Thread-2] [MspMote.java:229] [WARN] - 18: # Watchdog[EXECUTION]: illegal write to WDTCTL (0) from $103ca - reset!!!!
[20:17:52 - Thread-2] [MspMote.java:229] [WARN] - 2: # Watchdog[EXECUTION]: illegal write to WDTCTL (0) from $103ca - reset!!!!
[20:18:03 - Thread-2] [MspMote.java:229] [WARN] - 5: # Watchdog[EXECUTION]: illegal write to WDTCTL (0) from $103ca - reset!!!!
[20:22:08 - Thread-2] [MspMote.java:229] [WARN] - 50: # Watchdog[EXECUTION]: illegal write to WDTCTL (0) from $103ca - reset!!!!
[20:22:17 - Thread-2] [MspMote.java:229] [WARN] - 14: # Watchdog[EXECUTION]: illegal write to WDTCTL (0) from $103ca - reset!!!!
[20:23:10 - Thread-2] [MspMote.java:229] [WARN] - 1: # Watchdog[EXECUTION]: illegal write to WDTCTL (0) from $103ca - reset!!!!
[20:23:32 - Thread-2] [LogScriptEngine.java:389] [INFO] - Test script at 20.00%, done in 6599.4 sec
[20:27:21 - Thread-2] [MspMote.java:229] [WARN] - 3: # Watchdog[EXECUTION]: illegal write to WDTCTL (0) from $103ca - reset!!!!
[20:29:29 - Thread-2] [MspMote.java:229] [WARN] - 16: # Watchdog[EXECUTION]: illegal write to WDTCTL (0) from $103ca - reset!!!!
[20:30:00 - Thread-2] [MspMote.java:229] [WARN] - 1: # Watchdog[EXECUTION]: illegal write to WDTCTL (0) from $103ca - reset!!!!
[20:31:51 - Thread-2] [MspMote.java:229] [WARN] - 41: # Watchdog[EXECUTION]: illegal write to WDTCTL (0) from $103ca - reset!!!!
[20:32:28 - Thread-2] [MspMote.java:229] [WARN] - 23: # Watchdog[EXECUTION]: illegal write to WDTCTL (0) from $103ca - reset!!!!
[20:35:21 - Thread-2] [MspMote.java:229] [WARN] - 10: # Watchdog[EXECUTION]: illegal write to WDTCTL (0) from $103ca - reset!!!!
[20:35:33 - Thread-2] [LogScriptEngine.java:389] [INFO] - Test script at 25.00%, done in 7112.1 sec
[20:38:38 - Thread-2] [MspMote.java:229] [WARN] - 17: # Watchdog[EXECUTION]: illegal write to WDTCTL (0) from $103ca - reset!!!!
[20:38:44 - Thread-2] [MspMote.java:229] [WARN] - 42: # Watchdog[EXECUTION]: illegal write to WDTCTL (0) from $103ca - reset!!!!
[20:40:55 - Thread-2] [MspMote.java:229] [WARN] - 19: # Watchdog[EXECUTION]: illegal write to WDTCTL (0) from $103ca - reset!!!!
[20:49:09 - Thread-2] [LogScriptEngine.java:389] [INFO] - Test script at 30.00%, done in 7436.1 sec
[20:59:58 - Thread-2] [MspMote.java:229] [WARN] - 30: # Watchdog[EXECUTION]: illegal write to WDTCTL (0) from $103ca - reset!!!!
[21:05:55 - Thread-2] [LogScriptEngine.java:389] [INFO] - Test script at 35.00%, done in 7787.7 sec
[21:16:11 - Thread-2] [MspMote.java:229] [WARN] - 3: # Watchdog[EXECUTION]: illegal write to WDTCTL (0) from $103ca - reset!!!!
[21:24:06 - Thread-2] [LogScriptEngine.java:389] [INFO] - Test script at 40.00%, done in 7926.3 sec
[21:42:14 - Thread-2] [LogScriptEngine.java:389] [INFO] - Test script at 45.00%, done in 7787.5 sec
[21:49:27 - Thread-2] [MspMote.java:229] [WARN] - 30: # Watchdog[EXECUTION]: illegal write to WDTCTL (0) from $103ca - reset!!!!
[22:03:09 - Thread-2] [LogScriptEngine.java:389] [INFO] - Test script at 50.00%, done in 7627.5 sec
[22:23:53 - Thread-2] [LogScriptEngine.java:389] [INFO] - Test script at 55.00%, done in 7257.7 sec
[22:35:59 - Thread-2] [MspMote.java:229] [WARN] - 30: # Watchdog[EXECUTION]: illegal write to WDTCTL (0) from $103ca - reset!!!!
[22:44:02 - Thread-2] [LogScriptEngine.java:389] [INFO] - Test script at 60.00%, done in 6719.8 sec
[23:03:21 - Thread-2] [LogScriptEngine.java:389] [INFO] - Test script at 65.00%, done in 6051.5 sec
[23:23:33 - Thread-2] [LogScriptEngine.java:389] [INFO] - Test script at 70.00%, done in 5336.0 sec
[23:43:38 - Thread-2] [LogScriptEngine.java:389] [INFO] - Test script at 75.00%, done in 4551.9 sec
[00:04:11 - Thread-2] [LogScriptEngine.java:389] [INFO] - Test script at 80.00%, done in 3722.4 sec
[00:23:58 - Thread-2] [LogScriptEngine.java:389] [INFO] - Test script at 85.00%, done in 2837.0 sec
[00:42:44 - Thread-2] [LogScriptEngine.java:389] [INFO] - Test script at 90.00%, done in 1911.3 sec
[01:01:26 - Thread-2] [LogScriptEngine.java:389] [INFO] - Test script at 95.00%, done in 964.4 sec
[01:19:41 - Thread-2] [LogScriptEngine.java:375] [INFO] - Timeout event @ 3800000000
[01:19:41 - Thread-1] [LogScriptEngine.java:309] [INFO] - Test script finished
[01:19:41 - Thread-2] [Simulation.java:312] [INFO] - Simulation main loop stopped, system time: 1790374781949	Duration: 19419443 ms	Simulated time 3800000 ms	Ratio 0.1956801747609342
[01:19:42 - AWT-EventQueue-1] [ScriptRunner.java:438] [INFO] - Test script deactivated
[01:19:42 - Thread-4] [AbstractRadioMedium.java:196] [FATAL] - Connection source turned off radio: org.contikios.cooja.mspmote.interfaces.Msp802154Radio@343570b7
