[20:03:12 - main] [Cooja.java:1316] [INFO] - > Starting Cooja
[20:03:12 - main] [Cooja.java:2857] [INFO] - External tools default settings: /external_tools_linux_64.config
[20:03:12 - main] [Cooja.java:2887] [INFO] - External tools user settings: /home/drhakanaydin/.cooja.user.properties
[20:03:12 - main] [Cooja.java:1941] [FATAL] - No plugin class: class org.contikios.cooja.plugins.CollectViewFull: org/jfree/data/time/RegularTimePeriod
[20:03:12 - main] [Cooja.java:3626] [WARN] - Loaded simulation may depend on not found  extension: '/home/drhakanaydin/6tisch-ng-sra-v17/6tisch-ng-sra/tools/cooja/apps/mobility'
[20:03:13 - main] [Simulation.java:422] [INFO] - Simulation random seed: 308648
[20:03:13 - main] [CompileContiki.java:140] [INFO] - > make border-router-server.exp5438 TARGET=exp5438 
[20:03:13 - main] [CompileContiki.java:140] [INFO] - > make border-router-client.exp5438 TARGET=exp5438 
[20:03:14 - main] [MspMote.java:235] [INFO] - Loading firmware from: /home/drhakanaydin/6tisch-ng-sra-v17/6tisch-ng-sra/examples/tsch/rpl-udp/border-router-client/border-router-client.exp5438
[20:03:15 - main] [MspMote.java:235] [INFO] - Loading firmware from: /home/drhakanaydin/6tisch-ng-sra-v17/6tisch-ng-sra/examples/tsch/rpl-udp/border-router-client/border-router-client.exp5438
[20:03:15 - main] [MspMote.java:235] [INFO] - Loading firmware from: /home/drhakanaydin/6tisch-ng-sra-v17/6tisch-ng-sra/examples/tsch/rpl-udp/border-router-client/border-router-client.exp5438
[20:03:15 - main] [MspMote.java:235] [INFO] - Loading firmware from: /home/drhakanaydin/6tisch-ng-sra-v17/6tisch-ng-sra/examples/tsch/rpl-udp/border-router-client/border-router-client.exp5438
[20:03:15 - main] [MspMote.java:235] [INFO] - Loading firmware from: /home/drhakanaydin/6tisch-ng-sra-v17/6tisch-ng-sra/examples/tsch/rpl-udp/border-router-client/border-router-client.exp5438
[20:03:15 - main] [MspMote.java:235] [INFO] - Loading firmware from: /home/drhakanaydin/6tisch-ng-sra-v17/6tisch-ng-sra/examples/tsch/rpl-udp/border-router-client/border-router-client.exp5438
[20:03:15 - main] [MspMote.java:235] [INFO] - Loading firmware from: /home/drhakanaydin/6tisch-ng-sra-v17/6tisch-ng-sra/examples/tsch/rpl-udp/border-router-server/border-router-server.exp5438
[20:03:16 - main] [MspMote.java:235] [INFO] - Loading firmware from: /home/drhakanaydin/6tisch-ng-sra-v17/6tisch-ng-sra/examples/tsch/rpl-udp/border-router-client/border-router-client.exp5438
[20:03:16 - main] [MspMote.java:235] [INFO] - Loading firmware from: /home/drhakanaydin/6tisch-ng-sra-v17/6tisch-ng-sra/examples/tsch/rpl-udp/border-router-client/border-router-client.exp5438
[20:03:16 - main] [MspMote.java:235] [INFO] - Loading firmware from: /home/drhakanaydin/6tisch-ng-sra-v17/6tisch-ng-sra/examples/tsch/rpl-udp/border-router-client/border-router-client.exp5438
[20:03:17 - main] [MspMote.java:235] [INFO] - Loading firmware from: /home/drhakanaydin/6tisch-ng-sra-v17/6tisch-ng-sra/examples/tsch/rpl-udp/border-router-client/border-router-client.exp5438
[20:03:17 - main] [MspMote.java:235] [INFO] - Loading firmware from: /home/drhakanaydin/6tisch-ng-sra-v17/6tisch-ng-sra/examples/tsch/rpl-udp/border-router-client/border-router-client.exp5438
[20:03:17 - main] [MspMote.java:235] [INFO] - Loading firmware from: /home/drhakanaydin/6tisch-ng-sra-v17/6tisch-ng-sra/examples/tsch/rpl-udp/border-router-client/border-router-client.exp5438
[20:03:17 - main] [MspMote.java:235] [INFO] - Loading firmware from: /home/drhakanaydin/6tisch-ng-sra-v17/6tisch-ng-sra/examples/tsch/rpl-udp/border-router-client/border-router-client.exp5438
[20:03:17 - main] [MspMote.java:235] [INFO] - Loading firmware from: /home/drhakanaydin/6tisch-ng-sra-v17/6tisch-ng-sra/examples/tsch/rpl-udp/border-router-client/border-router-client.exp5438
[20:03:17 - main] [MspMote.java:235] [INFO] - Loading firmware from: /home/drhakanaydin/6tisch-ng-sra-v17/6tisch-ng-sra/examples/tsch/rpl-udp/border-router-client/border-router-client.exp5438
[20:03:17 - main] [MspMote.java:235] [INFO] - Loading firmware from: /home/drhakanaydin/6tisch-ng-sra-v17/6tisch-ng-sra/examples/tsch/rpl-udp/border-router-client/border-router-client.exp5438
[20:03:17 - main] [MspMote.java:235] [INFO] - Loading firmware from: /home/drhakanaydin/6tisch-ng-sra-v17/6tisch-ng-sra/examples/tsch/rpl-udp/border-router-client/border-router-client.exp5438
[20:03:17 - main] [MspMote.java:235] [INFO] - Loading firmware from: /home/drhakanaydin/6tisch-ng-sra-v17/6tisch-ng-sra/examples/tsch/rpl-udp/border-router-client/border-router-client.exp5438
[20:03:18 - main] [MspMote.java:235] [INFO] - Loading firmware from: /home/drhakanaydin/6tisch-ng-sra-v17/6tisch-ng-sra/examples/tsch/rpl-udp/border-router-client/border-router-client.exp5438
[20:03:18 - main] [MspMote.java:235] [INFO] - Loading firmware from: /home/drhakanaydin/6tisch-ng-sra-v17/6tisch-ng-sra/examples/tsch/rpl-udp/border-router-client/border-router-client.exp5438
[20:03:18 - main] [MspMote.java:235] [INFO] - Loading firmware from: /home/drhakanaydin/6tisch-ng-sra-v17/6tisch-ng-sra/examples/tsch/rpl-udp/border-router-client/border-router-client.exp5438
[20:03:18 - main] [MspMote.java:235] [INFO] - Loading firmware from: /home/drhakanaydin/6tisch-ng-sra-v17/6tisch-ng-sra/examples/tsch/rpl-udp/border-router-client/border-router-client.exp5438
[20:03:18 - main] [MspMote.java:235] [INFO] - Loading firmware from: /home/drhakanaydin/6tisch-ng-sra-v17/6tisch-ng-sra/examples/tsch/rpl-udp/border-router-client/border-router-client.exp5438
[20:03:18 - main] [MspMote.java:235] [INFO] - Loading firmware from: /home/drhakanaydin/6tisch-ng-sra-v17/6tisch-ng-sra/examples/tsch/rpl-udp/border-router-client/border-router-client.exp5438
[20:03:18 - main] [MspMote.java:235] [INFO] - Loading firmware from: /home/drhakanaydin/6tisch-ng-sra-v17/6tisch-ng-sra/examples/tsch/rpl-udp/border-router-client/border-router-client.exp5438
[20:03:18 - main] [MspMote.java:235] [INFO] - Loading firmware from: /home/drhakanaydin/6tisch-ng-sra-v17/6tisch-ng-sra/examples/tsch/rpl-udp/border-router-client/border-router-client.exp5438
[20:03:18 - main] [MspMote.java:235] [INFO] - Loading firmware from: /home/drhakanaydin/6tisch-ng-sra-v17/6tisch-ng-sra/examples/tsch/rpl-udp/border-router-client/border-router-client.exp5438
[20:03:19 - main] [MspMote.java:235] [INFO] - Loading firmware from: /home/drhakanaydin/6tisch-ng-sra-v17/6tisch-ng-sra/examples/tsch/rpl-udp/border-router-client/border-router-client.exp5438
[20:03:19 - main] [MspMote.java:235] [INFO] - Loading firmware from: /home/drhakanaydin/6tisch-ng-sra-v17/6tisch-ng-sra/examples/tsch/rpl-udp/border-router-client/border-router-client.exp5438
[20:03:19 - main] [MspMote.java:235] [INFO] - Loading firmware from: /home/drhakanaydin/6tisch-ng-sra-v17/6tisch-ng-sra/examples/tsch/rpl-udp/border-router-client/border-router-client.exp5438
[20:03:19 - main] [MspMote.java:235] [INFO] - Loading firmware from: /home/drhakanaydin/6tisch-ng-sra-v17/6tisch-ng-sra/examples/tsch/rpl-udp/border-router-client/border-router-client.exp5438
[20:03:19 - main] [MspMote.java:235] [INFO] - Loading firmware from: /home/drhakanaydin/6tisch-ng-sra-v17/6tisch-ng-sra/examples/tsch/rpl-udp/border-router-client/border-router-client.exp5438
[20:03:19 - main] [MspMote.java:235] [INFO] - Loading firmware from: /home/drhakanaydin/6tisch-ng-sra-v17/6tisch-ng-sra/examples/tsch/rpl-udp/border-router-client/border-router-client.exp5438
[20:03:19 - main] [MspMote.java:235] [INFO] - Loading firmware from: /home/drhakanaydin/6tisch-ng-sra-v17/6tisch-ng-sra/examples/tsch/rpl-udp/border-router-client/border-router-client.exp5438
[20:03:19 - main] [MspMote.java:235] [INFO] - Loading firmware from: /home/drhakanaydin/6tisch-ng-sra-v17/6tisch-ng-sra/examples/tsch/rpl-udp/border-router-client/border-router-client.exp5438
[20:03:19 - main] [MspMote.java:235] [INFO] - Loading firmware from: /home/drhakanaydin/6tisch-ng-sra-v17/6tisch-ng-sra/examples/tsch/rpl-udp/border-router-client/border-router-client.exp5438
[20:03:20 - main] [MspMote.java:235] [INFO] - Loading firmware from: /home/drhakanaydin/6tisch-ng-sra-v17/6tisch-ng-sra/examples/tsch/rpl-udp/border-router-client/border-router-client.exp5438
[20:03:20 - main] [MspMote.java:235] [INFO] - Loading firmware from: /home/drhakanaydin/6tisch-ng-sra-v17/6tisch-ng-sra/examples/tsch/rpl-udp/border-router-client/border-router-client.exp5438
[20:03:20 - main] [MspMote.java:235] [INFO] - Loading firmware from: /home/drhakanaydin/6tisch-ng-sra-v17/6tisch-ng-sra/examples/tsch/rpl-udp/border-router-client/border-router-client.exp5438
[20:03:20 - main] [MspMote.java:235] [INFO] - Loading firmware from: /home/drhakanaydin/6tisch-ng-sra-v17/6tisch-ng-sra/examples/tsch/rpl-udp/border-router-client/border-router-client.exp5438
[20:03:20 - main] [MspMote.java:235] [INFO] - Loading firmware from: /home/drhakanaydin/6tisch-ng-sra-v17/6tisch-ng-sra/examples/tsch/rpl-udp/border-router-client/border-router-client.exp5438
[20:03:20 - main] [MspMote.java:235] [INFO] - Loading firmware from: /home/drhakanaydin/6tisch-ng-sra-v17/6tisch-ng-sra/examples/tsch/rpl-udp/border-router-client/border-router-client.exp5438
[20:03:20 - main] [MspMote.java:235] [INFO] - Loading firmware from: /home/drhakanaydin/6tisch-ng-sra-v17/6tisch-ng-sra/examples/tsch/rpl-udp/border-router-client/border-router-client.exp5438
[20:03:20 - main] [MspMote.java:235] [INFO] - Loading firmware from: /home/drhakanaydin/6tisch-ng-sra-v17/6tisch-ng-sra/examples/tsch/rpl-udp/border-router-client/border-router-client.exp5438
[20:03:20 - main] [MspMote.java:235] [INFO] - Loading firmware from: /home/drhakanaydin/6tisch-ng-sra-v17/6tisch-ng-sra/examples/tsch/rpl-udp/border-router-client/border-router-client.exp5438
[20:03:20 - main] [MspMote.java:235] [INFO] - Loading firmware from: /home/drhakanaydin/6tisch-ng-sra-v17/6tisch-ng-sra/examples/tsch/rpl-udp/border-router-client/border-router-client.exp5438
[20:03:21 - main] [MspMote.java:235] [INFO] - Loading firmware from: /home/drhakanaydin/6tisch-ng-sra-v17/6tisch-ng-sra/examples/tsch/rpl-udp/border-router-client/border-router-client.exp5438
[20:03:21 - main] [MspMote.java:235] [INFO] - Loading firmware from: /home/drhakanaydin/6tisch-ng-sra-v17/6tisch-ng-sra/examples/tsch/rpl-udp/border-router-client/border-router-client.exp5438
[20:03:21 - main] [MspMote.java:235] [INFO] - Loading firmware from: /home/drhakanaydin/6tisch-ng-sra-v17/6tisch-ng-sra/examples/tsch/rpl-udp/border-router-client/border-router-client.exp5438
[20:03:21 - main] [MspMote.java:235] [INFO] - Loading firmware from: /home/drhakanaydin/6tisch-ng-sra-v17/6tisch-ng-sra/examples/tsch/rpl-udp/border-router-client/border-router-client.exp5438
[20:03:21 - main] [MspMote.java:235] [INFO] - Loading firmware from: /home/drhakanaydin/6tisch-ng-sra-v17/6tisch-ng-sra/examples/tsch/rpl-udp/border-router-client/border-router-client.exp5438
[20:03:21 - main] [MspMote.java:235] [INFO] - Loading firmware from: /home/drhakanaydin/6tisch-ng-sra-v17/6tisch-ng-sra/examples/tsch/rpl-udp/border-router-client/border-router-client.exp5438
[20:03:21 - main] [MspMote.java:235] [INFO] - Loading firmware from: /home/drhakanaydin/6tisch-ng-sra-v17/6tisch-ng-sra/examples/tsch/rpl-udp/border-router-client/border-router-client.exp5438
[20:03:21 - main] [MspMote.java:235] [INFO] - Loading firmware from: /home/drhakanaydin/6tisch-ng-sra-v17/6tisch-ng-sra/examples/tsch/rpl-udp/border-router-client/border-router-client.exp5438
[20:03:21 - main] [MspMote.java:235] [INFO] - Loading firmware from: /home/drhakanaydin/6tisch-ng-sra-v17/6tisch-ng-sra/examples/tsch/rpl-udp/border-router-client/border-router-client.exp5438
[20:03:21 - main] [MspMote.java:235] [INFO] - Loading firmware from: /home/drhakanaydin/6tisch-ng-sra-v17/6tisch-ng-sra/examples/tsch/rpl-udp/border-router-client/border-router-client.exp5438
[20:03:22 - main] [MspMote.java:235] [INFO] - Loading firmware from: /home/drhakanaydin/6tisch-ng-sra-v17/6tisch-ng-sra/examples/tsch/rpl-udp/border-router-client/border-router-client.exp5438
[20:03:22 - main] [MspMote.java:235] [INFO] - Loading firmware from: /home/drhakanaydin/6tisch-ng-sra-v17/6tisch-ng-sra/examples/tsch/rpl-udp/border-router-client/border-router-client.exp5438
[20:03:22 - main] [MspMote.java:235] [INFO] - Loading firmware from: /home/drhakanaydin/6tisch-ng-sra-v17/6tisch-ng-sra/examples/tsch/rpl-udp/border-router-client/border-router-client.exp5438
[20:03:22 - main] [MspMote.java:235] [INFO] - Loading firmware from: /home/drhakanaydin/6tisch-ng-sra-v17/6tisch-ng-sra/examples/tsch/rpl-udp/border-router-client/border-router-client.exp5438
[20:03:22 - main] [Cooja.java:1782] [INFO] - Visualized plugin was not started: class org.contikios.cooja.plugins.SimControl
[20:03:22 - main] [Cooja.java:1782] [INFO] - Visualized plugin was not started: class org.contikios.cooja.plugins.Visualizer
[20:03:22 - main] [Cooja.java:1782] [INFO] - Visualized plugin was not started: class org.contikios.cooja.plugins.LogListener
[20:03:22 - main] [Cooja.java:1782] [INFO] - Visualized plugin was not started: class org.contikios.cooja.plugins.TimeLine
[20:03:23 - main] [ScriptRunner.java:438] [INFO] - Test script deactivated
[20:03:24 - main] [LogScriptEngine.java:265] [INFO] - Script timeout in 3800000 ms
[20:03:24 - main] [ScriptRunner.java:395] [INFO] - Test script activated
[20:03:24 - Thread-2] [Simulation.java:253] [INFO] - Simulation main loop started, system time: 1790355804877
[20:03:24 - main] [Cooja.java:3672] [FATAL] - Could not load plugin class: Mobility
[20:10:29 - Thread-2] [LogScriptEngine.java:389] [INFO] - Test script at 5.00%, done in 8062.3 sec
[20:15:35 - Thread-2] [MspMote.java:229] [WARN] - 27: # Watchdog[EXECUTION]: illegal write to WDTCTL (0) from $103ce - reset!!!!
[20:17:46 - Thread-2] [MspMote.java:229] [WARN] - 40: # Watchdog[EXECUTION]: illegal write to WDTCTL (0) from $103ce - reset!!!!
[20:17:47 - Thread-2] [MspMote.java:229] [WARN] - 38: # Watchdog[EXECUTION]: illegal write to WDTCTL (0) from $103ce - reset!!!!
[20:17:51 - Thread-2] [MspMote.java:229] [WARN] - 1: # Watchdog[EXECUTION]: illegal write to WDTCTL (0) from $103ce - reset!!!!
[20:19:28 - Thread-2] [MspMote.java:229] [WARN] - 41: # Watchdog[EXECUTION]: illegal write to WDTCTL (0) from $103ce - reset!!!!
[20:19:48 - Thread-2] [LogScriptEngine.java:389] [INFO] - Test script at 10.00%, done in 8855.9 sec
[20:28:49 - Thread-2] [MspMote.java:229] [WARN] - 32: # Watchdog[EXECUTION]: illegal write to WDTCTL (0) from $103ce - reset!!!!
[20:31:02 - Thread-2] [LogScriptEngine.java:389] [INFO] - Test script at 15.00%, done in 9393.0 sec
[20:35:44 - Thread-2] [MspMote.java:229] [WARN] - 27: # Watchdog[EXECUTION]: illegal write to WDTCTL (0) from $103ce - reset!!!!
[20:41:05 - Thread-2] [MspMote.java:229] [WARN] - 57: # Watchdog[EXECUTION]: illegal write to WDTCTL (0) from $103ce - reset!!!!
[20:41:13 - Thread-2] [MspMote.java:229] [WARN] - 39: # Watchdog[EXECUTION]: illegal write to WDTCTL (0) from $103ce - reset!!!!
[20:42:54 - Thread-2] [MspMote.java:229] [WARN] - 44: # Watchdog[EXECUTION]: illegal write to WDTCTL (0) from $103ce - reset!!!!
[20:42:58 - Thread-2] [MspMote.java:229] [WARN] - 51: # Watchdog[EXECUTION]: illegal write to WDTCTL (0) from $103ce - reset!!!!
[20:43:39 - Thread-2] [MspMote.java:229] [WARN] - 52: # Watchdog[EXECUTION]: illegal write to WDTCTL (0) from $103ce - reset!!!!
[20:45:40 - Thread-2] [MspMote.java:229] [WARN] - 50: # Watchdog[EXECUTION]: illegal write to WDTCTL (0) from $103ce - reset!!!!
[20:46:49 - Thread-2] [MspMote.java:229] [WARN] - 56: # Watchdog[EXECUTION]: illegal write to WDTCTL (0) from $103ce - reset!!!!
[20:47:04 - Thread-2] [LogScriptEngine.java:389] [INFO] - Test script at 20.00%, done in 10477.4 sec
[20:56:30 - Thread-2] [MspMote.java:229] [WARN] - 41: # Watchdog[EXECUTION]: illegal write to WDTCTL (0) from $103ce - reset!!!!
[20:57:05 - Thread-2] [MspMote.java:229] [WARN] - 44: # Watchdog[EXECUTION]: illegal write to WDTCTL (0) from $103ce - reset!!!!
[21:04:05 - Thread-2] [MspMote.java:229] [WARN] - 32: # Watchdog[EXECUTION]: illegal write to WDTCTL (0) from $103ce - reset!!!!
[21:05:25 - Thread-2] [LogScriptEngine.java:389] [INFO] - Test script at 25.00%, done in 11161.0 sec
[21:24:07 - Thread-2] [LogScriptEngine.java:389] [INFO] - Test script at 30.00%, done in 11299.5 sec
[21:34:04 - Thread-2] [MspMote.java:229] [WARN] - 52: # Watchdog[EXECUTION]: illegal write to WDTCTL (0) from $103ce - reset!!!!
[21:36:13 - Thread-2] [MspMote.java:229] [WARN] - 32: # Watchdog[EXECUTION]: illegal write to WDTCTL (0) from $103ce - reset!!!!
[21:44:00 - Thread-2] [LogScriptEngine.java:389] [INFO] - Test script at 35.00%, done in 11209.3 sec
[22:09:34 - Thread-2] [LogScriptEngine.java:389] [INFO] - Test script at 40.00%, done in 11354.1 sec
[22:36:10 - Thread-2] [LogScriptEngine.java:389] [INFO] - Test script at 45.00%, done in 11202.8 sec
[23:04:08 - Thread-2] [LogScriptEngine.java:389] [INFO] - Test script at 50.00%, done in 10844.1 sec
[23:31:11 - Thread-2] [LogScriptEngine.java:389] [INFO] - Test script at 55.00%, done in 10200.2 sec
[23:59:05 - Thread-2] [LogScriptEngine.java:389] [INFO] - Test script at 60.00%, done in 9427.2 sec
[00:24:20 - Thread-2] [LogScriptEngine.java:389] [INFO] - Test script at 65.00%, done in 8429.8 sec
[00:49:30 - Thread-2] [LogScriptEngine.java:389] [INFO] - Test script at 70.00%, done in 7356.6 sec
[01:15:06 - Thread-2] [LogScriptEngine.java:389] [INFO] - Test script at 75.00%, done in 6233.8 sec
[01:37:39 - Thread-2] [LogScriptEngine.java:389] [INFO] - Test script at 80.00%, done in 5013.7 sec
[02:00:01 - Thread-2] [LogScriptEngine.java:389] [INFO] - Test script at 85.00%, done in 3775.9 sec
[02:23:06 - Thread-2] [LogScriptEngine.java:389] [INFO] - Test script at 90.00%, done in 2531.3 sec
[02:45:31 - Thread-2] [LogScriptEngine.java:389] [INFO] - Test script at 95.00%, done in 1269.8 sec
[03:08:17 - Thread-2] [LogScriptEngine.java:375] [INFO] - Timeout event @ 3800000000
[03:08:17 - Thread-1] [LogScriptEngine.java:309] [INFO] - Test script finished
[03:08:17 - Thread-2] [Simulation.java:312] [INFO] - Simulation main loop stopped, system time: 1790381297860	Duration: 25492983 ms	Simulated time 3800000 ms	Ratio 0.14906062582005408
[03:08:18 - AWT-EventQueue-1] [ScriptRunner.java:438] [INFO] - Test script deactivated
