[21:40:04 - main] [Cooja.java:3173] [WARN] - JAVA_HOME environment variable not set, Cooja motes may not compile
[21:40:04 - main] [Cooja.java:1316] [INFO] - > Starting Cooja
[21:40:04 - main] [Cooja.java:2857] [INFO] - External tools default settings: /external_tools_linux_64.config
[21:40:04 - main] [Cooja.java:2887] [INFO] - External tools user settings: /home/dr_hakan_aydin/.cooja.user.properties
[21:40:04 - main] [Cooja.java:1941] [FATAL] - No plugin class: class org.contikios.cooja.plugins.CollectViewFull: org/jfree/data/xy/XYDataset
[21:40:04 - main] [Cooja.java:3626] [WARN] - Loaded simulation may depend on not found  extension: '/home/dr_hakan_aydin/6tisch/6tisch-ng-sra-v17/6tisch-ng-sra/tools/cooja/apps/mobility'
[21:40:05 - main] [Simulation.java:422] [INFO] - Simulation random seed: 272487
[21:40:05 - main] [CompileContiki.java:140] [INFO] - > make border-router-server_rpl.exp5438 TARGET=exp5438 
[21:40:05 - main] [CompileContiki.java:140] [INFO] - > make border-router-client_rpl.exp5438 TARGET=exp5438 
[21:40:05 - main] [MspMote.java:235] [INFO] - Loading firmware from: /home/dr_hakan_aydin/6tisch/6tisch-ng-sra-v17/6tisch-ng-sra/examples/tsch/rpl-udp/border-router-client_rpl/border-router-client_rpl.exp5438
[21:40:06 - main] [MspMote.java:235] [INFO] - Loading firmware from: /home/dr_hakan_aydin/6tisch/6tisch-ng-sra-v17/6tisch-ng-sra/examples/tsch/rpl-udp/border-router-client_rpl/border-router-client_rpl.exp5438
[21:40:06 - main] [MspMote.java:235] [INFO] - Loading firmware from: /home/dr_hakan_aydin/6tisch/6tisch-ng-sra-v17/6tisch-ng-sra/examples/tsch/rpl-udp/border-router-client_rpl/border-router-client_rpl.exp5438
[21:40:06 - main] [MspMote.java:235] [INFO] - Loading firmware from: /home/dr_hakan_aydin/6tisch/6tisch-ng-sra-v17/6tisch-ng-sra/examples/tsch/rpl-udp/border-router-client_rpl/border-router-client_rpl.exp5438
[21:40:06 - main] [MspMote.java:235] [INFO] - Loading firmware from: /home/dr_hakan_aydin/6tisch/6tisch-ng-sra-v17/6tisch-ng-sra/examples/tsch/rpl-udp/border-router-client_rpl/border-router-client_rpl.exp5438
[21:40:06 - main] [MspMote.java:235] [INFO] - Loading firmware from: /home/dr_hakan_aydin/6tisch/6tisch-ng-sra-v17/6tisch-ng-sra/examples/tsch/rpl-udp/border-router-client_rpl/border-router-client_rpl.exp5438
[21:40:06 - main] [MspMote.java:235] [INFO] - Loading firmware from: /home/dr_hakan_aydin/6tisch/6tisch-ng-sra-v17/6tisch-ng-sra/examples/tsch/rpl-udp/border-router-client_rpl/border-router-client_rpl.exp5438
[21:40:06 - main] [MspMote.java:235] [INFO] - Loading firmware from: /home/dr_hakan_aydin/6tisch/6tisch-ng-sra-v17/6tisch-ng-sra/examples/tsch/rpl-udp/border-router-client_rpl/border-router-client_rpl.exp5438
[21:40:06 - main] [MspMote.java:235] [INFO] - Loading firmware from: /home/dr_hakan_aydin/6tisch/6tisch-ng-sra-v17/6tisch-ng-sra/examples/tsch/rpl-udp/border-router-client_rpl/border-router-client_rpl.exp5438
[21:40:07 - main] [MspMote.java:235] [INFO] - Loading firmware from: /home/dr_hakan_aydin/6tisch/6tisch-ng-sra-v17/6tisch-ng-sra/examples/tsch/rpl-udp/border-router-client_rpl/border-router-client_rpl.exp5438
[21:40:07 - main] [MspMote.java:235] [INFO] - Loading firmware from: /home/dr_hakan_aydin/6tisch/6tisch-ng-sra-v17/6tisch-ng-sra/examples/tsch/rpl-udp/border-router-client_rpl/border-router-client_rpl.exp5438
[21:40:07 - main] [MspMote.java:235] [INFO] - Loading firmware from: /home/dr_hakan_aydin/6tisch/6tisch-ng-sra-v17/6tisch-ng-sra/examples/tsch/rpl-udp/border-router-client_rpl/border-router-client_rpl.exp5438
[21:40:07 - main] [MspMote.java:235] [INFO] - Loading firmware from: /home/dr_hakan_aydin/6tisch/6tisch-ng-sra-v17/6tisch-ng-sra/examples/tsch/rpl-udp/border-router-client_rpl/border-router-client_rpl.exp5438
[21:40:07 - main] [MspMote.java:235] [INFO] - Loading firmware from: /home/dr_hakan_aydin/6tisch/6tisch-ng-sra-v17/6tisch-ng-sra/examples/tsch/rpl-udp/border-router-client_rpl/border-router-client_rpl.exp5438
[21:40:07 - main] [MspMote.java:235] [INFO] - Loading firmware from: /home/dr_hakan_aydin/6tisch/6tisch-ng-sra-v17/6tisch-ng-sra/examples/tsch/rpl-udp/border-router-client_rpl/border-router-client_rpl.exp5438
[21:40:07 - main] [MspMote.java:235] [INFO] - Loading firmware from: /home/dr_hakan_aydin/6tisch/6tisch-ng-sra-v17/6tisch-ng-sra/examples/tsch/rpl-udp/border-router-client_rpl/border-router-client_rpl.exp5438
[21:40:07 - main] [MspMote.java:235] [INFO] - Loading firmware from: /home/dr_hakan_aydin/6tisch/6tisch-ng-sra-v17/6tisch-ng-sra/examples/tsch/rpl-udp/border-router-client_rpl/border-router-client_rpl.exp5438
[21:40:07 - main] [MspMote.java:235] [INFO] - Loading firmware from: /home/dr_hakan_aydin/6tisch/6tisch-ng-sra-v17/6tisch-ng-sra/examples/tsch/rpl-udp/border-router-client_rpl/border-router-client_rpl.exp5438
[21:40:07 - main] [MspMote.java:235] [INFO] - Loading firmware from: /home/dr_hakan_aydin/6tisch/6tisch-ng-sra-v17/6tisch-ng-sra/examples/tsch/rpl-udp/border-router-client_rpl/border-router-client_rpl.exp5438
[21:40:07 - main] [MspMote.java:235] [INFO] - Loading firmware from: /home/dr_hakan_aydin/6tisch/6tisch-ng-sra-v17/6tisch-ng-sra/examples/tsch/rpl-udp/border-router-client_rpl/border-router-client_rpl.exp5438
[21:40:07 - main] [MspMote.java:235] [INFO] - Loading firmware from: /home/dr_hakan_aydin/6tisch/6tisch-ng-sra-v17/6tisch-ng-sra/examples/tsch/rpl-udp/border-router-client_rpl/border-router-client_rpl.exp5438
[21:40:08 - main] [MspMote.java:235] [INFO] - Loading firmware from: /home/dr_hakan_aydin/6tisch/6tisch-ng-sra-v17/6tisch-ng-sra/examples/tsch/rpl-udp/border-router-client_rpl/border-router-client_rpl.exp5438
[21:40:08 - main] [MspMote.java:235] [INFO] - Loading firmware from: /home/dr_hakan_aydin/6tisch/6tisch-ng-sra-v17/6tisch-ng-sra/examples/tsch/rpl-udp/border-router-client_rpl/border-router-client_rpl.exp5438
[21:40:08 - main] [MspMote.java:235] [INFO] - Loading firmware from: /home/dr_hakan_aydin/6tisch/6tisch-ng-sra-v17/6tisch-ng-sra/examples/tsch/rpl-udp/border-router-client_rpl/border-router-client_rpl.exp5438
[21:40:08 - main] [MspMote.java:235] [INFO] - Loading firmware from: /home/dr_hakan_aydin/6tisch/6tisch-ng-sra-v17/6tisch-ng-sra/examples/tsch/rpl-udp/border-router-client_rpl/border-router-client_rpl.exp5438
[21:40:08 - main] [MspMote.java:235] [INFO] - Loading firmware from: /home/dr_hakan_aydin/6tisch/6tisch-ng-sra-v17/6tisch-ng-sra/examples/tsch/rpl-udp/border-router-client_rpl/border-router-client_rpl.exp5438
[21:40:08 - main] [MspMote.java:235] [INFO] - Loading firmware from: /home/dr_hakan_aydin/6tisch/6tisch-ng-sra-v17/6tisch-ng-sra/examples/tsch/rpl-udp/border-router-server_rpl/border-router-server_rpl.exp5438
[21:40:09 - main] [MspMote.java:235] [INFO] - Loading firmware from: /home/dr_hakan_aydin/6tisch/6tisch-ng-sra-v17/6tisch-ng-sra/examples/tsch/rpl-udp/border-router-client_rpl/border-router-client_rpl.exp5438
[21:40:09 - main] [MspMote.java:235] [INFO] - Loading firmware from: /home/dr_hakan_aydin/6tisch/6tisch-ng-sra-v17/6tisch-ng-sra/examples/tsch/rpl-udp/border-router-client_rpl/border-router-client_rpl.exp5438
[21:40:09 - main] [MspMote.java:235] [INFO] - Loading firmware from: /home/dr_hakan_aydin/6tisch/6tisch-ng-sra-v17/6tisch-ng-sra/examples/tsch/rpl-udp/border-router-client_rpl/border-router-client_rpl.exp5438
[21:40:09 - main] [MspMote.java:235] [INFO] - Loading firmware from: /home/dr_hakan_aydin/6tisch/6tisch-ng-sra-v17/6tisch-ng-sra/examples/tsch/rpl-udp/border-router-client_rpl/border-router-client_rpl.exp5438
[21:40:09 - main] [Cooja.java:1782] [INFO] - Visualized plugin was not started: class org.contikios.cooja.plugins.SimControl
[21:40:09 - main] [Cooja.java:1782] [INFO] - Visualized plugin was not started: class org.contikios.cooja.plugins.Visualizer
[21:40:09 - main] [Cooja.java:1782] [INFO] - Visualized plugin was not started: class org.contikios.cooja.plugins.LogListener
[21:40:09 - main] [Cooja.java:1782] [INFO] - Visualized plugin was not started: class org.contikios.cooja.plugins.TimeLine
[21:40:10 - main] [ScriptRunner.java:438] [INFO] - Test script deactivated
[21:40:10 - main] [LogScriptEngine.java:265] [INFO] - Script timeout in 3800000 ms
[21:40:11 - main] [ScriptRunner.java:395] [INFO] - Test script activated
[21:40:11 - Thread-3] [Simulation.java:253] [INFO] - Simulation main loop started, system time: 1780944011168
[21:40:11 - main] [Cooja.java:3672] [FATAL] - Could not load plugin class: Mobility
[21:42:56 - Thread-3] [LogScriptEngine.java:389] [INFO] - Test script at 5.00%, done in 3142.1 sec
[21:46:22 - Thread-3] [LogScriptEngine.java:389] [INFO] - Test script at 10.00%, done in 3345.2 sec
[21:50:30 - Thread-3] [LogScriptEngine.java:389] [INFO] - Test script at 15.00%, done in 3508.4 sec
[21:56:45 - Thread-3] [LogScriptEngine.java:389] [INFO] - Test script at 20.00%, done in 3977.6 sec
[22:05:17 - Thread-3] [LogScriptEngine.java:389] [INFO] - Test script at 25.00%, done in 4519.9 sec
[22:13:13 - Thread-3] [LogScriptEngine.java:389] [INFO] - Test script at 30.00%, done in 4625.7 sec
[22:21:45 - Thread-3] [LogScriptEngine.java:389] [INFO] - Test script at 35.00%, done in 4633.2 sec
[22:29:46 - Thread-3] [LogScriptEngine.java:389] [INFO] - Test script at 40.00%, done in 4462.3 sec
[22:37:59 - Thread-3] [LogScriptEngine.java:389] [INFO] - Test script at 45.00%, done in 4239.4 sec
[22:45:51 - Thread-3] [LogScriptEngine.java:389] [INFO] - Test script at 50.00%, done in 3939.8 sec
[22:53:33 - Thread-3] [LogScriptEngine.java:389] [INFO] - Test script at 55.00%, done in 3602.1 sec
[23:02:11 - Thread-3] [LogScriptEngine.java:389] [INFO] - Test script at 60.00%, done in 3280.5 sec
[23:10:10 - Thread-3] [LogScriptEngine.java:389] [INFO] - Test script at 65.00%, done in 2907.1 sec
[23:18:33 - Thread-3] [LogScriptEngine.java:389] [INFO] - Test script at 70.00%, done in 2529.4 sec
[23:27:18 - Thread-3] [LogScriptEngine.java:389] [INFO] - Test script at 75.00%, done in 2142.6 sec
[23:35:15 - Thread-3] [LogScriptEngine.java:389] [INFO] - Test script at 80.00%, done in 1726.1 sec
[23:43:21 - Thread-3] [LogScriptEngine.java:389] [INFO] - Test script at 85.00%, done in 1304.2 sec
[23:51:22 - Thread-3] [LogScriptEngine.java:389] [INFO] - Test script at 90.00%, done in 874.6 sec
[23:59:14 - Thread-3] [LogScriptEngine.java:389] [INFO] - Test script at 95.00%, done in 439.1 sec
[00:06:16 - Thread-3] [LogScriptEngine.java:375] [INFO] - Timeout event @ 3800000000
[00:06:16 - Thread-2] [LogScriptEngine.java:309] [INFO] - Test script finished
[00:06:16 - Thread-3] [Simulation.java:312] [INFO] - Simulation main loop stopped, system time: 1780952776739	Duration: 8765571 ms	Simulated time 3800000 ms	Ratio 0.43351425708604724
[00:06:17 - AWT-EventQueue-1] [ScriptRunner.java:438] [INFO] - Test script deactivated
