[16:31:32 - main] [Cooja.java:3173] [WARN] - JAVA_HOME environment variable not set, Cooja motes may not compile
[16:31:32 - main] [Cooja.java:1316] [INFO] - > Starting Cooja
[16:31:33 - main] [Cooja.java:2857] [INFO] - External tools default settings: /external_tools_linux_64.config
[16:31:33 - main] [Cooja.java:2887] [INFO] - External tools user settings: /home/dr_hakan_aydin/.cooja.user.properties
[16:31:33 - main] [Cooja.java:1941] [FATAL] - No plugin class: class org.contikios.cooja.plugins.CollectViewFull: org/jfree/data/xy/XYDataset
[16:31:33 - main] [Cooja.java:3626] [WARN] - Loaded simulation may depend on not found  extension: '/home/dr_hakan_aydin/6tisch/6tisch-ng-sra-v17/6tisch-ng-sra/tools/cooja/apps/mobility'
[16:31:33 - main] [Simulation.java:422] [INFO] - Simulation random seed: 626550
[16:31:33 - main] [CompileContiki.java:140] [INFO] - > make border-router-server.exp5438 TARGET=exp5438 
[16:31:33 - main] [CompileContiki.java:140] [INFO] - > make border-router-client.exp5438 TARGET=exp5438 
[16:31:34 - main] [MspMote.java:235] [INFO] - Loading firmware from: /home/dr_hakan_aydin/6tisch/6tisch-ng-sra-v17/6tisch-ng-sra/examples/tsch/rpl-udp/border-router-client/border-router-client.exp5438
[16:31:34 - main] [MspMote.java:235] [INFO] - Loading firmware from: /home/dr_hakan_aydin/6tisch/6tisch-ng-sra-v17/6tisch-ng-sra/examples/tsch/rpl-udp/border-router-client/border-router-client.exp5438
[16:31:35 - main] [MspMote.java:235] [INFO] - Loading firmware from: /home/dr_hakan_aydin/6tisch/6tisch-ng-sra-v17/6tisch-ng-sra/examples/tsch/rpl-udp/border-router-client/border-router-client.exp5438
[16:31:35 - main] [MspMote.java:235] [INFO] - Loading firmware from: /home/dr_hakan_aydin/6tisch/6tisch-ng-sra-v17/6tisch-ng-sra/examples/tsch/rpl-udp/border-router-client/border-router-client.exp5438
[16:31:35 - main] [MspMote.java:235] [INFO] - Loading firmware from: /home/dr_hakan_aydin/6tisch/6tisch-ng-sra-v17/6tisch-ng-sra/examples/tsch/rpl-udp/border-router-client/border-router-client.exp5438
[16:31:35 - main] [MspMote.java:235] [INFO] - Loading firmware from: /home/dr_hakan_aydin/6tisch/6tisch-ng-sra-v17/6tisch-ng-sra/examples/tsch/rpl-udp/border-router-client/border-router-client.exp5438
[16:31:35 - main] [MspMote.java:235] [INFO] - Loading firmware from: /home/dr_hakan_aydin/6tisch/6tisch-ng-sra-v17/6tisch-ng-sra/examples/tsch/rpl-udp/border-router-client/border-router-client.exp5438
[16:31:35 - main] [MspMote.java:235] [INFO] - Loading firmware from: /home/dr_hakan_aydin/6tisch/6tisch-ng-sra-v17/6tisch-ng-sra/examples/tsch/rpl-udp/border-router-client/border-router-client.exp5438
[16:31:35 - main] [MspMote.java:235] [INFO] - Loading firmware from: /home/dr_hakan_aydin/6tisch/6tisch-ng-sra-v17/6tisch-ng-sra/examples/tsch/rpl-udp/border-router-client/border-router-client.exp5438
[16:31:35 - main] [MspMote.java:235] [INFO] - Loading firmware from: /home/dr_hakan_aydin/6tisch/6tisch-ng-sra-v17/6tisch-ng-sra/examples/tsch/rpl-udp/border-router-client/border-router-client.exp5438
[16:31:35 - main] [MspMote.java:235] [INFO] - Loading firmware from: /home/dr_hakan_aydin/6tisch/6tisch-ng-sra-v17/6tisch-ng-sra/examples/tsch/rpl-udp/border-router-client/border-router-client.exp5438
[16:31:35 - main] [MspMote.java:235] [INFO] - Loading firmware from: /home/dr_hakan_aydin/6tisch/6tisch-ng-sra-v17/6tisch-ng-sra/examples/tsch/rpl-udp/border-router-client/border-router-client.exp5438
[16:31:35 - main] [MspMote.java:235] [INFO] - Loading firmware from: /home/dr_hakan_aydin/6tisch/6tisch-ng-sra-v17/6tisch-ng-sra/examples/tsch/rpl-udp/border-router-client/border-router-client.exp5438
[16:31:35 - main] [MspMote.java:235] [INFO] - Loading firmware from: /home/dr_hakan_aydin/6tisch/6tisch-ng-sra-v17/6tisch-ng-sra/examples/tsch/rpl-udp/border-router-client/border-router-client.exp5438
[16:31:36 - main] [MspMote.java:235] [INFO] - Loading firmware from: /home/dr_hakan_aydin/6tisch/6tisch-ng-sra-v17/6tisch-ng-sra/examples/tsch/rpl-udp/border-router-client/border-router-client.exp5438
[16:31:36 - main] [MspMote.java:235] [INFO] - Loading firmware from: /home/dr_hakan_aydin/6tisch/6tisch-ng-sra-v17/6tisch-ng-sra/examples/tsch/rpl-udp/border-router-client/border-router-client.exp5438
[16:31:36 - main] [MspMote.java:235] [INFO] - Loading firmware from: /home/dr_hakan_aydin/6tisch/6tisch-ng-sra-v17/6tisch-ng-sra/examples/tsch/rpl-udp/border-router-client/border-router-client.exp5438
[16:31:36 - main] [MspMote.java:235] [INFO] - Loading firmware from: /home/dr_hakan_aydin/6tisch/6tisch-ng-sra-v17/6tisch-ng-sra/examples/tsch/rpl-udp/border-router-client/border-router-client.exp5438
[16:31:36 - main] [MspMote.java:235] [INFO] - Loading firmware from: /home/dr_hakan_aydin/6tisch/6tisch-ng-sra-v17/6tisch-ng-sra/examples/tsch/rpl-udp/border-router-client/border-router-client.exp5438
[16:31:36 - main] [MspMote.java:235] [INFO] - Loading firmware from: /home/dr_hakan_aydin/6tisch/6tisch-ng-sra-v17/6tisch-ng-sra/examples/tsch/rpl-udp/border-router-client/border-router-client.exp5438
[16:31:36 - main] [MspMote.java:235] [INFO] - Loading firmware from: /home/dr_hakan_aydin/6tisch/6tisch-ng-sra-v17/6tisch-ng-sra/examples/tsch/rpl-udp/border-router-client/border-router-client.exp5438
[16:31:36 - main] [MspMote.java:235] [INFO] - Loading firmware from: /home/dr_hakan_aydin/6tisch/6tisch-ng-sra-v17/6tisch-ng-sra/examples/tsch/rpl-udp/border-router-client/border-router-client.exp5438
[16:31:36 - main] [MspMote.java:235] [INFO] - Loading firmware from: /home/dr_hakan_aydin/6tisch/6tisch-ng-sra-v17/6tisch-ng-sra/examples/tsch/rpl-udp/border-router-client/border-router-client.exp5438
[16:31:36 - main] [MspMote.java:235] [INFO] - Loading firmware from: /home/dr_hakan_aydin/6tisch/6tisch-ng-sra-v17/6tisch-ng-sra/examples/tsch/rpl-udp/border-router-client/border-router-client.exp5438
[16:31:36 - main] [MspMote.java:235] [INFO] - Loading firmware from: /home/dr_hakan_aydin/6tisch/6tisch-ng-sra-v17/6tisch-ng-sra/examples/tsch/rpl-udp/border-router-client/border-router-client.exp5438
[16:31:36 - main] [MspMote.java:235] [INFO] - Loading firmware from: /home/dr_hakan_aydin/6tisch/6tisch-ng-sra-v17/6tisch-ng-sra/examples/tsch/rpl-udp/border-router-client/border-router-client.exp5438
[16:31:36 - main] [MspMote.java:235] [INFO] - Loading firmware from: /home/dr_hakan_aydin/6tisch/6tisch-ng-sra-v17/6tisch-ng-sra/examples/tsch/rpl-udp/border-router-server/border-router-server.exp5438
[16:31:37 - main] [MspMote.java:235] [INFO] - Loading firmware from: /home/dr_hakan_aydin/6tisch/6tisch-ng-sra-v17/6tisch-ng-sra/examples/tsch/rpl-udp/border-router-client/border-router-client.exp5438
[16:31:37 - main] [MspMote.java:235] [INFO] - Loading firmware from: /home/dr_hakan_aydin/6tisch/6tisch-ng-sra-v17/6tisch-ng-sra/examples/tsch/rpl-udp/border-router-client/border-router-client.exp5438
[16:31:37 - main] [MspMote.java:235] [INFO] - Loading firmware from: /home/dr_hakan_aydin/6tisch/6tisch-ng-sra-v17/6tisch-ng-sra/examples/tsch/rpl-udp/border-router-client/border-router-client.exp5438
[16:31:37 - main] [MspMote.java:235] [INFO] - Loading firmware from: /home/dr_hakan_aydin/6tisch/6tisch-ng-sra-v17/6tisch-ng-sra/examples/tsch/rpl-udp/border-router-client/border-router-client.exp5438
[16:31:37 - main] [Cooja.java:1782] [INFO] - Visualized plugin was not started: class org.contikios.cooja.plugins.SimControl
[16:31:37 - main] [Cooja.java:1782] [INFO] - Visualized plugin was not started: class org.contikios.cooja.plugins.Visualizer
[16:31:37 - main] [Cooja.java:1782] [INFO] - Visualized plugin was not started: class org.contikios.cooja.plugins.LogListener
[16:31:37 - main] [Cooja.java:1782] [INFO] - Visualized plugin was not started: class org.contikios.cooja.plugins.TimeLine
[16:31:38 - main] [ScriptRunner.java:438] [INFO] - Test script deactivated
[16:31:38 - main] [LogScriptEngine.java:265] [INFO] - Script timeout in 3800000 ms
[16:31:39 - main] [ScriptRunner.java:395] [INFO] - Test script activated
[16:31:39 - Thread-3] [Simulation.java:253] [INFO] - Simulation main loop started, system time: 1780925499158
[16:31:39 - main] [Cooja.java:3672] [FATAL] - Could not load plugin class: Mobility
[16:34:41 - Thread-3] [LogScriptEngine.java:389] [INFO] - Test script at 5.00%, done in 3457.4 sec
[16:38:57 - Thread-3] [LogScriptEngine.java:389] [INFO] - Test script at 10.00%, done in 3942.7 sec
[16:45:12 - Thread-3] [LogScriptEngine.java:389] [INFO] - Test script at 15.00%, done in 4610.6 sec
[16:53:01 - Thread-3] [LogScriptEngine.java:389] [INFO] - Test script at 20.00%, done in 5131.0 sec
[17:00:44 - Thread-3] [LogScriptEngine.java:389] [INFO] - Test script at 25.00%, done in 5235.7 sec
[17:08:51 - Thread-3] [LogScriptEngine.java:389] [INFO] - Test script at 30.00%, done in 5209.5 sec
[17:17:28 - Thread-3] [LogScriptEngine.java:389] [INFO] - Test script at 35.00%, done in 5105.3 sec
[17:26:57 - Thread-3] [LogScriptEngine.java:389] [INFO] - Test script at 40.00%, done in 4977.7 sec
[17:35:23 - Thread-3] [LogScriptEngine.java:389] [INFO] - Test script at 45.00%, done in 4674.7 sec
[17:44:05 - Thread-3] [LogScriptEngine.java:389] [INFO] - Test script at 50.00%, done in 4346.5 sec
[17:52:40 - Thread-3] [LogScriptEngine.java:389] [INFO] - Test script at 55.00%, done in 3977.6 sec
[18:01:01 - Thread-3] [LogScriptEngine.java:389] [INFO] - Test script at 60.00%, done in 3575.0 sec
[18:08:57 - Thread-3] [LogScriptEngine.java:389] [INFO] - Test script at 65.00%, done in 3143.8 sec
[18:18:13 - Thread-3] [LogScriptEngine.java:389] [INFO] - Test script at 70.00%, done in 2740.6 sec
[18:26:12 - Thread-3] [LogScriptEngine.java:389] [INFO] - Test script at 75.00%, done in 2291.0 sec
[18:34:44 - Thread-3] [LogScriptEngine.java:389] [INFO] - Test script at 80.00%, done in 1846.3 sec
[18:42:31 - Thread-3] [LogScriptEngine.java:389] [INFO] - Test script at 85.00%, done in 1385.7 sec
[18:48:32 - Thread-3] [LogScriptEngine.java:389] [INFO] - Test script at 90.00%, done in 912.6 sec
[18:55:42 - Thread-3] [LogScriptEngine.java:389] [INFO] - Test script at 95.00%, done in 454.9 sec
[19:04:46 - Thread-3] [LogScriptEngine.java:375] [INFO] - Timeout event @ 3800000000
[19:04:46 - Thread-2] [LogScriptEngine.java:309] [INFO] - Test script finished
[19:04:46 - Thread-3] [Simulation.java:312] [INFO] - Simulation main loop stopped, system time: 1780934686355	Duration: 9187197 ms	Simulated time 3800000 ms	Ratio 0.4136190831654094
[19:04:46 - AWT-EventQueue-1] [ScriptRunner.java:438] [INFO] - Test script deactivated
